Finished reading .csv file.
Finished populating domain queue.
URLs checked: 385 
Pages crawled: 1 
Rejected: 44 
Bloom filter conflicts: 296 
(88.31% total skipped)
Most recent URL: https://dnsmadeeasy.com
URLs checked: 389 
Pages crawled: 2 
Rejected: 47 
Bloom filter conflicts: 296 
(88.17% total skipped)
Most recent URL: https://hostgator.com
URLs checked: 393 
Pages crawled: 3 
Rejected: 50 
Bloom filter conflicts: 296 
(88.04% total skipped)
Most recent URL: https://wsj.com
URLs checked: 403 
Pages crawled: 4 
Rejected: 59 
Bloom filter conflicts: 296 
(88.09% total skipped)
Most recent URL: https://hipages.com.au
URLs checked: 406 
Pages crawled: 5 
Rejected: 61 
Bloom filter conflicts: 296 
(87.93% total skipped)
Most recent URL: https://stackoverflow.com
URLs checked: 420 
Pages crawled: 6 
Rejected: 73 
Bloom filter conflicts: 297 
(88.10% total skipped)
Most recent URL: https://bloomberg.com
URLs checked: 421 
Pages crawled: 7 
Rejected: 73 
Bloom filter conflicts: 297 
(87.89% total skipped)
Most recent URL: https://dotomi.com
URLs checked: 422 
Pages crawled: 8 
Rejected: 73 
Bloom filter conflicts: 297 
(87.68% total skipped)
Most recent URL: https://outbrain.com
URLs checked: 423 
Pages crawled: 9 
Rejected: 73 
Bloom filter conflicts: 297 
(87.47% total skipped)
Most recent URL: https://quora.com
URLs checked: 425 
Pages crawled: 10 
Rejected: 74 
Bloom filter conflicts: 297 
(87.29% total skipped)
Most recent URL: https://cnbc.com
URLs checked: 428 
Pages crawled: 11 
Rejected: 76 
Bloom filter conflicts: 297 
(87.15% total skipped)
Most recent URL: https://media.net
URLs checked: 430 
Pages crawled: 12 
Rejected: 77 
Bloom filter conflicts: 297 
(86.98% total skipped)
Most recent URL: https://npr.org
URLs checked: 434 
Pages crawled: 13 
Rejected: 80 
Bloom filter conflicts: 297 
(86.87% total skipped)
Most recent URL: https://amazontrust.com
URLs checked: 435 
Pages crawled: 14 
Rejected: 80 
Bloom filter conflicts: 297 
(86.67% total skipped)
Most recent URL: https://steampowered.com
URLs checked: 436 
Pages crawled: 15 
Rejected: 80 
Bloom filter conflicts: 297 
(86.47% total skipped)
Most recent URL: https://hostgator.com/
URLs checked: 437 
Pages crawled: 16 
Rejected: 80 
Bloom filter conflicts: 297 
(86.27% total skipped)
Most recent URL: https://hipages.com.au/article/how_much_does_fencing_cost_per_metre
URLs checked: 441 
Pages crawled: 17 
Rejected: 82 
Bloom filter conflicts: 298 
(86.17% total skipped)
Most recent URL: https://roku.com
URLs checked: 442 
Pages crawled: 18 
Rejected: 82 
Bloom filter conflicts: 298 
(85.97% total skipped)
Most recent URL: https://gnu.org
URLs checked: 444 
Pages crawled: 19 
Rejected: 83 
Bloom filter conflicts: 298 
(85.81% total skipped)
Most recent URL: https://dnsmadeeasy.com/get-started
URLs checked: 445 
Pages crawled: 20 
Rejected: 83 
Bloom filter conflicts: 298 
(85.62% total skipped)
Most recent URL: https://google.com.br
URLs checked: 447 
Pages crawled: 21 
Rejected: 83 
Bloom filter conflicts: 299 
(85.46% total skipped)
Most recent URL: https://stackoverflow.com/collectives/beta/discussions
URLs checked: 448 
Pages crawled: 22 
Rejected: 83 
Bloom filter conflicts: 299 
(85.27% total skipped)
Most recent URL: https://www.wsj.com/pro/venturecapital?mod=nav_top_subsection
URLs checked: 449 
Pages crawled: 23 
Rejected: 83 
Bloom filter conflicts: 299 
(85.08% total skipped)
Most recent URL: https://eset.com
URLs checked: 453 
Pages crawled: 24 
Rejected: 86 
Bloom filter conflicts: 299 
(84.99% total skipped)
Most recent URL: https://time.com
URLs checked: 454 
Pages crawled: 25 
Rejected: 86 
Bloom filter conflicts: 299 
(84.80% total skipped)
Most recent URL: https://ea.com
URLs checked: 455 
Pages crawled: 26 
Rejected: 86 
Bloom filter conflicts: 299 
(84.62% total skipped)
Most recent URL: https://giphy.com
URLs checked: 468 
Pages crawled: 27 
Rejected: 93 
Bloom filter conflicts: 304 
(84.83% total skipped)
Most recent URL: https://wix.com
URLs checked: 469 
Pages crawled: 28 
Rejected: 93 
Bloom filter conflicts: 304 
(84.65% total skipped)
Most recent URL: https://sophos.com
URLs checked: 471 
Pages crawled: 29 
Rejected: 94 
Bloom filter conflicts: 304 
(84.50% total skipped)
Most recent URL: https://hipages.com.au/find/window_repairs
URLs checked: 473 
Pages crawled: 30 
Rejected: 94 
Bloom filter conflicts: 305 
(84.36% total skipped)
Most recent URL: https://stackoverflow.com/users/20288730/thura-aung
URLs checked: 481 
Pages crawled: 31 
Rejected: 100 
Bloom filter conflicts: 306 
(84.41% total skipped)
Most recent URL: https://giphy.com/login
URLs checked: 482 
Pages crawled: 32 
Rejected: 100 
Bloom filter conflicts: 306 
(84.23% total skipped)
Most recent URL: https://dnsmadeeasy.com/post/cname-flattening-unlocking-the-power-of-aname-records-for-efficient-domain-pointing
URLs checked: 486 
Pages crawled: 33 
Rejected: 101 
Bloom filter conflicts: 308 
(84.16% total skipped)
Most recent URL: https://www.wsj.com/style?mod=nav_top_section
URLs checked: 491 
Pages crawled: 34 
Rejected: 105 
Bloom filter conflicts: 308 
(84.11% total skipped)
Most recent URL: https://addtoany.com
URLs checked: 494 
Pages crawled: 35 
Rejected: 107 
Bloom filter conflicts: 308 
(84.01% total skipped)
Most recent URL: https://tradingview.com
URLs checked: 494 
Pages crawled: 36 
Rejected: 107 
Bloom filter conflicts: 308 
(84.01% total skipped)
Most recent URL: https://giphy.com/sports
URLs checked: 497 
Pages crawled: 37 
Rejected: 108 
Bloom filter conflicts: 308 
(83.70% total skipped)
Most recent URL: https://media.net/aboutus
URLs checked: 499 
Pages crawled: 38 
Rejected: 109 
Bloom filter conflicts: 308 
(83.57% total skipped)
Most recent URL: https://roku.com/
URLs checked: 500 
Pages crawled: 39 
Rejected: 109 
Bloom filter conflicts: 308 
(83.40% total skipped)
Most recent URL: https://att.com
URLs checked: 501 
Pages crawled: 40 
Rejected: 109 
Bloom filter conflicts: 308 
(83.23% total skipped)
Most recent URL: https://dnsmadeeasy.com/services/globaltrafficdirector
URLs checked: 503 
Pages crawled: 41 
Rejected: 109 
Bloom filter conflicts: 309 
(83.10% total skipped)
Most recent URL: https://www.cnbc.com/2023/11/27/dont-reply-to-passive-aggressive-emails-communication-expert.html
URLs checked: 505 
Pages crawled: 42 
Rejected: 109 
Bloom filter conflicts: 310 
(82.97% total skipped)
Most recent URL: https://www.wix.com/about/patent-notice
URLs checked: 506 
Pages crawled: 43 
Rejected: 109 
Bloom filter conflicts: 310 
(82.81% total skipped)
Most recent URL: https://npr.org/sections/news/
URLs checked: 507 
Pages crawled: 44 
Rejected: 109 
Bloom filter conflicts: 310 
(82.64% total skipped)
Most recent URL: https://hipages.com.au/find/retaining_walls
URLs checked: 510 
Pages crawled: 45 
Rejected: 111 
Bloom filter conflicts: 310 
(82.55% total skipped)
Most recent URL: https://nature.com
URLs checked: 511 
Pages crawled: 46 
Rejected: 111 
Bloom filter conflicts: 310 
(82.39% total skipped)
Most recent URL: https://imgur.com
URLs checked: 513 
Pages crawled: 47 
Rejected: 112 
Bloom filter conflicts: 310 
(82.26% total skipped)
Most recent URL: https://bloomberg.com/feedback
URLs checked: 514 
Pages crawled: 48 
Rejected: 112 
Bloom filter conflicts: 310 
(82.10% total skipped)
Most recent URL: https://stackoverflow.com/users/20288730/thura-aung?tab=topactivity
URLs checked: 516 
Pages crawled: 49 
Rejected: 113 
Bloom filter conflicts: 310 
(81.98% total skipped)
Most recent URL: https://giphy.com/reactions
URLs checked: 518 
Pages crawled: 50 
Rejected: 114 
Bloom filter conflicts: 310 
(81.85% total skipped)
Most recent URL: https://myshopify.com
URLs checked: 525 
Pages crawled: 51 
Rejected: 117 
Bloom filter conflicts: 313 
(81.90% total skipped)
Most recent URL: https://healthline.com
URLs checked: 527 
Pages crawled: 52 
Rejected: 117 
Bloom filter conflicts: 314 
(81.78% total skipped)
Most recent URL: https://cnet.com
URLs checked: 528 
Pages crawled: 53 
Rejected: 117 
Bloom filter conflicts: 314 
(81.63% total skipped)
Most recent URL: https://google.com.br/services/
URLs checked: 536 
Pages crawled: 54 
Rejected: 118 
Bloom filter conflicts: 320 
(81.72% total skipped)
Most recent URL: https://gnu.org/doc/doc.html
URLs checked: 537 
Pages crawled: 55 
Rejected: 118 
Bloom filter conflicts: 320 
(81.56% total skipped)
Most recent URL: https://www.wsj.com/video/watch-chinese-astronauts-first-spacewalk-outside-new-space-station/3EBD1CB1-DA80-4D4F-85A8-D9EA7048799A.html?mod=error_page
URLs checked: 538 
Pages crawled: 56 
Rejected: 118 
Bloom filter conflicts: 320 
(81.41% total skipped)
Most recent URL: https://ring.com
URLs checked: 539 
Pages crawled: 57 
Rejected: 118 
Bloom filter conflicts: 320 
(81.26% total skipped)
Most recent URL: https://docs.sophos.com/central/partner/help/en-us/index.html
URLs checked: 540 
Pages crawled: 58 
Rejected: 118 
Bloom filter conflicts: 320 
(81.11% total skipped)
Most recent URL: https://blogger.com
URLs checked: 541 
Pages crawled: 59 
Rejected: 118 
Bloom filter conflicts: 320 
(80.96% total skipped)
Most recent URL: https://dnsmadeeasy.com/post/enhancing-resilience-and-performance-with-secondary-dns-leveraging-digicert-dns-trust-manager-for-organizational-success
URLs checked: 542 
Pages crawled: 60 
Rejected: 118 
Bloom filter conflicts: 320 
(80.81% total skipped)
Most recent URL: https://ea.com/games/the-sims/the-sims-4/pc/news
URLs checked: 543 
Pages crawled: 61 
Rejected: 118 
Bloom filter conflicts: 320 
(80.66% total skipped)
Most recent URL: https://hipages.com.au/article/the_costs_of_a_new_fence
URLs checked: 554 
Pages crawled: 62 
Rejected: 128 
Bloom filter conflicts: 320 
(80.87% total skipped)
Most recent URL: https://stackoverflow.com/users/20288730/thura-aung?tab=questions
URLs checked: 555 
Pages crawled: 63 
Rejected: 128 
Bloom filter conflicts: 320 
(80.72% total skipped)
Most recent URL: https://www.npr.org/podcasts/510317/its-been-a-minute
URLs checked: 561 
Pages crawled: 64 
Rejected: 133 
Bloom filter conflicts: 320 
(80.75% total skipped)
Most recent URL: https://www.google.com.br/imghp?hl=en&tab=wi
URLs checked: 563 
Pages crawled: 65 
Rejected: 133 
Bloom filter conflicts: 321 
(80.64% total skipped)
Most recent URL: https://addtoany.com/buttons/faq/
URLs checked: 564 
Pages crawled: 66 
Rejected: 133 
Bloom filter conflicts: 321 
(80.50% total skipped)
Most recent URL: https://hipages.com.au/find/windows
URLs checked: 568 
Pages crawled: 67 
Rejected: 136 
Bloom filter conflicts: 321 
(80.46% total skipped)
Most recent URL: https://dnsmadeeasy.com/post/streamlining-dns-management-for-cost-savings-with-digicert-dns-trust-manager
URLs checked: 570 
Pages crawled: 68 
Rejected: 137 
Bloom filter conflicts: 321 
(80.35% total skipped)
Most recent URL: https://www.att.com/support/
URLs checked: 571 
Pages crawled: 69 
Rejected: 137 
Bloom filter conflicts: 321 
(80.21% total skipped)
Most recent URL: https://time.com/6320551/deion-sanders-colorado-interview-coach-prime/
URLs checked: 575 
Pages crawled: 70 
Rejected: 140 
Bloom filter conflicts: 321 
(80.17% total skipped)
Most recent URL: https://stackoverflow.com/users/18097189/pawan-vishwakarma
URLs checked: 577 
Pages crawled: 71 
Rejected: 140 
Bloom filter conflicts: 322 
(80.07% total skipped)
Most recent URL: https://www.npr.org/sections/allsongs/
URLs checked: 580 
Pages crawled: 72 
Rejected: 141 
Bloom filter conflicts: 323 
(80.00% total skipped)
Most recent URL: https://www.wsj.com/news/journal-reports?mod=nav_top_subsection
URLs checked: 582 
Pages crawled: 73 
Rejected: 142 
Bloom filter conflicts: 323 
(79.90% total skipped)
Most recent URL: https://bloomberg.com/notices/tos
URLs checked: 584 
Pages crawled: 74 
Rejected: 143 
Bloom filter conflicts: 323 
(79.79% total skipped)
Most recent URL: https://media.net/
URLs checked: 586 
Pages crawled: 75 
Rejected: 144 
Bloom filter conflicts: 323 
(79.69% total skipped)
Most recent URL: https://users.wix.com/signin?postLogin=https%3A%2F%2Fwww.wix.com%2Fmy-account%2Fsites&view=sign-up&sendEmail=true&loginCompName=badge&referralInfo=badge
URLs checked: 588 
Pages crawled: 76 
Rejected: 145 
Bloom filter conflicts: 323 
(79.59% total skipped)
Most recent URL: https://dnsmadeeasy.com/services/dnsfailover
URLs checked: 590 
Pages crawled: 77 
Rejected: 146 
Bloom filter conflicts: 323 
(79.49% total skipped)
Most recent URL: https://www.cnbc.com/ashton-jackson/
URLs checked: 591 
Pages crawled: 78 
Rejected: 146 
Bloom filter conflicts: 323 
(79.36% total skipped)
Most recent URL: https://www.tradingview.com/chart/US10Y/ihWXAox6-US10Y-Hits-Resistance/
URLs checked: 592 
Pages crawled: 79 
Rejected: 146 
Bloom filter conflicts: 323 
(79.22% total skipped)
Most recent URL: https://cnet.com/tech/mobile/tcl-40-x-5g-review-not-much-more-than-a-black-friday-deal/
URLs checked: 593 
Pages crawled: 80 
Rejected: 146 
Bloom filter conflicts: 323 
(79.09% total skipped)
Most recent URL: https://www.google.com.br/setprefdomain?prefdom=US&sig=K_NozcVLewDbl3dMSCR7vRPhBkI44%3D
URLs checked: 602 
Pages crawled: 81 
Rejected: 147 
Bloom filter conflicts: 330 
(79.24% total skipped)
Most recent URL: https://cambridge.org
URLs checked: 604 
Pages crawled: 82 
Rejected: 147 
Bloom filter conflicts: 331 
(79.14% total skipped)
Most recent URL: https://healthline.com/sponsored-topics
URLs checked: 605 
Pages crawled: 83 
Rejected: 147 
Bloom filter conflicts: 331 
(79.01% total skipped)
Most recent URL: https://sophos.com/en-us/careers
URLs checked: 606 
Pages crawled: 84 
Rejected: 147 
Bloom filter conflicts: 331 
(78.88% total skipped)
Most recent URL: https://store.steampowered.com/app/1091500/Cyberpunk_2077/?snr=1_4_660__104
URLs checked: 607 
Pages crawled: 85 
Rejected: 147 
Bloom filter conflicts: 331 
(78.75% total skipped)
Most recent URL: https://hipages.com.au/find/retaining_walls/vic/melbourne
URLs checked: 609 
Pages crawled: 86 
Rejected: 148 
Bloom filter conflicts: 331 
(78.65% total skipped)
Most recent URL: https://giphy.com/login/facebook/
URLs checked: 611 
Pages crawled: 87 
Rejected: 148 
Bloom filter conflicts: 332 
(78.56% total skipped)
Most recent URL: https://addtoany.com/buttons/customize/floating_share_buttons
URLs checked: 613 
Pages crawled: 88 
Rejected: 149 
Bloom filter conflicts: 332 
(78.47% total skipped)
Most recent URL: https://ea.com/en-us/news/euro-2024
URLs checked: 614 
Pages crawled: 89 
Rejected: 149 
Bloom filter conflicts: 332 
(78.34% total skipped)
Most recent URL: https://time.com/section/health
URLs checked: 615 
Pages crawled: 90 
Rejected: 149 
Bloom filter conflicts: 332 
(78.21% total skipped)
Most recent URL: https://www.npr.org/2023/11/26/1215303899/paul-lynch-booker-prize-prophet-song-dublin-ireland
URLs checked: 616 
Pages crawled: 91 
Rejected: 149 
Bloom filter conflicts: 332 
(78.08% total skipped)
Most recent URL: https://newrelic.com
URLs checked: 623 
Pages crawled: 92 
Rejected: 155 
Bloom filter conflicts: 332 
(78.17% total skipped)
Most recent URL: https://stackoverflow.com/users/signup?ssrc=head&returnurl=https%3a%2f%2fstackoverflow.com%2fcollectives%2fbeta%2fdiscussions
URLs checked: 625 
Pages crawled: 93 
Rejected: 156 
Bloom filter conflicts: 332 
(78.08% total skipped)
Most recent URL: https://giphy.com/artists
URLs checked: 626 
Pages crawled: 94 
Rejected: 156 
Bloom filter conflicts: 332 
(77.96% total skipped)
Most recent URL: https://gnu.org/home.en.html
URLs checked: 628 
Pages crawled: 95 
Rejected: 157 
Bloom filter conflicts: 332 
(77.87% total skipped)
Most recent URL: https://hipages.com.au/article/how_much_does_cladding_cost
URLs checked: 629 
Pages crawled: 96 
Rejected: 157 
Bloom filter conflicts: 332 
(77.74% total skipped)
Most recent URL: https://www.wsj.com/questions/money?mod=nav_top_subsection
URLs checked: 631 
Pages crawled: 97 
Rejected: 158 
Bloom filter conflicts: 332 
(77.65% total skipped)
Most recent URL: https://time.com/section/tech/
URLs checked: 632 
Pages crawled: 98 
Rejected: 158 
Bloom filter conflicts: 332 
(77.53% total skipped)
Most recent URL: https://ring.com/checkout
URLs checked: 633 
Pages crawled: 99 
Rejected: 158 
Bloom filter conflicts: 332 
(77.41% total skipped)
Most recent URL: https://www.cnbc.com/2023/11/27/22-year-old-olympic-skateboarder-jagger-eaton-owns-3-houses-but-still-rents.html
URLs checked: 634 
Pages crawled: 100 
Rejected: 158 
Bloom filter conflicts: 332 
(77.29% total skipped)
Most recent URL: https://newrelic.com/resources
URLs checked: 635 
Pages crawled: 101 
Rejected: 158 
Bloom filter conflicts: 332 
(77.17% total skipped)
Most recent URL: https://store.steampowered.com/app/1929610/Demonologist/?snr=1_4_660__145
URLs checked: 636 
Pages crawled: 102 
Rejected: 158 
Bloom filter conflicts: 332 
(77.04% total skipped)
Most recent URL: https://www.healthline.com/program/no-rheum-for-ra-pain
URLs checked: 641 
Pages crawled: 103 
Rejected: 161 
Bloom filter conflicts: 333 
(77.07% total skipped)
Most recent URL: https://giphy.com/stickers
URLs checked: 643 
Pages crawled: 104 
Rejected: 162 
Bloom filter conflicts: 333 
(76.98% total skipped)
Most recent URL: https://tradingview.com/widget/symbol-overview/
URLs checked: 644 
Pages crawled: 105 
Rejected: 162 
Bloom filter conflicts: 333 
(76.86% total skipped)
Most recent URL: https://nature.com/nature/videos
URLs checked: 645 
Pages crawled: 106 
Rejected: 162 
Bloom filter conflicts: 333 
(76.74% total skipped)
Most recent URL: https://cnet.com/deals/this-cyber-monday-deal-lets-you-snag-windows-11-pro-for-just-23/
URLs checked: 648 
Pages crawled: 107 
Rejected: 162 
Bloom filter conflicts: 335 
(76.70% total skipped)
Most recent URL: https://www.ea.com/en-us/inside-ea
URLs checked: 649 
Pages crawled: 108 
Rejected: 162 
Bloom filter conflicts: 335 
(76.58% total skipped)
Most recent URL: https://www.cambridge.org/accessibility
URLs checked: 651 
Pages crawled: 109 
Rejected: 163 
Bloom filter conflicts: 335 
(76.50% total skipped)
Most recent URL: https://www.npr.org/people/589105201/cyrena-touros
URLs checked: 662 
Pages crawled: 110 
Rejected: 172 
Bloom filter conflicts: 336 
(76.74% total skipped)
Most recent URL: https://media.net/legal/inventorypolicies
URLs checked: 665 
Pages crawled: 111 
Rejected: 172 
Bloom filter conflicts: 338 
(76.69% total skipped)
Most recent URL: https://www.att.com/support/internet
URLs checked: 667 
Pages crawled: 112 
Rejected: 173 
Bloom filter conflicts: 338 
(76.61% total skipped)
Most recent URL: https://dnsmadeeasy.com/services
URLs checked: 668 
Pages crawled: 113 
Rejected: 173 
Bloom filter conflicts: 338 
(76.50% total skipped)
Most recent URL: https://www.wix.com/press-room/home
URLs checked: 671 
Pages crawled: 114 
Rejected: 173 
Bloom filter conflicts: 340 
(76.45% total skipped)
Most recent URL: https://mayoclinic.org
URLs checked: 675 
Pages crawled: 115 
Rejected: 176 
Bloom filter conflicts: 340 
(76.44% total skipped)
Most recent URL: https://addtoany.com/terms
URLs checked: 677 
Pages crawled: 116 
Rejected: 176 
Bloom filter conflicts: 341 
(76.37% total skipped)
Most recent URL: https://icloud-content.com
URLs checked: 678 
Pages crawled: 117 
Rejected: 176 
Bloom filter conflicts: 341 
(76.25% total skipped)
Most recent URL: https://time.com/6339850/authentic-merriam-webster-word-of-the-year-2023/
URLs checked: 679 
Pages crawled: 118 
Rejected: 176 
Bloom filter conflicts: 341 
(76.14% total skipped)
Most recent URL: https://newrelic.com/platform/new-relic-grok
URLs checked: 685 
Pages crawled: 119 
Rejected: 180 
Bloom filter conflicts: 342 
(76.20% total skipped)
Most recent URL: https://ring.com/protect-plans
URLs checked: 686 
Pages crawled: 120 
Rejected: 180 
Bloom filter conflicts: 342 
(76.09% total skipped)
Most recent URL: https://www.healthline.com/advertising-policy
URLs checked: 687 
Pages crawled: 121 
Rejected: 180 
Bloom filter conflicts: 342 
(75.98% total skipped)
Most recent URL: https://eset.com/int/security-vulnerability-reporting/
URLs checked: 688 
Pages crawled: 122 
Rejected: 180 
Bloom filter conflicts: 342 
(75.87% total skipped)
Most recent URL: https://www.wsj.com/news/author/walter-russell-mead?mod=nav_top_subsection
URLs checked: 694 
Pages crawled: 123 
Rejected: 185 
Bloom filter conflicts: 342 
(75.94% total skipped)
Most recent URL: https://giphy.com/ad_campaign/landing.php?placement=pflo&campaign_id=402047449186&nav_source=unknown&extra_1=auto
URLs checked: 701 
Pages crawled: 124 
Rejected: 185 
Bloom filter conflicts: 348 
(76.03% total skipped)
Most recent URL: https://stackoverflow.com/users/signup?ssrc=site_switcher
URLs checked: 703 
Pages crawled: 125 
Rejected: 185 
Bloom filter conflicts: 349 
(75.96% total skipped)
Most recent URL: https://dnsmadeeasy.com/technology/affiliate-program
URLs checked: 705 
Pages crawled: 126 
Rejected: 185 
Bloom filter conflicts: 350 
(75.89% total skipped)
Most recent URL: https://www.cnet.com/videos/
URLs checked: 706 
Pages crawled: 127 
Rejected: 185 
Bloom filter conflicts: 350 
(75.78% total skipped)
Most recent URL: https://www.npr.org/sections/climate
URLs checked: 707 
Pages crawled: 128 
Rejected: 185 
Bloom filter conflicts: 350 
(75.67% total skipped)
Most recent URL: https://www.ea.com/ea-originals
URLs checked: 708 
Pages crawled: 129 
Rejected: 185 
Bloom filter conflicts: 350 
(75.56% total skipped)
Most recent URL: https://www.wix.com
URLs checked: 710 
Pages crawled: 130 
Rejected: 185 
Bloom filter conflicts: 351 
(75.49% total skipped)
Most recent URL: https://newrelic.com/resources?c%5B0%5D=425
URLs checked: 711 
Pages crawled: 131 
Rejected: 185 
Bloom filter conflicts: 351 
(75.39% total skipped)
Most recent URL: https://time.com/6339959/uk-new-swine-flu/
URLs checked: 712 
Pages crawled: 132 
Rejected: 185 
Bloom filter conflicts: 351 
(75.28% total skipped)
Most recent URL: https://www.mayoclinic.org/diseases-conditions/adult-congenital-heart-disease/care-at-mayo-clinic/mac-20355464
URLs checked: 714 
Pages crawled: 133 
Rejected: 186 
Bloom filter conflicts: 351 
(75.21% total skipped)
Most recent URL: https://www.addtoany.com/ext/addthis/
URLs checked: 715 
Pages crawled: 134 
Rejected: 186 
Bloom filter conflicts: 351 
(75.10% total skipped)
Most recent URL: https://google.com.br/intl/en/about.html
URLs checked: 716 
Pages crawled: 135 
Rejected: 186 
Bloom filter conflicts: 351 
(75.00% total skipped)
Most recent URL: https://www.npr.org/2023/11/27/1214870777/rosalynn-carter-mental-health-legacy-aaron-glantz
URLs checked: 717 
Pages crawled: 136 
Rejected: 186 
Bloom filter conflicts: 351 
(74.90% total skipped)
Most recent URL: https://store.steampowered.com/stats/?snr=1_5_9__global-header
URLs checked: 719 
Pages crawled: 137 
Rejected: 186 
Bloom filter conflicts: 352 
(74.83% total skipped)
Most recent URL: https://cnbc.com/energy/
URLs checked: 723 
Pages crawled: 138 
Rejected: 189 
Bloom filter conflicts: 352 
(74.83% total skipped)
Most recent URL: https://www.cambridge.org/about-us/rights-permissions/reading-impaired
URLs checked: 728 
Pages crawled: 139 
Rejected: 191 
Bloom filter conflicts: 354 
(74.86% total skipped)
Most recent URL: https://giphy.com/votinginformationcenter/?entry_point=c2l0ZQ%3D%3D
URLs checked: 729 
Pages crawled: 140 
Rejected: 191 
Bloom filter conflicts: 354 
(74.76% total skipped)
Most recent URL: https://stackoverflow.com/users/login?ssrc=head&returnurl=https%3a%2f%2fstackoverflow.com%2fusers%2f20288730%2fthura-aung
URLs checked: 730 
Pages crawled: 141 
Rejected: 191 
Bloom filter conflicts: 354 
(74.66% total skipped)
Most recent URL: https://att.com/buy/phones/samsung-galaxy-s23-fe.html
URLs checked: 732 
Pages crawled: 142 
Rejected: 192 
Bloom filter conflicts: 354 
(74.59% total skipped)
Most recent URL: https://dnsmadeeasy.com/post/managed-authoritative-dns-in-2023-unleashing-performance-and-security
URLs checked: 733 
Pages crawled: 143 
Rejected: 192 
Bloom filter conflicts: 354 
(74.49% total skipped)
Most recent URL: https://academia.edu
URLs checked: 733 
Pages crawled: 144 
Rejected: 192 
Bloom filter conflicts: 354 
(74.49% total skipped)
Most recent URL: https://gnu.org/server/select-language.html?callback=/
URLs checked: 737 
Pages crawled: 145 
Rejected: 192 
Bloom filter conflicts: 356 
(74.36% total skipped)
Most recent URL: https://time.com/6337606/doctors-in-the-u-s-silent-gaza/
URLs checked: 738 
Pages crawled: 146 
Rejected: 192 
Bloom filter conflicts: 356 
(74.25% total skipped)
Most recent URL: https://icloud-content.com/icloud/logs/
URLs checked: 739 
Pages crawled: 147 
Rejected: 192 
Bloom filter conflicts: 356 
(74.15% total skipped)
Most recent URL: https://www.wix.com/scheduling-software
URLs checked: 743 
Pages crawled: 148 
Rejected: 193 
Bloom filter conflicts: 358 
(74.16% total skipped)
Most recent URL: https://hipages.com.au/find/handyman/qld/brisbane
URLs checked: 745 
Pages crawled: 149 
Rejected: 194 
Bloom filter conflicts: 358 
(74.09% total skipped)
Most recent URL: https://www.ea.com/games/library/freetoplay
URLs checked: 747 
Pages crawled: 150 
Rejected: 195 
Bloom filter conflicts: 358 
(74.03% total skipped)
Most recent URL: https://media.net/programmatic
URLs checked: 748 
Pages crawled: 151 
Rejected: 195 
Bloom filter conflicts: 358 
(73.93% total skipped)
Most recent URL: https://newrelic.com/blog/how-to-relic/simplify-your-kubernetes-monitoring-with-the-new-relic-operator
URLs checked: 749 
Pages crawled: 152 
Rejected: 195 
Bloom filter conflicts: 358 
(73.83% total skipped)
Most recent URL: https://www.addtoany.com/privacy
URLs checked: 750 
Pages crawled: 153 
Rejected: 195 
Bloom filter conflicts: 358 
(73.73% total skipped)
Most recent URL: https://www.mayoclinic.org/medical-professionals/provider-relations/refer-patient
URLs checked: 752 
Pages crawled: 154 
Rejected: 196 
Bloom filter conflicts: 358 
(73.67% total skipped)
Most recent URL: https://healthline.com/reviews/vitamin-and-supplement-products
URLs checked: 753 
Pages crawled: 155 
Rejected: 196 
Bloom filter conflicts: 358 
(73.57% total skipped)
Most recent URL: https://tradingview.com/symbols/TVC-US01MY/
URLs checked: 754 
Pages crawled: 156 
Rejected: 196 
Bloom filter conflicts: 358 
(73.47% total skipped)
Most recent URL: https://www.wsj.com/tech/personal-tech?mod=nav_top_subsection
URLs checked: 755 
Pages crawled: 157 
Rejected: 196 
Bloom filter conflicts: 358 
(73.38% total skipped)
Most recent URL: https://ring.com/oss
URLs checked: 756 
Pages crawled: 158 
Rejected: 196 
Bloom filter conflicts: 358 
(73.28% total skipped)
Most recent URL: https://outbrain.com/publishers/platforms/
URLs checked: 760 
Pages crawled: 159 
Rejected: 199 
Bloom filter conflicts: 358 
(73.29% total skipped)
Most recent URL: https://google.com.br/intl/en/public-sector/
URLs checked: 771 
Pages crawled: 160 
Rejected: 205 
Bloom filter conflicts: 362 
(73.54% total skipped)
Most recent URL: https://blogger.com/go/tutorials
URLs checked: 772 
Pages crawled: 161 
Rejected: 205 
Bloom filter conflicts: 362 
(73.45% total skipped)
Most recent URL: https://stackoverflow.com/collectives/mobile-dev/beta/discussions/77556870/how-do-i-connect-a-website-as-the-administrator-to-an-android-studio-application
URLs checked: 773 
Pages crawled: 162 
Rejected: 205 
Bloom filter conflicts: 362 
(73.35% total skipped)
Most recent URL: https://www.cambridge.org/news-and-insights/Work-in-publishing-career-event
URLs checked: 775 
Pages crawled: 163 
Rejected: 205 
Bloom filter conflicts: 363 
(73.29% total skipped)
Most recent URL: https://time.com/longform/join-time/
URLs checked: 776 
Pages crawled: 164 
Rejected: 205 
Bloom filter conflicts: 363 
(73.20% total skipped)
Most recent URL: https://newrelic.com/competitive-comparison/datadog
URLs checked: 778 
Pages crawled: 165 
Rejected: 206 
Bloom filter conflicts: 363 
(73.14% total skipped)
Most recent URL: https://hipages.com.au/article/how_much_does_it_cost_to_install_downlights
URLs checked: 779 
Pages crawled: 166 
Rejected: 206 
Bloom filter conflicts: 363 
(73.04% total skipped)
Most recent URL: https://giphy.com/marketplace/
URLs checked: 786 
Pages crawled: 167 
Rejected: 209 
Bloom filter conflicts: 366 
(73.16% total skipped)
Most recent URL: https://cnet.com/tech/mobile/best-noise-canceling-wireless-earbuds/
URLs checked: 787 
Pages crawled: 168 
Rejected: 209 
Bloom filter conflicts: 366 
(73.06% total skipped)
Most recent URL: https://www.wsj.com/about-us?mod=wsjcorphat
URLs checked: 794 
Pages crawled: 169 
Rejected: 214 
Bloom filter conflicts: 367 
(73.17% total skipped)
Most recent URL: https://addtoany.com/share/preferences
URLs checked: 796 
Pages crawled: 170 
Rejected: 215 
Bloom filter conflicts: 367 
(73.12% total skipped)
Most recent URL: https://store.steampowered.com/points/shop/?snr=1_4_660__global-header
URLs checked: 798 
Pages crawled: 171 
Rejected: 216 
Bloom filter conflicts: 367 
(73.06% total skipped)
Most recent URL: https://dnsmadeeasy.com/about/marketing-media-resources
URLs checked: 800 
Pages crawled: 172 
Rejected: 217 
Bloom filter conflicts: 367 
(73.00% total skipped)
Most recent URL: https://nature.com/nature/videos?type=nature-video&year=2018
URLs checked: 803 
Pages crawled: 173 
Rejected: 218 
Bloom filter conflicts: 368 
(72.98% total skipped)
Most recent URL: https://icloud-content.com/icloud/resources/
URLs checked: 804 
Pages crawled: 174 
Rejected: 218 
Bloom filter conflicts: 368 
(72.89% total skipped)
Most recent URL: https://www.wix.com/website/design
URLs checked: 805 
Pages crawled: 175 
Rejected: 218 
Bloom filter conflicts: 368 
(72.80% total skipped)
Most recent URL: https://healthline.com/content-series/diagnosis-diaries
URLs checked: 806 
Pages crawled: 176 
Rejected: 218 
Bloom filter conflicts: 368 
(72.70% total skipped)
Most recent URL: https://disqus.com
URLs checked: 807 
Pages crawled: 177 
Rejected: 218 
Bloom filter conflicts: 368 
(72.61% total skipped)
Most recent URL: https://www.mayoclinic.org/tests-procedures
URLs checked: 808 
Pages crawled: 178 
Rejected: 218 
Bloom filter conflicts: 368 
(72.52% total skipped)
Most recent URL: https://npr.org/programs/morning-edition/
URLs checked: 809 
Pages crawled: 179 
Rejected: 218 
Bloom filter conflicts: 368 
(72.44% total skipped)
Most recent URL: https://newrelic.com/blog/nerdlog/new-relic-grok
URLs checked: 812 
Pages crawled: 180 
Rejected: 219 
Bloom filter conflicts: 369 
(72.41% total skipped)
Most recent URL: https://att.com/
URLs checked: 813 
Pages crawled: 181 
Rejected: 219 
Bloom filter conflicts: 369 
(72.32% total skipped)
Most recent URL: https://time.com/charter/
URLs checked: 814 
Pages crawled: 182 
Rejected: 219 
Bloom filter conflicts: 369 
(72.24% total skipped)
Most recent URL: https://media.net/resources
URLs checked: 815 
Pages crawled: 183 
Rejected: 219 
Bloom filter conflicts: 369 
(72.15% total skipped)
Most recent URL: https://hipages.com.au/find/roof_repairs
URLs checked: 816 
Pages crawled: 184 
Rejected: 219 
Bloom filter conflicts: 369 
(72.06% total skipped)
Most recent URL: https://gnu.org/server/select-language.html?goto=/;language=bg
URLs checked: 817 
Pages crawled: 185 
Rejected: 219 
Bloom filter conflicts: 369 
(71.97% total skipped)
Most recent URL: https://ring.com/doorbell-cameras
URLs checked: 819 
Pages crawled: 186 
Rejected: 220 
Bloom filter conflicts: 369 
(71.92% total skipped)
Most recent URL: https://tradingview.com/markets/world-stocks/worlds-largest-companies/
URLs checked: 820 
Pages crawled: 187 
Rejected: 220 
Bloom filter conflicts: 369 
(71.83% total skipped)
Most recent URL: https://sophos.com/en-us/products/server-security
URLs checked: 821 
Pages crawled: 188 
Rejected: 220 
Bloom filter conflicts: 369 
(71.74% total skipped)
Most recent URL: https://www.wsj.com/topics?mod=wsjfooter
URLs checked: 822 
Pages crawled: 189 
Rejected: 220 
Bloom filter conflicts: 369 
(71.65% total skipped)
Most recent URL: https://stackoverflow.com/questions/tagged/sentiment-analysis
URLs checked: 823 
Pages crawled: 190 
Rejected: 220 
Bloom filter conflicts: 369 
(71.57% total skipped)
Most recent URL: https://giphy.com/fundraisers/
URLs checked: 826 
Pages crawled: 191 
Rejected: 222 
Bloom filter conflicts: 369 
(71.55% total skipped)
Most recent URL: https://google.com.br/intl/en/
URLs checked: 835 
Pages crawled: 192 
Rejected: 223 
Bloom filter conflicts: 376 
(71.74% total skipped)
Most recent URL: https://dnsmadeeasy.com/enterprise-inquiry
URLs checked: 842 
Pages crawled: 193 
Rejected: 229 
Bloom filter conflicts: 376 
(71.85% total skipped)
Most recent URL: https://giphy.com/upload
URLs checked: 847 
Pages crawled: 194 
Rejected: 230 
Bloom filter conflicts: 379 
(71.90% total skipped)
Most recent URL: https://outbrain.com/trust-and-transparency/
URLs checked: 860 
Pages crawled: 195 
Rejected: 232 
Bloom filter conflicts: 389 
(72.21% total skipped)
Most recent URL: https://www.media.net/joshnamedpresident
URLs checked: 862 
Pages crawled: 196 
Rejected: 233 
Bloom filter conflicts: 389 
(72.16% total skipped)
Most recent URL: https://dnsmadeeasy.com/
URLs checked: 865 
Pages crawled: 197 
Rejected: 233 
Bloom filter conflicts: 391 
(72.14% total skipped)
Most recent URL: https://www.healthline.com/cat1/cat1-womensvitamins
URLs checked: 868 
Pages crawled: 198 
Rejected: 235 
Bloom filter conflicts: 391 
(72.12% total skipped)
Most recent URL: https://addtoany.com/buttons/customize/link_tracking
URLs checked: 871 
Pages crawled: 199 
Rejected: 236 
Bloom filter conflicts: 392 
(72.10% total skipped)
Most recent URL: https://www.att.com/support/article/wireless/KM1062174
URLs checked: 872 
Pages crawled: 200 
Rejected: 236 
Bloom filter conflicts: 392 
(72.02% total skipped)
Most recent URL: https://ring.com/ca/en/protect-plans
URLs checked: 875 
Pages crawled: 201 
Rejected: 237 
Bloom filter conflicts: 393 
(72.00% total skipped)
Most recent URL: https://www.cnet.com/deals/black-friday-cyber-monday/
URLs checked: 879 
Pages crawled: 202 
Rejected: 238 
Bloom filter conflicts: 395 
(72.01% total skipped)
Most recent URL: https://newrelic.com/platform/vulnerability-management
URLs checked: 880 
Pages crawled: 203 
Rejected: 238 
Bloom filter conflicts: 395 
(71.93% total skipped)
Most recent URL: https://cambridge.org/accessibility
URLs checked: 881 
Pages crawled: 204 
Rejected: 238 
Bloom filter conflicts: 395 
(71.85% total skipped)
Most recent URL: https://privacyadmin.ea.com/
URLs checked: 883 
Pages crawled: 205 
Rejected: 238 
Bloom filter conflicts: 396 
(71.80% total skipped)
Most recent URL: https://icloud-content.com/machine-learning/
URLs checked: 885 
Pages crawled: 206 
Rejected: 238 
Bloom filter conflicts: 397 
(71.75% total skipped)
Most recent URL: https://time.com/6329207/speaker-mike-johnson-christian-nationalism/
URLs checked: 886 
Pages crawled: 207 
Rejected: 238 
Bloom filter conflicts: 397 
(71.67% total skipped)
Most recent URL: https://eset.com/int/business/partner/find/suriname/
URLs checked: 887 
Pages crawled: 208 
Rejected: 238 
Bloom filter conflicts: 397 
(71.59% total skipped)
Most recent URL: https://www.mayoclinic.org/patient-visitor-guide/billing-insurance
URLs checked: 888 
Pages crawled: 209 
Rejected: 238 
Bloom filter conflicts: 397 
(71.51% total skipped)
Most recent URL: https://www.cnbc.com/2023/11/24/bidens-second-student-loan-forgiveness-plan-what-we-know-so-far.html
URLs checked: 889 
Pages crawled: 210 
Rejected: 238 
Bloom filter conflicts: 397 
(71.43% total skipped)
Most recent URL: https://hipages.com.au/article/how_much_does_it_cost_to_install_smoke_alarms
URLs checked: 890 
Pages crawled: 211 
Rejected: 238 
Bloom filter conflicts: 397 
(71.35% total skipped)
Most recent URL: https://www.wix.com/about/sitemap
URLs checked: 891 
Pages crawled: 212 
Rejected: 238 
Bloom filter conflicts: 397 
(71.27% total skipped)
Most recent URL: https://stackoverflow.com/questions/tagged/google-natural-language
URLs checked: 891 
Pages crawled: 213 
Rejected: 238 
Bloom filter conflicts: 397 
(71.27% total skipped)
Most recent URL: https://www.wsj.com/news/types/africa-news?mod=nav_top_subsection
URLs checked: 899 
Pages crawled: 214 
Rejected: 242 
Bloom filter conflicts: 399 
(71.30% total skipped)
Most recent URL: https://www.npr.org/2023/11/20/1214141053/un-plastic-waste-pollution-negotiations-treaty-kenya-fossil-fuel-climate-change
URLs checked: 901 
Pages crawled: 215 
Rejected: 243 
Bloom filter conflicts: 399 
(71.25% total skipped)
Most recent URL: https://store.steampowered.com/app/1716740/Starfield/?snr=1_4_660__104
URLs checked: 903 
Pages crawled: 216 
Rejected: 243 
Bloom filter conflicts: 400 
(71.21% total skipped)
Most recent URL: https://tradingview.com/u/without_worries/
URLs checked: 905 
Pages crawled: 217 
Rejected: 244 
Bloom filter conflicts: 400 
(71.16% total skipped)
Most recent URL: https://giphy.com/login/apple/
URLs checked: 906 
Pages crawled: 218 
Rejected: 244 
Bloom filter conflicts: 400 
(71.08% total skipped)
Most recent URL: https://www.media.net/contextualads
URLs checked: 908 
Pages crawled: 219 
Rejected: 244 
Bloom filter conflicts: 401 
(71.04% total skipped)
Most recent URL: https://time.com/6321849/israel-attack/
URLs checked: 909 
Pages crawled: 220 
Rejected: 244 
Bloom filter conflicts: 401 
(70.96% total skipped)
Most recent URL: https://www.healthline.com/program/cold-flu-survival-guide
URLs checked: 911 
Pages crawled: 221 
Rejected: 245 
Bloom filter conflicts: 401 
(70.91% total skipped)
Most recent URL: https://www.nature.com/briefing/signup/?brieferEntryPoint=MainBriefingBanner
URLs checked: 913 
Pages crawled: 222 
Rejected: 246 
Bloom filter conflicts: 401 
(70.87% total skipped)
Most recent URL: https://www.att.com/support/speedtest/
URLs checked: 914 
Pages crawled: 223 
Rejected: 246 
Bloom filter conflicts: 401 
(70.79% total skipped)
Most recent URL: https://ring.com/products/car-cam
URLs checked: 915 
Pages crawled: 224 
Rejected: 246 
Bloom filter conflicts: 401 
(70.71% total skipped)
Most recent URL: https://addtoany.com/buttons/customize/drupal
URLs checked: 916 
Pages crawled: 225 
Rejected: 246 
Bloom filter conflicts: 401 
(70.63% total skipped)
Most recent URL: https://stackoverflow.com/users/18097189/pawan-vishwakarma?tab=profile
URLs checked: 917 
Pages crawled: 226 
Rejected: 246 
Bloom filter conflicts: 401 
(70.56% total skipped)
Most recent URL: https://www.cambridge.org/legal/dmca
URLs checked: 918 
Pages crawled: 227 
Rejected: 246 
Bloom filter conflicts: 401 
(70.48% total skipped)
Most recent URL: https://newrelic.com/resources/datasheets/new-relic-compute
URLs checked: 919 
Pages crawled: 228 
Rejected: 246 
Bloom filter conflicts: 401 
(70.40% total skipped)
Most recent URL: https://www.cnbc.com/2023/11/22/us-crude-oil-tumbles-below-75-a-barrel-after-opec-delays-meeting.html
URLs checked: 922 
Pages crawled: 229 
Rejected: 248 
Bloom filter conflicts: 401 
(70.39% total skipped)
Most recent URL: https://www.wsj.com/health/healthcare?mod=nav_top_subsection
URLs checked: 923 
Pages crawled: 230 
Rejected: 248 
Bloom filter conflicts: 401 
(70.31% total skipped)
Most recent URL: https://www.wix.com/partners/partner-program
URLs checked: 924 
Pages crawled: 231 
Rejected: 248 
Bloom filter conflicts: 401 
(70.24% total skipped)
Most recent URL: https://www.npr.org/2023/11/10/1211186808/climate-issues-tracker-2024-election-candidates
URLs checked: 925 
Pages crawled: 232 
Rejected: 248 
Bloom filter conflicts: 401 
(70.16% total skipped)
Most recent URL: https://icloud-content.com/
URLs checked: 926 
Pages crawled: 233 
Rejected: 248 
Bloom filter conflicts: 401 
(70.09% total skipped)
Most recent URL: https://t-mobile.com
URLs checked: 927 
Pages crawled: 234 
Rejected: 248 
Bloom filter conflicts: 401 
(70.01% total skipped)
Most recent URL: https://academia.edu/signup?lhpb=fh
URLs checked: 934 
Pages crawled: 235 
Rejected: 251 
Bloom filter conflicts: 404 
(70.13% total skipped)
Most recent URL: https://time.com/charter/6319920/a-peloton-instructors-hard-earned-hardscrabble-leadership-lessons/
URLs checked: 936 
Pages crawled: 236 
Rejected: 251 
Bloom filter conflicts: 405 
(70.09% total skipped)
Most recent URL: https://www.healthline.com/newsletter-signup/move-your-body-challenge
URLs checked: 937 
Pages crawled: 237 
Rejected: 251 
Bloom filter conflicts: 405 
(70.01% total skipped)
Most recent URL: https://newrelic.com/instant-observability/java
URLs checked: 938 
Pages crawled: 238 
Rejected: 251 
Bloom filter conflicts: 405 
(69.94% total skipped)
Most recent URL: https://hipages.com.au/find/pergola
URLs checked: 941 
Pages crawled: 239 
Rejected: 253 
Bloom filter conflicts: 405 
(69.93% total skipped)
Most recent URL: https://giphy.com/places/
URLs checked: 944 
Pages crawled: 240 
Rejected: 255 
Bloom filter conflicts: 405 
(69.92% total skipped)
Most recent URL: https://gnu.org/server/select-language.html?goto=/;language=kn
URLs checked: 946 
Pages crawled: 241 
Rejected: 255 
Bloom filter conflicts: 406 
(69.87% total skipped)
Most recent URL: https://www.cnet.com/tech/mobile/jbl-live-pro-2-and-live-free-2-great-new-earbuds-on-sale-for-50-off/
URLs checked: 947 
Pages crawled: 242 
Rejected: 255 
Bloom filter conflicts: 406 
(69.80% total skipped)
Most recent URL: https://ea.com/en-us/news/fc-pack-probabilities
URLs checked: 948 
Pages crawled: 243 
Rejected: 255 
Bloom filter conflicts: 406 
(69.73% total skipped)
Most recent URL: https://www.google.com.br/advanced_image_search?hl=en&authuser=0
URLs checked: 949 
Pages crawled: 244 
Rejected: 255 
Bloom filter conflicts: 406 
(69.65% total skipped)
Most recent URL: https://www.att.com/support/article/wireless/KM1040888
URLs checked: 950 
Pages crawled: 245 
Rejected: 255 
Bloom filter conflicts: 406 
(69.58% total skipped)
Most recent URL: https://eset.com/int/business/services/premium-support/
URLs checked: 952 
Pages crawled: 246 
Rejected: 256 
Bloom filter conflicts: 406 
(69.54% total skipped)
Most recent URL: https://www.npr.org/sections/africa/
URLs checked: 954 
Pages crawled: 247 
Rejected: 257 
Bloom filter conflicts: 406 
(69.50% total skipped)
Most recent URL: https://blogger.com/go/helpcenter
URLs checked: 955 
Pages crawled: 248 
Rejected: 257 
Bloom filter conflicts: 406 
(69.42% total skipped)
Most recent URL: https://sophos.com/en-us/products/managed-detection-and-response
URLs checked: 957 
Pages crawled: 249 
Rejected: 257 
Bloom filter conflicts: 407 
(69.38% total skipped)
Most recent URL: https://newrelic.com/codestream
URLs checked: 958 
Pages crawled: 250 
Rejected: 257 
Bloom filter conflicts: 407 
(69.31% total skipped)
Most recent URL: https://tradingview.com/symbols/NASDAQ-TSLA/
URLs checked: 959 
Pages crawled: 251 
Rejected: 257 
Bloom filter conflicts: 407 
(69.24% total skipped)
Most recent URL: https://stackoverflow.com/questions/tagged/sentiment-analysis+deep-learning
URLs checked: 960 
Pages crawled: 252 
Rejected: 257 
Bloom filter conflicts: 407 
(69.17% total skipped)
Most recent URL: https://www.wsj.com/puzzles?mod=nav_top_subsection
URLs checked: 963 
Pages crawled: 253 
Rejected: 259 
Bloom filter conflicts: 407 
(69.16% total skipped)
Most recent URL: https://giphy.com/allactivity?privacy_source=activity_log_top_menu
URLs checked: 964 
Pages crawled: 254 
Rejected: 259 
Bloom filter conflicts: 407 
(69.09% total skipped)
Most recent URL: https://media.net/legal/tos
URLs checked: 965 
Pages crawled: 255 
Rejected: 259 
Bloom filter conflicts: 407 
(69.02% total skipped)
Most recent URL: https://ring.com/products/video-doorbell-pro-2
URLs checked: 966 
Pages crawled: 256 
Rejected: 259 
Bloom filter conflicts: 407 
(68.94% total skipped)
Most recent URL: https://addtoany.com/buttons/customize/image_sharing
URLs checked: 967 
Pages crawled: 257 
Rejected: 259 
Bloom filter conflicts: 407 
(68.87% total skipped)
Most recent URL: https://time.com/6337364/top-100-photos-2023/
URLs checked: 969 
Pages crawled: 258 
Rejected: 259 
Bloom filter conflicts: 408 
(68.83% total skipped)
Most recent URL: https://icloud-content.com/security/
URLs checked: 970 
Pages crawled: 259 
Rejected: 259 
Bloom filter conflicts: 408 
(68.76% total skipped)
Most recent URL: https://www.healthline.com/health/ra-and-smoking
URLs checked: 971 
Pages crawled: 260 
Rejected: 259 
Bloom filter conflicts: 408 
(68.69% total skipped)
Most recent URL: https://www.wix.com/logo/ideas
URLs checked: 973 
Pages crawled: 261 
Rejected: 260 
Bloom filter conflicts: 408 
(68.65% total skipped)
Most recent URL: https://cp.dnsmadeeasy.com/
URLs checked: 974 
Pages crawled: 262 
Rejected: 260 
Bloom filter conflicts: 408 
(68.58% total skipped)
Most recent URL: https://mayoclinic.org/locations
URLs checked: 975 
Pages crawled: 263 
Rejected: 260 
Bloom filter conflicts: 408 
(68.51% total skipped)
Most recent URL: https://outbrain.com/contact?who=support
URLs checked: 977 
Pages crawled: 264 
Rejected: 260 
Bloom filter conflicts: 409 
(68.47% total skipped)
Most recent URL: https://stackoverflow.com/users/login?returnurl=https%3a%2f%2fstackoverflow.com%2fcollectives%2fbeta%2fdiscussions
URLs checked: 978 
Pages crawled: 265 
Rejected: 260 
Bloom filter conflicts: 409 
(68.40% total skipped)
Most recent URL: https://store.steampowered.com/app/2399160/Soulash_2/?snr=1_4_660__105
URLs checked: 979 
Pages crawled: 266 
Rejected: 260 
Bloom filter conflicts: 409 
(68.34% total skipped)
Most recent URL: https://cambridge.org/about-us/annual-report
URLs checked: 980 
Pages crawled: 267 
Rejected: 260 
Bloom filter conflicts: 409 
(68.27% total skipped)
Most recent URL: https://newrelic.com/resources/datasheets/new-relic-monitoring-for-sapr-solutions
URLs checked: 981 
Pages crawled: 268 
Rejected: 260 
Bloom filter conflicts: 409 
(68.20% total skipped)
Most recent URL: https://hipages.com.au/find/retaining_walls/north_melbourne_region
URLs checked: 984 
Pages crawled: 269 
Rejected: 261 
Bloom filter conflicts: 410 
(68.19% total skipped)
Most recent URL: https://giphy.com/create/gifmaker
URLs checked: 988 
Pages crawled: 270 
Rejected: 262 
Bloom filter conflicts: 412 
(68.22% total skipped)
Most recent URL: https://gnu.org/help/priority-projects.html
URLs checked: 989 
Pages crawled: 271 
Rejected: 262 
Bloom filter conflicts: 412 
(68.15% total skipped)
Most recent URL: https://www.cnbc.com/annie-palmer/
URLs checked: 990 
Pages crawled: 272 
Rejected: 262 
Bloom filter conflicts: 412 
(68.08% total skipped)
Most recent URL: https://www.wsj.com/audio?mod=wsjheader
URLs checked: 998 
Pages crawled: 273 
Rejected: 268 
Bloom filter conflicts: 413 
(68.24% total skipped)
Most recent URL: https://giphy.com/password/reset
URLs checked: 1000 
Pages crawled: 274 
Rejected: 269 
Bloom filter conflicts: 413 
(68.20% total skipped)
Most recent URL: https://tradingview.com/moderators/
URLs checked: 1001 
Pages crawled: 275 
Rejected: 269 
Bloom filter conflicts: 413 
(68.13% total skipped)
Most recent URL: https://time.com/charter/6167435/inclusion-daisy-auger-dominguez/
URLs checked: 1002 
Pages crawled: 276 
Rejected: 269 
Bloom filter conflicts: 413 
(68.06% total skipped)
Most recent URL: https://ea.com/news
URLs checked: 1003 
Pages crawled: 277 
Rejected: 269 
Bloom filter conflicts: 413 
(68.00% total skipped)
Most recent URL: https://t-mobile.com/customers/scam-shield?INTNAV=tNav%3AWhy%3ABlockScamCalls
URLs checked: 1004 
Pages crawled: 278 
Rejected: 269 
Bloom filter conflicts: 413 
(67.93% total skipped)
Most recent URL: https://newrelic.com/resources/datasheets/data-plus
URLs checked: 1005 
Pages crawled: 279 
Rejected: 269 
Bloom filter conflicts: 413 
(67.86% total skipped)
Most recent URL: https://sophos.com/en-us/products/email
URLs checked: 1007 
Pages crawled: 280 
Rejected: 269 
Bloom filter conflicts: 414 
(67.83% total skipped)
Most recent URL: https://www.google.com.br/url?q=https://policies.google.com/privacy%3Fhl%3Den%26fg%3D1&opi=89978449&sa=U&ved=0ahUKEwi3tIOt9-SCAxX7SDABHQzkCCUQ8awCCAI&usg=AOvVaw1ljEXTbCNrYKejtBNzsGVS
URLs checked: 1010 
Pages crawled: 281 
Rejected: 269 
Bloom filter conflicts: 416 
(67.82% total skipped)
Most recent URL: https://www.att.com
URLs checked: 1015 
Pages crawled: 282 
Rejected: 271 
Bloom filter conflicts: 418 
(67.88% total skipped)
Most recent URL: https://www.npr.org/sections/gaming/
URLs checked: 1019 
Pages crawled: 283 
Rejected: 273 
Bloom filter conflicts: 419 
(67.91% total skipped)
Most recent URL: https://www.media.net/aryaappointedasceo
URLs checked: 1020 
Pages crawled: 284 
Rejected: 273 
Bloom filter conflicts: 419 
(67.84% total skipped)
Most recent URL: https://www.healthline.com/health/osteoarthritis
URLs checked: 1021 
Pages crawled: 285 
Rejected: 273 
Bloom filter conflicts: 419 
(67.78% total skipped)
Most recent URL: https://hipages.com.au/find/handyman/logan_region
URLs checked: 1024 
Pages crawled: 286 
Rejected: 275 
Bloom filter conflicts: 419 
(67.77% total skipped)
Most recent URL: https://addtoany.com/buttons/customize/drupal/no_rounded_corners
URLs checked: 1025 
Pages crawled: 287 
Rejected: 275 
Bloom filter conflicts: 419 
(67.71% total skipped)
Most recent URL: https://ring.com/products/video-doorbell-plugin-adapter-gen-2
URLs checked: 1026 
Pages crawled: 288 
Rejected: 275 
Bloom filter conflicts: 419 
(67.64% total skipped)
Most recent URL: https://www.mayoclinic.org/tests-procedures/cardiac-ablation/about/pac-20384993
URLs checked: 1027 
Pages crawled: 289 
Rejected: 275 
Bloom filter conflicts: 419 
(67.58% total skipped)
Most recent URL: https://stackoverflow.com/questions/tagged/fasttext
URLs checked: 1030 
Pages crawled: 290 
Rejected: 277 
Bloom filter conflicts: 419 
(67.57% total skipped)
Most recent URL: https://giphy.com/policies/cookies/
URLs checked: 1035 
Pages crawled: 291 
Rejected: 278 
Bloom filter conflicts: 422 
(67.63% total skipped)
Most recent URL: https://www.google.com.br/technologies/product-privacy?hl=en&fg=1
URLs checked: 1051 
Pages crawled: 292 
Rejected: 286 
Bloom filter conflicts: 429 
(68.03% total skipped)
Most recent URL: https://www.t-mobile.com/home-internet/eligibility?icid=HEIS_ISW_P_MHINTEVGRN_3DF9E3941D62150237252
URLs checked: 1052 
Pages crawled: 293 
Rejected: 286 
Bloom filter conflicts: 429 
(67.97% total skipped)
Most recent URL: https://icloud-content.com/search/
URLs checked: 1054 
Pages crawled: 294 
Rejected: 287 
Bloom filter conflicts: 429 
(67.93% total skipped)
Most recent URL: https://store.steampowered.com/login/?redir=charts%3Fsnr%3D1_5_9__global-header&redir_ssl=1&snr=1_stats_7001__global-header
URLs checked: 1055 
Pages crawled: 295 
Rejected: 287 
Bloom filter conflicts: 429 
(67.87% total skipped)
Most recent URL: https://www.ea.com/news
URLs checked: 1056 
Pages crawled: 296 
Rejected: 287 
Bloom filter conflicts: 429 
(67.80% total skipped)
Most recent URL: https://time.com/6336804/the-movie-wives-are-speaking/?utm_source=roundup&utm_campaign=20230202
URLs checked: 1057 
Pages crawled: 297 
Rejected: 287 
Bloom filter conflicts: 429 
(67.74% total skipped)
Most recent URL: https://newrelic.com/platform/browser-monitoring
URLs checked: 1058 
Pages crawled: 298 
Rejected: 287 
Bloom filter conflicts: 429 
(67.67% total skipped)
Most recent URL: https://nature.com/nature/reviews-and-analysis
URLs checked: 1059 
Pages crawled: 299 
Rejected: 287 
Bloom filter conflicts: 429 
(67.61% total skipped)
Most recent URL: https://cnet.com/tech/services-and-software/best-vpn/
URLs checked: 1061 
Pages crawled: 300 
Rejected: 288 
Bloom filter conflicts: 429 
(67.58% total skipped)
Most recent URL: https://amazontrust.com/repository/
URLs checked: 1063 
Pages crawled: 301 
Rejected: 289 
Bloom filter conflicts: 429 
(67.54% total skipped)
Most recent URL: https://blogger.com/
URLs checked: 1070 
Pages crawled: 302 
Rejected: 293 
Bloom filter conflicts: 431 
(67.66% total skipped)
Most recent URL: https://addtoany.com/buttons/customize/drupal/share_counters
URLs checked: 1072 
Pages crawled: 303 
Rejected: 294 
Bloom filter conflicts: 431 
(67.63% total skipped)
Most recent URL: https://google.com.br/intl/en/stories/seeingpotential/
URLs checked: 1075 
Pages crawled: 304 
Rejected: 294 
Bloom filter conflicts: 433 
(67.63% total skipped)
Most recent URL: https://giphy.com/policies?ref=pf
URLs checked: 1077 
Pages crawled: 305 
Rejected: 295 
Bloom filter conflicts: 433 
(67.60% total skipped)
Most recent URL: https://stackoverflow.com/users/20288730/thura-aung?tab=questions&sort=votes
URLs checked: 1085 
Pages crawled: 306 
Rejected: 302 
Bloom filter conflicts: 433 
(67.74% total skipped)
Most recent URL: https://www.wix.com/hotels/website
URLs checked: 1086 
Pages crawled: 307 
Rejected: 302 
Bloom filter conflicts: 433 
(67.68% total skipped)
Most recent URL: https://www.wsj.com/news/business?mod=nav_top_section
URLs checked: 1087 
Pages crawled: 308 
Rejected: 302 
Bloom filter conflicts: 433 
(67.62% total skipped)
Most recent URL: https://dnsmadeeasy.com/about/careers
URLs checked: 1092 
Pages crawled: 309 
Rejected: 302 
Bloom filter conflicts: 437 
(67.67% total skipped)
Most recent URL: https://giphy.com/entertainment
URLs checked: 1093 
Pages crawled: 310 
Rejected: 302 
Bloom filter conflicts: 437 
(67.61% total skipped)
Most recent URL: https://media.net/privacy-policy
URLs checked: 1095 
Pages crawled: 311 
Rejected: 303 
Bloom filter conflicts: 437 
(67.58% total skipped)
Most recent URL: https://time.com/section/press-room/
URLs checked: 1096 
Pages crawled: 312 
Rejected: 303 
Bloom filter conflicts: 437 
(67.52% total skipped)
Most recent URL: https://www.t-mobile.com/offers/free-trial?icid=MGPO_TMO_P_5GNETWORK_3PRU5WWIB34G2EHMJ34920
URLs checked: 1097 
Pages crawled: 313 
Rejected: 303 
Bloom filter conflicts: 437 
(67.46% total skipped)
Most recent URL: https://store.steampowered.com/communityrecommendations/?snr=1_4_660__12
URLs checked: 1099 
Pages crawled: 314 
Rejected: 303 
Bloom filter conflicts: 438 
(67.42% total skipped)
Most recent URL: https://npr.org/programs/morning-edition
URLs checked: 1101 
Pages crawled: 315 
Rejected: 304 
Bloom filter conflicts: 438 
(67.39% total skipped)
Most recent URL: https://hipages.com.au/find/retaining_walls_concrete_retaining_walls/vic/melbourne
URLs checked: 1102 
Pages crawled: 316 
Rejected: 304 
Bloom filter conflicts: 438 
(67.33% total skipped)
Most recent URL: https://www.healthline.com/health/remedies-rheumatoid-arthritis
URLs checked: 1103 
Pages crawled: 317 
Rejected: 304 
Bloom filter conflicts: 438 
(67.27% total skipped)
Most recent URL: https://www.mayoclinic.org/diseases-conditions/colon-cancer/care-at-mayo-clinic/mac-20353678
URLs checked: 1104 
Pages crawled: 318 
Rejected: 304 
Bloom filter conflicts: 438 
(67.21% total skipped)
Most recent URL: https://www.cambridge.org/cambridgeenglish/resources
URLs checked: 1105 
Pages crawled: 319 
Rejected: 304 
Bloom filter conflicts: 438 
(67.15% total skipped)
Most recent URL: https://www.google.com.br/faq?hl=en&fg=1
URLs checked: 1112 
Pages crawled: 320 
Rejected: 308 
Bloom filter conflicts: 440 
(67.27% total skipped)
Most recent URL: https://ring.com/products/video-doorbell-pro-2-chime-pro-bundle
URLs checked: 1117 
Pages crawled: 321 
Rejected: 310 
Bloom filter conflicts: 442 
(67.32% total skipped)
Most recent URL: https://giphy.com/games/
URLs checked: 1118 
Pages crawled: 322 
Rejected: 310 
Bloom filter conflicts: 442 
(67.26% total skipped)
Most recent URL: https://www.google.com.br/technologies/cookies?hl=en&fg=1
URLs checked: 1124 
Pages crawled: 323 
Rejected: 311 
Bloom filter conflicts: 446 
(67.35% total skipped)
Most recent URL: https://outbrain.com/native-advertising/
URLs checked: 1132 
Pages crawled: 324 
Rejected: 314 
Bloom filter conflicts: 450 
(67.49% total skipped)
Most recent URL: https://icloud-content.com/design/
URLs checked: 1133 
Pages crawled: 325 
Rejected: 314 
Bloom filter conflicts: 450 
(67.43% total skipped)
Most recent URL: https://tradingview.com/symbols/1ECOUSD/?exchange=CRYPTO
URLs checked: 1135 
Pages crawled: 326 
Rejected: 315 
Bloom filter conflicts: 450 
(67.40% total skipped)
Most recent URL: https://cnet.com/tech/services-and-software/all-the-vpn-terms-you-need-to-know/
URLs checked: 1136 
Pages crawled: 327 
Rejected: 315 
Bloom filter conflicts: 450 
(67.34% total skipped)
Most recent URL: https://dnsmadeeasy.com/technology/globaldnsnetwork
URLs checked: 1140 
Pages crawled: 328 
Rejected: 315 
Bloom filter conflicts: 453 
(67.37% total skipped)
Most recent URL: https://www.google.com.br/privacy/frameworks?hl=en&fg=1
URLs checked: 1147 
Pages crawled: 329 
Rejected: 315 
Bloom filter conflicts: 459 
(67.48% total skipped)
Most recent URL: https://gnu.org/
URLs checked: 1148 
Pages crawled: 330 
Rejected: 315 
Bloom filter conflicts: 459 
(67.42% total skipped)
Most recent URL: https://www.npr.org/newsletter/breaking-news
URLs checked: 1150 
Pages crawled: 331 
Rejected: 316 
Bloom filter conflicts: 459 
(67.39% total skipped)
Most recent URL: https://time.com/tag/what-makes-a-family/
URLs checked: 1151 
Pages crawled: 332 
Rejected: 316 
Bloom filter conflicts: 459 
(67.33% total skipped)
Most recent URL: https://media.net/contextualads
URLs checked: 1157 
Pages crawled: 333 
Rejected: 316 
Bloom filter conflicts: 464 
(67.42% total skipped)
Most recent URL: https://www.t-mobile.com/switch/free-cell-phone-with-plan?icid=MGPO_TMO_U_NPRMEPHNES_D4V3JQUFV5502Q3QQ28936&INTNAV=tNav%3ADeals%3AFreeAndZeroDown
URLs checked: 1158 
Pages crawled: 334 
Rejected: 316 
Bloom filter conflicts: 464 
(67.36% total skipped)
Most recent URL: https://eset.com/int/business/solutions/cloud-security/
URLs checked: 1159 
Pages crawled: 335 
Rejected: 316 
Bloom filter conflicts: 464 
(67.30% total skipped)
Most recent URL: https://store.steampowered.com/labs/?snr=1_communityrecommendations_4__12
URLs checked: 1161 
Pages crawled: 336 
Rejected: 316 
Bloom filter conflicts: 465 
(67.27% total skipped)
Most recent URL: https://www.cnbc.com/live-tv/
URLs checked: 1162 
Pages crawled: 337 
Rejected: 316 
Bloom filter conflicts: 465 
(67.21% total skipped)
Most recent URL: https://ring.com/collections/security-system
URLs checked: 1163 
Pages crawled: 338 
Rejected: 316 
Bloom filter conflicts: 465 
(67.15% total skipped)
Most recent URL: https://hipages.com.au/article/what_is_repointing
URLs checked: 1164 
Pages crawled: 339 
Rejected: 316 
Bloom filter conflicts: 465 
(67.10% total skipped)
Most recent URL: https://addtoany.com/buttons/customize/drupal/add_services
URLs checked: 1165 
Pages crawled: 340 
Rejected: 316 
Bloom filter conflicts: 465 
(67.04% total skipped)
Most recent URL: https://www.wix.com/logo/maker/category/ai
URLs checked: 1166 
Pages crawled: 341 
Rejected: 316 
Bloom filter conflicts: 465 
(66.98% total skipped)
Most recent URL: https://giphy.com/careers/?ref=pf
URLs checked: 1169 
Pages crawled: 342 
Rejected: 317 
Bloom filter conflicts: 466 
(66.98% total skipped)
Most recent URL: https://www.blogger.com/
URLs checked: 1170 
Pages crawled: 343 
Rejected: 317 
Bloom filter conflicts: 466 
(66.92% total skipped)
Most recent URL: https://www.mayoclinic.org/tests-procedures/index?letter=G
URLs checked: 1172 
Pages crawled: 344 
Rejected: 318 
Bloom filter conflicts: 466 
(66.89% total skipped)
Most recent URL: https://entrust.net
URLs checked: 1173 
Pages crawled: 345 
Rejected: 318 
Bloom filter conflicts: 466 
(66.84% total skipped)
Most recent URL: https://dnsmadeeasy.com/dnsme/blog
URLs checked: 1175 
Pages crawled: 346 
Rejected: 319 
Bloom filter conflicts: 466 
(66.81% total skipped)
Most recent URL: https://www.healthline.com/health/rheumatoid-arthritis/mental-health-connection
URLs checked: 1176 
Pages crawled: 347 
Rejected: 319 
Bloom filter conflicts: 466 
(66.75% total skipped)
Most recent URL: https://www.wsj.com/news/business/consumer-products?mod=nav_top_subsection
URLs checked: 1178 
Pages crawled: 348 
Rejected: 319 
Bloom filter conflicts: 467 
(66.72% total skipped)
Most recent URL: https://giphy.com/login/facebook/help/637205020878504
URLs checked: 1182 
Pages crawled: 349 
Rejected: 321 
Bloom filter conflicts: 468 
(66.75% total skipped)
Most recent URL: https://time.com/6335177/long-covid-research-failure/
URLs checked: 1186 
Pages crawled: 350 
Rejected: 323 
Bloom filter conflicts: 469 
(66.78% total skipped)
Most recent URL: https://www.media.net/pressroundtableevent
URLs checked: 1187 
Pages crawled: 351 
Rejected: 323 
Bloom filter conflicts: 469 
(66.72% total skipped)
Most recent URL: https://www.t-mobile.com/cell-phones/brand/google?INTNAV=fNav%3AShopCellPhonesByBrand%3AGooglePixelPhones
URLs checked: 1188 
Pages crawled: 352 
Rejected: 323 
Bloom filter conflicts: 469 
(66.67% total skipped)
Most recent URL: https://sophos.com/en-us/content/sophos-vs-competition
URLs checked: 1189 
Pages crawled: 353 
Rejected: 323 
Bloom filter conflicts: 469 
(66.61% total skipped)
Most recent URL: https://cambridge.org/news-and-insights
URLs checked: 1191 
Pages crawled: 354 
Rejected: 324 
Bloom filter conflicts: 469 
(66.58% total skipped)
Most recent URL: https://www.cnbc.com/make-it/become-debt-free/
URLs checked: 1192 
Pages crawled: 355 
Rejected: 324 
Bloom filter conflicts: 469 
(66.53% total skipped)
Most recent URL: https://nature.com/nature/collections
URLs checked: 1193 
Pages crawled: 356 
Rejected: 324 
Bloom filter conflicts: 469 
(66.47% total skipped)
Most recent URL: https://stackoverflow.com/questions/tagged/hash
URLs checked: 1196 
Pages crawled: 357 
Rejected: 326 
Bloom filter conflicts: 469 
(66.47% total skipped)
Most recent URL: https://giphy.com/r.php?locale=en_US
URLs checked: 1201 
Pages crawled: 358 
Rejected: 329 
Bloom filter conflicts: 470 
(66.53% total skipped)
Most recent URL: https://addtoany.com/buttons/
URLs checked: 1203 
Pages crawled: 359 
Rejected: 329 
Bloom filter conflicts: 471 
(66.50% total skipped)
Most recent URL: https://ring.com/products/battery-doorbell-plus
URLs checked: 1204 
Pages crawled: 360 
Rejected: 329 
Bloom filter conflicts: 471 
(66.45% total skipped)
Most recent URL: https://outbrain.com/about/company/
URLs checked: 1205 
Pages crawled: 361 
Rejected: 329 
Bloom filter conflicts: 471 
(66.39% total skipped)
Most recent URL: https://google.com.br/preferences?hl=en
URLs checked: 1206 
Pages crawled: 362 
Rejected: 329 
Bloom filter conflicts: 471 
(66.33% total skipped)
Most recent URL: https://www.wix.com/business-phone-number
URLs checked: 1207 
Pages crawled: 363 
Rejected: 329 
Bloom filter conflicts: 471 
(66.28% total skipped)
Most recent URL: https://dnsmadeeasy.com/technology/third-party-integration
URLs checked: 1208 
Pages crawled: 364 
Rejected: 329 
Bloom filter conflicts: 471 
(66.23% total skipped)
Most recent URL: https://icloud-content.com/app-extensions/
URLs checked: 1209 
Pages crawled: 365 
Rejected: 329 
Bloom filter conflicts: 471 
(66.17% total skipped)
Most recent URL: https://www.npr.org/2023/10/20/1207211619/minecraft-war-ukraine-max-brooks
URLs checked: 1211 
Pages crawled: 366 
Rejected: 330 
Bloom filter conflicts: 471 
(66.14% total skipped)
Most recent URL: https://cnet.com/tech/mobile/best-airpods-pro-accessories/
URLs checked: 1212 
Pages crawled: 367 
Rejected: 330 
Bloom filter conflicts: 471 
(66.09% total skipped)
Most recent URL: https://tradingview.com/symbols/NYSE-MCD/
URLs checked: 1214 
Pages crawled: 368 
Rejected: 331 
Bloom filter conflicts: 471 
(66.06% total skipped)
Most recent URL: https://newrelic.com/instant-observability/
URLs checked: 1215 
Pages crawled: 369 
Rejected: 331 
Bloom filter conflicts: 471 
(66.01% total skipped)
Most recent URL: https://hipages.com.au/find/handyman/brisbane_bayside_region
URLs checked: 1216 
Pages crawled: 370 
Rejected: 331 
Bloom filter conflicts: 471 
(65.95% total skipped)
Most recent URL: https://www.wsj.com/news/markets/bonds?mod=nav_top_subsection
URLs checked: 1217 
Pages crawled: 371 
Rejected: 331 
Bloom filter conflicts: 471 
(65.90% total skipped)
Most recent URL: https://gnu.org/server/sitemap.html
URLs checked: 1224 
Pages crawled: 372 
Rejected: 335 
Bloom filter conflicts: 473 
(66.01% total skipped)
Most recent URL: https://www.t-mobile.com/support/account/set-up-and-manage-your-t-mobile-id
URLs checked: 1225 
Pages crawled: 373 
Rejected: 335 
Bloom filter conflicts: 473 
(65.96% total skipped)
Most recent URL: https://www.media.net/resources
URLs checked: 1230 
Pages crawled: 374 
Rejected: 336 
Bloom filter conflicts: 476 
(66.02% total skipped)
Most recent URL: https://store.steampowered.com/curators/?snr=1_communityrecommendations_4__12
URLs checked: 1231 
Pages crawled: 375 
Rejected: 336 
Bloom filter conflicts: 476 
(65.96% total skipped)
Most recent URL: https://www.healthline.com/program/multiple-sclerosis-wont-stop-me
URLs checked: 1235 
Pages crawled: 376 
Rejected: 338 
Bloom filter conflicts: 477 
(65.99% total skipped)
Most recent URL: https://www.cnbc.com/2023/11/27/analysts-are-watching-these-top-stocks-on-monday.html
URLs checked: 1236 
Pages crawled: 377 
Rejected: 338 
Bloom filter conflicts: 477 
(65.94% total skipped)
Most recent URL: https://www.addtoany.com/buttons/customize/share_counters
URLs checked: 1237 
Pages crawled: 378 
Rejected: 338 
Bloom filter conflicts: 477 
(65.89% total skipped)
Most recent URL: https://www.npr.org/2023/08/18/1194606241/new-music-friday-burna-boy-victoria-monet
URLs checked: 1238 
Pages crawled: 379 
Rejected: 338 
Bloom filter conflicts: 477 
(65.83% total skipped)
Most recent URL: https://stackoverflow.com/questions/tagged/angular-cli
URLs checked: 1241 
Pages crawled: 380 
Rejected: 340 
Bloom filter conflicts: 477 
(65.83% total skipped)
Most recent URL: https://giphy.com/lite/
URLs checked: 1246 
Pages crawled: 381 
Rejected: 344 
Bloom filter conflicts: 477 
(65.89% total skipped)
Most recent URL: https://www.att.com/help/internet/optimize-your-connection.html
URLs checked: 1248 
Pages crawled: 382 
Rejected: 344 
Bloom filter conflicts: 478 
(65.87% total skipped)
Most recent URL: https://time.com/charter/6293595/how-to-be-more-comfortable-with-rapid-change/
URLs checked: 1249 
Pages crawled: 383 
Rejected: 344 
Bloom filter conflicts: 478 
(65.81% total skipped)
Most recent URL: https://www.mayoclinic.org/tests-procedures/glucose-tolerance-test/about/pac-20394296
URLs checked: 1251 
Pages crawled: 384 
Rejected: 344 
Bloom filter conflicts: 479 
(65.79% total skipped)
Most recent URL: https://ring.com/collections/doorbell-cameras
URLs checked: 1252 
Pages crawled: 385 
Rejected: 344 
Bloom filter conflicts: 479 
(65.73% total skipped)
Most recent URL: https://sophos.com/en-us/solutions
URLs checked: 1253 
Pages crawled: 386 
Rejected: 344 
Bloom filter conflicts: 479 
(65.68% total skipped)
Most recent URL: https://cnet.com/tech/mobile/pixel-7-pro-review-googles-best-flagship-phone-gets-better/
URLs checked: 1255 
Pages crawled: 387 
Rejected: 344 
Bloom filter conflicts: 480 
(65.66% total skipped)
Most recent URL: https://www.healthline.com/sponsored-topics
URLs checked: 1256 
Pages crawled: 388 
Rejected: 344 
Bloom filter conflicts: 480 
(65.61% total skipped)
Most recent URL: https://tradingview.com/markets/stocks-united-kingdom/sectorandindustry-sector/health-technology/
URLs checked: 1257 
Pages crawled: 389 
Rejected: 344 
Bloom filter conflicts: 480 
(65.55% total skipped)
Most recent URL: https://www.wsj.com/sports/football?mod=nav_top_subsection
URLs checked: 1258 
Pages crawled: 390 
Rejected: 344 
Bloom filter conflicts: 480 
(65.50% total skipped)
Most recent URL: https://hipages.com.au/find/pergola/wa
URLs checked: 1262 
Pages crawled: 391 
Rejected: 347 
Bloom filter conflicts: 480 
(65.53% total skipped)
Most recent URL: https://giphy.com/pages/create/?ref_type=site_footer
URLs checked: 1266 
Pages crawled: 392 
Rejected: 349 
Bloom filter conflicts: 481 
(65.56% total skipped)
Most recent URL: https://www.media.net/media-net-and-liveramp-combine-first-party-data-with-contextual-targeting
URLs checked: 1272 
Pages crawled: 393 
Rejected: 349 
Bloom filter conflicts: 486 
(65.64% total skipped)
Most recent URL: https://icloud-content.com/icloud/cloudkit/
URLs checked: 1273 
Pages crawled: 394 
Rejected: 349 
Bloom filter conflicts: 486 
(65.59% total skipped)
Most recent URL: https://gnu.org/philosophy/sco/sco.html
URLs checked: 1274 
Pages crawled: 395 
Rejected: 349 
Bloom filter conflicts: 486 
(65.54% total skipped)
Most recent URL: https://www.npr.org/sections/goatsandsoda/2023/11/14/1210079967/climate-change-disaster-novel-solution-by-charity
URLs checked: 1277 
Pages crawled: 396 
Rejected: 350 
Bloom filter conflicts: 487 
(65.54% total skipped)
Most recent URL: https://stackoverflow.com/questions/42164082/how-is-unsupervised-deep-learning-used-in-sentiment-analysis
URLs checked: 1278 
Pages crawled: 397 
Rejected: 350 
Bloom filter conflicts: 487 
(65.49% total skipped)
Most recent URL: https://newrelic.com/instant-observability/?category=azure
URLs checked: 1279 
Pages crawled: 398 
Rejected: 350 
Bloom filter conflicts: 487 
(65.44% total skipped)
Most recent URL: https://www.cnbc.com/select/banking/
URLs checked: 1280 
Pages crawled: 399 
Rejected: 350 
Bloom filter conflicts: 487 
(65.39% total skipped)
Most recent URL: https://www.mayoclinic.org/about-mayo-clinic/quality/top-ranked
URLs checked: 1281 
Pages crawled: 400 
Rejected: 350 
Bloom filter conflicts: 487 
(65.34% total skipped)
Most recent URL: https://google.com.br/advanced_search?hl=en&authuser=0
URLs checked: 1285 
Pages crawled: 401 
Rejected: 353 
Bloom filter conflicts: 487 
(65.37% total skipped)
Most recent URL: https://addtoany.com/buttons/customize/drupal/hover_delay
URLs checked: 1286 
Pages crawled: 402 
Rejected: 353 
Bloom filter conflicts: 487 
(65.32% total skipped)
Most recent URL: https://t-mobile.com/offers/switch-to-t-mobile-from-verizon-or-att?INTNAV=fNav%3ASwitchToT-Mobile%3ASwitchToT-MobileFromVerizonOrATTT
URLs checked: 1288 
Pages crawled: 403 
Rejected: 353 
Bloom filter conflicts: 488 
(65.30% total skipped)
Most recent URL: https://time.com/charter/6293599/the-best-ai-text-generators/
URLs checked: 1289 
Pages crawled: 404 
Rejected: 353 
Bloom filter conflicts: 488 
(65.24% total skipped)
Most recent URL: https://dnsmadeeasy.com/about
URLs checked: 1292 
Pages crawled: 405 
Rejected: 353 
Bloom filter conflicts: 490 
(65.25% total skipped)
Most recent URL: https://www.healthline.com/program/navigating-the-world-of-medicare
URLs checked: 1293 
Pages crawled: 406 
Rejected: 353 
Bloom filter conflicts: 490 
(65.20% total skipped)
Most recent URL: https://www.outbrain.com/advertisers/buying-options
URLs checked: 1294 
Pages crawled: 407 
Rejected: 353 
Bloom filter conflicts: 490 
(65.15% total skipped)
Most recent URL: https://www.tradingview.com/chart/TSLA/H1GasO75-TESLA-340-BY-YEAR-END/
URLs checked: 1295 
Pages crawled: 408 
Rejected: 353 
Bloom filter conflicts: 490 
(65.10% total skipped)
Most recent URL: https://newrelic.com/instant-observability/node-js
URLs checked: 1296 
Pages crawled: 409 
Rejected: 353 
Bloom filter conflicts: 490 
(65.05% total skipped)
Most recent URL: https://www.wsj.com/personal-finance/taxes?mod=nav_top_subsection
URLs checked: 1301 
Pages crawled: 410 
Rejected: 357 
Bloom filter conflicts: 490 
(65.10% total skipped)
Most recent URL: https://giphy.com/login/
URLs checked: 1302 
Pages crawled: 411 
Rejected: 357 
Bloom filter conflicts: 490 
(65.05% total skipped)
Most recent URL: https://www.addtoany.com/buttons/api/
URLs checked: 1306 
Pages crawled: 412 
Rejected: 359 
Bloom filter conflicts: 491 
(65.08% total skipped)
Most recent URL: https://stackoverflow.com/questions/61630614/python-request-to-google-natural-language-api-fails-with-error-400
URLs checked: 1307 
Pages crawled: 413 
Rejected: 359 
Bloom filter conflicts: 491 
(65.03% total skipped)
Most recent URL: https://www.cnet.com/tech/black-friday-cyber-monday-cheat-sheet-your-guide-to-the-best-deals-in-2022/
URLs checked: 1308 
Pages crawled: 414 
Rejected: 359 
Bloom filter conflicts: 491 
(64.98% total skipped)
Most recent URL: https://nature.com/nature/collections?type=supplement
URLs checked: 1313 
Pages crawled: 415 
Rejected: 363 
Bloom filter conflicts: 491 
(65.04% total skipped)
Most recent URL: https://att.com/bundles/
URLs checked: 1315 
Pages crawled: 416 
Rejected: 364 
Bloom filter conflicts: 491 
(65.02% total skipped)
Most recent URL: https://google.com.br/intl/en/stories/
URLs checked: 1316 
Pages crawled: 417 
Rejected: 364 
Bloom filter conflicts: 491 
(64.97% total skipped)
Most recent URL: https://dnsmadeeasy.com/technology/dynamic-dns
URLs checked: 1319 
Pages crawled: 418 
Rejected: 365 
Bloom filter conflicts: 492 
(64.97% total skipped)
Most recent URL: https://www.mayoclinic.org/patient-visitor-guide/arizona/campus-buildings-maps
URLs checked: 1320 
Pages crawled: 419 
Rejected: 365 
Bloom filter conflicts: 492 
(64.92% total skipped)
Most recent URL: https://www.healthline.com/program/find-your-fierce-with-ms
URLs checked: 1321 
Pages crawled: 420 
Rejected: 365 
Bloom filter conflicts: 492 
(64.88% total skipped)
Most recent URL: https://time.com/6276549/king-charles-iii-coronation-tina-brown/
URLs checked: 1322 
Pages crawled: 421 
Rejected: 365 
Bloom filter conflicts: 492 
(64.83% total skipped)
Most recent URL: https://www.t-mobile.com/offers/cyber-monday-deals?icid=MGPO_TMO_U_23HOLIDAY_9714FB9BF403268537271
URLs checked: 1325 
Pages crawled: 422 
Rejected: 366 
Bloom filter conflicts: 493 
(64.83% total skipped)
Most recent URL: https://newrelic.com/instant-observability/azure-notification-hubs
URLs checked: 1326 
Pages crawled: 423 
Rejected: 366 
Bloom filter conflicts: 493 
(64.78% total skipped)
Most recent URL: https://www.tradingview.com/media-kit/
URLs checked: 1327 
Pages crawled: 424 
Rejected: 366 
Bloom filter conflicts: 493 
(64.73% total skipped)
Most recent URL: https://nh-attrib.ring.com/api/events/click/d19edd4f-f3c3-4362-9e24-7787d955b249
URLs checked: 1329 
Pages crawled: 425 
Rejected: 367 
Bloom filter conflicts: 493 
(64.71% total skipped)
Most recent URL: https://gnu.org/graphics/gnome-asia-2019-logo-compet.html
URLs checked: 1340 
Pages crawled: 426 
Rejected: 376 
Bloom filter conflicts: 494 
(64.93% total skipped)
Most recent URL: https://giphy.com/
URLs checked: 1342 
Pages crawled: 427 
Rejected: 376 
Bloom filter conflicts: 495 
(64.90% total skipped)
Most recent URL: https://stackoverflow.com/users/11915177/user11915177
URLs checked: 1343 
Pages crawled: 428 
Rejected: 376 
Bloom filter conflicts: 495 
(64.85% total skipped)
Most recent URL: https://media.net/contact
URLs checked: 1346 
Pages crawled: 429 
Rejected: 377 
Bloom filter conflicts: 496 
(64.86% total skipped)
Most recent URL: https://icloud-content.com/xcode-cloud/
URLs checked: 1354 
Pages crawled: 430 
Rejected: 383 
Bloom filter conflicts: 497 
(64.99% total skipped)
Most recent URL: https://www.wix.com/blog/how-to-create-service-website
URLs checked: 1356 
Pages crawled: 431 
Rejected: 384 
Bloom filter conflicts: 497 
(64.97% total skipped)
Most recent URL: https://www.cnet.com/tech/home-entertainment/best-tv/
URLs checked: 1358 
Pages crawled: 432 
Rejected: 385 
Bloom filter conflicts: 497 
(64.95% total skipped)
Most recent URL: https://dnsmadeeasy.com/services/anamerecords
URLs checked: 1361 
Pages crawled: 433 
Rejected: 385 
Bloom filter conflicts: 499 
(64.95% total skipped)
Most recent URL: https://newrelic.com/instant-observability/azure-sql-managed-instances
URLs checked: 1362 
Pages crawled: 434 
Rejected: 385 
Bloom filter conflicts: 499 
(64.90% total skipped)
Most recent URL: https://cnbc.com/fintech/
URLs checked: 1364 
Pages crawled: 435 
Rejected: 386 
Bloom filter conflicts: 499 
(64.88% total skipped)
Most recent URL: https://giphy.com/privacy/center/?entry_point=facebook_page_footer
URLs checked: 1365 
Pages crawled: 436 
Rejected: 386 
Bloom filter conflicts: 499 
(64.84% total skipped)
Most recent URL: https://www.addtoany.com/buttons/customize/standalone_services
URLs checked: 1370 
Pages crawled: 437 
Rejected: 387 
Bloom filter conflicts: 502 
(64.89% total skipped)
Most recent URL: https://www.wsj.com/lifestyle/relationships?mod=nav_top_subsection
URLs checked: 1374 
Pages crawled: 438 
Rejected: 390 
Bloom filter conflicts: 502 
(64.92% total skipped)
Most recent URL: https://www.mayoclinic.org/patient-visitor-guide/minnesota/campus-buildings-maps
URLs checked: 1379 
Pages crawled: 439 
Rejected: 394 
Bloom filter conflicts: 502 
(64.97% total skipped)
Most recent URL: https://time.com/tag/covid-19
URLs checked: 1380 
Pages crawled: 440 
Rejected: 394 
Bloom filter conflicts: 502 
(64.93% total skipped)
Most recent URL: https://www.wix.com/features/main
URLs checked: 1381 
Pages crawled: 441 
Rejected: 394 
Bloom filter conflicts: 502 
(64.88% total skipped)
Most recent URL: https://stackoverflow.com/questions/34140114/analysing-the-result-of-lstm-theano-sentiment-analysis
URLs checked: 1382 
Pages crawled: 442 
Rejected: 394 
Bloom filter conflicts: 502 
(64.83% total skipped)
Most recent URL: https://www.google.com.br/url?q=https://policies.google.com/terms%3Fhl%3Den%26fg%3D1&opi=89978449&sa=U&ved=0ahUKEwi3tIOt9-SCAxX7SDABHQzkCCUQ8qwCCAM&usg=AOvVaw3GTZUVIkZXquzvGmMmxkKy
URLs checked: 1383 
Pages crawled: 443 
Rejected: 394 
Bloom filter conflicts: 502 
(64.79% total skipped)
Most recent URL: https://hipages.com.au/find/handyman
URLs checked: 1384 
Pages crawled: 444 
Rejected: 394 
Bloom filter conflicts: 502 
(64.74% total skipped)
Most recent URL: https://www.healthline.com/health/hiv-aids
URLs checked: 1393 
Pages crawled: 445 
Rejected: 397 
Bloom filter conflicts: 507 
(64.90% total skipped)
Most recent URL: https://dnsmadeeasy.com/pdf/sla.pdf
URLs checked: 1396 
Pages crawled: 446 
Rejected: 397 
Bloom filter conflicts: 509 
(64.90% total skipped)
Most recent URL: https://www.npr.org/people/470577132/marissa-lorusso
URLs checked: 1397 
Pages crawled: 447 
Rejected: 397 
Bloom filter conflicts: 509 
(64.85% total skipped)
Most recent URL: https://newrelic.com/blog/nerdlog/azure-native-new-relic-service
URLs checked: 1399 
Pages crawled: 448 
Rejected: 397 
Bloom filter conflicts: 510 
(64.83% total skipped)
Most recent URL: https://giphy.com/create
URLs checked: 1409 
Pages crawled: 449 
Rejected: 406 
Bloom filter conflicts: 510 
(65.01% total skipped)
Most recent URL: https://att.com/buy/phones/apple-iphone-15-pro.html
URLs checked: 1410 
Pages crawled: 450 
Rejected: 406 
Bloom filter conflicts: 510 
(64.96% total skipped)
Most recent URL: https://icloud-content.com/download/
URLs checked: 1411 
Pages crawled: 451 
Rejected: 406 
Bloom filter conflicts: 510 
(64.92% total skipped)
Most recent URL: https://tradingview.com/symbols/NASDAQ-TSLA/?solution=43000699498
URLs checked: 1413 
Pages crawled: 452 
Rejected: 407 
Bloom filter conflicts: 510 
(64.90% total skipped)
Most recent URL: https://hipages.com.au/find/glass_glazier
URLs checked: 1416 
Pages crawled: 453 
Rejected: 409 
Bloom filter conflicts: 510 
(64.90% total skipped)
Most recent URL: https://media.net/buyers
URLs checked: 1418 
Pages crawled: 454 
Rejected: 409 
Bloom filter conflicts: 511 
(64.88% total skipped)
Most recent URL: https://addtoany.com/buttons/customize/standalone_services
URLs checked: 1419 
Pages crawled: 455 
Rejected: 409 
Bloom filter conflicts: 511 
(64.83% total skipped)
Most recent URL: https://www.wsj.com/science/physics?mod=nav_top_subsection
URLs checked: 1420 
Pages crawled: 456 
Rejected: 409 
Bloom filter conflicts: 511 
(64.79% total skipped)
Most recent URL: https://store.steampowered.com/points/?snr=1_5_9__12
URLs checked: 1421 
Pages crawled: 457 
Rejected: 409 
Bloom filter conflicts: 511 
(64.74% total skipped)
Most recent URL: https://dnsmadeeasy.com/job/product-manager-ui-ux-designer
URLs checked: 1422 
Pages crawled: 458 
Rejected: 409 
Bloom filter conflicts: 511 
(64.70% total skipped)
Most recent URL: https://www.healthline.com/nutrition/vitamins-for-dry-skin
URLs checked: 1423 
Pages crawled: 459 
Rejected: 409 
Bloom filter conflicts: 511 
(64.65% total skipped)
Most recent URL: https://stackoverflow.com/q/46576332
URLs checked: 1424 
Pages crawled: 460 
Rejected: 409 
Bloom filter conflicts: 511 
(64.61% total skipped)
Most recent URL: https://giphy.com/reg/
URLs checked: 1430 
Pages crawled: 461 
Rejected: 413 
Bloom filter conflicts: 512 
(64.69% total skipped)
Most recent URL: https://gnu.org/graphics/flying-gnu.html
URLs checked: 1432 
Pages crawled: 462 
Rejected: 414 
Bloom filter conflicts: 512 
(64.66% total skipped)
Most recent URL: https://www.blogger.com/go/devapi
URLs checked: 1433 
Pages crawled: 463 
Rejected: 414 
Bloom filter conflicts: 512 
(64.62% total skipped)
Most recent URL: https://ring.com/collections/doorbell-camera-bundles
URLs checked: 1434 
Pages crawled: 464 
Rejected: 414 
Bloom filter conflicts: 512 
(64.57% total skipped)
Most recent URL: https://www.outbrain.com/native-advertising/
URLs checked: 1435 
Pages crawled: 465 
Rejected: 414 
Bloom filter conflicts: 512 
(64.53% total skipped)
Most recent URL: https://time.com/section/world
URLs checked: 1436 
Pages crawled: 466 
Rejected: 414 
Bloom filter conflicts: 512 
(64.48% total skipped)
Most recent URL: https://www.t-mobile.com/responsibility/legal/terms-and-conditions?INTNAV=fNav%3ATermsAndConditions
URLs checked: 1437 
Pages crawled: 467 
Rejected: 414 
Bloom filter conflicts: 512 
(64.44% total skipped)
Most recent URL: https://www.cnbc.com/make-it/pop-culture-media/
URLs checked: 1438 
Pages crawled: 468 
Rejected: 414 
Bloom filter conflicts: 512 
(64.39% total skipped)
Most recent URL: https://www.npr.org/podcasts-and-shows/
URLs checked: 1450 
Pages crawled: 469 
Rejected: 422 
Bloom filter conflicts: 515 
(64.62% total skipped)
Most recent URL: https://newrelic.com/instant-observability/azure-custom-vision-prediction
URLs checked: 1451 
Pages crawled: 470 
Rejected: 422 
Bloom filter conflicts: 515 
(64.58% total skipped)
Most recent URL: https://stackoverflow.com/questions/68202108/stanfordcorenlp-inforootwaiting-until-the-server-is-available
URLs checked: 1452 
Pages crawled: 471 
Rejected: 422 
Bloom filter conflicts: 515 
(64.53% total skipped)
Most recent URL: https://www.mayoclinic.org/about-this-site/advertising-sponsorship-policy
URLs checked: 1454 
Pages crawled: 472 
Rejected: 422 
Bloom filter conflicts: 516 
(64.51% total skipped)
Most recent URL: https://cnet.com/deals/black-friday-cyber-monday/
URLs checked: 1456 
Pages crawled: 473 
Rejected: 422 
Bloom filter conflicts: 517 
(64.49% total skipped)
Most recent URL: https://www.healthline.com/nutrition/fish-oil-for-eczema
URLs checked: 1462 
Pages crawled: 474 
Rejected: 425 
Bloom filter conflicts: 519 
(64.57% total skipped)
Most recent URL: https://addtoany.com/buttons/customize/wordpress/add_services
URLs checked: 1464 
Pages crawled: 475 
Rejected: 426 
Bloom filter conflicts: 519 
(64.55% total skipped)
Most recent URL: https://nature.com/nature/reviews-and-analysis?year=2019
URLs checked: 1465 
Pages crawled: 476 
Rejected: 426 
Bloom filter conflicts: 519 
(64.51% total skipped)
Most recent URL: https://support.wix.com/en/managing-your-site/using-your-site-dashboard
URLs checked: 1466 
Pages crawled: 477 
Rejected: 426 
Bloom filter conflicts: 519 
(64.46% total skipped)
Most recent URL: https://time.com/6311210/moderna-covid-vaccine-ba286-variant/
URLs checked: 1467 
Pages crawled: 478 
Rejected: 426 
Bloom filter conflicts: 519 
(64.42% total skipped)
Most recent URL: https://hipages.com.au/find/handyman/qld/cornubia
URLs checked: 1468 
Pages crawled: 479 
Rejected: 426 
Bloom filter conflicts: 519 
(64.37% total skipped)
Most recent URL: https://www.wsj.com/business/airlines?mod=nav_top_subsection
URLs checked: 1471 
Pages crawled: 480 
Rejected: 428 
Bloom filter conflicts: 519 
(64.38% total skipped)
Most recent URL: https://support.dnsmadeeasy.com/en/support/solutions/articles/47001119946-using-the-unix-netgear-ip-updater
URLs checked: 1474 
Pages crawled: 481 
Rejected: 429 
Bloom filter conflicts: 520 
(64.38% total skipped)
Most recent URL: https://ring.com/products/ring-elite-faceplate
URLs checked: 1476 
Pages crawled: 482 
Rejected: 430 
Bloom filter conflicts: 520 
(64.36% total skipped)
Most recent URL: https://icloud-content.com/support/articles/
URLs checked: 1477 
Pages crawled: 483 
Rejected: 430 
Bloom filter conflicts: 520 
(64.32% total skipped)
Most recent URL: https://tradingview.com/symbols/NASDAQ-QCOM/
URLs checked: 1479 
Pages crawled: 484 
Rejected: 431 
Bloom filter conflicts: 520 
(64.30% total skipped)
Most recent URL: https://www.npr.org/sections/allsongs/163479981/our-show
URLs checked: 1481 
Pages crawled: 485 
Rejected: 432 
Bloom filter conflicts: 520 
(64.28% total skipped)
Most recent URL: https://giphy.com/settings
URLs checked: 1484 
Pages crawled: 486 
Rejected: 433 
Bloom filter conflicts: 521 
(64.29% total skipped)
Most recent URL: https://support.eset.com/?segment=business&locale=en_EN
URLs checked: 1491 
Pages crawled: 487 
Rejected: 439 
Bloom filter conflicts: 521 
(64.39% total skipped)
Most recent URL: https://www.att.com/support/my-account/
URLs checked: 1492 
Pages crawled: 488 
Rejected: 439 
Bloom filter conflicts: 521 
(64.34% total skipped)
Most recent URL: https://gnu.org/graphics/fsf-logo.html
URLs checked: 1493 
Pages crawled: 489 
Rejected: 439 
Bloom filter conflicts: 521 
(64.30% total skipped)
Most recent URL: https://www.addtoany.com/buttons/faq/
URLs checked: 1498 
Pages crawled: 490 
Rejected: 442 
Bloom filter conflicts: 522 
(64.35% total skipped)
Most recent URL: https://stackoverflow.com/users/21027088/ana-ya
URLs checked: 1500 
Pages crawled: 491 
Rejected: 442 
Bloom filter conflicts: 523 
(64.33% total skipped)
Most recent URL: https://newrelic.com/instant-observability/azure-sql-database
URLs checked: 1502 
Pages crawled: 492 
Rejected: 442 
Bloom filter conflicts: 524 
(64.31% total skipped)
Most recent URL: https://time.com/6339450/hamas-releases-thai-hostages/
URLs checked: 1503 
Pages crawled: 493 
Rejected: 442 
Bloom filter conflicts: 524 
(64.27% total skipped)
Most recent URL: https://www.npr.org/sections/goatsandsoda/2023/09/29/1201935134/what-would-it-mean-if-pepfar-the-widely-hailed-anti-hiv-effort-isnt-reauthorized
URLs checked: 1504 
Pages crawled: 494 
Rejected: 442 
Bloom filter conflicts: 524 
(64.23% total skipped)
Most recent URL: https://www.mayoclinic.org/patient-visitor-guide/billing-insurance/price-estimates
URLs checked: 1506 
Pages crawled: 495 
Rejected: 442 
Bloom filter conflicts: 525 
(64.21% total skipped)
Most recent URL: https://www.t-mobile.com/tv-streaming/apple-tv-plus-deal?icid=MGPO_TMO_P_EVGRNPSTPD_FHKHU3CI3FVG98FQK35706
URLs checked: 1507 
Pages crawled: 496 
Rejected: 442 
Bloom filter conflicts: 525 
(64.17% total skipped)
Most recent URL: https://hipages.com.au/find/glass_glazier_glass_replacement
URLs checked: 1508 
Pages crawled: 497 
Rejected: 442 
Bloom filter conflicts: 525 
(64.12% total skipped)
Most recent URL: https://www.healthline.com/health/depression
URLs checked: 1509 
Pages crawled: 498 
Rejected: 442 
Bloom filter conflicts: 525 
(64.08% total skipped)
Most recent URL: https://www.wsj.com/news/cmo-today?mod=nav_top_subsection
URLs checked: 1510 
Pages crawled: 499 
Rejected: 442 
Bloom filter conflicts: 525 
(64.04% total skipped)
Most recent URL: https://cnet.com/tech/services-and-software/expressvpn-review/
URLs checked: 1514 
Pages crawled: 500 
Rejected: 444 
Bloom filter conflicts: 526 
(64.07% total skipped)
Most recent URL: https://media.net/adchoices
URLs checked: 1518 
Pages crawled: 501 
Rejected: 446 
Bloom filter conflicts: 527 
(64.10% total skipped)
Most recent URL: https://giphy.com/help/?ref=pf
URLs checked: 1519 
Pages crawled: 502 
Rejected: 446 
Bloom filter conflicts: 527 
(64.06% total skipped)
Most recent URL: https://ring.com/products/access-controller-pro-2
URLs checked: 1520 
Pages crawled: 503 
Rejected: 446 
Bloom filter conflicts: 527 
(64.01% total skipped)
Most recent URL: https://tradingview.com/markets/currencies/rates-major/
URLs checked: 1523 
Pages crawled: 504 
Rejected: 448 
Bloom filter conflicts: 527 
(64.02% total skipped)
Most recent URL: https://icloud-content.com/programs/
URLs checked: 1529 
Pages crawled: 505 
Rejected: 453 
Bloom filter conflicts: 527 
(64.09% total skipped)
Most recent URL: https://newrelic.com/platform/web-performance-monitoring
URLs checked: 1532 
Pages crawled: 506 
Rejected: 454 
Bloom filter conflicts: 528 
(64.10% total skipped)
Most recent URL: https://store.steampowered.com/curators/curatorsreviewing/?appid=1716740&snr=1_5_9__top-curators
URLs checked: 1533 
Pages crawled: 507 
Rejected: 454 
Bloom filter conflicts: 528 
(64.06% total skipped)
Most recent URL: https://www.t-mobile.com/brand/affordable-connectivity-program?INTNAV=fNav%3AAdditionalSupport%3AAffordableConnectivityProgram
URLs checked: 1534 
Pages crawled: 508 
Rejected: 454 
Bloom filter conflicts: 528 
(64.02% total skipped)
Most recent URL: https://time.com/6339189/china-children-phenumonia-outbreak/
URLs checked: 1536 
Pages crawled: 509 
Rejected: 454 
Bloom filter conflicts: 529 
(64.00% total skipped)
Most recent URL: https://google.com.br/url?q=https://support.google.com/websearch/%3Fp%3Dws_results_help%26hl%3Den%26fg%3D1&opi=89978449&sa=U&ved=0ahUKEwjK9I-09-SCAxUojokEHR8jDwwQ8KwCCAw&usg=AOvVaw2WRjoGVnvdxKSQ66tz110x
URLs checked: 1538 
Pages crawled: 510 
Rejected: 455 
Bloom filter conflicts: 529 
(63.98% total skipped)
Most recent URL: https://www.mayoclinic.org/tests-procedures/index?letter=L
URLs checked: 1538 
Pages crawled: 511 
Rejected: 455 
Bloom filter conflicts: 529 
(63.98% total skipped)
Most recent URL: https://giphy.com/groups/discover/
URLs checked: 1540 
Pages crawled: 512 
Rejected: 455 
Bloom filter conflicts: 529 
(63.90% total skipped)
Most recent URL: https://www.npr.org/transcripts/1198908641
URLs checked: 1541 
Pages crawled: 513 
Rejected: 455 
Bloom filter conflicts: 529 
(63.85% total skipped)
Most recent URL: https://blogger.com/?tab=uu
URLs checked: 1542 
Pages crawled: 514 
Rejected: 455 
Bloom filter conflicts: 529 
(63.81% total skipped)
Most recent URL: https://stackoverflow.com/users/21027088/
URLs checked: 1543 
Pages crawled: 515 
Rejected: 455 
Bloom filter conflicts: 529 
(63.77% total skipped)
Most recent URL: https://www.cnet.com/tech/home-entertainment/best-hdmi-cable/
URLs checked: 1545 
Pages crawled: 516 
Rejected: 455 
Bloom filter conflicts: 530 
(63.75% total skipped)
Most recent URL: https://www.healthline.com/nutrition
URLs checked: 1550 
Pages crawled: 517 
Rejected: 457 
Bloom filter conflicts: 532 
(63.81% total skipped)
Most recent URL: https://www.wix.com/blog/how-to-design-a-logo
URLs checked: 1551 
Pages crawled: 518 
Rejected: 457 
Bloom filter conflicts: 532 
(63.77% total skipped)
Most recent URL: https://www.wsj.com/news/latest-headlines?mod=nav_top_section
URLs checked: 1553 
Pages crawled: 519 
Rejected: 458 
Bloom filter conflicts: 532 
(63.75% total skipped)
Most recent URL: https://www.media.net/media-net-and-newsguard-partner-to-help-brands-advertise-responsibly/
URLs checked: 1557 
Pages crawled: 520 
Rejected: 458 
Bloom filter conflicts: 535 
(63.78% total skipped)
Most recent URL: https://addtoany.com/buttons/customize/wordpress/standalone_services
URLs checked: 1559 
Pages crawled: 521 
Rejected: 459 
Bloom filter conflicts: 535 
(63.76% total skipped)
Most recent URL: https://giphy.com/r.php?api_key=406655189415060&app_id=406655189415060&cancel_url=https%3A%2F%2Fgiphy.com%2Fcomplete%2Ffacebook%2F%3Ferror%3Daccess_denied%26error_code%3D200%26error_description%3DPermissions%2Berror%26error_reason%3Duser_denied%26state%3DyaZhk5XvnBZb5AL8p6kSwWwHhVnpcDOE%23_%3D_&next=https%3A%2F%2Fwww.facebook.com%2Fv11.0%2Fdialog%2Foauth%3Fclient_id%3D406655189415060%26redirect_uri%3Dhttps%253A%252F%252Fgiphy.com%252Fcomplete%252Ffacebook%252F%26state%3DyaZhk5XvnBZb5AL8p6kSwWwHhVnpcDOE%26return_scopes%3Dtrue%26scope%3Demail%26ret%3Dlogin%26fbapp_pres%3D0%26logger_id%3D7753bd72-2140-488f-bf6b-cbf64d9543b9%26tp%3Dunspecified&locale=en_US&display=page
URLs checked: 1560 
Pages crawled: 522 
Rejected: 459 
Bloom filter conflicts: 535 
(63.72% total skipped)
Most recent URL: https://analytics.dnsmadeeasy.com/
URLs checked: 1561 
Pages crawled: 523 
Rejected: 459 
Bloom filter conflicts: 535 
(63.68% total skipped)
Most recent URL: https://outbrain.com/
URLs checked: 1563 
Pages crawled: 524 
Rejected: 460 
Bloom filter conflicts: 535 
(63.66% total skipped)
Most recent URL: https://newrelic.com/instant-observability/azure-data-lake-analytics
URLs checked: 1567 
Pages crawled: 525 
Rejected: 463 
Bloom filter conflicts: 535 
(63.69% total skipped)
Most recent URL: https://gnu.org/philosophy/practical.html
URLs checked: 1571 
Pages crawled: 526 
Rejected: 466 
Bloom filter conflicts: 535 
(63.72% total skipped)
Most recent URL: https://giphy.com/biz/directory/
URLs checked: 1573 
Pages crawled: 527 
Rejected: 466 
Bloom filter conflicts: 536 
(63.70% total skipped)
Most recent URL: https://att.com/bundles/directv-internet
URLs checked: 1576 
Pages crawled: 528 
Rejected: 466 
Bloom filter conflicts: 538 
(63.71% total skipped)
Most recent URL: https://eset.com/int/rss/
URLs checked: 1577 
Pages crawled: 529 
Rejected: 466 
Bloom filter conflicts: 538 
(63.67% total skipped)
Most recent URL: https://hipages.com.au/article/how_much_does_a_garage_door_cost
URLs checked: 1578 
Pages crawled: 530 
Rejected: 466 
Bloom filter conflicts: 538 
(63.62% total skipped)
Most recent URL: https://sophos.com/en-us/company/contact
URLs checked: 1580 
Pages crawled: 531 
Rejected: 467 
Bloom filter conflicts: 538 
(63.61% total skipped)
Most recent URL: https://www.google.com.br/advanced_search?hl=en&authuser=0
URLs checked: 1586 
Pages crawled: 532 
Rejected: 470 
Bloom filter conflicts: 540 
(63.68% total skipped)
Most recent URL: https://www.outbrain.com/affiliate-marketing-strategy/
URLs checked: 1587 
Pages crawled: 533 
Rejected: 470 
Bloom filter conflicts: 540 
(63.64% total skipped)
Most recent URL: https://dnsmadeeasy.com/post/2022-super-bowl-ads
URLs checked: 1588 
Pages crawled: 534 
Rejected: 470 
Bloom filter conflicts: 540 
(63.60% total skipped)
Most recent URL: https://giphy.com/privacy/policy/?entry_point=facebook_page_footer
URLs checked: 1591 
Pages crawled: 535 
Rejected: 471 
Bloom filter conflicts: 541 
(63.61% total skipped)
Most recent URL: https://www.cnet.com/tech/home-entertainment/best-tvs-to-give-for-the-holidays-2023/
URLs checked: 1593 
Pages crawled: 536 
Rejected: 471 
Bloom filter conflicts: 542 
(63.59% total skipped)
Most recent URL: https://www.wix.com/partners/business-solutions
URLs checked: 1594 
Pages crawled: 537 
Rejected: 471 
Bloom filter conflicts: 542 
(63.55% total skipped)
Most recent URL: https://icloud-content.com/videos/all-videos/?q=%22iCloud%22%20%22CloudKit%22
URLs checked: 1597 
Pages crawled: 538 
Rejected: 473 
Bloom filter conflicts: 542 
(63.56% total skipped)
Most recent URL: https://www.healthline.com/program/living-your-best-life-with-rrms
URLs checked: 1598 
Pages crawled: 539 
Rejected: 473 
Bloom filter conflicts: 542 
(63.52% total skipped)
Most recent URL: https://store.steampowered.com/franchise/bethesda?snr=1_5_9__317
URLs checked: 1599 
Pages crawled: 540 
Rejected: 473 
Bloom filter conflicts: 542 
(63.48% total skipped)
Most recent URL: https://tradingview.com/symbols/DARUSDT/
URLs checked: 1600 
Pages crawled: 541 
Rejected: 473 
Bloom filter conflicts: 542 
(63.44% total skipped)
Most recent URL: https://www.media.net/marketplace
URLs checked: 1604 
Pages crawled: 542 
Rejected: 474 
Bloom filter conflicts: 544 
(63.47% total skipped)
Most recent URL: https://www.npr.org/podcasts-and-shows
URLs checked: 1605 
Pages crawled: 543 
Rejected: 474 
Bloom filter conflicts: 544 
(63.43% total skipped)
Most recent URL: https://www.wsj.com/news/life-arts/health-wellness?mod=nav_top_subsection
URLs checked: 1606 
Pages crawled: 544 
Rejected: 474 
Bloom filter conflicts: 544 
(63.39% total skipped)
Most recent URL: https://stackoverflow.com/questions/tagged/google-cloud-ml
URLs checked: 1607 
Pages crawled: 545 
Rejected: 474 
Bloom filter conflicts: 544 
(63.35% total skipped)
Most recent URL: https://www.google.com.br/technologies/retention?hl=en&fg=1
URLs checked: 1612 
Pages crawled: 546 
Rejected: 476 
Bloom filter conflicts: 546 
(63.40% total skipped)
Most recent URL: https://addtoany.com/buttons/customize/drupal/twitter_tweet_button
URLs checked: 1614 
Pages crawled: 547 
Rejected: 477 
Bloom filter conflicts: 546 
(63.38% total skipped)
Most recent URL: https://time.com/author/s-mitra-kalita/
URLs checked: 1623 
Pages crawled: 548 
Rejected: 484 
Bloom filter conflicts: 547 
(63.52% total skipped)
Most recent URL: https://www.att.com/accessories/
URLs checked: 1624 
Pages crawled: 549 
Rejected: 484 
Bloom filter conflicts: 547 
(63.49% total skipped)
Most recent URL: https://nature.com/opinion
URLs checked: 1629 
Pages crawled: 550 
Rejected: 487 
Bloom filter conflicts: 548 
(63.54% total skipped)
Most recent URL: https://support.dnsmadeeasy.com/support/solutions
URLs checked: 1631 
Pages crawled: 551 
Rejected: 487 
Bloom filter conflicts: 549 
(63.52% total skipped)
Most recent URL: https://www.cnet.com/deals/best-galaxy-s23-deals/
URLs checked: 1642 
Pages crawled: 552 
Rejected: 496 
Bloom filter conflicts: 550 
(63.70% total skipped)
Most recent URL: https://ring.com/products/alarm-contact-sensor-riser
URLs checked: 1644 
Pages crawled: 553 
Rejected: 497 
Bloom filter conflicts: 550 
(63.69% total skipped)
Most recent URL: https://stackoverflow.com/users/20288730/thura-aung?tab=bounties
URLs checked: 1648 
Pages crawled: 554 
Rejected: 500 
Bloom filter conflicts: 550 
(63.71% total skipped)
Most recent URL: https://google.com.br/websearch/answer/3333234?hl=en&ref_topic=3036131
URLs checked: 1653 
Pages crawled: 555 
Rejected: 502 
Bloom filter conflicts: 552 
(63.76% total skipped)
Most recent URL: https://one.newrelic.com/launcher/catalog-pack-details.launcher/?pane=eyJuZXJkbGV0SWQiOiAiY2F0YWxvZy1wYWNrLWRldGFpbHMuY2F0YWxvZy1wYWNrLWNvbnRlbnRzIiwgImlzT25ib2FyZGluZyI6ICJ0cnVlIiwgInF1aWNrc3RhcnRJZCI6IjRlZDBhZWRiLTJmMjQtNDE4OS1iMjhmLThkNDk4ZDg5ZWRiZiJ9
URLs checked: 1655 
Pages crawled: 556 
Rejected: 502 
Bloom filter conflicts: 553 
(63.75% total skipped)
Most recent URL: https://www.media.net/aboutus
URLs checked: 1664 
Pages crawled: 557 
Rejected: 503 
Bloom filter conflicts: 560 
(63.88% total skipped)
Most recent URL: https://gnu.org/press/2002-02-26-MySQL.html
URLs checked: 1665 
Pages crawled: 558 
Rejected: 503 
Bloom filter conflicts: 560 
(63.84% total skipped)
Most recent URL: https://www.healthline.com/health/hiv-aids/cd4-viral-count?utm_source=ReadNext
URLs checked: 1666 
Pages crawled: 559 
Rejected: 503 
Bloom filter conflicts: 560 
(63.81% total skipped)
Most recent URL: https://hipages.com.au/article/how_much_does_gutter_replacement_cost
URLs checked: 1667 
Pages crawled: 560 
Rejected: 503 
Bloom filter conflicts: 560 
(63.77% total skipped)
Most recent URL: https://www.wsj.com/news/business/defense-aerospace?mod=nav_top_subsection
URLs checked: 1675 
Pages crawled: 561 
Rejected: 508 
Bloom filter conflicts: 562 
(63.88% total skipped)
Most recent URL: https://www.cnet.com/deals/earfuns-new-air-pro-3-earbuds-deliver-impressive-sound-and-theyre-already-30-off/
URLs checked: 1676 
Pages crawled: 562 
Rejected: 508 
Bloom filter conflicts: 562 
(63.84% total skipped)
Most recent URL: https://icloud-content.com/macos/
URLs checked: 1680 
Pages crawled: 563 
Rejected: 511 
Bloom filter conflicts: 562 
(63.87% total skipped)
Most recent URL: https://time.com/charter/6338156/sam-altmans-ouster-and-the-age-old-tension-between-doing-good-and-making-money/
URLs checked: 1681 
Pages crawled: 564 
Rejected: 511 
Bloom filter conflicts: 562 
(63.83% total skipped)
Most recent URL: https://npr.org/sections/performing-arts/
URLs checked: 1685 
Pages crawled: 565 
Rejected: 513 
Bloom filter conflicts: 563 
(63.86% total skipped)
Most recent URL: https://addtoany.com/ext/google_analytics/
URLs checked: 1686 
Pages crawled: 566 
Rejected: 513 
Bloom filter conflicts: 563 
(63.82% total skipped)
Most recent URL: https://google.com.br/websearch/answer/12003459?hl=en&ref_topic=3036132
URLs checked: 1692 
Pages crawled: 567 
Rejected: 518 
Bloom filter conflicts: 563 
(63.89% total skipped)
Most recent URL: https://cp.dnsmadeeasy.com
URLs checked: 1699 
Pages crawled: 568 
Rejected: 520 
Bloom filter conflicts: 567 
(63.98% total skipped)
Most recent URL: https://www.media.net/legal/tos/
URLs checked: 1706 
Pages crawled: 569 
Rejected: 522 
Bloom filter conflicts: 571 
(64.07% total skipped)
Most recent URL: https://ring.com/products/wedge-kit-for-video-doorbell-3
URLs checked: 1709 
Pages crawled: 570 
Rejected: 523 
Bloom filter conflicts: 572 
(64.07% total skipped)
Most recent URL: https://www.t-mobile.com/cell-phones/brand/google?icid=MGPO_TMO_U_23HOLIDAY_9714FB9BF403268537140
URLs checked: 1710 
Pages crawled: 571 
Rejected: 523 
Bloom filter conflicts: 572 
(64.04% total skipped)
Most recent URL: https://www.addtoany.com/buttons/translate/
URLs checked: 1711 
Pages crawled: 572 
Rejected: 523 
Bloom filter conflicts: 572 
(64.00% total skipped)
Most recent URL: https://store.steampowered.com/dlc/1716740/Starfield/?snr=1_5_9__1061
URLs checked: 1712 
Pages crawled: 573 
Rejected: 523 
Bloom filter conflicts: 572 
(63.96% total skipped)
Most recent URL: https://stackoverflow.com/questions/77401447/load-modules-on-page-according-to-config-file-in-angular
URLs checked: 1713 
Pages crawled: 574 
Rejected: 523 
Bloom filter conflicts: 572 
(63.92% total skipped)
Most recent URL: https://newrelic.com/termsandconditions/dmca
URLs checked: 1715 
Pages crawled: 575 
Rejected: 524 
Bloom filter conflicts: 572 
(63.91% total skipped)
Most recent URL: https://www.cambridge.org/
URLs checked: 1717 
Pages crawled: 576 
Rejected: 524 
Bloom filter conflicts: 573 
(63.89% total skipped)
Most recent URL: https://hipages.com.au/find/window_repairs/sa
URLs checked: 1717 
Pages crawled: 577 
Rejected: 524 
Bloom filter conflicts: 573 
(63.89% total skipped)
Most recent URL: https://www.wsj.com/news/magazine?mod=nav_top_section
URLs checked: 1721 
Pages crawled: 578 
Rejected: 526 
Bloom filter conflicts: 573 
(63.86% total skipped)
Most recent URL: https://www.att.com/acctmgmt/fpwd/lander
URLs checked: 1723 
Pages crawled: 579 
Rejected: 526 
Bloom filter conflicts: 574 
(63.84% total skipped)
Most recent URL: https://time.com/collection/must-read-books-2023/
URLs checked: 1738 
Pages crawled: 580 
Rejected: 536 
Bloom filter conflicts: 578 
(64.10% total skipped)
Most recent URL: https://cnet.com/tech/services-and-software/how-to-set-up-a-vpn-on-iphone/
URLs checked: 1739 
Pages crawled: 581 
Rejected: 536 
Bloom filter conflicts: 578 
(64.06% total skipped)
Most recent URL: https://tradingview.com/symbols/BME-IBC/
URLs checked: 1741 
Pages crawled: 582 
Rejected: 537 
Bloom filter conflicts: 578 
(64.04% total skipped)
Most recent URL: https://www.wix.com/blog/how-to-create-website-step-by-step-guide
URLs checked: 1744 
Pages crawled: 583 
Rejected: 539 
Bloom filter conflicts: 578 
(64.05% total skipped)
Most recent URL: https://braze.com
URLs checked: 1748 
Pages crawled: 584 
Rejected: 541 
Bloom filter conflicts: 579 
(64.07% total skipped)
Most recent URL: https://healthline.com/health/crohns-disease
URLs checked: 1749 
Pages crawled: 585 
Rejected: 541 
Bloom filter conflicts: 579 
(64.04% total skipped)
Most recent URL: https://dnsmadeeasy.com/services/demo
URLs checked: 1757 
Pages crawled: 586 
Rejected: 546 
Bloom filter conflicts: 581 
(64.14% total skipped)
Most recent URL: https://www.t-mobile.com/home-internet/plans?INTNAV=tNav%3APlans%3AHomeInternet
URLs checked: 1758 
Pages crawled: 587 
Rejected: 546 
Bloom filter conflicts: 581 
(64.11% total skipped)
Most recent URL: https://stackoverflow.com/questions/tagged/google-natural-language+apache-beam
URLs checked: 1759 
Pages crawled: 588 
Rejected: 546 
Bloom filter conflicts: 581 
(64.07% total skipped)
Most recent URL: https://addtoany.com/
URLs checked: 1763 
Pages crawled: 589 
Rejected: 549 
Bloom filter conflicts: 581 
(64.10% total skipped)
Most recent URL: https://mayoclinic.org/about-this-site/accessibility-statement
URLs checked: 1765 
Pages crawled: 590 
Rejected: 549 
Bloom filter conflicts: 582 
(64.08% total skipped)
Most recent URL: https://www.att.com/buy/accessories/browse/cases/carson-quinn/
URLs checked: 1767 
Pages crawled: 591 
Rejected: 549 
Bloom filter conflicts: 583 
(64.06% total skipped)
Most recent URL: https://sophos.com/en-us/content/sophos-vs-carbon-black
URLs checked: 1768 
Pages crawled: 592 
Rejected: 549 
Bloom filter conflicts: 583 
(64.03% total skipped)
Most recent URL: https://www.wsj.com/news/types/capital-journal?mod=nav_top_subsection
URLs checked: 1769 
Pages crawled: 593 
Rejected: 549 
Bloom filter conflicts: 583 
(63.99% total skipped)
Most recent URL: https://hipages.com.au/find/window_repairs/sa/nadia
URLs checked: 1771 
Pages crawled: 594 
Rejected: 550 
Bloom filter conflicts: 583 
(63.98% total skipped)
Most recent URL: https://dnsmadeeasy.com/support
URLs checked: 1775 
Pages crawled: 595 
Rejected: 551 
Bloom filter conflicts: 585 
(64.00% total skipped)
Most recent URL: https://google.com.br/websearch/answer/2539428?hl=en&ref_topic=3036131
URLs checked: 1778 
Pages crawled: 596 
Rejected: 553 
Bloom filter conflicts: 585 
(64.00% total skipped)
Most recent URL: https://media.net/preferences
URLs checked: 1787 
Pages crawled: 597 
Rejected: 553 
Bloom filter conflicts: 593 
(64.13% total skipped)
Most recent URL: https://icloud-content.com/documentation/
URLs checked: 1791 
Pages crawled: 598 
Rejected: 556 
Bloom filter conflicts: 593 
(64.15% total skipped)
Most recent URL: https://newrelic.com/
URLs checked: 1802 
Pages crawled: 599 
Rejected: 564 
Bloom filter conflicts: 595 
(64.32% total skipped)
Most recent URL: https://auth.dnsmadeeasy.com/
URLs checked: 1806 
Pages crawled: 600 
Rejected: 566 
Bloom filter conflicts: 596 
(64.34% total skipped)
Most recent URL: https://www.addtoany.com/buttons/customize/single_button_specific_page
URLs checked: 1812 
Pages crawled: 601 
Rejected: 571 
Bloom filter conflicts: 596 
(64.40% total skipped)
Most recent URL: https://ring.com/products/alarm-pro-base-station
URLs checked: 1814 
Pages crawled: 602 
Rejected: 572 
Bloom filter conflicts: 596 
(64.39% total skipped)
Most recent URL: https://gnu.org/philosophy/my_doom.html
URLs checked: 1820 
Pages crawled: 603 
Rejected: 576 
Bloom filter conflicts: 597 
(64.45% total skipped)
Most recent URL: https://www.media.net/programmatic
URLs checked: 1824 
Pages crawled: 604 
Rejected: 576 
Bloom filter conflicts: 600 
(64.47% total skipped)
Most recent URL: https://www.att.com/buy/accessories/browse/all
URLs checked: 1826 
Pages crawled: 605 
Rejected: 576 
Bloom filter conflicts: 601 
(64.46% total skipped)
Most recent URL: https://www.outbrain.com/publishers/
URLs checked: 1827 
Pages crawled: 606 
Rejected: 576 
Bloom filter conflicts: 601 
(64.42% total skipped)
Most recent URL: https://www.npr.org/support/
URLs checked: 1828 
Pages crawled: 607 
Rejected: 576 
Bloom filter conflicts: 601 
(64.39% total skipped)
Most recent URL: https://www.cambridge.org/legal/freedom-of-information
URLs checked: 1829 
Pages crawled: 608 
Rejected: 576 
Bloom filter conflicts: 601 
(64.35% total skipped)
Most recent URL: https://newrelic.com/solutions/tool-consolidation
URLs checked: 1830 
Pages crawled: 609 
Rejected: 576 
Bloom filter conflicts: 601 
(64.32% total skipped)
Most recent URL: https://google.com.br/intl/en/contact-google/
URLs checked: 1838 
Pages crawled: 610 
Rejected: 579 
Bloom filter conflicts: 605 
(64.42% total skipped)
Most recent URL: https://stackoverflow.com/questions/tagged/google-natural-language+machine-learning
URLs checked: 1839 
Pages crawled: 611 
Rejected: 579 
Bloom filter conflicts: 605 
(64.38% total skipped)
Most recent URL: https://tradingview.com/ideas/editors-picks/
URLs checked: 1841 
Pages crawled: 612 
Rejected: 580 
Bloom filter conflicts: 605 
(64.37% total skipped)
Most recent URL: https://t-mobile.com/offers/samsung-phone-deals?INTNAV=tNav%3ADeals%3ASamsung
URLs checked: 1842 
Pages crawled: 613 
Rejected: 580 
Bloom filter conflicts: 605 
(64.33% total skipped)
Most recent URL: https://nature.com/articles/d41586-019-03734-7
URLs checked: 1843 
Pages crawled: 614 
Rejected: 580 
Bloom filter conflicts: 605 
(64.30% total skipped)
Most recent URL: https://www.cnbc.com/business-day/
URLs checked: 1844 
Pages crawled: 615 
Rejected: 580 
Bloom filter conflicts: 605 
(64.26% total skipped)
Most recent URL: https://www.wsj.com/science/archaeology?mod=nav_top_subsection
URLs checked: 1849 
Pages crawled: 616 
Rejected: 584 
Bloom filter conflicts: 605 
(64.31% total skipped)
Most recent URL: https://www.wix.com/blog/logo-size
URLs checked: 1850 
Pages crawled: 617 
Rejected: 584 
Bloom filter conflicts: 605 
(64.27% total skipped)
Most recent URL: https://www.braze.com/solutions/on-demand
URLs checked: 1852 
Pages crawled: 618 
Rejected: 584 
Bloom filter conflicts: 606 
(64.25% total skipped)
Most recent URL: https://www.healthline.com/health/bowel-incontinence
URLs checked: 1853 
Pages crawled: 619 
Rejected: 584 
Bloom filter conflicts: 606 
(64.22% total skipped)
Most recent URL: https://store.steampowered.com/app/2401180/STARFIELD_DIGITAL_PREMIUM_EDITION_UPGRADE/?snr=1_16_16_creator_curator-tabs&curator_clanid=41623050
URLs checked: 1854 
Pages crawled: 620 
Rejected: 584 
Bloom filter conflicts: 606 
(64.19% total skipped)
Most recent URL: https://hipages.com.au/find/fences
URLs checked: 1855 
Pages crawled: 621 
Rejected: 584 
Bloom filter conflicts: 606 
(64.15% total skipped)
Most recent URL: https://mayoclinic.org/diseases-conditions/index?letter=J
URLs checked: 1861 
Pages crawled: 622 
Rejected: 586 
Bloom filter conflicts: 609 
(64.21% total skipped)
Most recent URL: https://dnsmadeeasy.com/post/optimized-dns-for-singapore-sg
URLs checked: 1862 
Pages crawled: 623 
Rejected: 586 
Bloom filter conflicts: 609 
(64.18% total skipped)
Most recent URL: https://time.com/collection/must-read-books-2023/6332668/the-iliad/
URLs checked: 1863 
Pages crawled: 624 
Rejected: 586 
Bloom filter conflicts: 609 
(64.14% total skipped)
Most recent URL: https://newrelic.com/customers/william-hill
URLs checked: 1867 
Pages crawled: 625 
Rejected: 589 
Bloom filter conflicts: 609 
(64.17% total skipped)
Most recent URL: https://keystone.outbrain.com
URLs checked: 1870 
Pages crawled: 626 
Rejected: 590 
Bloom filter conflicts: 610 
(64.17% total skipped)
Most recent URL: https://www.media.net/media-net-reinforces-its-stance-against-mfas-in-its-exchange/
URLs checked: 1872 
Pages crawled: 627 
Rejected: 590 
Bloom filter conflicts: 611 
(64.16% total skipped)
Most recent URL: https://addtoany.com/buttons/customize/square_icons
URLs checked: 1873 
Pages crawled: 628 
Rejected: 590 
Bloom filter conflicts: 611 
(64.12% total skipped)
Most recent URL: https://ring.com/products/battery-doorbell-plus-spotlight-cam-plus-alarm-14-piece-bundle
URLs checked: 1875 
Pages crawled: 629 
Rejected: 591 
Bloom filter conflicts: 611 
(64.11% total skipped)
Most recent URL: https://stackoverflow.com/users/14138176/anjaneyulu-sandiri
URLs checked: 1876 
Pages crawled: 630 
Rejected: 591 
Bloom filter conflicts: 611 
(64.07% total skipped)
Most recent URL: https://www.t-mobile.com/offers/samsung-phone-deals?INTNAV=tNav%3ADeals%3ASamsung
URLs checked: 1877 
Pages crawled: 631 
Rejected: 591 
Bloom filter conflicts: 611 
(64.04% total skipped)
Most recent URL: https://icloud-content.com/accelerator/
URLs checked: 1881 
Pages crawled: 632 
Rejected: 594 
Bloom filter conflicts: 611 
(64.06% total skipped)
Most recent URL: https://newrelic.com/solutions/open-source
URLs checked: 1882 
Pages crawled: 633 
Rejected: 594 
Bloom filter conflicts: 611 
(64.03% total skipped)
Most recent URL: https://www.mayoclinic.org/departments-centers/endocrinology/sections/overview/ovc-20392506
URLs checked: 1884 
Pages crawled: 634 
Rejected: 594 
Bloom filter conflicts: 612 
(64.01% total skipped)
Most recent URL: https://hipages.com.au/find/glass_glazier/vic/melbourne
URLs checked: 1889 
Pages crawled: 635 
Rejected: 598 
Bloom filter conflicts: 612 
(64.06% total skipped)
Most recent URL: https://www.wsj.com/news/types/masterpiece?mod=nav_top_subsection
URLs checked: 1890 
Pages crawled: 636 
Rejected: 598 
Bloom filter conflicts: 612 
(64.02% total skipped)
Most recent URL: https://gnu.org/philosophy/sco/sco-gnu-linux.html
URLs checked: 1896 
Pages crawled: 637 
Rejected: 601 
Bloom filter conflicts: 614 
(64.08% total skipped)
Most recent URL: https://att.com/deals/cyber-monday/
URLs checked: 1898 
Pages crawled: 638 
Rejected: 602 
Bloom filter conflicts: 614 
(64.07% total skipped)
Most recent URL: https://www.blogger.com/go/tutorials
URLs checked: 1900 
Pages crawled: 639 
Rejected: 603 
Bloom filter conflicts: 614 
(64.05% total skipped)
Most recent URL: https://store.steampowered.com/franchise/artur-smiarowski?snr=1_5_9__408
URLs checked: 1902 
Pages crawled: 640 
Rejected: 604 
Bloom filter conflicts: 614 
(64.04% total skipped)
Most recent URL: https://dnsmadeeasy.com/post/best-managed-dns-for-hong-kong-hk-enhancing-global-online-performance
URLs checked: 1903 
Pages crawled: 641 
Rejected: 604 
Bloom filter conflicts: 614 
(64.00% total skipped)
Most recent URL: https://loc.gov
URLs checked: 1905 
Pages crawled: 642 
Rejected: 605 
Bloom filter conflicts: 614 
(63.99% total skipped)
Most recent URL: https://www.healthline.com/health/pooping-liquid
URLs checked: 1906 
Pages crawled: 643 
Rejected: 605 
Bloom filter conflicts: 614 
(63.96% total skipped)
Most recent URL: https://www.tradingview.com/chart/QCOM/DJpygzAW-Qcom-pennant/
URLs checked: 1907 
Pages crawled: 644 
Rejected: 605 
Bloom filter conflicts: 614 
(63.92% total skipped)
Most recent URL: https://newrelic.com/termsandconditions/terms
URLs checked: 1910 
Pages crawled: 645 
Rejected: 607 
Bloom filter conflicts: 614 
(63.93% total skipped)
Most recent URL: https://www.t-mobile.com/cell-phone-plans?INTNAV=tNav%3APlans
URLs checked: 1911 
Pages crawled: 646 
Rejected: 607 
Bloom filter conflicts: 614 
(63.89% total skipped)
Most recent URL: https://www.wix.com/blog/how-to-write-a-mission-statement
URLs checked: 1913 
Pages crawled: 647 
Rejected: 607 
Bloom filter conflicts: 615 
(63.88% total skipped)
Most recent URL: https://stackoverflow.com/questions/77154532/how-to-use-an-enum-in-an-angular-workspace
URLs checked: 1914 
Pages crawled: 648 
Rejected: 607 
Bloom filter conflicts: 615 
(63.85% total skipped)
Most recent URL: https://hipages.com.au/find/lawn_turf_synthetic_turf_supply_and_install
URLs checked: 1915 
Pages crawled: 649 
Rejected: 607 
Bloom filter conflicts: 615 
(63.81% total skipped)
Most recent URL: https://www.media.net/presssecondannualparty
URLs checked: 1917 
Pages crawled: 650 
Rejected: 607 
Bloom filter conflicts: 616 
(63.80% total skipped)
Most recent URL: https://time.com/collection/must-read-books-2023/6332503/a-day-in-the-life-of-abed-salama/
URLs checked: 1918 
Pages crawled: 651 
Rejected: 607 
Bloom filter conflicts: 616 
(63.76% total skipped)
Most recent URL: https://google.com.br/url?q=https://policies.google.com/terms%3Fhl%3Den%26fg%3D1&opi=89978449&sa=U&ved=0ahUKEwjK9I-09-SCAxUojokEHR8jDwwQ8qwCCA4&usg=AOvVaw1ljO0917fz-1SC_FadL_aW
URLs checked: 1934 
Pages crawled: 652 
Rejected: 615 
Bloom filter conflicts: 623 
(64.01% total skipped)
Most recent URL: https://ring.com/products/pet-tag
URLs checked: 1935 
Pages crawled: 653 
Rejected: 615 
Bloom filter conflicts: 623 
(63.98% total skipped)
Most recent URL: https://addtoany.com/buttons/customize/events
URLs checked: 1937 
Pages crawled: 654 
Rejected: 616 
Bloom filter conflicts: 623 
(63.96% total skipped)
Most recent URL: https://www.tradingview.com/chart/LICI/77lL9D1M-LIC-NEW-JOURNEY-BEGINS/
URLs checked: 1938 
Pages crawled: 655 
Rejected: 616 
Bloom filter conflicts: 623 
(63.93% total skipped)
Most recent URL: https://icloud-content.com/develop/
URLs checked: 1942 
Pages crawled: 656 
Rejected: 619 
Bloom filter conflicts: 623 
(63.95% total skipped)
Most recent URL: https://newrelic.com/blog/nerdlog/nerdgraph-queries-data-plus
URLs checked: 1944 
Pages crawled: 657 
Rejected: 620 
Bloom filter conflicts: 623 
(63.94% total skipped)
Most recent URL: https://www.wsj.com/noted?mod=nav_top_subsection
URLs checked: 1945 
Pages crawled: 658 
Rejected: 620 
Bloom filter conflicts: 623 
(63.91% total skipped)
Most recent URL: https://www.att.com/support/article/wireless/KM1011513
URLs checked: 1946 
Pages crawled: 659 
Rejected: 620 
Bloom filter conflicts: 623 
(63.87% total skipped)
Most recent URL: https://stackoverflow.com/users/20288730/thura-aung?tab=votes
URLs checked: 1947 
Pages crawled: 660 
Rejected: 620 
Bloom filter conflicts: 623 
(63.84% total skipped)
Most recent URL: https://www.t-mobile.com/offers/apple-iphone-deals
URLs checked: 1948 
Pages crawled: 661 
Rejected: 620 
Bloom filter conflicts: 623 
(63.81% total skipped)
Most recent URL: https://hipages.com.au/find/handyman/qld/woodridge
URLs checked: 1954 
Pages crawled: 662 
Rejected: 624 
Bloom filter conflicts: 624 
(63.87% total skipped)
Most recent URL: https://google.com.br/websearch/answer/54068?hl=en&ref_topic=9255574
URLs checked: 1957 
Pages crawled: 663 
Rejected: 626 
Bloom filter conflicts: 624 
(63.87% total skipped)
Most recent URL: https://gnu.org/graphics/listen.html
URLs checked: 1958 
Pages crawled: 664 
Rejected: 626 
Bloom filter conflicts: 624 
(63.84% total skipped)
Most recent URL: https://catalog.loc.gov/
URLs checked: 1959 
Pages crawled: 665 
Rejected: 626 
Bloom filter conflicts: 624 
(63.81% total skipped)
Most recent URL: https://time.com/collection/must-read-books-2023/6332719/fair-play/
URLs checked: 1967 
Pages crawled: 666 
Rejected: 631 
Bloom filter conflicts: 626 
(63.90% total skipped)
Most recent URL: https://www.addtoany.com/buttons/for/website/subscribe
URLs checked: 1968 
Pages crawled: 667 
Rejected: 631 
Bloom filter conflicts: 626 
(63.87% total skipped)
Most recent URL: https://store.steampowered.com/steam_refunds/?snr=1_5_9__global-responsive-menu
URLs checked: 1969 
Pages crawled: 668 
Rejected: 631 
Bloom filter conflicts: 626 
(63.84% total skipped)
Most recent URL: https://www.healthline.com/health/pooping-a-lot
URLs checked: 1972 
Pages crawled: 669 
Rejected: 632 
Bloom filter conflicts: 627 
(63.84% total skipped)
Most recent URL: https://cnbc.com/investingclub/
URLs checked: 1977 
Pages crawled: 670 
Rejected: 635 
Bloom filter conflicts: 628 
(63.88% total skipped)
Most recent URL: https://support.dnsmadeeasy.com/support/solutions/articles/47001122450-dynamic-dns
URLs checked: 1983 
Pages crawled: 671 
Rejected: 635 
Bloom filter conflicts: 633 
(63.94% total skipped)
Most recent URL: https://ca.gov
URLs checked: 1985 
Pages crawled: 672 
Rejected: 635 
Bloom filter conflicts: 634 
(63.93% total skipped)
Most recent URL: https://nature.com/nature/collections?type=insight
URLs checked: 1988 
Pages crawled: 673 
Rejected: 637 
Bloom filter conflicts: 634 
(63.93% total skipped)
Most recent URL: https://google.com.br/websearch/answer/10633314?hl=en&ref_topic=3036131
URLs checked: 1992 
Pages crawled: 674 
Rejected: 639 
Bloom filter conflicts: 635 
(63.96% total skipped)
Most recent URL: https://ring.com/products/video-doorbell-pro-2-corner-kit
URLs checked: 1995 
Pages crawled: 675 
Rejected: 641 
Bloom filter conflicts: 635 
(63.96% total skipped)
Most recent URL: https://media.net/pressfbpartnership
URLs checked: 1996 
Pages crawled: 676 
Rejected: 641 
Bloom filter conflicts: 635 
(63.93% total skipped)
Most recent URL: https://www.t-mobile.com/smart-watch/samsung-galaxy-watch6-40mm?icid=MGPO_TMO_U_23GLXYW350_XG6ECY9V8VDO6A66H35129
URLs checked: 2004 
Pages crawled: 677 
Rejected: 647 
Bloom filter conflicts: 636 
(64.02% total skipped)
Most recent URL: https://time.com/charter/6337826/the-wrong-way-to-define-productivity/
URLs checked: 2007 
Pages crawled: 678 
Rejected: 647 
Bloom filter conflicts: 638 
(64.03% total skipped)
Most recent URL: https://google.com.br/websearch
URLs checked: 2014 
Pages crawled: 679 
Rejected: 649 
Bloom filter conflicts: 642 
(64.10% total skipped)
Most recent URL: https://cnet.com/reviews/expressvpn-review/
URLs checked: 2017 
Pages crawled: 680 
Rejected: 649 
Bloom filter conflicts: 644 
(64.11% total skipped)
Most recent URL: https://store.steampowered.com/login/?redir=app%2F1716740%2FStarfield%2F%3Fsnr%3D1_4_660__104&redir_ssl=1&snr=1_5_9__global-header
URLs checked: 2019 
Pages crawled: 681 
Rejected: 649 
Bloom filter conflicts: 645 
(64.09% total skipped)
Most recent URL: https://stackoverflow.com/q/30044579
URLs checked: 2020 
Pages crawled: 682 
Rejected: 649 
Bloom filter conflicts: 645 
(64.06% total skipped)
Most recent URL: https://dnsmadeeasy.com/post/understanding-the-key-differences-between-authoritative-dns-and-recursive-dns
URLs checked: 2021 
Pages crawled: 683 
Rejected: 649 
Bloom filter conflicts: 645 
(64.03% total skipped)
Most recent URL: https://icloud-content.com/tvos/
URLs checked: 2022 
Pages crawled: 684 
Rejected: 649 
Bloom filter conflicts: 645 
(64.00% total skipped)
Most recent URL: https://www.loc.gov/
URLs checked: 2023 
Pages crawled: 685 
Rejected: 649 
Bloom filter conflicts: 645 
(63.96% total skipped)
Most recent URL: https://www.npr.org/people/1004889801/manuela-lopez-restrepo
URLs checked: 2023 
Pages crawled: 686 
Rejected: 649 
Bloom filter conflicts: 645 
(63.96% total skipped)
Most recent URL: https://hipages.com.au/find/lawn_turf_synthetic_turf_supply_and_install/nt
URLs checked: 2025 
Pages crawled: 687 
Rejected: 649 
Bloom filter conflicts: 645 
(63.90% total skipped)
Most recent URL: https://newrelic.com/platform/mobile-monitoring
URLs checked: 2026 
Pages crawled: 688 
Rejected: 649 
Bloom filter conflicts: 645 
(63.87% total skipped)
Most recent URL: https://tradingview.com/symbols/NYSE-ORCL/
URLs checked: 2027 
Pages crawled: 689 
Rejected: 649 
Bloom filter conflicts: 645 
(63.84% total skipped)
Most recent URL: https://www.cnbc.com/select/best-buy-now-pay-later-apps/
URLs checked: 2028 
Pages crawled: 690 
Rejected: 649 
Bloom filter conflicts: 645 
(63.81% total skipped)
Most recent URL: https://www.wsj.com/market-data?mod=nav_top_subsection
URLs checked: 2029 
Pages crawled: 691 
Rejected: 649 
Bloom filter conflicts: 645 
(63.78% total skipped)
Most recent URL: https://www.mayoclinic.org/tests-procedures/x-ray/about/pac-20395303
URLs checked: 2031 
Pages crawled: 692 
Rejected: 650 
Bloom filter conflicts: 645 
(63.76% total skipped)
Most recent URL: https://addtoany.com/buttons/customize/drupal/asynchronous_loading
URLs checked: 2033 
Pages crawled: 693 
Rejected: 650 
Bloom filter conflicts: 646 
(63.75% total skipped)
Most recent URL: https://www.t-mobile.com/privacy-center?INTNAV=fNav%3APrivacyCenter
URLs checked: 2034 
Pages crawled: 694 
Rejected: 650 
Bloom filter conflicts: 646 
(63.72% total skipped)
Most recent URL: https://sophos.com/en-us/solutions/use-cases/microsoft-365
URLs checked: 2035 
Pages crawled: 695 
Rejected: 650 
Bloom filter conflicts: 646 
(63.69% total skipped)
Most recent URL: https://gnu.org/licenses/old-licenses/gpl-2.0-faq.html
URLs checked: 2041 
Pages crawled: 696 
Rejected: 655 
Bloom filter conflicts: 646 
(63.74% total skipped)
Most recent URL: https://ring.com/products/video-doorbell-wired-indoor-cam-alarm-bundle
URLs checked: 2042 
Pages crawled: 697 
Rejected: 655 
Bloom filter conflicts: 646 
(63.71% total skipped)
Most recent URL: https://att.com/buy/phones/apple-iphone-se-3rd-gen-2022.html
URLs checked: 2044 
Pages crawled: 698 
Rejected: 656 
Bloom filter conflicts: 646 
(63.70% total skipped)
Most recent URL: https://google.com.br/websearch/answer/12412910?hl=en&ref_topic=9255574
URLs checked: 2045 
Pages crawled: 699 
Rejected: 656 
Bloom filter conflicts: 646 
(63.67% total skipped)
Most recent URL: https://www.npr.org/donations/support
URLs checked: 2052 
Pages crawled: 700 
Rejected: 660 
Bloom filter conflicts: 648 
(63.74% total skipped)
Most recent URL: https://eset.com/int/business/why-eset/industry-analysts-recognition/
URLs checked: 2053 
Pages crawled: 701 
Rejected: 660 
Bloom filter conflicts: 648 
(63.71% total skipped)
Most recent URL: https://www.media.net/pressfbpartnership
URLs checked: 2054 
Pages crawled: 702 
Rejected: 660 
Bloom filter conflicts: 648 
(63.68% total skipped)
Most recent URL: https://pandora.com
URLs checked: 2058 
Pages crawled: 703 
Rejected: 661 
Bloom filter conflicts: 650 
(63.70% total skipped)
Most recent URL: https://stackoverflow.com/users/login?ssrc=site_switcher&returnurl=https%3a%2f%2fstackoverflow.com%2fquestions%2ftagged%2fgoogle-natural-language%2bapache-beam
URLs checked: 2059 
Pages crawled: 704 
Rejected: 661 
Bloom filter conflicts: 650 
(63.67% total skipped)
Most recent URL: https://ca.gov/accessibility/website-accessibility-certification.html
URLs checked: 2061 
Pages crawled: 705 
Rejected: 662 
Bloom filter conflicts: 650 
(63.66% total skipped)
Most recent URL: https://loc.gov/exhibits/
URLs checked: 2062 
Pages crawled: 706 
Rejected: 662 
Bloom filter conflicts: 650 
(63.63% total skipped)
Most recent URL: https://www.cnbc.com/video/2023/11/21/living-coast-fire-on-58k-a-year-in-austin-tx.html
URLs checked: 2063 
Pages crawled: 707 
Rejected: 662 
Bloom filter conflicts: 650 
(63.60% total skipped)
Most recent URL: https://www.wix.com/blog/mobile-website
URLs checked: 2064 
Pages crawled: 708 
Rejected: 662 
Bloom filter conflicts: 650 
(63.57% total skipped)
Most recent URL: https://www.mayoclinic.org/diseases-conditions/meningitis/symptoms-causes/syc-20350508
URLs checked: 2065 
Pages crawled: 709 
Rejected: 662 
Bloom filter conflicts: 650 
(63.54% total skipped)
Most recent URL: https://time.com/collection/live-well/
URLs checked: 2066 
Pages crawled: 710 
Rejected: 662 
Bloom filter conflicts: 650 
(63.50% total skipped)
Most recent URL: https://www.wsj.com/business/c-suite?mod=nav_top_subsection
URLs checked: 2071 
Pages crawled: 711 
Rejected: 666 
Bloom filter conflicts: 650 
(63.54% total skipped)
Most recent URL: https://www.t-mobile.com/cell-phone-plans?icid=MGPO_TMO_P_23HOLI4L25_1D1D0E80B9B220D336512
URLs checked: 2078 
Pages crawled: 712 
Rejected: 672 
Bloom filter conflicts: 650 
(63.62% total skipped)
Most recent URL: https://www.dnsmadeeasy.com/services/dnsfailover
URLs checked: 2080 
Pages crawled: 713 
Rejected: 673 
Bloom filter conflicts: 650 
(63.61% total skipped)
Most recent URL: https://blogger.com/go/helpforum
URLs checked: 2082 
Pages crawled: 714 
Rejected: 674 
Bloom filter conflicts: 650 
(63.59% total skipped)
Most recent URL: https://google.com.br/websearch/answer/13572013?hl=en&ref_topic=13544225
URLs checked: 2087 
Pages crawled: 715 
Rejected: 676 
Bloom filter conflicts: 652 
(63.63% total skipped)
Most recent URL: https://icloud-content.com/system-status/
URLs checked: 2089 
Pages crawled: 716 
Rejected: 677 
Bloom filter conflicts: 652 
(63.62% total skipped)
Most recent URL: https://cnet.com/tech/services-and-software/best-vpn-for-xbox/
URLs checked: 2090 
Pages crawled: 717 
Rejected: 677 
Bloom filter conflicts: 652 
(63.59% total skipped)
Most recent URL: https://www.npr.org/2023/10/21/1206104009/sudan-war
URLs checked: 2091 
Pages crawled: 718 
Rejected: 677 
Bloom filter conflicts: 652 
(63.56% total skipped)
Most recent URL: https://time.com/6319654/nobel-prize-awarded-to-mrna-pioneers/
URLs checked: 2092 
Pages crawled: 719 
Rejected: 677 
Bloom filter conflicts: 652 
(63.53% total skipped)
Most recent URL: https://www.healthline.com/nutrition/epsom-salt-benefits-uses
URLs checked: 2095 
Pages crawled: 720 
Rejected: 679 
Bloom filter conflicts: 652 
(63.53% total skipped)
Most recent URL: https://www.mayoclinic.org/patient-visitor-guide/arizona/campus-buildings-maps/mayo-clinic-hospital
URLs checked: 2096 
Pages crawled: 721 
Rejected: 679 
Bloom filter conflicts: 652 
(63.50% total skipped)
Most recent URL: https://www.tradingview.com/chart/TSLA/fiYoasBe-Tesla-Valuation-since-IPO/
URLs checked: 2100 
Pages crawled: 722 
Rejected: 682 
Bloom filter conflicts: 652 
(63.52% total skipped)
Most recent URL: https://www.wsj.com/news/heard-on-the-street?mod=nav_top_subsection
URLs checked: 2108 
Pages crawled: 723 
Rejected: 687 
Bloom filter conflicts: 654 
(63.61% total skipped)
Most recent URL: https://gnu.org/bulletins/bull5.html
URLs checked: 2109 
Pages crawled: 724 
Rejected: 687 
Bloom filter conflicts: 654 
(63.58% total skipped)
Most recent URL: https://www.t-mobile.com/cell-phone-plans/first-responder-discounts?INTNAV=tNav%3APlans%3AFirstResponder
URLs checked: 2110 
Pages crawled: 725 
Rejected: 687 
Bloom filter conflicts: 654 
(63.55% total skipped)
Most recent URL: https://www.braze.com/company/careers
URLs checked: 2111 
Pages crawled: 726 
Rejected: 687 
Bloom filter conflicts: 654 
(63.52% total skipped)
Most recent URL: https://stackoverflow.com/questions/77470819/get-indexed-vector-in-vertex-ai-vector-search
URLs checked: 2115 
Pages crawled: 727 
Rejected: 690 
Bloom filter conflicts: 654 
(63.55% total skipped)
Most recent URL: https://outbrain.com/about/cultural-manifesto/
URLs checked: 2130 
Pages crawled: 728 
Rejected: 702 
Bloom filter conflicts: 656 
(63.76% total skipped)
Most recent URL: https://addtoany.com/buttons/customize/hover_delay
URLs checked: 2134 
Pages crawled: 729 
Rejected: 705 
Bloom filter conflicts: 656 
(63.78% total skipped)
Most recent URL: https://www.ltg.ca.gov/
URLs checked: 2135 
Pages crawled: 730 
Rejected: 705 
Bloom filter conflicts: 656 
(63.75% total skipped)
Most recent URL: https://www.media.net/announce
URLs checked: 2136 
Pages crawled: 731 
Rejected: 705 
Bloom filter conflicts: 656 
(63.72% total skipped)
Most recent URL: https://www.loc.gov/live/
URLs checked: 2137 
Pages crawled: 732 
Rejected: 705 
Bloom filter conflicts: 656 
(63.69% total skipped)
Most recent URL: https://dnsmadeeasy.com/blog-category/blog
URLs checked: 2138 
Pages crawled: 733 
Rejected: 705 
Bloom filter conflicts: 656 
(63.66% total skipped)
Most recent URL: https://www.cnet.com/tech/services-and-software/ipvanish-review-this-vpns-security-issues-and-a-flawed-quick-connect-feature-hold-it-back/
URLs checked: 2139 
Pages crawled: 734 
Rejected: 705 
Bloom filter conflicts: 656 
(63.63% total skipped)
Most recent URL: https://nature.com/nature/collections?type=focal-point
URLs checked: 2140 
Pages crawled: 735 
Rejected: 705 
Bloom filter conflicts: 656 
(63.60% total skipped)
Most recent URL: https://www.mayoclinic.org/tests-procedures/laser-hair-removal/about/pac-20394555
URLs checked: 2143 
Pages crawled: 736 
Rejected: 706 
Bloom filter conflicts: 657 
(63.60% total skipped)
Most recent URL: https://www.healthline.com/reviews/at-home-testing-products
URLs checked: 2147 
Pages crawled: 737 
Rejected: 707 
Bloom filter conflicts: 659 
(63.62% total skipped)
Most recent URL: https://www.t-mobile.com/content/t-mobile/consumer/modals/luna-modals/benefit-expert.html
URLs checked: 2153 
Pages crawled: 738 
Rejected: 712 
Bloom filter conflicts: 659 
(63.68% total skipped)
Most recent URL: https://time.com/charter/6290879/jared-spataro-microsoft/
URLs checked: 2154 
Pages crawled: 739 
Rejected: 712 
Bloom filter conflicts: 659 
(63.65% total skipped)
Most recent URL: https://www.braze.com/product/sms
URLs checked: 2156 
Pages crawled: 740 
Rejected: 713 
Bloom filter conflicts: 659 
(63.64% total skipped)
Most recent URL: https://hipages.com.au/find/electricians/nsw/sydney
URLs checked: 2157 
Pages crawled: 741 
Rejected: 713 
Bloom filter conflicts: 659 
(63.61% total skipped)
Most recent URL: https://www.wsj.com/news/technology?mod=nav_top_subsection
URLs checked: 2164 
Pages crawled: 742 
Rejected: 718 
Bloom filter conflicts: 660 
(63.68% total skipped)
Most recent URL: https://icloud-content.com/games/
URLs checked: 2170 
Pages crawled: 743 
Rejected: 723 
Bloom filter conflicts: 660 
(63.73% total skipped)
Most recent URL: https://www.wix.com/blog/photography/
URLs checked: 2171 
Pages crawled: 744 
Rejected: 723 
Bloom filter conflicts: 660 
(63.70% total skipped)
Most recent URL: https://stackoverflow.com/questions/tagged/sentiment-analysis+deep-learning+h2o
URLs checked: 2172 
Pages crawled: 745 
Rejected: 723 
Bloom filter conflicts: 660 
(63.67% total skipped)
Most recent URL: https://www.media.net/privacy-policy/
URLs checked: 2174 
Pages crawled: 746 
Rejected: 723 
Bloom filter conflicts: 661 
(63.66% total skipped)
Most recent URL: https://tradingview.com/symbols/LSE-0IFK/
URLs checked: 2179 
Pages crawled: 747 
Rejected: 727 
Bloom filter conflicts: 661 
(63.70% total skipped)
Most recent URL: https://ring.com/products/spare-parts-for-video-doorbell-pro
URLs checked: 2180 
Pages crawled: 748 
Rejected: 727 
Bloom filter conflicts: 661 
(63.67% total skipped)
Most recent URL: https://addtoany.com/share
URLs checked: 2181 
Pages crawled: 749 
Rejected: 727 
Bloom filter conflicts: 661 
(63.64% total skipped)
Most recent URL: https://www.healthline.com/health/pain-relief/otc-anti-inflammatories
URLs checked: 2183 
Pages crawled: 750 
Rejected: 727 
Bloom filter conflicts: 662 
(63.63% total skipped)
Most recent URL: https://www.braze.com/product/email
URLs checked: 2184 
Pages crawled: 751 
Rejected: 727 
Bloom filter conflicts: 662 
(63.60% total skipped)
Most recent URL: https://hipages.com.au/find/pergola/wa/noranda
URLs checked: 2187 
Pages crawled: 752 
Rejected: 729 
Bloom filter conflicts: 662 
(63.60% total skipped)
Most recent URL: https://gnu.org/server/select-language.html?goto=/;language=ko
URLs checked: 2189 
Pages crawled: 753 
Rejected: 730 
Bloom filter conflicts: 662 
(63.59% total skipped)
Most recent URL: https://docs.sophos.com/central/partner/help/en-us/ConnectWiseIntegration/
URLs checked: 2190 
Pages crawled: 754 
Rejected: 730 
Bloom filter conflicts: 662 
(63.56% total skipped)
Most recent URL: https://www.dnsmadeeasy.com/services/real-time-traffic-anomaly-detection
URLs checked: 2191 
Pages crawled: 755 
Rejected: 730 
Bloom filter conflicts: 662 
(63.53% total skipped)
Most recent URL: https://cnet.com/tech/services-and-software/best-vpn-for-smart-tv/
URLs checked: 2192 
Pages crawled: 756 
Rejected: 730 
Bloom filter conflicts: 662 
(63.50% total skipped)
Most recent URL: https://www.wsj.com/sports/soccer?mod=nav_top_subsection
URLs checked: 2199 
Pages crawled: 757 
Rejected: 736 
Bloom filter conflicts: 662 
(63.57% total skipped)
Most recent URL: https://ca.gov/services/
URLs checked: 2201 
Pages crawled: 758 
Rejected: 736 
Bloom filter conflicts: 663 
(63.56% total skipped)
Most recent URL: https://outbrain.com/publishers/smartfeed/
URLs checked: 2202 
Pages crawled: 759 
Rejected: 736 
Bloom filter conflicts: 663 
(63.53% total skipped)
Most recent URL: https://www.blogger.com/go/helpcenter
URLs checked: 2203 
Pages crawled: 760 
Rejected: 736 
Bloom filter conflicts: 663 
(63.50% total skipped)
Most recent URL: https://stackoverflow.com/questions/75709831/zero-accuracy-in-sentiment-analysis-ffnn-model-pytorch
URLs checked: 2204 
Pages crawled: 761 
Rejected: 736 
Bloom filter conflicts: 663 
(63.48% total skipped)
Most recent URL: https://google.com.br/intl/en/ads/
URLs checked: 2206 
Pages crawled: 762 
Rejected: 736 
Bloom filter conflicts: 664 
(63.46% total skipped)
Most recent URL: https://store.steampowered.com/app/2143680/Noctuary/?snr=1_4_660__105
URLs checked: 2208 
Pages crawled: 763 
Rejected: 736 
Bloom filter conflicts: 665 
(63.45% total skipped)
Most recent URL: https://hipages.com.au/find/glass_glazier_glass_bricks
URLs checked: 2209 
Pages crawled: 764 
Rejected: 736 
Bloom filter conflicts: 665 
(63.42% total skipped)
Most recent URL: https://www.business.att.com/products/dedicated-internet/
URLs checked: 2210 
Pages crawled: 765 
Rejected: 736 
Bloom filter conflicts: 665 
(63.39% total skipped)
Most recent URL: https://www.cnbc.com/2023/11/04/three-hours-were-all-the-jury-needed-to-convict-sam-bankman-fried.html
URLs checked: 2211 
Pages crawled: 766 
Rejected: 736 
Bloom filter conflicts: 665 
(63.36% total skipped)
Most recent URL: https://mayoclinic.org/diseases-conditions/index?letter=T
URLs checked: 2215 
Pages crawled: 767 
Rejected: 737 
Bloom filter conflicts: 667 
(63.39% total skipped)
Most recent URL: https://ring.com/products/alarm-range-extender-v2
URLs checked: 2216 
Pages crawled: 768 
Rejected: 737 
Bloom filter conflicts: 667 
(63.36% total skipped)
Most recent URL: https://eset.com/int/business/small-and-medium/
URLs checked: 2222 
Pages crawled: 769 
Rejected: 742 
Bloom filter conflicts: 667 
(63.41% total skipped)
Most recent URL: https://support.dnsmadeeasy.com/support/solutions/47000450398
URLs checked: 2223 
Pages crawled: 770 
Rejected: 742 
Bloom filter conflicts: 667 
(63.38% total skipped)
Most recent URL: https://icloud-content.com/augmented-reality/
URLs checked: 2230 
Pages crawled: 771 
Rejected: 748 
Bloom filter conflicts: 667 
(63.45% total skipped)
Most recent URL: https://www.google.com.br/privacy/key-terms?hl=en&fg=1
URLs checked: 2237 
Pages crawled: 772 
Rejected: 753 
Bloom filter conflicts: 668 
(63.52% total skipped)
Most recent URL: https://tradingview.com/symbols/NASDAQ-PDD/
URLs checked: 2241 
Pages crawled: 773 
Rejected: 756 
Bloom filter conflicts: 668 
(63.54% total skipped)
Most recent URL: https://mailchimp.com
URLs checked: 2242 
Pages crawled: 774 
Rejected: 756 
Bloom filter conflicts: 668 
(63.51% total skipped)
Most recent URL: https://www.healthline.com/health/healthy-sleep/quiz-how-well-do-you-sleep
URLs checked: 2244 
Pages crawled: 775 
Rejected: 757 
Bloom filter conflicts: 668 
(63.50% total skipped)
Most recent URL: https://cnet.com/home/
URLs checked: 2250 
Pages crawled: 776 
Rejected: 761 
Bloom filter conflicts: 669 
(63.56% total skipped)
Most recent URL: https://media.net/ad-quality-policy
URLs checked: 2255 
Pages crawled: 777 
Rejected: 761 
Bloom filter conflicts: 673 
(63.59% total skipped)
Most recent URL: https://wsj.com/finance/investing?mod=nav_top_subsection
URLs checked: 2256 
Pages crawled: 778 
Rejected: 761 
Bloom filter conflicts: 673 
(63.56% total skipped)
Most recent URL: https://time.com/6335719/time-announces-year-of-growth/
URLs checked: 2257 
Pages crawled: 779 
Rejected: 761 
Bloom filter conflicts: 673 
(63.54% total skipped)
Most recent URL: https://www.npr.org/podcasts/510311/embedded
URLs checked: 2258 
Pages crawled: 780 
Rejected: 761 
Bloom filter conflicts: 673 
(63.51% total skipped)
Most recent URL: https://stackoverflow.com/questions/tagged/offline
URLs checked: 2264 
Pages crawled: 781 
Rejected: 764 
Bloom filter conflicts: 675 
(63.56% total skipped)
Most recent URL: https://ring.com/products/wedge-kit-for-video-doorbell-pro
URLs checked: 2265 
Pages crawled: 782 
Rejected: 764 
Bloom filter conflicts: 675 
(63.53% total skipped)
Most recent URL: https://www.mayoclinic.org/diseases-conditions/clubfoot/symptoms-causes/syc-20350860
URLs checked: 2266 
Pages crawled: 783 
Rejected: 764 
Bloom filter conflicts: 675 
(63.50% total skipped)
Most recent URL: https://google.com.br/websearch/answer/13600330?hl=en&ref_topic=3081620
URLs checked: 2274 
Pages crawled: 784 
Rejected: 768 
Bloom filter conflicts: 678 
(63.59% total skipped)
Most recent URL: https://addtoany.com/buttons/customize/share_counters
URLs checked: 2277 
Pages crawled: 785 
Rejected: 770 
Bloom filter conflicts: 678 
(63.59% total skipped)
Most recent URL: https://loc.gov/exhibits/loan/
URLs checked: 2281 
Pages crawled: 786 
Rejected: 773 
Bloom filter conflicts: 678 
(63.61% total skipped)
Most recent URL: https://www.att.com/maps/wireless-coverage.html
URLs checked: 2283 
Pages crawled: 787 
Rejected: 774 
Bloom filter conflicts: 678 
(63.60% total skipped)
Most recent URL: https://mailchimp.com/events/
URLs checked: 2284 
Pages crawled: 788 
Rejected: 774 
Bloom filter conflicts: 678 
(63.57% total skipped)
Most recent URL: https://www.healthline.com/health/rheumatoid-arthritis
URLs checked: 2287 
Pages crawled: 789 
Rejected: 776 
Bloom filter conflicts: 678 
(63.58% total skipped)
Most recent URL: https://nature.com/subjects
URLs checked: 2290 
Pages crawled: 790 
Rejected: 778 
Bloom filter conflicts: 678 
(63.58% total skipped)
Most recent URL: https://ca.gov/help/
URLs checked: 2292 
Pages crawled: 791 
Rejected: 778 
Bloom filter conflicts: 679 
(63.57% total skipped)
Most recent URL: https://www.npr.org/transcripts/1191087019
URLs checked: 2293 
Pages crawled: 792 
Rejected: 778 
Bloom filter conflicts: 679 
(63.54% total skipped)
Most recent URL: https://icloud-content.com/in-app-purchase/
URLs checked: 2301 
Pages crawled: 793 
Rejected: 785 
Bloom filter conflicts: 679 
(63.62% total skipped)
Most recent URL: https://stackoverflow.com/questions/69558824/about-lstm-structure-for-classification-in-this-case-its-sentiment-analysis
URLs checked: 2302 
Pages crawled: 794 
Rejected: 785 
Bloom filter conflicts: 679 
(63.60% total skipped)
Most recent URL: https://www.wsj.com/news/types/carry-on?mod=nav_top_subsection
URLs checked: 2308 
Pages crawled: 795 
Rejected: 790 
Bloom filter conflicts: 679 
(63.65% total skipped)
Most recent URL: https://www.media.net/legal/inventorypolicies
URLs checked: 2312 
Pages crawled: 796 
Rejected: 791 
Bloom filter conflicts: 681 
(63.67% total skipped)
Most recent URL: https://www.addtoany.com/share/preferences
URLs checked: 2313 
Pages crawled: 797 
Rejected: 791 
Bloom filter conflicts: 681 
(63.64% total skipped)
Most recent URL: https://www.dnsmadeeasy.com/technology/third-party-integration
URLs checked: 2315 
Pages crawled: 798 
Rejected: 791 
Bloom filter conflicts: 682 
(63.63% total skipped)
Most recent URL: https://www.cnbc.com/2023/11/20/jim-collins-successful-people-have-lots-of-productive-paranoia.html
URLs checked: 2316 
Pages crawled: 799 
Rejected: 791 
Bloom filter conflicts: 682 
(63.60% total skipped)
Most recent URL: https://www.mayoclinic.org/tests-procedures/deep-brain-stimulation/about/pac-20384562
URLs checked: 2320 
Pages crawled: 800 
Rejected: 794 
Bloom filter conflicts: 682 
(63.62% total skipped)
Most recent URL: https://time.com/section/business/
URLs checked: 2324 
Pages crawled: 801 
Rejected: 797 
Bloom filter conflicts: 682 
(63.64% total skipped)
Most recent URL: https://ring.com/products/video-doorbell-pro-2-certified-refurbished
URLs checked: 2325 
Pages crawled: 802 
Rejected: 797 
Bloom filter conflicts: 682 
(63.61% total skipped)
Most recent URL: https://www.wix.com/blog/social-media-sizes
URLs checked: 2326 
Pages crawled: 803 
Rejected: 797 
Bloom filter conflicts: 682 
(63.59% total skipped)
Most recent URL: https://tradingview.com/chart/XCNUSD/KHSWqNRN-Onyxcoin-XCN-Possible-100x-opportunity/
URLs checked: 2328 
Pages crawled: 804 
Rejected: 798 
Bloom filter conflicts: 682 
(63.57% total skipped)
Most recent URL: https://www.healthline.com/health/diarrhea/chronic-diarrhea
URLs checked: 2333 
Pages crawled: 805 
Rejected: 801 
Bloom filter conflicts: 683 
(63.61% total skipped)
Most recent URL: https://google.com.br/intl/en/home/how-it-works/
URLs checked: 2334 
Pages crawled: 806 
Rejected: 801 
Bloom filter conflicts: 683 
(63.58% total skipped)
Most recent URL: https://blogger.com/go/devapi
URLs checked: 2335 
Pages crawled: 807 
Rejected: 801 
Bloom filter conflicts: 683 
(63.55% total skipped)
Most recent URL: https://www.npr.org/2023/10/23/1207224793/stephen-sondheim-last-musical-here-we-are
URLs checked: 2338 
Pages crawled: 808 
Rejected: 801 
Bloom filter conflicts: 685 
(63.56% total skipped)
Most recent URL: https://gnu.org/server/standards/README.translations.html
URLs checked: 2345 
Pages crawled: 809 
Rejected: 806 
Bloom filter conflicts: 686 
(63.62% total skipped)
Most recent URL: https://www.media.net/media-net-and-liveramp-combine-first-party-data-with-contextual-targeting/
URLs checked: 2346 
Pages crawled: 810 
Rejected: 806 
Bloom filter conflicts: 686 
(63.60% total skipped)
Most recent URL: https://support.dnsmadeeasy.com/support/solutions/articles/47000967440-testing-backup-email-service
URLs checked: 2347 
Pages crawled: 811 
Rejected: 806 
Bloom filter conflicts: 686 
(63.57% total skipped)
Most recent URL: https://www.cnbc.com/2023/11/20/how-to-navigate-becoming-your-friends-boss.html
URLs checked: 2348 
Pages crawled: 812 
Rejected: 806 
Bloom filter conflicts: 686 
(63.54% total skipped)
Most recent URL: https://www.mayoclinic.org/diseases-conditions/tachycardia/symptoms-causes/syc-20355127
URLs checked: 2350 
Pages crawled: 813 
Rejected: 807 
Bloom filter conflicts: 686 
(63.53% total skipped)
Most recent URL: https://www.wsj.com/news/types/houses-of-worship?mod=nav_top_subsection
URLs checked: 2359 
Pages crawled: 814 
Rejected: 815 
Bloom filter conflicts: 686 
(63.63% total skipped)
Most recent URL: https://www.healthline.com/content-series/diagnosis-diaries
URLs checked: 2361 
Pages crawled: 815 
Rejected: 815 
Bloom filter conflicts: 687 
(63.62% total skipped)
Most recent URL: https://stackoverflow.com/questions/tagged/ios
URLs checked: 2367 
Pages crawled: 816 
Rejected: 820 
Bloom filter conflicts: 687 
(63.67% total skipped)
Most recent URL: https://fb.com
URLs checked: 2376 
Pages crawled: 817 
Rejected: 823 
Bloom filter conflicts: 692 
(63.76% total skipped)
Most recent URL: https://addtoany.com/buttons/customize/thanks
URLs checked: 2378 
Pages crawled: 818 
Rejected: 824 
Bloom filter conflicts: 692 
(63.75% total skipped)
Most recent URL: https://cnet.com/tech/mobile/samsung-galaxy-a14-5g-review-200-phone-hits-every-essential/
URLs checked: 2379 
Pages crawled: 819 
Rejected: 824 
Bloom filter conflicts: 692 
(63.72% total skipped)
Most recent URL: https://ca.gov/visiting/
URLs checked: 2380 
Pages crawled: 820 
Rejected: 824 
Bloom filter conflicts: 692 
(63.70% total skipped)
Most recent URL: https://www.tradingview.com/chart/MCD/u11QEfuF-Is-Mcdonalds-Oversold/
URLs checked: 2381 
Pages crawled: 821 
Rejected: 824 
Bloom filter conflicts: 692 
(63.67% total skipped)
Most recent URL: https://icloud-content.com/programs/enterprise/
URLs checked: 2391 
Pages crawled: 822 
Rejected: 833 
Bloom filter conflicts: 692 
(63.78% total skipped)
Most recent URL: https://time.com/charter/6321570/how-businesses-should-respond-to-the-deepening-child-care-crisis/
URLs checked: 2392 
Pages crawled: 823 
Rejected: 833 
Bloom filter conflicts: 692 
(63.75% total skipped)
Most recent URL: https://www.t-mobile.com/offers/apple-iphone-deals?INTNAV=tNav%3ADeals%3AApple
URLs checked: 2394 
Pages crawled: 824 
Rejected: 834 
Bloom filter conflicts: 692 
(63.74% total skipped)
Most recent URL: https://hipages.com.au/article/walkway_covers
URLs checked: 2395 
Pages crawled: 825 
Rejected: 834 
Bloom filter conflicts: 692 
(63.72% total skipped)
Most recent URL: https://digitalocean.com
URLs checked: 2396 
Pages crawled: 826 
Rejected: 834 
Bloom filter conflicts: 692 
(63.69% total skipped)
Most recent URL: https://sophos.com/en-us/content/cyberinsurance
URLs checked: 2397 
Pages crawled: 827 
Rejected: 834 
Bloom filter conflicts: 692 
(63.66% total skipped)
Most recent URL: https://store.steampowered.com/app/281990/Stellaris/?snr=1_4_660__104
URLs checked: 2406 
Pages crawled: 828 
Rejected: 841 
Bloom filter conflicts: 693 
(63.76% total skipped)
Most recent URL: https://www.wix.com/logo/maker/styles/minimalist
URLs checked: 2413 
Pages crawled: 829 
Rejected: 846 
Bloom filter conflicts: 694 
(63.82% total skipped)
Most recent URL: https://www.healthline.com/health/chronic-pain
URLs checked: 2414 
Pages crawled: 830 
Rejected: 846 
Bloom filter conflicts: 694 
(63.79% total skipped)
Most recent URL: https://newrelic.com/social-impact/signup
URLs checked: 2415 
Pages crawled: 831 
Rejected: 846 
Bloom filter conflicts: 694 
(63.77% total skipped)
Most recent URL: https://www.mayoclinic.org/diseases-conditions/growth-plate-fractures/symptoms-causes/syc-20351979
URLs checked: 2425 
Pages crawled: 832 
Rejected: 853 
Bloom filter conflicts: 696 
(63.88% total skipped)
Most recent URL: https://support.dnsmadeeasy.com/support/solutions/articles/47001119620-dns-made-easy-cpanel-plugin
URLs checked: 2433 
Pages crawled: 833 
Rejected: 857 
Bloom filter conflicts: 699 
(63.95% total skipped)
Most recent URL: https://www.media.net/adchoices
URLs checked: 2440 
Pages crawled: 834 
Rejected: 860 
Bloom filter conflicts: 702 
(64.02% total skipped)
Most recent URL: https://google.com.br/url?q=/history/optout%3Fhl%3Den&opi=89978449&sa=U&ved=0ahUKEwjK9I-09-SCAxUojokEHR8jDwwQpdoJCAg&usg=AOvVaw38uUINMSb-1YqhKJpTFOe9
URLs checked: 2441 
Pages crawled: 835 
Rejected: 860 
Bloom filter conflicts: 702 
(63.99% total skipped)
Most recent URL: https://stackoverflow.com/questions/tagged/security
URLs checked: 2442 
Pages crawled: 836 
Rejected: 860 
Bloom filter conflicts: 702 
(63.96% total skipped)
Most recent URL: https://www.wsj.com/news/author/7872?mod=nav_top_subsection
URLs checked: 2448 
Pages crawled: 837 
Rejected: 865 
Bloom filter conflicts: 702 
(64.01% total skipped)
Most recent URL: https://ltg.ca.gov/conditions-of-use-terms-of-use/
URLs checked: 2450 
Pages crawled: 838 
Rejected: 865 
Bloom filter conflicts: 703 
(64.00% total skipped)
Most recent URL: https://time.com/6339053/climate-impact-thanksgiving-turkey-vs-travel/
URLs checked: 2451 
Pages crawled: 839 
Rejected: 865 
Bloom filter conflicts: 703 
(63.97% total skipped)
Most recent URL: https://nature.com/articles/d41586-023-03621-2
URLs checked: 2453 
Pages crawled: 840 
Rejected: 865 
Bloom filter conflicts: 704 
(63.96% total skipped)
Most recent URL: https://hipages.com.au/find/pergola/wa/wembley
URLs checked: 2466 
Pages crawled: 841 
Rejected: 874 
Bloom filter conflicts: 707 
(64.11% total skipped)
Most recent URL: https://google.com.br/websearch/answer/2940021?hl=en&ref_topic=3378866
URLs checked: 2470 
Pages crawled: 842 
Rejected: 877 
Bloom filter conflicts: 707 
(64.13% total skipped)
Most recent URL: https://www.outbrain.com/about/company/
URLs checked: 2473 
Pages crawled: 843 
Rejected: 879 
Bloom filter conflicts: 707 
(64.13% total skipped)
Most recent URL: https://ring.com/community-impact
URLs checked: 2474 
Pages crawled: 844 
Rejected: 879 
Bloom filter conflicts: 707 
(64.11% total skipped)
Most recent URL: https://www.ca.gov/
URLs checked: 2476 
Pages crawled: 845 
Rejected: 879 
Bloom filter conflicts: 708 
(64.10% total skipped)
Most recent URL: https://icloud-content.com/swift/
URLs checked: 2478 
Pages crawled: 846 
Rejected: 880 
Bloom filter conflicts: 708 
(64.08% total skipped)
Most recent URL: https://t-mobile.com/responsibility/legal/return-policy?INTNAV=fNav%3AAdditionalSupport%3AViewReturnPolicy
URLs checked: 2479 
Pages crawled: 847 
Rejected: 880 
Bloom filter conflicts: 708 
(64.06% total skipped)
Most recent URL: https://tradingview.com/symbols/XRPUSD/
URLs checked: 2480 
Pages crawled: 848 
Rejected: 880 
Bloom filter conflicts: 708 
(64.03% total skipped)
Most recent URL: https://www.mayoclinic.org/diseases-conditions/meningitis/expert-answers/coxsackievirus/faq-20058531
URLs checked: 2481 
Pages crawled: 849 
Rejected: 880 
Bloom filter conflicts: 708 
(64.01% total skipped)
Most recent URL: https://newrelic.com/instant-observability/azure-media-services-streaming-endpoints
URLs checked: 2482 
Pages crawled: 850 
Rejected: 880 
Bloom filter conflicts: 708 
(63.98% total skipped)
Most recent URL: https://fb.com/biz/directory/
URLs checked: 2483 
Pages crawled: 851 
Rejected: 880 
Bloom filter conflicts: 708 
(63.95% total skipped)
Most recent URL: https://digitalocean.com/products/load-balancer
URLs checked: 2484 
Pages crawled: 852 
Rejected: 880 
Bloom filter conflicts: 708 
(63.93% total skipped)
Most recent URL: https://www.braze.com/product/content-cards
URLs checked: 2485 
Pages crawled: 853 
Rejected: 880 
Bloom filter conflicts: 708 
(63.90% total skipped)
Most recent URL: https://store.steampowered.com/app/1151340/Fallout_76/?snr=1_1056_4_franchise_1059&curator_clanid=33028765
URLs checked: 2486 
Pages crawled: 854 
Rejected: 880 
Bloom filter conflicts: 708 
(63.88% total skipped)
Most recent URL: https://careers.media.net/
URLs checked: 2498 
Pages crawled: 855 
Rejected: 888 
Bloom filter conflicts: 711 
(64.01% total skipped)
Most recent URL: https://dnsmadeeasy.com/post/enterprise-managed-dns-for-tokyo-jp-empowering-global-online-success
URLs checked: 2499 
Pages crawled: 856 
Rejected: 888 
Bloom filter conflicts: 711 
(63.99% total skipped)
Most recent URL: https://gnu.org/gnu/byte-interview.html
URLs checked: 2501 
Pages crawled: 857 
Rejected: 889 
Bloom filter conflicts: 711 
(63.97% total skipped)
Most recent URL: https://www.cnet.com/privacy-policy/
URLs checked: 2502 
Pages crawled: 858 
Rejected: 889 
Bloom filter conflicts: 711 
(63.95% total skipped)
Most recent URL: https://time.com/charter/6280042/the-latest-employee-perk-an-affordable-home/
URLs checked: 2504 
Pages crawled: 859 
Rejected: 889 
Bloom filter conflicts: 712 
(63.94% total skipped)
Most recent URL: https://www.wix.com/studio/development
URLs checked: 2505 
Pages crawled: 860 
Rejected: 889 
Bloom filter conflicts: 712 
(63.91% total skipped)
Most recent URL: https://www.business.att.com/offers.html
URLs checked: 2506 
Pages crawled: 861 
Rejected: 889 
Bloom filter conflicts: 712 
(63.89% total skipped)
Most recent URL: https://www.healthline.com/health/thrombocytopenia
URLs checked: 2507 
Pages crawled: 862 
Rejected: 889 
Bloom filter conflicts: 712 
(63.86% total skipped)
Most recent URL: https://wbx2.com
URLs checked: 2508 
Pages crawled: 863 
Rejected: 889 
Bloom filter conflicts: 712 
(63.84% total skipped)
Most recent URL: https://stackoverflow.com/questions/tagged/electron
URLs checked: 2509 
Pages crawled: 864 
Rejected: 889 
Bloom filter conflicts: 712 
(63.81% total skipped)
Most recent URL: https://www.wsj.com/economy/trade?mod=nav_top_subsection
URLs checked: 2511 
Pages crawled: 865 
Rejected: 890 
Bloom filter conflicts: 712 
(63.80% total skipped)
Most recent URL: https://google.com.br/websearch/answer/134479?hl=en&ref_topic=3036132
URLs checked: 2520 
Pages crawled: 866 
Rejected: 893 
Bloom filter conflicts: 717 
(63.89% total skipped)
Most recent URL: https://www.braze.com/company/legal
URLs checked: 2521 
Pages crawled: 867 
Rejected: 893 
Bloom filter conflicts: 717 
(63.86% total skipped)
Most recent URL: https://cnbc.com/bonds/
URLs checked: 2522 
Pages crawled: 868 
Rejected: 893 
Bloom filter conflicts: 717 
(63.84% total skipped)
Most recent URL: https://npr.org/sections/business/
URLs checked: 2535 
Pages crawled: 869 
Rejected: 903 
Bloom filter conflicts: 719 
(63.98% total skipped)
Most recent URL: https://addtoany.com/buttons/customize/drupal/share_count_recovery
URLs checked: 2545 
Pages crawled: 870 
Rejected: 911 
Bloom filter conflicts: 720 
(64.09% total skipped)
Most recent URL: https://www.outbrain.com/about/team/
URLs checked: 2547 
Pages crawled: 871 
Rejected: 912 
Bloom filter conflicts: 720 
(64.08% total skipped)
Most recent URL: https://google.com.br/terms?hl=en&fg=1
URLs checked: 2554 
Pages crawled: 872 
Rejected: 918 
Bloom filter conflicts: 720 
(64.13% total skipped)
Most recent URL: https://ca.gov/sitemap/
URLs checked: 2556 
Pages crawled: 873 
Rejected: 919 
Bloom filter conflicts: 720 
(64.12% total skipped)
Most recent URL: https://ring.com/give-back
URLs checked: 2557 
Pages crawled: 874 
Rejected: 919 
Bloom filter conflicts: 720 
(64.10% total skipped)
Most recent URL: https://dnsmadeeasy.com/technology/dns-speed
URLs checked: 2558 
Pages crawled: 875 
Rejected: 919 
Bloom filter conflicts: 720 
(64.07% total skipped)
Most recent URL: https://icloud-content.com/ipados/
URLs checked: 2563 
Pages crawled: 876 
Rejected: 923 
Bloom filter conflicts: 720 
(64.10% total skipped)
Most recent URL: https://www.addtoany.com/buttons/customize/
URLs checked: 2565 
Pages crawled: 877 
Rejected: 923 
Bloom filter conflicts: 721 
(64.09% total skipped)
Most recent URL: https://time.com/collection/live-well/5363984/how-to-feel-younger-aging/
URLs checked: 2567 
Pages crawled: 878 
Rejected: 923 
Bloom filter conflicts: 722 
(64.08% total skipped)
Most recent URL: https://tradingview.com/markets/stocks-usa/news/
URLs checked: 2568 
Pages crawled: 879 
Rejected: 923 
Bloom filter conflicts: 722 
(64.06% total skipped)
Most recent URL: https://www.healthline.com/health/rheumatoid-arthritis/stages-and-progression
URLs checked: 2570 
Pages crawled: 880 
Rejected: 924 
Bloom filter conflicts: 722 
(64.05% total skipped)
Most recent URL: https://www.npr.org/podcasts/510318/up-first/
URLs checked: 2573 
Pages crawled: 881 
Rejected: 926 
Bloom filter conflicts: 722 
(64.05% total skipped)
Most recent URL: https://www.mayoclinic.org/diseases-conditions/reactive-arthritis/symptoms-causes/syc-20354838
URLs checked: 2574 
Pages crawled: 882 
Rejected: 926 
Bloom filter conflicts: 722 
(64.02% total skipped)
Most recent URL: https://cybersecurity.att.com
URLs checked: 2575 
Pages crawled: 883 
Rejected: 926 
Bloom filter conflicts: 722 
(64.00% total skipped)
Most recent URL: https://hipages.com.au/article/how_much_does_aluminum_fencing_cost
URLs checked: 2576 
Pages crawled: 884 
Rejected: 926 
Bloom filter conflicts: 722 
(63.98% total skipped)
Most recent URL: https://fb.com/privacy/center/?entry_point=facebook_page_footer
URLs checked: 2582 
Pages crawled: 885 
Rejected: 929 
Bloom filter conflicts: 724 
(64.02% total skipped)
Most recent URL: https://media.net/legal/programguidelines
URLs checked: 2587 
Pages crawled: 886 
Rejected: 931 
Bloom filter conflicts: 726 
(64.05% total skipped)
Most recent URL: https://google.com.br/intl/en/home/education/
URLs checked: 2590 
Pages crawled: 887 
Rejected: 932 
Bloom filter conflicts: 727 
(64.05% total skipped)
Most recent URL: https://t-mobile.com/our-story/un-carrier-history?INTNAV=tNav%3AOurStory%3AUncarrierHistory
URLs checked: 2591 
Pages crawled: 888 
Rejected: 932 
Bloom filter conflicts: 727 
(64.03% total skipped)
Most recent URL: https://support.dnsmadeeasy.com/support/solutions/folders/47000765360
URLs checked: 2595 
Pages crawled: 889 
Rejected: 934 
Bloom filter conflicts: 728 
(64.05% total skipped)
Most recent URL: https://www.outbrain.com/patents/
URLs checked: 2596 
Pages crawled: 890 
Rejected: 934 
Bloom filter conflicts: 728 
(64.02% total skipped)
Most recent URL: https://www.ca.gov/translate/
URLs checked: 2598 
Pages crawled: 891 
Rejected: 935 
Bloom filter conflicts: 728 
(64.01% total skipped)
Most recent URL: https://www.cnbc.com/select/best-tax-software-for-small-businesses/
URLs checked: 2603 
Pages crawled: 892 
Rejected: 938 
Bloom filter conflicts: 729 
(64.04% total skipped)
Most recent URL: https://ring.com/products/eero-mesh-wifi-3-pack
URLs checked: 2604 
Pages crawled: 893 
Rejected: 938 
Bloom filter conflicts: 729 
(64.02% total skipped)
Most recent URL: https://cnet.com/tech/services-and-software/watch-your-netflix-shows-while-abroad-with-this-vpn-travel-hack/
URLs checked: 2609 
Pages crawled: 894 
Rejected: 940 
Bloom filter conflicts: 731 
(64.05% total skipped)
Most recent URL: https://www.npr.org/search
URLs checked: 2613 
Pages crawled: 895 
Rejected: 942 
Bloom filter conflicts: 732 
(64.06% total skipped)
Most recent URL: https://addtoany.com/buttons/customize/drupal/image_sharing
URLs checked: 2614 
Pages crawled: 896 
Rejected: 942 
Bloom filter conflicts: 732 
(64.04% total skipped)
Most recent URL: https://stackoverflow.com/questions/tagged/r
URLs checked: 2615 
Pages crawled: 897 
Rejected: 942 
Bloom filter conflicts: 732 
(64.02% total skipped)
Most recent URL: https://time.com/6310102/ferrari-review/
URLs checked: 2616 
Pages crawled: 898 
Rejected: 942 
Bloom filter conflicts: 732 
(63.99% total skipped)
Most recent URL: https://www.wsj.com/news/books-arts/what-to-watch?mod=nav_top_subsection
URLs checked: 2617 
Pages crawled: 899 
Rejected: 942 
Bloom filter conflicts: 732 
(63.97% total skipped)
Most recent URL: https://www.wix.com/blog/website-performance
URLs checked: 2619 
Pages crawled: 900 
Rejected: 942 
Bloom filter conflicts: 733 
(63.96% total skipped)
Most recent URL: https://store.steampowered.com/app/1442910/Reign_Of_Dwarf/?snr=1_4_660__105
URLs checked: 2621 
Pages crawled: 901 
Rejected: 942 
Bloom filter conflicts: 734 
(63.95% total skipped)
Most recent URL: https://www.loc.gov/collections/
URLs checked: 2622 
Pages crawled: 902 
Rejected: 942 
Bloom filter conflicts: 734 
(63.92% total skipped)
Most recent URL: https://www.mayoclinic.org/diseases-conditions/toxic-shock-syndrome/symptoms-causes/syc-20355384
URLs checked: 2623 
Pages crawled: 903 
Rejected: 942 
Bloom filter conflicts: 734 
(63.90% total skipped)
Most recent URL: https://mailchimp.com/resources/social-media/
URLs checked: 2627 
Pages crawled: 904 
Rejected: 942 
Bloom filter conflicts: 737 
(63.91% total skipped)
Most recent URL: https://hipages.com.au/find/glass_glazier_glass_replacement/act/canberra
URLs checked: 2629 
Pages crawled: 905 
Rejected: 943 
Bloom filter conflicts: 737 
(63.90% total skipped)
Most recent URL: https://tradingview.com/symbols/EURONEXT-TTE/
URLs checked: 2635 
Pages crawled: 906 
Rejected: 948 
Bloom filter conflicts: 737 
(63.95% total skipped)
Most recent URL: https://www.google.com.br/technologies/partner-sites?hl=en&fg=1
URLs checked: 2639 
Pages crawled: 907 
Rejected: 949 
Bloom filter conflicts: 739 
(63.96% total skipped)
Most recent URL: https://gnu.org/philosophy/no-word-attachments.html
URLs checked: 2641 
Pages crawled: 908 
Rejected: 950 
Bloom filter conflicts: 739 
(63.95% total skipped)
Most recent URL: https://www.media.net/contact
URLs checked: 2646 
Pages crawled: 909 
Rejected: 951 
Bloom filter conflicts: 742 
(63.98% total skipped)
Most recent URL: https://ltg.ca.gov/contact/
URLs checked: 2650 
Pages crawled: 910 
Rejected: 952 
Bloom filter conflicts: 744 
(64.00% total skipped)
Most recent URL: https://healthline.com/health/chronic-pain
URLs checked: 2651 
Pages crawled: 911 
Rejected: 952 
Bloom filter conflicts: 744 
(63.98% total skipped)
Most recent URL: https://docs.digitalocean.com/release-notes
URLs checked: 2663 
Pages crawled: 912 
Rejected: 961 
Bloom filter conflicts: 746 
(64.10% total skipped)
Most recent URL: https://www.att.com/buy/phones/?smb=true
URLs checked: 2664 
Pages crawled: 913 
Rejected: 961 
Bloom filter conflicts: 746 
(64.08% total skipped)
Most recent URL: https://dnsmadeeasy.com/post/optimizing-ttl-for-dns-records-for-improved-performance
URLs checked: 2667 
Pages crawled: 914 
Rejected: 961 
Bloom filter conflicts: 748 
(64.08% total skipped)
Most recent URL: https://icloud-content.com/accessories/
URLs checked: 2673 
Pages crawled: 915 
Rejected: 966 
Bloom filter conflicts: 748 
(64.12% total skipped)
Most recent URL: https://www.t-mobile.com/contact-us?INTNAV=tNav:ContactUs
URLs checked: 2685 
Pages crawled: 916 
Rejected: 975 
Bloom filter conflicts: 750 
(64.25% total skipped)
Most recent URL: https://ring.com/products/stick-up-cam-plug-in-with-pan-tilt-mount
URLs checked: 2689 
Pages crawled: 917 
Rejected: 975 
Bloom filter conflicts: 753 
(64.26% total skipped)
Most recent URL: https://stackoverflow.com/users/signup?ssrc=site_switcher&returnurl=https%3a%2f%2fstackoverflow.com%2fquestions%2ftagged%2fhash
URLs checked: 2690 
Pages crawled: 918 
Rejected: 975 
Bloom filter conflicts: 753 
(64.24% total skipped)
Most recent URL: https://www.loc.gov/programs/veterans-history-project/about-this-program/
URLs checked: 2691 
Pages crawled: 919 
Rejected: 975 
Bloom filter conflicts: 753 
(64.21% total skipped)
Most recent URL: https://time.com/charter/tag/benefits/
URLs checked: 2695 
Pages crawled: 920 
Rejected: 978 
Bloom filter conflicts: 753 
(64.23% total skipped)
Most recent URL: https://docs.digitalocean.com/products/platform/product-lifecycle/
URLs checked: 2696 
Pages crawled: 921 
Rejected: 978 
Bloom filter conflicts: 753 
(64.21% total skipped)
Most recent URL: https://mailchimp.com/developer/guides/transactional-api-quick-start/
URLs checked: 2700 
Pages crawled: 922 
Rejected: 981 
Bloom filter conflicts: 753 
(64.22% total skipped)
Most recent URL: https://addtoany.com/buttons/customize/drupal/follow_buttons
URLs checked: 2701 
Pages crawled: 923 
Rejected: 981 
Bloom filter conflicts: 753 
(64.20% total skipped)
Most recent URL: https://cnet.com/tech/mobile/samsung-galaxy-s22-ultra-review/
URLs checked: 2703 
Pages crawled: 924 
Rejected: 981 
Bloom filter conflicts: 754 
(64.19% total skipped)
Most recent URL: https://www.wsj.com/news/types/television-review?mod=nav_top_subsection
URLs checked: 2704 
Pages crawled: 925 
Rejected: 981 
Bloom filter conflicts: 754 
(64.16% total skipped)
Most recent URL: https://hipages.com.au/find/window_repairs/sa/blair_athol
URLs checked: 2712 
Pages crawled: 926 
Rejected: 988 
Bloom filter conflicts: 754 
(64.23% total skipped)
Most recent URL: https://support.dnsmadeeasy.com/support/solutions/articles/47000967441-configure-mail-server-forwarding
URLs checked: 2714 
Pages crawled: 927 
Rejected: 988 
Bloom filter conflicts: 755 
(64.22% total skipped)
Most recent URL: https://www.media.net/karanjoinsiabtechlabboard
URLs checked: 2715 
Pages crawled: 928 
Rejected: 988 
Bloom filter conflicts: 755 
(64.20% total skipped)
Most recent URL: https://www.t-mobile.com/cell-phones/brand/samsung?icid=MGPO_TMO_U_23SMGFPFDX_OJHZYBBOI1LKF3LN35141
URLs checked: 2717 
Pages crawled: 929 
Rejected: 988 
Bloom filter conflicts: 756 
(64.19% total skipped)
Most recent URL: https://tradingview.com/symbols/NYSE-MCD/forecast/
URLs checked: 2718 
Pages crawled: 930 
Rejected: 988 
Bloom filter conflicts: 756 
(64.16% total skipped)
Most recent URL: https://npr.org/about-npr/179876898/terms-of-use
URLs checked: 2720 
Pages crawled: 931 
Rejected: 988 
Bloom filter conflicts: 757 
(64.15% total skipped)
Most recent URL: https://newrelic.com/termsandconditions/privacy
URLs checked: 2721 
Pages crawled: 932 
Rejected: 988 
Bloom filter conflicts: 757 
(64.13% total skipped)
Most recent URL: https://nature.com/articles/d41586-023-03617-y
URLs checked: 2724 
Pages crawled: 933 
Rejected: 990 
Bloom filter conflicts: 757 
(64.13% total skipped)
Most recent URL: https://time.com/collection/live-well/4279644/boost-mental-strength/
URLs checked: 2725 
Pages crawled: 934 
Rejected: 990 
Bloom filter conflicts: 757 
(64.11% total skipped)
Most recent URL: https://stackoverflow.com/questions/77509367/how-to-open-an-electron-child-window-after-clicking-an-html-button
URLs checked: 2727 
Pages crawled: 935 
Rejected: 990 
Bloom filter conflicts: 758 
(64.10% total skipped)
Most recent URL: https://www.healthline.com/health/venlafaxine-oral-tablet
URLs checked: 2734 
Pages crawled: 936 
Rejected: 996 
Bloom filter conflicts: 758 
(64.16% total skipped)
Most recent URL: https://www.addtoany.com/services/copy_link_button
URLs checked: 2741 
Pages crawled: 937 
Rejected: 1002 
Bloom filter conflicts: 758 
(64.21% total skipped)
Most recent URL: https://icloud-content.com/icloud/telemetry/
URLs checked: 2744 
Pages crawled: 938 
Rejected: 1004 
Bloom filter conflicts: 758 
(64.21% total skipped)
Most recent URL: https://docs.digitalocean.com/products/billing/
URLs checked: 2745 
Pages crawled: 939 
Rejected: 1004 
Bloom filter conflicts: 758 
(64.19% total skipped)
Most recent URL: https://www.mayoclinic.org/departments-centers/mayo-clinic-cancer-center
URLs checked: 2746 
Pages crawled: 940 
Rejected: 1004 
Bloom filter conflicts: 758 
(64.17% total skipped)
Most recent URL: https://hipages.com.au/find/handyman/qld/slacks_creek
URLs checked: 2747 
Pages crawled: 941 
Rejected: 1004 
Bloom filter conflicts: 758 
(64.14% total skipped)
Most recent URL: https://www.wsj.com/arts-culture/television?mod=nav_top_subsection
URLs checked: 2756 
Pages crawled: 942 
Rejected: 1010 
Bloom filter conflicts: 760 
(64.22% total skipped)
Most recent URL: https://att.com/bundles/internet-wireless/
URLs checked: 2757 
Pages crawled: 943 
Rejected: 1010 
Bloom filter conflicts: 760 
(64.20% total skipped)
Most recent URL: https://dnsmadeeasy.com/blog-category/resource
URLs checked: 2758 
Pages crawled: 944 
Rejected: 1010 
Bloom filter conflicts: 760 
(64.18% total skipped)
Most recent URL: https://www.wix.com/blog/how-to-make-a-newsletter
URLs checked: 2759 
Pages crawled: 945 
Rejected: 1010 
Bloom filter conflicts: 760 
(64.15% total skipped)
Most recent URL: https://time.com/collection/must-read-books-2023/6332838/biography-of-x/
URLs checked: 2760 
Pages crawled: 946 
Rejected: 1010 
Bloom filter conflicts: 760 
(64.13% total skipped)
Most recent URL: https://www.tradingview.com/u/spiritualhealer117/
URLs checked: 2766 
Pages crawled: 947 
Rejected: 1013 
Bloom filter conflicts: 762 
(64.17% total skipped)
Most recent URL: https://www.outbrain.com/advertisers/
URLs checked: 2767 
Pages crawled: 948 
Rejected: 1013 
Bloom filter conflicts: 762 
(64.15% total skipped)
Most recent URL: https://www.media.net/preferences
URLs checked: 2770 
Pages crawled: 949 
Rejected: 1014 
Bloom filter conflicts: 763 
(64.15% total skipped)
Most recent URL: https://www.addtoany.com/buttons/customize/orientation
URLs checked: 2771 
Pages crawled: 950 
Rejected: 1014 
Bloom filter conflicts: 763 
(64.13% total skipped)
Most recent URL: https://stackoverflow.com/users/22994450/moneedshelp
URLs checked: 2772 
Pages crawled: 951 
Rejected: 1014 
Bloom filter conflicts: 763 
(64.11% total skipped)
Most recent URL: https://www.healthline.com/health/type-2-diabetes/recognizing-symptoms?utm_source=ReadNext
URLs checked: 2773 
Pages crawled: 952 
Rejected: 1014 
Bloom filter conflicts: 763 
(64.08% total skipped)
Most recent URL: https://hipages.com.au/find/handyman/central_queensland_region
URLs checked: 2774 
Pages crawled: 953 
Rejected: 1014 
Bloom filter conflicts: 763 
(64.06% total skipped)
Most recent URL: https://www.cnbc.com/health-and-science/
URLs checked: 2777 
Pages crawled: 954 
Rejected: 1015 
Bloom filter conflicts: 764 
(64.06% total skipped)
Most recent URL: https://www.t-mobile.com/signin?state=eyJpbnRlbnQiOiJPcmRlcnMiLCJib29rbWFya1VybCI6Imh0dHBzOi8vbXkudC1tb2JpbGUuY29tL215cGhvbmUvY2hlY2tvcmRlci5odG1sIn0%3D&INTNAV=tNav%3AMyAccount%3ACheckOrderStatus
URLs checked: 2778 
Pages crawled: 955 
Rejected: 1015 
Bloom filter conflicts: 764 
(64.04% total skipped)
Most recent URL: https://www.cnet.com/topics/services-and-software/
URLs checked: 2779 
Pages crawled: 956 
Rejected: 1015 
Bloom filter conflicts: 764 
(64.02% total skipped)
Most recent URL: https://newrelic.com/resources/infographic/2023-observability-forecast-anz
URLs checked: 2780 
Pages crawled: 957 
Rejected: 1015 
Bloom filter conflicts: 764 
(63.99% total skipped)
Most recent URL: https://docs.digitalocean.com/products/networking/firewalls/
URLs checked: 2800 
Pages crawled: 958 
Rejected: 1028 
Bloom filter conflicts: 770 
(64.21% total skipped)
Most recent URL: https://www.addtoany.com/buttons/customize/asynchronous_loading
URLs checked: 2802 
Pages crawled: 959 
Rejected: 1029 
Bloom filter conflicts: 770 
(64.20% total skipped)
Most recent URL: https://ring.com/products/chime-gen2
URLs checked: 2805 
Pages crawled: 960 
Rejected: 1031 
Bloom filter conflicts: 770 
(64.21% total skipped)
Most recent URL: https://savannah.gnu.org/projects/www-id
URLs checked: 2806 
Pages crawled: 961 
Rejected: 1031 
Bloom filter conflicts: 770 
(64.18% total skipped)
Most recent URL: https://www.outbrain.com/publishers/smartlogic/
URLs checked: 2808 
Pages crawled: 962 
Rejected: 1031 
Bloom filter conflicts: 771 
(64.17% total skipped)
Most recent URL: https://www.ca.gov/agencysearch/
URLs checked: 2811 
Pages crawled: 963 
Rejected: 1032 
Bloom filter conflicts: 772 
(64.18% total skipped)
Most recent URL: https://icloud-content.com/account/
URLs checked: 2830 
Pages crawled: 964 
Rejected: 1050 
Bloom filter conflicts: 772 
(64.38% total skipped)
Most recent URL: https://www.wix.com/landing-page-builder
URLs checked: 2831 
Pages crawled: 965 
Rejected: 1050 
Bloom filter conflicts: 772 
(64.36% total skipped)
Most recent URL: https://www.mayoclinic.org/tests-procedures/ablation-therapy/about/pac-20385072
URLs checked: 2831 
Pages crawled: 966 
Rejected: 1050 
Bloom filter conflicts: 772 
(64.36% total skipped)
Most recent URL: https://code.blogger.com/
URLs checked: 2833 
Pages crawled: 967 
Rejected: 1050 
Bloom filter conflicts: 772 
(64.31% total skipped)
Most recent URL: https://stackoverflow.com/questions/19781644/sentiment-analysis-using-perceptron
URLs checked: 2834 
Pages crawled: 968 
Rejected: 1050 
Bloom filter conflicts: 772 
(64.29% total skipped)
Most recent URL: https://time.com/5936110/underwater-noise-pollution-report/
URLs checked: 2835 
Pages crawled: 969 
Rejected: 1050 
Bloom filter conflicts: 772 
(64.27% total skipped)
Most recent URL: https://www.business.att.com/products/att-dedicated-internet.html
URLs checked: 2836 
Pages crawled: 970 
Rejected: 1050 
Bloom filter conflicts: 772 
(64.25% total skipped)
Most recent URL: https://newrelic.com/blog/nerdlog/data-plus-pricing
URLs checked: 2837 
Pages crawled: 971 
Rejected: 1050 
Bloom filter conflicts: 772 
(64.22% total skipped)
Most recent URL: https://google.com.br/url?q=https://support.google.com/websearch/%3Fp%3Dws_results_help%26hl%3Den%26fg%3D1&opi=89978449&sa=U&ved=0ahUKEwj_v5C29-SCAxWEfDABHbAMCBwQ8KwCCAE&usg=AOvVaw3lMTbESCqwmQWwDBZo-B0w
URLs checked: 2840 
Pages crawled: 972 
Rejected: 1050 
Bloom filter conflicts: 774 
(64.23% total skipped)
Most recent URL: https://www.healthline.com/health/nosebleed
URLs checked: 2842 
Pages crawled: 973 
Rejected: 1050 
Bloom filter conflicts: 775 
(64.22% total skipped)
Most recent URL: https://tradingview.com/markets/stocks-usa/sectorandindustry-industry/restaurants/
URLs checked: 2845 
Pages crawled: 974 
Rejected: 1051 
Bloom filter conflicts: 776 
(64.22% total skipped)
Most recent URL: https://docs.digitalocean.com/products/platform/availability-matrix/
URLs checked: 2850 
Pages crawled: 975 
Rejected: 1054 
Bloom filter conflicts: 777 
(64.25% total skipped)
Most recent URL: https://www.wsj.com/client/silent-login?target=https%3A%2F%2Fwww.wsj.com
URLs checked: 2854 
Pages crawled: 976 
Rejected: 1057 
Bloom filter conflicts: 777 
(64.26% total skipped)
Most recent URL: https://eset.com/int/catalog/
URLs checked: 2855 
Pages crawled: 977 
Rejected: 1057 
Bloom filter conflicts: 777 
(64.24% total skipped)
Most recent URL: https://www.npr.org/2023/11/01/1209770371/warioware-move-it
URLs checked: 2859 
Pages crawled: 978 
Rejected: 1058 
Bloom filter conflicts: 779 
(64.25% total skipped)
Most recent URL: https://www.addtoany.com/users/ios
URLs checked: 2862 
Pages crawled: 979 
Rejected: 1060 
Bloom filter conflicts: 779 
(64.26% total skipped)
Most recent URL: https://support.dnsmadeeasy.com/support/solutions/articles/47000967443-delete-an-smtp-account
URLs checked: 2868 
Pages crawled: 980 
Rejected: 1062 
Bloom filter conflicts: 782 
(64.30% total skipped)
Most recent URL: https://www.media.net/legal/programguidelines
URLs checked: 2869 
Pages crawled: 981 
Rejected: 1062 
Bloom filter conflicts: 782 
(64.27% total skipped)
Most recent URL: https://store.steampowered.com/?snr=1_1056_4_franchise_global-responsive-menu&curator_clanid=33028765
URLs checked: 2886 
Pages crawled: 982 
Rejected: 1071 
Bloom filter conflicts: 789 
(64.45% total skipped)
Most recent URL: https://google.com.br/websearch/answer/185515?hl=en&ref_topic=3180360
URLs checked: 2895 
Pages crawled: 983 
Rejected: 1075 
Bloom filter conflicts: 793 
(64.53% total skipped)
Most recent URL: https://ltg.ca.gov/privacy-policy/
URLs checked: 2896 
Pages crawled: 984 
Rejected: 1075 
Bloom filter conflicts: 793 
(64.50% total skipped)
Most recent URL: https://ring.com/products/video-doorbell-v2
URLs checked: 2897 
Pages crawled: 985 
Rejected: 1075 
Bloom filter conflicts: 793 
(64.48% total skipped)
Most recent URL: https://cybersecurity.att.com/solutions/financial-services
URLs checked: 2898 
Pages crawled: 986 
Rejected: 1075 
Bloom filter conflicts: 793 
(64.46% total skipped)
Most recent URL: https://nature.com/nature/reviews-and-analysis?type=short-review
URLs checked: 2899 
Pages crawled: 987 
Rejected: 1075 
Bloom filter conflicts: 793 
(64.44% total skipped)
Most recent URL: https://www.mayoclinic.org/diseases-conditions/liver-cancer/symptoms-causes/syc-20353659
URLs checked: 2900 
Pages crawled: 988 
Rejected: 1075 
Bloom filter conflicts: 793 
(64.41% total skipped)
Most recent URL: https://www.cnbc.com/2023/11/27/tiktok-owner-bytedance-axes-hundreds-of-jobs-in-gaming-unit.html
URLs checked: 2901 
Pages crawled: 989 
Rejected: 1075 
Bloom filter conflicts: 793 
(64.39% total skipped)
Most recent URL: https://stackoverflow.com/questions/tagged/offline+android
URLs checked: 2905 
Pages crawled: 990 
Rejected: 1077 
Bloom filter conflicts: 794 
(64.41% total skipped)
Most recent URL: https://www.wsj.com/news/politics?mod=nav_top_section
URLs checked: 2919 
Pages crawled: 991 
Rejected: 1084 
Bloom filter conflicts: 800 
(64.54% total skipped)
Most recent URL: https://www.google.com.br/terms/definitions?hl=en&fg=1
URLs checked: 2922 
Pages crawled: 992 
Rejected: 1085 
Bloom filter conflicts: 801 
(64.54% total skipped)
Most recent URL: https://icloud-content.com/contact/
URLs checked: 2940 
Pages crawled: 993 
Rejected: 1100 
Bloom filter conflicts: 803 
(64.73% total skipped)
Most recent URL: https://tradingview.com/education/
URLs checked: 2941 
Pages crawled: 994 
Rejected: 1100 
Bloom filter conflicts: 803 
(64.71% total skipped)
Most recent URL: https://www.media.net/buyers
URLs checked: 2955 
Pages crawled: 995 
Rejected: 1106 
Bloom filter conflicts: 810 
(64.84% total skipped)
Most recent URL: https://addtoany.com/ext/google_analytics
URLs checked: 2958 
Pages crawled: 996 
Rejected: 1108 
Bloom filter conflicts: 810 
(64.84% total skipped)
Most recent URL: https://www.ca.gov/learning/
URLs checked: 2965 
Pages crawled: 997 
Rejected: 1112 
Bloom filter conflicts: 812 
(64.89% total skipped)
Most recent URL: https://www.outbrain.com/about/offices/
URLs checked: 2966 
Pages crawled: 998 
Rejected: 1112 
Bloom filter conflicts: 812 
(64.87% total skipped)
Most recent URL: https://time.com/collection/must-read-books-2023/6332229/the-guest/
URLs checked: 2968 
Pages crawled: 999 
Rejected: 1112 
Bloom filter conflicts: 813 
(64.86% total skipped)
Most recent URL: https://www.npr.org/2023/11/10/1197954263/its-been-a-minute-draft-11-10-2023
URLs checked: 2969 
Pages crawled: 1000 
Rejected: 1112 
Bloom filter conflicts: 813 
(64.84% total skipped)
Most recent URL: https://www.mayoclinic.org/tests-procedures/index?letter=V
URLs checked: 2970 
Pages crawled: 1001 
Rejected: 1112 
Bloom filter conflicts: 813 
(64.81% total skipped)
Most recent URL: https://www.braze.com/docs/developer_guide/home
URLs checked: 2971 
Pages crawled: 1002 
Rejected: 1112 
Bloom filter conflicts: 813 
(64.79% total skipped)
Most recent URL: https://hipages.com.au/find/window_repairs/sa/port_augusta_5700
URLs checked: 2974 
Pages crawled: 1003 
Rejected: 1114 
Bloom filter conflicts: 813 
(64.79% total skipped)
Most recent URL: https://dnsmadeeasy.com/post/dns-security-2022-best-practices-and-solutions
URLs checked: 2975 
Pages crawled: 1004 
Rejected: 1114 
Bloom filter conflicts: 813 
(64.77% total skipped)
Most recent URL: https://www.wix.com/logo/maker/colors/white-logo-designs
URLs checked: 2976 
Pages crawled: 1005 
Rejected: 1114 
Bloom filter conflicts: 813 
(64.75% total skipped)
Most recent URL: https://stackoverflow.com/q/30044579?lastactivity
URLs checked: 2977 
Pages crawled: 1006 
Rejected: 1114 
Bloom filter conflicts: 813 
(64.73% total skipped)
Most recent URL: https://healthline.com/health/fibromyalgia
URLs checked: 2978 
Pages crawled: 1007 
Rejected: 1114 
Bloom filter conflicts: 813 
(64.71% total skipped)
Most recent URL: https://www.wsj.com/world/uk?mod=nav_top_subsection
URLs checked: 2987 
Pages crawled: 1008 
Rejected: 1117 
Bloom filter conflicts: 818 
(64.78% total skipped)
Most recent URL: https://entrust.net/
URLs checked: 2988 
Pages crawled: 1009 
Rejected: 1117 
Bloom filter conflicts: 818 
(64.76% total skipped)
Most recent URL: https://buzz.blogger.com/
URLs checked: 2993 
Pages crawled: 1010 
Rejected: 1120 
Bloom filter conflicts: 819 
(64.78% total skipped)
Most recent URL: https://www.ca.gov/doingbusiness/
URLs checked: 2994 
Pages crawled: 1011 
Rejected: 1120 
Bloom filter conflicts: 819 
(64.76% total skipped)
Most recent URL: https://www.addtoany.com/buttons/customize/multiple_buttons_different_pages
URLs checked: 2996 
Pages crawled: 1012 
Rejected: 1121 
Bloom filter conflicts: 819 
(64.75% total skipped)
Most recent URL: https://support.eset.com/en/kb3749-upgrade-to-windows-10-with-eset-endpoint-product-installed
URLs checked: 2997 
Pages crawled: 1013 
Rejected: 1121 
Bloom filter conflicts: 819 
(64.73% total skipped)
Most recent URL: https://gnu.org/help/help.html
URLs checked: 2998 
Pages crawled: 1014 
Rejected: 1121 
Bloom filter conflicts: 819 
(64.71% total skipped)
Most recent URL: https://store.steampowered.com/login/?redir=app%2F2399160%2FSoulash_2%2F%3Fsnr%3D1_4_660__105&redir_ssl=1&snr=1_5_9__global-header
URLs checked: 2999 
Pages crawled: 1015 
Rejected: 1121 
Bloom filter conflicts: 819 
(64.69% total skipped)
Most recent URL: https://www.npr.org/2023/11/27/1209676382/cop28-climate-change-conference-faq
URLs checked: 3000 
Pages crawled: 1016 
Rejected: 1121 
Bloom filter conflicts: 819 
(64.67% total skipped)
Most recent URL: https://dnsmadeeasy.com/support/subnet
URLs checked: 3001 
Pages crawled: 1017 
Rejected: 1121 
Bloom filter conflicts: 819 
(64.65% total skipped)
Most recent URL: https://icloud-content.com/xcode/
URLs checked: 3002 
Pages crawled: 1018 
Rejected: 1121 
Bloom filter conflicts: 819 
(64.62% total skipped)
Most recent URL: https://www.att.com/buy/phones?smb=true&bref=IBuyBS00Iu0uywSpO
URLs checked: 3003 
Pages crawled: 1019 
Rejected: 1121 
Bloom filter conflicts: 819 
(64.60% total skipped)
Most recent URL: https://www.wix.com/payments
URLs checked: 3004 
Pages crawled: 1020 
Rejected: 1121 
Bloom filter conflicts: 819 
(64.58% total skipped)
Most recent URL: https://hipages.com.au/find/pergola/wa/cloverdale
URLs checked: 3006 
Pages crawled: 1021 
Rejected: 1122 
Bloom filter conflicts: 819 
(64.57% total skipped)
Most recent URL: https://stackoverflow.com/questions/77514568/environment-variables-inside-electron-builder
URLs checked: 3007 
Pages crawled: 1022 
Rejected: 1122 
Bloom filter conflicts: 819 
(64.55% total skipped)
Most recent URL: https://tradingview.com/support/solutions/43000703292
URLs checked: 3008 
Pages crawled: 1023 
Rejected: 1122 
Bloom filter conflicts: 819 
(64.53% total skipped)
Most recent URL: https://mailchimp.com/developer/transactional/docs/fundamentals/
URLs checked: 3009 
Pages crawled: 1024 
Rejected: 1122 
Bloom filter conflicts: 819 
(64.51% total skipped)
Most recent URL: https://www.healthline.com/health/eye-pain
URLs checked: 3010 
Pages crawled: 1025 
Rejected: 1122 
Bloom filter conflicts: 819 
(64.49% total skipped)
Most recent URL: https://loc.gov/resource/highsm.43571/
URLs checked: 3011 
Pages crawled: 1026 
Rejected: 1122 
Bloom filter conflicts: 819 
(64.46% total skipped)
Most recent URL: https://www.wsj.com/science/space-astronomy?mod=nav_top_subsection
URLs checked: 3012 
Pages crawled: 1027 
Rejected: 1122 
Bloom filter conflicts: 819 
(64.44% total skipped)
Most recent URL: https://www.braze.com/docs/developer_guide/platform_integration_guides/ios/analytics/setting_user_ids/
URLs checked: 3017 
Pages crawled: 1028 
Rejected: 1125 
Bloom filter conflicts: 820 
(64.47% total skipped)
Most recent URL: https://media.net/marketplace
URLs checked: 3022 
Pages crawled: 1029 
Rejected: 1128 
Bloom filter conflicts: 821 
(64.49% total skipped)
Most recent URL: https://outbrain.com/about/team/
URLs checked: 3024 
Pages crawled: 1030 
Rejected: 1129 
Bloom filter conflicts: 821 
(64.48% total skipped)
Most recent URL: https://www.digitalocean.com/community/tutorials/how-to-use-let-s-encrypt-with-digitalocean-load-balancers
URLs checked: 3025 
Pages crawled: 1031 
Rejected: 1129 
Bloom filter conflicts: 821 
(64.46% total skipped)
Most recent URL: https://ring.com/security-system
URLs checked: 3026 
Pages crawled: 1032 
Rejected: 1129 
Bloom filter conflicts: 821 
(64.44% total skipped)
Most recent URL: https://time.com/collection/must-read-books-2023/6332624/the-future/
URLs checked: 3027 
Pages crawled: 1033 
Rejected: 1129 
Bloom filter conflicts: 821 
(64.42% total skipped)
Most recent URL: https://www.npr.org/2023/07/28/1190781753/new-mix-mitski-irreversible-entanglements-sally-anne-morgan-more
URLs checked: 3028 
Pages crawled: 1034 
Rejected: 1129 
Bloom filter conflicts: 821 
(64.40% total skipped)
Most recent URL: https://google.com.br/url?q=https://policies.google.com/privacy%3Fhl%3Den%26fg%3D1&opi=89978449&sa=U&ved=0ahUKEwj_v5C29-SCAxWEfDABHbAMCBwQ8awCCAI&usg=AOvVaw26ru1y8LN5Oo4-kqJSavgz
URLs checked: 3029 
Pages crawled: 1035 
Rejected: 1129 
Bloom filter conflicts: 821 
(64.38% total skipped)
Most recent URL: https://hipages.com.au/find/247_emergency_electricians
URLs checked: 3031 
Pages crawled: 1036 
Rejected: 1130 
Bloom filter conflicts: 821 
(64.37% total skipped)
Most recent URL: https://sophos.com/en-us/marketplace
URLs checked: 3034 
Pages crawled: 1037 
Rejected: 1131 
Bloom filter conflicts: 822 
(64.37% total skipped)
Most recent URL: https://www.mayoclinic.org/departments-centers/index
URLs checked: 3035 
Pages crawled: 1038 
Rejected: 1131 
Bloom filter conflicts: 822 
(64.35% total skipped)
Most recent URL: https://cnbc.com/social-media/
URLs checked: 3038 
Pages crawled: 1039 
Rejected: 1133 
Bloom filter conflicts: 822 
(64.35% total skipped)
Most recent URL: https://ltg.ca.gov/
URLs checked: 3039 
Pages crawled: 1040 
Rejected: 1133 
Bloom filter conflicts: 822 
(64.33% total skipped)
Most recent URL: https://www.eset.com/int/business/help-me-choose/?role=it-admin
URLs checked: 3040 
Pages crawled: 1041 
Rejected: 1133 
Bloom filter conflicts: 822 
(64.31% total skipped)
Most recent URL: https://www.loc.gov/programs/veterans-history-project/explore-the-collections/
URLs checked: 3042 
Pages crawled: 1042 
Rejected: 1134 
Bloom filter conflicts: 822 
(64.30% total skipped)
Most recent URL: https://cnet.com/news/best-free-vpn/
URLs checked: 3047 
Pages crawled: 1043 
Rejected: 1138 
Bloom filter conflicts: 822 
(64.33% total skipped)
Most recent URL: https://stackoverflow.com/questions/tagged/fasttext+data-science
URLs checked: 3049 
Pages crawled: 1044 
Rejected: 1139 
Bloom filter conflicts: 822 
(64.32% total skipped)
Most recent URL: https://addtoany.com/buttons/customize/follow_buttons
URLs checked: 3050 
Pages crawled: 1045 
Rejected: 1139 
Bloom filter conflicts: 822 
(64.30% total skipped)
Most recent URL: https://newrelic.com/instant-observability/?category=kubernetes-and-containers
URLs checked: 3055 
Pages crawled: 1046 
Rejected: 1143 
Bloom filter conflicts: 822 
(64.32% total skipped)
Most recent URL: https://hipages.com.au/find/window_repairs/sa/black_forest
URLs checked: 3056 
Pages crawled: 1047 
Rejected: 1143 
Bloom filter conflicts: 822 
(64.30% total skipped)
Most recent URL: https://www.media.net/legal/tos
URLs checked: 3061 
Pages crawled: 1048 
Rejected: 1143 
Bloom filter conflicts: 826 
(64.33% total skipped)
Most recent URL: https://gnu.org/graphics/gnu-ascii.html
URLs checked: 3062 
Pages crawled: 1049 
Rejected: 1143 
Bloom filter conflicts: 826 
(64.30% total skipped)
Most recent URL: https://nature.com/subjects/finance
URLs checked: 3063 
Pages crawled: 1050 
Rejected: 1143 
Bloom filter conflicts: 826 
(64.28% total skipped)
Most recent URL: https://icloud-content.com/learn/curriculum/
URLs checked: 3075 
Pages crawled: 1051 
Rejected: 1154 
Bloom filter conflicts: 826 
(64.39% total skipped)
Most recent URL: https://www.braze.com/docs/developer_guide/platform_integration_guides/android/analytics/logging_purchases/
URLs checked: 3076 
Pages crawled: 1052 
Rejected: 1154 
Bloom filter conflicts: 826 
(64.37% total skipped)
Most recent URL: https://www.wsj.com/news/types/asia-news?mod=nav_top_subsection
URLs checked: 3077 
Pages crawled: 1053 
Rejected: 1154 
Bloom filter conflicts: 826 
(64.35% total skipped)
Most recent URL: https://tradingview.com/symbols/NYSE-LLY/
URLs checked: 3080 
Pages crawled: 1054 
Rejected: 1156 
Bloom filter conflicts: 826 
(64.35% total skipped)
Most recent URL: https://store.steampowered.com/app/2395210/Tony_Hawks_Pro_Skater_1__2/?snr=1_4_660__145
URLs checked: 3081 
Pages crawled: 1055 
Rejected: 1156 
Bloom filter conflicts: 826 
(64.33% total skipped)
Most recent URL: https://www.wix.com/blog/photography/explore/category/video
URLs checked: 3082 
Pages crawled: 1056 
Rejected: 1156 
Bloom filter conflicts: 826 
(64.31% total skipped)
Most recent URL: https://www.healthline.com/reviewers/deborah-weatherspoon-phd-msn
URLs checked: 3082 
Pages crawled: 1057 
Rejected: 1156 
Bloom filter conflicts: 826 
(64.31% total skipped)
Most recent URL: https://www.npr.org/transcripts/1215332347
URLs checked: 3084 
Pages crawled: 1058 
Rejected: 1156 
Bloom filter conflicts: 826 
(64.27% total skipped)
Most recent URL: https://ring.com/products/corner-kit-for-video-doorbell-2
URLs checked: 3088 
Pages crawled: 1059 
Rejected: 1159 
Bloom filter conflicts: 826 
(64.28% total skipped)
Most recent URL: https://docs.digitalocean.com/products/app-platform/reference/buildpacks/python/
URLs checked: 3091 
Pages crawled: 1060 
Rejected: 1161 
Bloom filter conflicts: 826 
(64.28% total skipped)
Most recent URL: https://www.cnet.com/tech/gaming/
URLs checked: 3094 
Pages crawled: 1061 
Rejected: 1162 
Bloom filter conflicts: 827 
(64.29% total skipped)
Most recent URL: https://www.t-mobile.com/usage
URLs checked: 3099 
Pages crawled: 1062 
Rejected: 1165 
Bloom filter conflicts: 828 
(64.31% total skipped)
Most recent URL: https://time.com/author/time-photo-department/
URLs checked: 3101 
Pages crawled: 1063 
Rejected: 1165 
Bloom filter conflicts: 829 
(64.30% total skipped)
Most recent URL: https://cybersecurity.att.com/insights-report
URLs checked: 3102 
Pages crawled: 1064 
Rejected: 1165 
Bloom filter conflicts: 829 
(64.28% total skipped)
Most recent URL: https://loc.gov/resource/det.4a31822/
URLs checked: 3103 
Pages crawled: 1065 
Rejected: 1165 
Bloom filter conflicts: 829 
(64.26% total skipped)
Most recent URL: https://www.mayoclinic.org/diseases-conditions/patellar-tendinitis/symptoms-causes/syc-20376113
URLs checked: 3113 
Pages crawled: 1066 
Rejected: 1174 
Bloom filter conflicts: 829 
(64.34% total skipped)
Most recent URL: https://www.addtoany.com/buttons/customize/wordpress/orientation
URLs checked: 3114 
Pages crawled: 1067 
Rejected: 1174 
Bloom filter conflicts: 829 
(64.32% total skipped)
Most recent URL: https://stackoverflow.com/q/8322609
URLs checked: 3119 
Pages crawled: 1068 
Rejected: 1178 
Bloom filter conflicts: 829 
(64.35% total skipped)
Most recent URL: https://google.com.br/privacy/ccpa-report?hl=en&fg=1
URLs checked: 3123 
Pages crawled: 1069 
Rejected: 1180 
Bloom filter conflicts: 830 
(64.36% total skipped)
Most recent URL: https://www.media.net/ad-quality-policy
URLs checked: 3135 
Pages crawled: 1070 
Rejected: 1181 
Bloom filter conflicts: 840 
(64.47% total skipped)
Most recent URL: https://blogger.com/go/home
URLs checked: 3152 
Pages crawled: 1071 
Rejected: 1193 
Bloom filter conflicts: 844 
(64.63% total skipped)
Most recent URL: https://ring.com/shipping-and-returns
URLs checked: 3155 
Pages crawled: 1072 
Rejected: 1195 
Bloom filter conflicts: 844 
(64.63% total skipped)
Most recent URL: https://outbrain.com/advertisers/guidelines/
URLs checked: 3156 
Pages crawled: 1073 
Rejected: 1195 
Bloom filter conflicts: 844 
(64.61% total skipped)
Most recent URL: https://www.addtoany.com/buttons/customize/templates
URLs checked: 3157 
Pages crawled: 1074 
Rejected: 1195 
Bloom filter conflicts: 844 
(64.59% total skipped)
Most recent URL: https://docs.digitalocean.com/products/billing/taxes/kaz/
URLs checked: 3158 
Pages crawled: 1075 
Rejected: 1195 
Bloom filter conflicts: 844 
(64.57% total skipped)
Most recent URL: https://www.loc.gov/visit/
URLs checked: 3159 
Pages crawled: 1076 
Rejected: 1195 
Bloom filter conflicts: 844 
(64.55% total skipped)
Most recent URL: https://www.cnet.com/tech/home-entertainment/best-universal-remote/
URLs checked: 3160 
Pages crawled: 1077 
Rejected: 1195 
Bloom filter conflicts: 844 
(64.53% total skipped)
Most recent URL: https://www.npr.org/2023/11/27/1215332173/police-arrest-suspect-in-the-shooting-of-3-men-of-palestinian-descent-in-vermont
URLs checked: 3162 
Pages crawled: 1078 
Rejected: 1195 
Bloom filter conflicts: 845 
(64.52% total skipped)
Most recent URL: https://icloud-content.com/app-store/app-store-awards/
URLs checked: 3164 
Pages crawled: 1079 
Rejected: 1196 
Bloom filter conflicts: 845 
(64.51% total skipped)
Most recent URL: https://time.com/author/bloomberg/
URLs checked: 3166 
Pages crawled: 1080 
Rejected: 1196 
Bloom filter conflicts: 846 
(64.50% total skipped)
Most recent URL: https://www.t-mobile.com/5g/phones
URLs checked: 3169 
Pages crawled: 1081 
Rejected: 1197 
Bloom filter conflicts: 847 
(64.50% total skipped)
Most recent URL: https://www.wsj.com/news/life-arts/arts?mod=nav_top_subsection
URLs checked: 3177 
Pages crawled: 1082 
Rejected: 1200 
Bloom filter conflicts: 851 
(64.56% total skipped)
Most recent URL: https://tradingview.com/chart/TRUUSDT/mdnFzv2T-TrueFI-TRU-350-return/
URLs checked: 3178 
Pages crawled: 1083 
Rejected: 1200 
Bloom filter conflicts: 851 
(64.54% total skipped)
Most recent URL: https://eset.com/int/business/partner/find/brunei/
URLs checked: 3179 
Pages crawled: 1084 
Rejected: 1200 
Bloom filter conflicts: 851 
(64.52% total skipped)
Most recent URL: https://hipages.com.au/find/glass_glazier/nsw/sydney
URLs checked: 3181 
Pages crawled: 1085 
Rejected: 1201 
Bloom filter conflicts: 851 
(64.51% total skipped)
Most recent URL: https://stackoverflow.com/questions/tagged/npm-start
URLs checked: 3187 
Pages crawled: 1086 
Rejected: 1205 
Bloom filter conflicts: 852 
(64.54% total skipped)
Most recent URL: https://support.dnsmadeeasy.com/support/login
URLs checked: 3190 
Pages crawled: 1087 
Rejected: 1206 
Bloom filter conflicts: 853 
(64.55% total skipped)
Most recent URL: https://gnu.org/gnu/manifesto.html
URLs checked: 3191 
Pages crawled: 1088 
Rejected: 1206 
Bloom filter conflicts: 853 
(64.53% total skipped)
Most recent URL: https://www.wix.com/blog/photography/types-of-shots
URLs checked: 3192 
Pages crawled: 1089 
Rejected: 1206 
Bloom filter conflicts: 853 
(64.51% total skipped)
Most recent URL: https://www.cnbc.com/2023/11/27/us-news-and-world-report-best-places-retire-us-2024.html
URLs checked: 3193 
Pages crawled: 1090 
Rejected: 1206 
Bloom filter conflicts: 853 
(64.48% total skipped)
Most recent URL: https://www.media.net/privacy-policy
URLs checked: 3203 
Pages crawled: 1091 
Rejected: 1210 
Bloom filter conflicts: 858 
(64.56% total skipped)
Most recent URL: https://google.com.br/intl/en/home/goals/
URLs checked: 3212 
Pages crawled: 1092 
Rejected: 1215 
Bloom filter conflicts: 861 
(64.63% total skipped)
Most recent URL: https://docs.sophos.com/central/partner/help/en-us/
URLs checked: 3223 
Pages crawled: 1093 
Rejected: 1224 
Bloom filter conflicts: 862 
(64.72% total skipped)
Most recent URL: https://www.att.com/buy/prepaid-phones
URLs checked: 3225 
Pages crawled: 1094 
Rejected: 1225 
Bloom filter conflicts: 862 
(64.71% total skipped)
Most recent URL: https://www.outbrain.com/contact/?who=publisher
URLs checked: 3226 
Pages crawled: 1095 
Rejected: 1225 
Bloom filter conflicts: 862 
(64.69% total skipped)
Most recent URL: https://docs.digitalocean.com/products/databases/postgresql/how-to/migrate/
URLs checked: 3228 
Pages crawled: 1096 
Rejected: 1226 
Bloom filter conflicts: 862 
(64.68% total skipped)
Most recent URL: https://www.npr.org/2023/11/27/1215332277/the-annual-international-climate-meeting-kicks-off-later-this-week-in-dubai
URLs checked: 3229 
Pages crawled: 1097 
Rejected: 1226 
Bloom filter conflicts: 862 
(64.66% total skipped)
Most recent URL: https://ring.com/security-installation-recommendations
URLs checked: 3233 
Pages crawled: 1098 
Rejected: 1228 
Bloom filter conflicts: 863 
(64.68% total skipped)
Most recent URL: https://dnsmadeeasy.com/author/jessica-belvedere
URLs checked: 3234 
Pages crawled: 1099 
Rejected: 1228 
Bloom filter conflicts: 863 
(64.66% total skipped)
Most recent URL: https://www.mayoclinic.org/diseases-conditions/bruxism/symptoms-causes/syc-20356095
URLs checked: 3235 
Pages crawled: 1100 
Rejected: 1228 
Bloom filter conflicts: 863 
(64.64% total skipped)
Most recent URL: https://stackoverflow.com/questions/74307142/why-isnt-my-gensim-fasttext-model-continuing-to-train-on-a-new-corpus
URLs checked: 3236 
Pages crawled: 1101 
Rejected: 1228 
Bloom filter conflicts: 863 
(64.62% total skipped)
Most recent URL: https://hipages.com.au/find/roof_repairs_repointing/vic/melbourne
URLs checked: 3237 
Pages crawled: 1102 
Rejected: 1228 
Bloom filter conflicts: 863 
(64.60% total skipped)
Most recent URL: https://www.wsj.com/pro/centralbanking?mod=nav_top_subsection
URLs checked: 3240 
Pages crawled: 1103 
Rejected: 1230 
Bloom filter conflicts: 863 
(64.60% total skipped)
Most recent URL: https://cnet.com/home/smart-home/amazon-echo-dot-5th-gen-review-the-best-echo-on-a-budget/
URLs checked: 3242 
Pages crawled: 1104 
Rejected: 1231 
Bloom filter conflicts: 863 
(64.59% total skipped)
Most recent URL: https://www.t-mobile.com/brand/benefits?icid=MGPO_TMO_P_BRNDBNFITS_TNKMV6OAKC0RA0FE34914
URLs checked: 3245 
Pages crawled: 1105 
Rejected: 1233 
Bloom filter conflicts: 863 
(64.59% total skipped)
Most recent URL: https://addtoany.com/services/
URLs checked: 3248 
Pages crawled: 1106 
Rejected: 1235 
Bloom filter conflicts: 863 
(64.59% total skipped)
Most recent URL: https://careers.media.net/data-science-analytics
URLs checked: 3262 
Pages crawled: 1107 
Rejected: 1242 
Bloom filter conflicts: 869 
(64.71% total skipped)
Most recent URL: https://icloud-content.com/icloud/
URLs checked: 3263 
Pages crawled: 1108 
Rejected: 1242 
Bloom filter conflicts: 869 
(64.70% total skipped)
Most recent URL: https://time.com/6174298/patsy-takemoto-mink-title-ix/
URLs checked: 3265 
Pages crawled: 1109 
Rejected: 1242 
Bloom filter conflicts: 870 
(64.69% total skipped)
Most recent URL: https://newrelic.com/instant-observability/azure-service-bus
URLs checked: 3267 
Pages crawled: 1110 
Rejected: 1242 
Bloom filter conflicts: 871 
(64.68% total skipped)
Most recent URL: https://tradingview.com/symbols/LSE-0IFK/?solution=43000699485
URLs checked: 3268 
Pages crawled: 1111 
Rejected: 1242 
Bloom filter conflicts: 871 
(64.66% total skipped)
Most recent URL: https://www.healthline.com/health/at-home-celiac-test
URLs checked: 3269 
Pages crawled: 1112 
Rejected: 1242 
Bloom filter conflicts: 871 
(64.64% total skipped)
Most recent URL: https://www.cnbc.com/video/2023/11/14/how-the-us-lost-thousands-of-high-skilled-workers-to-canada.html
URLs checked: 3271 
Pages crawled: 1113 
Rejected: 1243 
Bloom filter conflicts: 871 
(64.63% total skipped)
Most recent URL: https://google.com.br/privacy/key-terms?hl=en&fg=1
URLs checked: 3274 
Pages crawled: 1114 
Rejected: 1245 
Bloom filter conflicts: 871 
(64.63% total skipped)
Most recent URL: https://support.dnsmadeeasy.com/support/solutions/47000518356
URLs checked: 3285 
Pages crawled: 1115 
Rejected: 1253 
Bloom filter conflicts: 873 
(64.72% total skipped)
Most recent URL: https://cloud.digitalocean.com/account/team
URLs checked: 3287 
Pages crawled: 1116 
Rejected: 1254 
Bloom filter conflicts: 873 
(64.71% total skipped)
Most recent URL: https://gnu.org/gnu40/gnu40.html
URLs checked: 3288 
Pages crawled: 1117 
Rejected: 1254 
Bloom filter conflicts: 873 
(64.69% total skipped)
Most recent URL: https://www.att.com/device-support/index/9006127
URLs checked: 3289 
Pages crawled: 1118 
Rejected: 1254 
Bloom filter conflicts: 873 
(64.67% total skipped)
Most recent URL: https://stackoverflow.com/questions/36959683/sentiment-analysis-classifier-using-machine-learning
URLs checked: 3290 
Pages crawled: 1119 
Rejected: 1254 
Bloom filter conflicts: 873 
(64.65% total skipped)
Most recent URL: https://www.npr.org/sections/health/
URLs checked: 3291 
Pages crawled: 1120 
Rejected: 1254 
Bloom filter conflicts: 873 
(64.63% total skipped)
Most recent URL: https://www.loc.gov/collections/?fa=subject_topic:art+%26+architecture
URLs checked: 3292 
Pages crawled: 1121 
Rejected: 1254 
Bloom filter conflicts: 873 
(64.61% total skipped)
Most recent URL: https://www.mayoclinic.org/diseases-conditions/avascular-necrosis/symptoms-causes/syc-20369859
URLs checked: 3293 
Pages crawled: 1122 
Rejected: 1254 
Bloom filter conflicts: 873 
(64.59% total skipped)
Most recent URL: https://www.braze.com/docs/developer_guide/platform_integration_guides/swift/in-app_messaging/in-app_message_delivery/
URLs checked: 3295 
Pages crawled: 1123 
Rejected: 1255 
Bloom filter conflicts: 873 
(64.58% total skipped)
Most recent URL: https://www.wsj.com/lifestyle/careers/workers-morale-pay-benefits-remote-52c4ab10?mod=error_page
URLs checked: 3297 
Pages crawled: 1124 
Rejected: 1256 
Bloom filter conflicts: 873 
(64.57% total skipped)
Most recent URL: https://passwordmanager.eset.com
URLs checked: 3298 
Pages crawled: 1125 
Rejected: 1256 
Bloom filter conflicts: 873 
(64.55% total skipped)
Most recent URL: https://www.outbrain.com/try-outbrain-demo/
URLs checked: 3303 
Pages crawled: 1126 
Rejected: 1258 
Bloom filter conflicts: 875 
(64.58% total skipped)
Most recent URL: https://time.com/6339404/gaza-aid-israel-hamas-temporary-ceasefire/
URLs checked: 3306 
Pages crawled: 1127 
Rejected: 1258 
Bloom filter conflicts: 877 
(64.58% total skipped)
Most recent URL: https://ring.com/products/alarm-flood-and-freeze-sensor
URLs checked: 3307 
Pages crawled: 1128 
Rejected: 1258 
Bloom filter conflicts: 877 
(64.56% total skipped)
Most recent URL: https://ca.gov/privacy-policy/
URLs checked: 3308 
Pages crawled: 1129 
Rejected: 1258 
Bloom filter conflicts: 877 
(64.54% total skipped)
Most recent URL: https://www.tradingview.com/chart/SPX/nj9XS3Ms-The-end-of-the-bear-market/
URLs checked: 3312 
Pages crawled: 1130 
Rejected: 1260 
Bloom filter conflicts: 878 
(64.55% total skipped)
Most recent URL: https://google.com.br/websearch/answer/12997189?hl=en&ref_topic=9739148
URLs checked: 3327 
Pages crawled: 1131 
Rejected: 1267 
Bloom filter conflicts: 885 
(64.68% total skipped)
Most recent URL: https://addtoany.com/services/reddit_button
URLs checked: 3330 
Pages crawled: 1132 
Rejected: 1267 
Bloom filter conflicts: 887 
(64.68% total skipped)
Most recent URL: https://nature.com/subjects/endocrinology
URLs checked: 3332 
Pages crawled: 1133 
Rejected: 1267 
Bloom filter conflicts: 888 
(64.68% total skipped)
Most recent URL: https://www.cnet.com/tech/services-and-software/vpn-faq-what-you-need-to-know-about-the-basics-of-virtual-private-networks/
URLs checked: 3333 
Pages crawled: 1134 
Rejected: 1267 
Bloom filter conflicts: 888 
(64.66% total skipped)
Most recent URL: https://www.wix.com/encyclopedia
URLs checked: 3334 
Pages crawled: 1135 
Rejected: 1267 
Bloom filter conflicts: 888 
(64.64% total skipped)
Most recent URL: https://www.healthline.com/nutrition/how-to-stock-your-pantry-for-quick-easy-meals-in-minutes
URLs checked: 3335 
Pages crawled: 1136 
Rejected: 1267 
Bloom filter conflicts: 888 
(64.62% total skipped)
Most recent URL: https://store.steampowered.com/app/2277860/Stellaris_First_Contact_Story_Pack/?snr=1_5_9__405
URLs checked: 3337 
Pages crawled: 1137 
Rejected: 1267 
Bloom filter conflicts: 889 
(64.61% total skipped)
Most recent URL: https://hipages.com.au/article/10_great_bay_window_ideas
URLs checked: 3347 
Pages crawled: 1138 
Rejected: 1276 
Bloom filter conflicts: 889 
(64.68% total skipped)
Most recent URL: https://media.net/privacy-policy-old/
URLs checked: 3364 
Pages crawled: 1139 
Rejected: 1277 
Bloom filter conflicts: 904 
(64.83% total skipped)
Most recent URL: https://icloud-content.com/notifications/
URLs checked: 3367 
Pages crawled: 1140 
Rejected: 1279 
Bloom filter conflicts: 904 
(64.84% total skipped)
Most recent URL: https://www.mayoclinic.org/diseases-conditions/colon-cancer/expert-answers/colon-cancer-screening/faq-20057826
URLs checked: 3383 
Pages crawled: 1141 
Rejected: 1281 
Bloom filter conflicts: 917 
(64.97% total skipped)
Most recent URL: https://tradingview.com/chart/?symbol=EURONEXT%3ATTE
URLs checked: 3386 
Pages crawled: 1142 
Rejected: 1283 
Bloom filter conflicts: 917 
(64.97% total skipped)
Most recent URL: https://www.outbrain.com/security
URLs checked: 3387 
Pages crawled: 1143 
Rejected: 1283 
Bloom filter conflicts: 917 
(64.95% total skipped)
Most recent URL: https://www.wix.com/about/privacy
URLs checked: 3388 
Pages crawled: 1144 
Rejected: 1283 
Bloom filter conflicts: 917 
(64.94% total skipped)
Most recent URL: https://www.braze.com/docs/developer_guide/platform_integration_guides/swift/advanced_use_cases/fine_network_traffic_control/
URLs checked: 3391 
Pages crawled: 1145 
Rejected: 1285 
Bloom filter conflicts: 917 
(64.94% total skipped)
Most recent URL: https://www.wsj.com/finance?mod=nav_top_section
URLs checked: 3398 
Pages crawled: 1146 
Rejected: 1290 
Bloom filter conflicts: 918 
(64.98% total skipped)
Most recent URL: https://www.addtoany.com/buttons/customize/wordpress
URLs checked: 3400 
Pages crawled: 1147 
Rejected: 1291 
Bloom filter conflicts: 918 
(64.97% total skipped)
Most recent URL: https://www.loc.gov/collections/interviews-following-the-attack-on-pearl-harbor/about-this-collection/
URLs checked: 3404 
Pages crawled: 1148 
Rejected: 1291 
Bloom filter conflicts: 921 
(64.98% total skipped)
Most recent URL: https://gnu.org/server/select-language.html?callback=/philosophy/sco/sco.html
URLs checked: 3405 
Pages crawled: 1149 
Rejected: 1291 
Bloom filter conflicts: 921 
(64.96% total skipped)
Most recent URL: https://t-mobile.com/responsibility/legal?INTNAV=tNav%3AResponsibility%3ALegalCenter
URLs checked: 3406 
Pages crawled: 1150 
Rejected: 1291 
Bloom filter conflicts: 921 
(64.94% total skipped)
Most recent URL: https://time.com/collection/100-most-influential-people-2023/6269897/patrick-mahomes-ii/
URLs checked: 3408 
Pages crawled: 1151 
Rejected: 1291 
Bloom filter conflicts: 922 
(64.94% total skipped)
Most recent URL: https://hipages.com.au/find/electricians/vic/melbourne
URLs checked: 3413 
Pages crawled: 1152 
Rejected: 1295 
Bloom filter conflicts: 922 
(64.96% total skipped)
Most recent URL: https://www.cnet.com/tech/services-and-software/disney-plus-netflix-max-how-to-pay-less-for-your-streaming-services/
URLs checked: 3414 
Pages crawled: 1153 
Rejected: 1295 
Bloom filter conflicts: 922 
(64.94% total skipped)
Most recent URL: https://www.dnsmadeeasy.com/pricing
URLs checked: 3415 
Pages crawled: 1154 
Rejected: 1295 
Bloom filter conflicts: 922 
(64.92% total skipped)
Most recent URL: https://www.healthline.com/health/anorectal-abscess
URLs checked: 3416 
Pages crawled: 1155 
Rejected: 1295 
Bloom filter conflicts: 922 
(64.90% total skipped)
Most recent URL: https://www.google.com.br/setprefdomain?prefdom=US&sig=K_g351lKEBMTtvh-JUEskdJSlb5iA%3D
URLs checked: 3418 
Pages crawled: 1156 
Rejected: 1295 
Bloom filter conflicts: 923 
(64.89% total skipped)
Most recent URL: https://stackoverflow.com/questions/tagged/r+list
URLs checked: 3419 
Pages crawled: 1157 
Rejected: 1295 
Bloom filter conflicts: 923 
(64.87% total skipped)
Most recent URL: https://blog.digitalocean.com/introducing-control-panel-dashboard/
URLs checked: 3420 
Pages crawled: 1158 
Rejected: 1295 
Bloom filter conflicts: 923 
(64.85% total skipped)
Most recent URL: https://careers.media.net/business-operations
URLs checked: 3424 
Pages crawled: 1159 
Rejected: 1298 
Bloom filter conflicts: 923 
(64.87% total skipped)
Most recent URL: https://ring.com/products/video-doorbell-v2-certified-refurbished
URLs checked: 3444 
Pages crawled: 1160 
Rejected: 1313 
Bloom filter conflicts: 927 
(65.04% total skipped)
Most recent URL: https://time.com/6339879/trial-beheading-samuel-paty-france/
URLs checked: 3447 
Pages crawled: 1161 
Rejected: 1315 
Bloom filter conflicts: 927 
(65.04% total skipped)
Most recent URL: https://www.tradingview.com/chart/BTCUSD/KJRy7Auf-Bitcoin-is-ending-no-new-high-coming-in-2025/
URLs checked: 3448 
Pages crawled: 1162 
Rejected: 1315 
Bloom filter conflicts: 927 
(65.02% total skipped)
Most recent URL: https://support.dnsmadeeasy.com/support/solutions/folders/47000660926
URLs checked: 3455 
Pages crawled: 1163 
Rejected: 1315 
Bloom filter conflicts: 933 
(65.07% total skipped)
Most recent URL: https://www.loc.gov/collections/fsa-owi-black-and-white-negatives
URLs checked: 3457 
Pages crawled: 1164 
Rejected: 1315 
Bloom filter conflicts: 934 
(65.06% total skipped)
Most recent URL: https://ca.gov/
URLs checked: 3458 
Pages crawled: 1165 
Rejected: 1315 
Bloom filter conflicts: 934 
(65.04% total skipped)
Most recent URL: https://addtoany.com/services/x_button
URLs checked: 3461 
Pages crawled: 1166 
Rejected: 1317 
Bloom filter conflicts: 934 
(65.04% total skipped)
Most recent URL: https://icloud-content.com/localization/
URLs checked: 3469 
Pages crawled: 1167 
Rejected: 1324 
Bloom filter conflicts: 934 
(65.09% total skipped)
Most recent URL: https://www.cnet.com/tech/services-and-software/disney-plus-price-hike-what-it-means-for-your-next-bill-and-ways-to-save/
URLs checked: 3470 
Pages crawled: 1168 
Rejected: 1324 
Bloom filter conflicts: 934 
(65.07% total skipped)
Most recent URL: https://sophos.com/en-us/products/sophos-factory
URLs checked: 3471 
Pages crawled: 1169 
Rejected: 1324 
Bloom filter conflicts: 934 
(65.05% total skipped)
Most recent URL: https://www.cnbc.com/the-exchange/
URLs checked: 3472 
Pages crawled: 1170 
Rejected: 1324 
Bloom filter conflicts: 934 
(65.03% total skipped)
Most recent URL: https://store.steampowered.com/app/1681430/RoboCop_Rogue_City/?snr=1_4_660__145
URLs checked: 3473 
Pages crawled: 1171 
Rejected: 1324 
Bloom filter conflicts: 934 
(65.02% total skipped)
Most recent URL: https://hipages.com.au/find/glass_glazier/north_west_melbourne_region
URLs checked: 3474 
Pages crawled: 1172 
Rejected: 1324 
Bloom filter conflicts: 934 
(65.00% total skipped)
Most recent URL: https://www.wsj.com/science/biology?mod=nav_top_subsection
URLs checked: 3476 
Pages crawled: 1173 
Rejected: 1325 
Bloom filter conflicts: 934 
(64.99% total skipped)
Most recent URL: https://go.eset.com/renew/
URLs checked: 3477 
Pages crawled: 1174 
Rejected: 1325 
Bloom filter conflicts: 934 
(64.97% total skipped)
Most recent URL: https://careers.media.net/product-marketing
URLs checked: 3482 
Pages crawled: 1175 
Rejected: 1326 
Bloom filter conflicts: 937 
(64.99% total skipped)
Most recent URL: https://www.outbrain.com/engage
URLs checked: 3483 
Pages crawled: 1176 
Rejected: 1326 
Bloom filter conflicts: 937 
(64.97% total skipped)
Most recent URL: https://www.healthline.com/health/idiopathic-thrombocytopenic-purpura-itp
URLs checked: 3484 
Pages crawled: 1177 
Rejected: 1326 
Bloom filter conflicts: 937 
(64.95% total skipped)
Most recent URL: https://newrelic.com/instant-observability/activerecord
URLs checked: 3485 
Pages crawled: 1178 
Rejected: 1326 
Bloom filter conflicts: 937 
(64.94% total skipped)
Most recent URL: https://npr.org/sections/theater/
URLs checked: 3486 
Pages crawled: 1179 
Rejected: 1326 
Bloom filter conflicts: 937 
(64.92% total skipped)
Most recent URL: https://stackoverflow.com/questions/tagged/pip
URLs checked: 3487 
Pages crawled: 1180 
Rejected: 1326 
Bloom filter conflicts: 937 
(64.90% total skipped)
Most recent URL: https://google.com.br/websearch/answer/2649515?hl=en&ref_topic=1733202
URLs checked: 3490 
Pages crawled: 1181 
Rejected: 1327 
Bloom filter conflicts: 938 
(64.90% total skipped)
Most recent URL: https://www.mayoclinic.org/patient-visitor-guide
URLs checked: 3498 
Pages crawled: 1182 
Rejected: 1330 
Bloom filter conflicts: 942 
(64.95% total skipped)
Most recent URL: https://www.addtoany.com/buttons/customize/floating_share_buttons
URLs checked: 3499 
Pages crawled: 1183 
Rejected: 1330 
Bloom filter conflicts: 942 
(64.93% total skipped)
Most recent URL: https://gnu.org/server/select-language.html?goto=/philosophy/sco/sco.html;language=reset
URLs checked: 3500 
Pages crawled: 1184 
Rejected: 1330 
Bloom filter conflicts: 942 
(64.91% total skipped)
Most recent URL: https://docs.digitalocean.com/products/app-platform/getting-started/deploy-etherpad/
URLs checked: 3501 
Pages crawled: 1185 
Rejected: 1330 
Bloom filter conflicts: 942 
(64.90% total skipped)
Most recent URL: https://time.com/6317170/covid-19-new-variant-vaccine-essay/
URLs checked: 3502 
Pages crawled: 1186 
Rejected: 1330 
Bloom filter conflicts: 942 
(64.88% total skipped)
Most recent URL: https://www.braze.com/docs/developer_guide/platform_integration_guides/roku/initial_sdk_setup/
URLs checked: 3504 
Pages crawled: 1187 
Rejected: 1331 
Bloom filter conflicts: 942 
(64.87% total skipped)
Most recent URL: https://www.blogger.com/?tab=uu
URLs checked: 3515 
Pages crawled: 1188 
Rejected: 1331 
Bloom filter conflicts: 952 
(64.95% total skipped)
Most recent URL: https://careers.media.net/design/
URLs checked: 3530 
Pages crawled: 1189 
Rejected: 1336 
Bloom filter conflicts: 961 
(65.07% total skipped)
Most recent URL: https://dnsmadeeasy.com/post/fast-global-dns-presence-in-sydney-au
Could not process outbrain.com: The markup you provided was rejected by the parser. Trying a different parser or a different encoding may help.

Original exception(s) from parser:
 expected name token at '<![ï¿½s\x19Ç•-iï¿½\x03\x05\x0eï¿½ï¿½lï¿½ï¿½Vï¿½'
URLs checked: 3537 
Pages crawled: 1190 
Rejected: 1339 
Bloom filter conflicts: 963 
(65.08% total skipped)
Most recent URL: https://tradingview.com/chart/?symbol=SP%3ASPX
URLs checked: 3544 
Pages crawled: 1191 
Rejected: 1343 
Bloom filter conflicts: 965 
(65.12% total skipped)
Most recent URL: https://stackoverflow.com/posts/46576332/edit
URLs checked: 3545 
Pages crawled: 1192 
Rejected: 1343 
Bloom filter conflicts: 965 
(65.11% total skipped)
Most recent URL: https://www.att.com/buy/phones/samsung-galaxy-z-fold5.html
URLs checked: 3553 
Pages crawled: 1193 
Rejected: 1348 
Bloom filter conflicts: 967 
(65.16% total skipped)
Most recent URL: https://store.steampowered.com/replay?src=7&snr=1_communityrecommendations_4__12
URLs checked: 3555 
Pages crawled: 1194 
Rejected: 1349 
Bloom filter conflicts: 967 
(65.15% total skipped)
Most recent URL: https://www.loc.gov/collections/?fa=subject_topic:art+%26+architecture%7Csubject_topic:literature+%26+poetry
URLs checked: 3556 
Pages crawled: 1195 
Rejected: 1349 
Bloom filter conflicts: 967 
(65.13% total skipped)
Most recent URL: https://www.addtoany.com/ext/google_analytics/
URLs checked: 3557 
Pages crawled: 1196 
Rejected: 1349 
Bloom filter conflicts: 967 
(65.11% total skipped)
Most recent URL: https://google.com.br/intl/en/home/campaigns/app-ads/
URLs checked: 3559 
Pages crawled: 1197 
Rejected: 1350 
Bloom filter conflicts: 967 
(65.10% total skipped)
Most recent URL: https://my.t-mobile.com/account/account-overview
URLs checked: 3560 
Pages crawled: 1198 
Rejected: 1350 
Bloom filter conflicts: 967 
(65.08% total skipped)
Most recent URL: https://ring.com/products/security-system-alarm-pro-13-eero-6-extender-bundle
URLs checked: 3561 
Pages crawled: 1199 
Rejected: 1350 
Bloom filter conflicts: 967 
(65.07% total skipped)
Most recent URL: https://careers.media.net/product-marketing/product-marketing-manager/
URLs checked: 3562 
Pages crawled: 1200 
Rejected: 1350 
Bloom filter conflicts: 967 
(65.05% total skipped)
Most recent URL: https://ca.gov/contact/
URLs checked: 3563 
Pages crawled: 1201 
Rejected: 1350 
Bloom filter conflicts: 967 
(65.03% total skipped)
Most recent URL: https://www.cnet.com/tech/mobile/best-airpods-pro-accessories/
URLs checked: 3565 
Pages crawled: 1202 
Rejected: 1350 
Bloom filter conflicts: 968 
(65.02% total skipped)
Most recent URL: https://www.cnbc.com/2023/11/10/oil-is-struggling-this-week-but-could-primed-for-a-near-term-bounce-analysts-say.html
URLs checked: 3567 
Pages crawled: 1203 
Rejected: 1351 
Bloom filter conflicts: 968 
(65.01% total skipped)
Most recent URL: https://www.wix.com/about/privacy-dpa-users
URLs checked: 3568 
Pages crawled: 1204 
Rejected: 1351 
Bloom filter conflicts: 968 
(64.99% total skipped)
Most recent URL: https://time.com/collection/must-read-books-2023/6332658/the-wager/
URLs checked: 3569 
Pages crawled: 1205 
Rejected: 1351 
Bloom filter conflicts: 968 
(64.98% total skipped)
Most recent URL: https://nature.com/articles/d41586-023-03614-1
URLs checked: 3570 
Pages crawled: 1206 
Rejected: 1351 
Bloom filter conflicts: 968 
(64.96% total skipped)
Most recent URL: https://www.npr.org/podcasts/510365/the-limits-with-jay-williams
URLs checked: 3571 
Pages crawled: 1207 
Rejected: 1351 
Bloom filter conflicts: 968 
(64.94% total skipped)
Most recent URL: https://www.mayoclinic.org/diseases-conditions/broken-hand/symptoms-causes/syc-20450240
URLs checked: 3573 
Pages crawled: 1208 
Rejected: 1351 
Bloom filter conflicts: 969 
(64.93% total skipped)
Most recent URL: https://www.wsj.com/world/russia?mod=nav_top_subsection
URLs checked: 3575 
Pages crawled: 1209 
Rejected: 1352 
Bloom filter conflicts: 969 
(64.92% total skipped)
Most recent URL: https://support.dnsmadeeasy.com/support/solutions/articles/47000967442-delete-mail-server-forwarding
URLs checked: 3577 
Pages crawled: 1210 
Rejected: 1353 
Bloom filter conflicts: 969 
(64.91% total skipped)
Most recent URL: https://docs.digitalocean.com/products/billing/taxes/chl/
URLs checked: 3578 
Pages crawled: 1211 
Rejected: 1353 
Bloom filter conflicts: 969 
(64.90% total skipped)
Most recent URL: https://icloud-content.com/fonts/
URLs checked: 3587 
Pages crawled: 1212 
Rejected: 1361 
Bloom filter conflicts: 969 
(64.96% total skipped)
Most recent URL: https://www.tradingview.com/scripts/
URLs checked: 3588 
Pages crawled: 1213 
Rejected: 1361 
Bloom filter conflicts: 969 
(64.94% total skipped)
Most recent URL: https://www.braze.com/docs/developer_guide/platform_integration_guides/ios/in-app_messaging/customization/behavior_on_click/
URLs checked: 3605 
Pages crawled: 1214 
Rejected: 1371 
Bloom filter conflicts: 975 
(65.08% total skipped)
Most recent URL: https://www.healthline.com/health/what-size-hiatal-hernia-needs-surgery?utm_source=ReadNext
URLs checked: 3616 
Pages crawled: 1215 
Rejected: 1378 
Bloom filter conflicts: 978 
(65.15% total skipped)
Most recent URL: https://one.newrelic.com/launcher/catalog-pack-details.launcher/?pane=eyJuZXJkbGV0SWQiOiAiY2F0YWxvZy1wYWNrLWRldGFpbHMuY2F0YWxvZy1wYWNrLWNvbnRlbnRzIiwgImlzT25ib2FyZGluZyI6ICJ0cnVlIiwgInF1aWNrc3RhcnRJZCI6IjE2NTE2ZTM0LWE5MDYtNGU1YS1hMTczLTFjZTU3YTk2MzM5ZSJ9
URLs checked: 3624 
Pages crawled: 1216 
Rejected: 1380 
Bloom filter conflicts: 983 
(65.20% total skipped)
Most recent URL: https://gnu.org/gnu/why-programs-should-be-shared.html
URLs checked: 3625 
Pages crawled: 1217 
Rejected: 1380 
Bloom filter conflicts: 983 
(65.19% total skipped)
Most recent URL: https://stackoverflow.com/users/641768/zacariaz
URLs checked: 3629 
Pages crawled: 1218 
Rejected: 1383 
Bloom filter conflicts: 983 
(65.20% total skipped)
Most recent URL: https://google.com.br/faq?hl=en&fg=1
URLs checked: 3636 
Pages crawled: 1219 
Rejected: 1388 
Bloom filter conflicts: 984 
(65.24% total skipped)
Most recent URL: https://careers.media.net/business-operations/
URLs checked: 3645 
Pages crawled: 1220 
Rejected: 1391 
Bloom filter conflicts: 989 
(65.29% total skipped)
Most recent URL: https://addtoany.com/services/mixi_button
URLs checked: 3646 
Pages crawled: 1221 
Rejected: 1391 
Bloom filter conflicts: 989 
(65.28% total skipped)
Most recent URL: https://ring.com/products/wedge-kit-for-video-doorbell-2
URLs checked: 3649 
Pages crawled: 1222 
Rejected: 1392 
Bloom filter conflicts: 990 
(65.28% total skipped)
Most recent URL: https://mailchimp.com/developer/transactional/docs/webhooks/
URLs checked: 3650 
Pages crawled: 1223 
Rejected: 1392 
Bloom filter conflicts: 990 
(65.26% total skipped)
Most recent URL: https://www.t-mobile.com/cell-phone/apple-iphone-15-pro
URLs checked: 3651 
Pages crawled: 1224 
Rejected: 1392 
Bloom filter conflicts: 990 
(65.24% total skipped)
Most recent URL: https://store.steampowered.com/subscriber_agreement/?snr=1_2500_4__global-responsive-menu
URLs checked: 3652 
Pages crawled: 1225 
Rejected: 1392 
Bloom filter conflicts: 990 
(65.22% total skipped)
Most recent URL: https://time.com/6121333/king-richard-review/
URLs checked: 3655 
Pages crawled: 1226 
Rejected: 1394 
Bloom filter conflicts: 990 
(65.23% total skipped)
Most recent URL: https://www.ca.gov/services/
URLs checked: 3660 
Pages crawled: 1227 
Rejected: 1396 
Bloom filter conflicts: 992 
(65.25% total skipped)
Most recent URL: https://www.cnbc.com/anmar-frangoul-profile--cnbc/
URLs checked: 3661 
Pages crawled: 1228 
Rejected: 1396 
Bloom filter conflicts: 992 
(65.23% total skipped)
Most recent URL: https://dnsmadeeasy.com/checkout
URLs checked: 3662 
Pages crawled: 1229 
Rejected: 1396 
Bloom filter conflicts: 992 
(65.21% total skipped)
Most recent URL: https://www.npr.org/2023/11/21/1197958421/dark-defaults-political-campaigns-donors
URLs checked: 3663 
Pages crawled: 1230 
Rejected: 1396 
Bloom filter conflicts: 992 
(65.19% total skipped)
Most recent URL: https://stackoverflow.com/questions/77553804/trying-to-play-video-and-record-user-experesion-with-camera-angular
URLs checked: 3664 
Pages crawled: 1231 
Rejected: 1396 
Bloom filter conflicts: 992 
(65.17% total skipped)
Most recent URL: https://www.mayoclinic.org/about-mayo-clinic/medical-innovation
URLs checked: 3665 
Pages crawled: 1232 
Rejected: 1396 
Bloom filter conflicts: 992 
(65.16% total skipped)
Most recent URL: https://hipages.com.au/find/handyman/act/canberra
URLs checked: 3667 
Pages crawled: 1233 
Rejected: 1397 
Bloom filter conflicts: 992 
(65.15% total skipped)
Most recent URL: https://google.com.br/websearch/topic/9749819?hl=en&ref_topic=1733202
URLs checked: 3679 
Pages crawled: 1234 
Rejected: 1406 
Bloom filter conflicts: 994 
(65.24% total skipped)
Most recent URL: https://www.cnet.com/tech/computing/best-desktop-computer/
URLs checked: 3680 
Pages crawled: 1235 
Rejected: 1406 
Bloom filter conflicts: 994 
(65.22% total skipped)
Most recent URL: https://icloud-content.com/education/
URLs checked: 3684 
Pages crawled: 1236 
Rejected: 1408 
Bloom filter conflicts: 995 
(65.23% total skipped)
Most recent URL: https://time.com/collection/must-read-books-2023/6332233/the-young-man/
URLs checked: 3692 
Pages crawled: 1237 
Rejected: 1414 
Bloom filter conflicts: 996 
(65.28% total skipped)
Most recent URL: https://careers.media.net/product-management-operations
URLs checked: 3699 
Pages crawled: 1238 
Rejected: 1414 
Bloom filter conflicts: 1002 
(65.31% total skipped)
Most recent URL: https://support.dnsmadeeasy.com/support/solutions/folders/47000660927 
URLs checked: 3702 
Pages crawled: 1239 
Rejected: 1416 
Bloom filter conflicts: 1002 
(65.32% total skipped)
Most recent URL: https://addtoany.com/buttons/customize/wordpress/follow_buttons
URLs checked: 3704 
Pages crawled: 1240 
Rejected: 1416 
Bloom filter conflicts: 1003 
(65.31% total skipped)
Most recent URL: https://ring.com/products/video-doorbell-v2-stick-up-cam-battery-bundle
URLs checked: 3707 
Pages crawled: 1241 
Rejected: 1418 
Bloom filter conflicts: 1003 
(65.31% total skipped)
Most recent URL: https://intel.com
URLs checked: 3710 
Pages crawled: 1242 
Rejected: 1418 
Bloom filter conflicts: 1005 
(65.31% total skipped)
Most recent URL: https://stackoverflow.com/collectives/nlp/beta/discussions/77538848/xlm-roberta-train-for-questions-answering
URLs checked: 3711 
Pages crawled: 1243 
Rejected: 1418 
Bloom filter conflicts: 1005 
(65.29% total skipped)
Most recent URL: https://www.npr.org/2023/11/03/1210400843/meg-ryan-what-happens-later-movie-david-duchovny
URLs checked: 3712 
Pages crawled: 1244 
Rejected: 1418 
Bloom filter conflicts: 1005 
(65.27% total skipped)
Most recent URL: https://store.steampowered.com/about/?snr=1_16_16_creator_global-header&curator_clanid=41623050
URLs checked: 3713 
Pages crawled: 1245 
Rejected: 1418 
Bloom filter conflicts: 1005 
(65.26% total skipped)
Most recent URL: https://cybersecurity.att.com/products/ivanti
URLs checked: 3714 
Pages crawled: 1246 
Rejected: 1418 
Bloom filter conflicts: 1005 
(65.24% total skipped)
Most recent URL: https://hipages.com.au/find/floor_sanding
URLs checked: 3715 
Pages crawled: 1247 
Rejected: 1418 
Bloom filter conflicts: 1005 
(65.22% total skipped)
Most recent URL: https://tradingview.com/symbols/NASDAQ-INTU/
URLs checked: 3716 
Pages crawled: 1248 
Rejected: 1418 
Bloom filter conflicts: 1005 
(65.20% total skipped)
Most recent URL: https://www.mayoclinic.org/departments-centers/international/financial-services
URLs checked: 3717 
Pages crawled: 1249 
Rejected: 1418 
Bloom filter conflicts: 1005 
(65.19% total skipped)
Most recent URL: https://www.sophos.com/en-us/whitepaper/mdr-buyers-guide
URLs checked: 3718 
Pages crawled: 1250 
Rejected: 1418 
Bloom filter conflicts: 1005 
(65.17% total skipped)
Most recent URL: https://www.cnbc.com/2023/02/10/bidens-student-loan-forgiveness-most-needed-by-black-americans.html
URLs checked: 3721 
Pages crawled: 1251 
Rejected: 1418 
Bloom filter conflicts: 1007 
(65.17% total skipped)
Most recent URL: https://www.eset.com/int/business/mail-protection/
URLs checked: 3723 
Pages crawled: 1252 
Rejected: 1419 
Bloom filter conflicts: 1007 
(65.16% total skipped)
Most recent URL: https://theverge.com
URLs checked: 3724 
Pages crawled: 1253 
Rejected: 1419 
Bloom filter conflicts: 1007 
(65.15% total skipped)
Most recent URL: https://time.com/charter/6224301/wall-street-office-return/
URLs checked: 3726 
Pages crawled: 1254 
Rejected: 1419 
Bloom filter conflicts: 1008 
(65.14% total skipped)
Most recent URL: https://blog.digitalocean.com/products/paperspace
URLs checked: 3731 
Pages crawled: 1255 
Rejected: 1420 
Bloom filter conflicts: 1011 
(65.16% total skipped)
Most recent URL: https://google.com.br/intl/en/home/tools/api/
URLs checked: 3732 
Pages crawled: 1256 
Rejected: 1420 
Bloom filter conflicts: 1011 
(65.14% total skipped)
Most recent URL: https://www.t-mobile.com/signin?state=eyJpbnRlbnQiOiJMb2dpbiIsImJvb2ttYXJrVXJsIjoiaHR0cHM6Ly93d3cudC1tb2JpbGUuY29tL2hvbWUtaW50ZXJuZXQvY2hlY2stZWxpZ2liaWxpdHkifQ==&INTNAV=tNav:LogI
URLs checked: 3736 
Pages crawled: 1257 
Rejected: 1422 
Bloom filter conflicts: 1012 
(65.15% total skipped)
Most recent URL: https://mailchimp.com/developer/transactional/api/
URLs checked: 3738 
Pages crawled: 1258 
Rejected: 1422 
Bloom filter conflicts: 1013 
(65.14% total skipped)
Most recent URL: https://www.cnet.com/tech/mobile/sony-beats-bose-apple-new-headphones-and-earbuds-im-looking-forward-to/
URLs checked: 3741 
Pages crawled: 1259 
Rejected: 1424 
Bloom filter conflicts: 1013 
(65.14% total skipped)
Most recent URL: https://www.addtoany.com/buttons/customize/linkedin_share_button
URLs checked: 3742 
Pages crawled: 1260 
Rejected: 1424 
Bloom filter conflicts: 1013 
(65.13% total skipped)
Most recent URL: https://icloud-content.com/entrepreneur-camp/
URLs checked: 3748 
Pages crawled: 1261 
Rejected: 1429 
Bloom filter conflicts: 1013 
(65.15% total skipped)
Most recent URL: https://www.braze.com/docs/developer_guide/platform_integration_guides/roku/in-app_messaging/overview/
URLs checked: 3749 
Pages crawled: 1262 
Rejected: 1429 
Bloom filter conflicts: 1013 
(65.14% total skipped)
Most recent URL: https://www.wsj.com/news/author/jason-zweig?mod=nav_top_subsection
URLs checked: 3750 
Pages crawled: 1263 
Rejected: 1429 
Bloom filter conflicts: 1013 
(65.12% total skipped)
Most recent URL: https://careers.media.net/information-technology
URLs checked: 3752 
Pages crawled: 1264 
Rejected: 1429 
Bloom filter conflicts: 1014 
(65.11% total skipped)
Most recent URL: https://docs.digitalocean.com/reference/api/api-reference/
URLs checked: 3754 
Pages crawled: 1265 
Rejected: 1430 
Bloom filter conflicts: 1014 
(65.10% total skipped)
Most recent URL: https://ca.gov/service/?item=Look-Up-My-Representatives
URLs checked: 3756 
Pages crawled: 1266 
Rejected: 1431 
Bloom filter conflicts: 1014 
(65.10% total skipped)
Most recent URL: https://ring.com/products/open-window-magnet-v2
URLs checked: 3757 
Pages crawled: 1267 
Rejected: 1431 
Bloom filter conflicts: 1014 
(65.08% total skipped)
Most recent URL: https://gnu.org/philosophy/economics_frank/
URLs checked: 3758 
Pages crawled: 1268 
Rejected: 1431 
Bloom filter conflicts: 1014 
(65.06% total skipped)
Most recent URL: https://stackoverflow.com/users/13790355/aaron-gao
URLs checked: 3759 
Pages crawled: 1269 
Rejected: 1431 
Bloom filter conflicts: 1014 
(65.04% total skipped)
Most recent URL: https://www.npr.org/2023/11/27/1199885880/giving-tuesday-how-to-donate-to-a-charity-with-purpose-and-intention
URLs checked: 3760 
Pages crawled: 1270 
Rejected: 1431 
Bloom filter conflicts: 1014 
(65.03% total skipped)
Most recent URL: https://support.wix.com/en/wix-email-marketing/creating-your-email-campaigns
URLs checked: 3761 
Pages crawled: 1271 
Rejected: 1431 
Bloom filter conflicts: 1014 
(65.01% total skipped)
Most recent URL: https://www.sophos.com/en-us/solutions/compliance/pci-dss
URLs checked: 3762 
Pages crawled: 1272 
Rejected: 1431 
Bloom filter conflicts: 1014 
(64.99% total skipped)
Most recent URL: https://www.cnbc.com/select/best-resale-apps-and-websites/
URLs checked: 3765 
Pages crawled: 1273 
Rejected: 1433 
Bloom filter conflicts: 1014 
(64.99% total skipped)
Most recent URL: https://time.com/6307420/taylor-swift-eras-tour-money-economy/
URLs checked: 3769 
Pages crawled: 1274 
Rejected: 1434 
Bloom filter conflicts: 1016 
(65.00% total skipped)
Most recent URL: https://partners.entrust.net/
URLs checked: 3772 
Pages crawled: 1275 
Rejected: 1436 
Bloom filter conflicts: 1016 
(65.01% total skipped)
Most recent URL: https://google.com.br/websearch/answer/13404107?hl=en&ref_topic=3036132
URLs checked: 3774 
Pages crawled: 1276 
Rejected: 1437 
Bloom filter conflicts: 1016 
(65.00% total skipped)
Most recent URL: https://hipages.com.au/find/roof_repairs_repointing/vic/docklands
URLs checked: 3780 
Pages crawled: 1277 
Rejected: 1439 
Bloom filter conflicts: 1019 
(65.03% total skipped)
Most recent URL: https://theverge.com/2023/11/27/23977888/pushkin-industries-former-head-of-content-on-what-went-wrong-at-the-company
URLs checked: 3781 
Pages crawled: 1278 
Rejected: 1439 
Bloom filter conflicts: 1019 
(65.01% total skipped)
Most recent URL: https://www.t-mobile.com/cell-phone-plans/affordable-data-plans/smartwatches?INTNAV=fNav%3AEvenMorePlans%3ASmartwatchDataPlans
URLs checked: 3782 
Pages crawled: 1279 
Rejected: 1439 
Bloom filter conflicts: 1019 
(64.99% total skipped)
Most recent URL: https://www.healthline.com/symptom/dehydration
URLs checked: 3784 
Pages crawled: 1280 
Rejected: 1439 
Bloom filter conflicts: 1020 
(64.98% total skipped)
Most recent URL: https://tradingview.com/symbols/NYSE-IBM/
URLs checked: 3789 
Pages crawled: 1281 
Rejected: 1442 
Bloom filter conflicts: 1021 
(65.00% total skipped)
Most recent URL: https://careers.media.net/product-marketing/
URLs checked: 3792 
Pages crawled: 1282 
Rejected: 1443 
Bloom filter conflicts: 1022 
(65.01% total skipped)
Most recent URL: https://www.google.com.br/terms/archive?hl=en&fg=1
URLs checked: 3796 
Pages crawled: 1283 
Rejected: 1446 
Bloom filter conflicts: 1022 
(65.02% total skipped)
Most recent URL: https://intel.com/
URLs checked: 3798 
Pages crawled: 1284 
Rejected: 1446 
Bloom filter conflicts: 1023 
(65.01% total skipped)
Most recent URL: https://www.braze.com/docs/developer_guide/platform_integration_guides/ios/content_cards/integration/
URLs checked: 3800 
Pages crawled: 1285 
Rejected: 1447 
Bloom filter conflicts: 1023 
(65.00% total skipped)
Most recent URL: https://www.wsj.com/news/economy?mod=nav_top_section
URLs checked: 3809 
Pages crawled: 1286 
Rejected: 1452 
Bloom filter conflicts: 1026 
(65.06% total skipped)
Most recent URL: https://catalog.loc.gov/vwebv/sendFeedback?page=
URLs checked: 3815 
Pages crawled: 1287 
Rejected: 1453 
Bloom filter conflicts: 1030 
(65.09% total skipped)
Most recent URL: https://docs.digitalocean.com/products/storage/
URLs checked: 3816 
Pages crawled: 1288 
Rejected: 1453 
Bloom filter conflicts: 1030 
(65.07% total skipped)
Most recent URL: https://time.com/6338200/hamas-truce-israel-hostage-talks/
URLs checked: 3820 
Pages crawled: 1289 
Rejected: 1453 
Bloom filter conflicts: 1033 
(65.08% total skipped)
Most recent URL: https://www.dnsmadeeasy.com/support
URLs checked: 3821 
Pages crawled: 1290 
Rejected: 1453 
Bloom filter conflicts: 1033 
(65.06% total skipped)
Most recent URL: https://nature.com/articles/210073c0
URLs checked: 3822 
Pages crawled: 1291 
Rejected: 1453 
Bloom filter conflicts: 1033 
(65.04% total skipped)
Most recent URL: https://www.npr.org/series/1092291871/really-into
URLs checked: 3824 
Pages crawled: 1292 
Rejected: 1454 
Bloom filter conflicts: 1033 
(65.04% total skipped)
Most recent URL: https://icloud-content.com/swift-playgrounds/
URLs checked: 3837 
Pages crawled: 1293 
Rejected: 1466 
Bloom filter conflicts: 1033 
(65.13% total skipped)
Most recent URL: https://sophos.com/en-us/marketplace/server-eye
URLs checked: 3838 
Pages crawled: 1294 
Rejected: 1466 
Bloom filter conflicts: 1033 
(65.11% total skipped)
Most recent URL: https://stackoverflow.com/questions/tagged/google-vision
URLs checked: 3844 
Pages crawled: 1295 
Rejected: 1470 
Bloom filter conflicts: 1034 
(65.14% total skipped)
Most recent URL: https://google.com.br/websearch/answer/1710607?hl=en&ref_topic=9255574
URLs checked: 3846 
Pages crawled: 1296 
Rejected: 1471 
Bloom filter conflicts: 1034 
(65.13% total skipped)
Most recent URL: https://ring.com/products/battery-doorbell-plus-stick-up-cam-bundle
URLs checked: 3849 
Pages crawled: 1297 
Rejected: 1472 
Bloom filter conflicts: 1035 
(65.13% total skipped)
Most recent URL: https://www.healthline.com/health/how-long-does-it-take-for-std-to-show-up
URLs checked: 3850 
Pages crawled: 1298 
Rejected: 1472 
Bloom filter conflicts: 1035 
(65.12% total skipped)
Most recent URL: https://hipages.com.au/find/pergola/wa/secret_harbour
URLs checked: 3853 
Pages crawled: 1299 
Rejected: 1473 
Bloom filter conflicts: 1036 
(65.12% total skipped)
Most recent URL: https://addtoany.com/services/printfriendly_button
URLs checked: 3857 
Pages crawled: 1300 
Rejected: 1476 
Bloom filter conflicts: 1036 
(65.13% total skipped)
Most recent URL: https://gnu.org/fun/jokes/rectium.html
URLs checked: 3861 
Pages crawled: 1301 
Rejected: 1479 
Bloom filter conflicts: 1036 
(65.14% total skipped)
Most recent URL: https://careers.media.net/system-operations
URLs checked: 3866 
Pages crawled: 1302 
Rejected: 1482 
Bloom filter conflicts: 1037 
(65.16% total skipped)
Most recent URL: https://ca.gov/working/
URLs checked: 3867 
Pages crawled: 1303 
Rejected: 1482 
Bloom filter conflicts: 1037 
(65.14% total skipped)
Most recent URL: https://theverge.com/about-the-verge
URLs checked: 3869 
Pages crawled: 1304 
Rejected: 1482 
Bloom filter conflicts: 1038 
(65.13% total skipped)
Most recent URL: https://store.steampowered.com/about
URLs checked: 3871 
Pages crawled: 1305 
Rejected: 1483 
Bloom filter conflicts: 1038 
(65.13% total skipped)
Most recent URL: https://tradingview.com/symbols/NYSE-MCD/financials-statistics-and-ratios/float-shares-outstanding/
URLs checked: 3873 
Pages crawled: 1306 
Rejected: 1484 
Bloom filter conflicts: 1038 
(65.12% total skipped)
Most recent URL: https://newrelic.com/instant-observability/aws-ecs-ecr
URLs checked: 3874 
Pages crawled: 1307 
Rejected: 1484 
Bloom filter conflicts: 1038 
(65.10% total skipped)
Most recent URL: https://www.wix.com/blog/what-is-ux-design
URLs checked: 3875 
Pages crawled: 1308 
Rejected: 1484 
Bloom filter conflicts: 1038 
(65.08% total skipped)
Most recent URL: https://www.mayoclinic.org/departments-centers/psychiatry
URLs checked: 3876 
Pages crawled: 1309 
Rejected: 1484 
Bloom filter conflicts: 1038 
(65.07% total skipped)
Most recent URL: https://www.braze.com/docs/developer_guide/platform_integration_guides/android/analytics/disabling_tracking/
URLs checked: 3888 
Pages crawled: 1310 
Rejected: 1485 
Bloom filter conflicts: 1048 
(65.15% total skipped)
Most recent URL: https://www.wsj.com/digital-print-edition?mod=wsjheader
URLs checked: 3891 
Pages crawled: 1311 
Rejected: 1487 
Bloom filter conflicts: 1048 
(65.15% total skipped)
Most recent URL: https://time.com/collection/must-read-books-2023/6332713/above-ground/
URLs checked: 3892 
Pages crawled: 1312 
Rejected: 1487 
Bloom filter conflicts: 1048 
(65.13% total skipped)
Most recent URL: https://www.loc.gov/homepage/connect.html
URLs checked: 3893 
Pages crawled: 1313 
Rejected: 1487 
Bloom filter conflicts: 1048 
(65.12% total skipped)
Most recent URL: https://hipages.com.au/find/handyman/qld/moura
URLs checked: 3903 
Pages crawled: 1314 
Rejected: 1490 
Bloom filter conflicts: 1054 
(65.18% total skipped)
Most recent URL: https://www.addtoany.com/buttons/customize/wordpress/events
URLs checked: 3910 
Pages crawled: 1315 
Rejected: 1491 
Bloom filter conflicts: 1059 
(65.22% total skipped)
Most recent URL: https://stackoverflow.com/questions/77556444/null-checking-with-primary-constructor-in-c-sharp-12
URLs checked: 3915 
Pages crawled: 1316 
Rejected: 1494 
Bloom filter conflicts: 1060 
(65.24% total skipped)
Most recent URL: https://google.com.br/intl/en/commitments/
URLs checked: 3929 
Pages crawled: 1317 
Rejected: 1501 
Bloom filter conflicts: 1066 
(65.33% total skipped)
Most recent URL: https://www.ca.gov/visiting/
URLs checked: 3930 
Pages crawled: 1318 
Rejected: 1501 
Bloom filter conflicts: 1066 
(65.32% total skipped)
Most recent URL: https://www.media.net/karanjoinsiabtechlabboard/
URLs checked: 3938 
Pages crawled: 1319 
Rejected: 1502 
Bloom filter conflicts: 1072 
(65.36% total skipped)
Most recent URL: https://ring.com/canada-protect-plans
URLs checked: 3939 
Pages crawled: 1320 
Rejected: 1502 
Bloom filter conflicts: 1072 
(65.35% total skipped)
Most recent URL: https://intel.com/content/www/us/en/privacy/intel-privacy-notice.html
URLs checked: 3940 
Pages crawled: 1321 
Rejected: 1502 
Bloom filter conflicts: 1072 
(65.33% total skipped)
Most recent URL: https://icloud-content.com/swiftui/
URLs checked: 3943 
Pages crawled: 1322 
Rejected: 1504 
Bloom filter conflicts: 1072 
(65.33% total skipped)
Most recent URL: https://www.healthline.com/health/rheumatoid-arthritis/rheumatoid-arthritis-and-opioids
URLs checked: 3944 
Pages crawled: 1323 
Rejected: 1504 
Bloom filter conflicts: 1072 
(65.31% total skipped)
Most recent URL: https://sophos.com/en-us/content/why-sophos
URLs checked: 3950 
Pages crawled: 1324 
Rejected: 1509 
Bloom filter conflicts: 1072 
(65.34% total skipped)
Most recent URL: https://www.addtoany.com/buttons/for/email_newsletter
URLs checked: 3951 
Pages crawled: 1325 
Rejected: 1509 
Bloom filter conflicts: 1072 
(65.33% total skipped)
Most recent URL: https://time.com/4735505/the-lost-city-of-z-true-story/
URLs checked: 3989 
Pages crawled: 1326 
Rejected: 1517 
Bloom filter conflicts: 1101 
(65.63% total skipped)
Most recent URL: https://theverge.com/authors/justine-calma
URLs checked: 3993 
Pages crawled: 1327 
Rejected: 1520 
Bloom filter conflicts: 1101 
(65.64% total skipped)
Most recent URL: https://digitalocean.com/deploy
URLs checked: 3997 
Pages crawled: 1328 
Rejected: 1522 
Bloom filter conflicts: 1102 
(65.65% total skipped)
Most recent URL: https://www.mayoclinic.org/diseases-conditions/meralgia-paresthetica/symptoms-causes/syc-20355635
URLs checked: 3999 
Pages crawled: 1329 
Rejected: 1523 
Bloom filter conflicts: 1102 
(65.64% total skipped)
Most recent URL: https://www.braze.com/docs/developer_guide/platform_wide/sending_test_messages/
URLs checked: 4000 
Pages crawled: 1330 
Rejected: 1523 
Bloom filter conflicts: 1102 
(65.62% total skipped)
Most recent URL: https://www.wsj.com/news/types/obituaries?mod=nav_top_subsection
URLs checked: 4008 
Pages crawled: 1331 
Rejected: 1529 
Bloom filter conflicts: 1103 
(65.67% total skipped)
Most recent URL: https://support.dnsmadeeasy.com/support/solutions/articles/47000967445-configure-smtp-service
URLs checked: 4009 
Pages crawled: 1332 
Rejected: 1529 
Bloom filter conflicts: 1103 
(65.65% total skipped)
Most recent URL: https://careers.media.net/design/visual-designer/
URLs checked: 4012 
Pages crawled: 1333 
Rejected: 1529 
Bloom filter conflicts: 1105 
(65.65% total skipped)
Most recent URL: https://ring.com/
URLs checked: 4015 
Pages crawled: 1334 
Rejected: 1529 
Bloom filter conflicts: 1107 
(65.65% total skipped)
Most recent URL: https://www.intel.com/content/www/us/en/support.html?wapkw=quicklink:support
URLs checked: 4019 
Pages crawled: 1335 
Rejected: 1529 
Bloom filter conflicts: 1110 
(65.66% total skipped)
Most recent URL: https://gnu.org/server/select-language.html?goto=/;language=en
URLs checked: 4020 
Pages crawled: 1336 
Rejected: 1529 
Bloom filter conflicts: 1110 
(65.65% total skipped)
Most recent URL: https://time.com/6339410/yolo-consumers-splurge-savings-fall/
URLs checked: 4021 
Pages crawled: 1337 
Rejected: 1529 
Bloom filter conflicts: 1110 
(65.63% total skipped)
Most recent URL: https://stackoverflow.com/questions/77554377/react-native-project-is-give-error-of-react-rncore-in-xcode
URLs checked: 4022 
Pages crawled: 1338 
Rejected: 1529 
Bloom filter conflicts: 1110 
(65.61% total skipped)
Most recent URL: https://www.healthline.com/health/anoscopy
URLs checked: 4026 
Pages crawled: 1339 
Rejected: 1532 
Bloom filter conflicts: 1110 
(65.62% total skipped)
Most recent URL: https://www.wix.com/blog/ux-design-trends
URLs checked: 4030 
Pages crawled: 1340 
Rejected: 1534 
Bloom filter conflicts: 1111 
(65.63% total skipped)
Most recent URL: https://google.com.br/websearch/answer/12410098?hl=en&ref_topic=9255574
URLs checked: 4040 
Pages crawled: 1341 
Rejected: 1541 
Bloom filter conflicts: 1113 
(65.69% total skipped)
Most recent URL: https://theverge.com/2023/11/21/23970721/google-youtube-ad-blocker-five-second-delay-firefox-chrome
URLs checked: 4041 
Pages crawled: 1342 
Rejected: 1541 
Bloom filter conflicts: 1113 
(65.68% total skipped)
Most recent URL: https://icloud-content.com/videos/
URLs checked: 4042 
Pages crawled: 1343 
Rejected: 1541 
Bloom filter conflicts: 1113 
(65.66% total skipped)
Most recent URL: https://cnet.com/deals/best-black-friday-cyber-monday-headphone-deals/
URLs checked: 4050 
Pages crawled: 1344 
Rejected: 1545 
Bloom filter conflicts: 1116 
(65.70% total skipped)
Most recent URL: https://support.dnsmadeeasy.com/support/solutions/folders/47000660927
URLs checked: 4052 
Pages crawled: 1345 
Rejected: 1545 
Bloom filter conflicts: 1117 
(65.70% total skipped)
Most recent URL: https://www.intel.com/content/www/us/en/policy/policy-human-rights.html
URLs checked: 4053 
Pages crawled: 1346 
Rejected: 1545 
Bloom filter conflicts: 1117 
(65.68% total skipped)
Most recent URL: https://stackoverflow.com/users/22760557/juvor
URLs checked: 4054 
Pages crawled: 1347 
Rejected: 1545 
Bloom filter conflicts: 1117 
(65.66% total skipped)
Most recent URL: https://google.com.br/technologies/product-privacy?hl=en&fg=1
URLs checked: 4059 
Pages crawled: 1348 
Rejected: 1548 
Bloom filter conflicts: 1118 
(65.68% total skipped)
Most recent URL: https://careers.media.net/human-resource
URLs checked: 4062 
Pages crawled: 1349 
Rejected: 1549 
Bloom filter conflicts: 1119 
(65.68% total skipped)
Most recent URL: https://ring.com/products/eero-pro-wifi-system-1
URLs checked: 4066 
Pages crawled: 1350 
Rejected: 1551 
Bloom filter conflicts: 1120 
(65.69% total skipped)
Most recent URL: https://npr.org/sections/national/
URLs checked: 4068 
Pages crawled: 1351 
Rejected: 1552 
Bloom filter conflicts: 1120 
(65.68% total skipped)
Most recent URL: https://www.mayoclinic.org/diseases-conditions/ascariasis/symptoms-causes/syc-20369593
URLs checked: 4070 
Pages crawled: 1352 
Rejected: 1552 
Bloom filter conflicts: 1121 
(65.68% total skipped)
Most recent URL: https://www.t-mobile.com/home-internet/deals?INTNAV=tNav%3AInternetDeals
URLs checked: 4083 
Pages crawled: 1353 
Rejected: 1560 
Bloom filter conflicts: 1125 
(65.76% total skipped)
Most recent URL: https://addtoany.com/buttons/customize/drupal/remove_services
URLs checked: 4084 
Pages crawled: 1354 
Rejected: 1560 
Bloom filter conflicts: 1125 
(65.74% total skipped)
Most recent URL: https://time.com/6240856/best-portraits-2022/
URLs checked: 4086 
Pages crawled: 1355 
Rejected: 1560 
Bloom filter conflicts: 1126 
(65.74% total skipped)
Most recent URL: https://nature.com/nature/reviews-and-analysis?year=2018
URLs checked: 4090 
Pages crawled: 1356 
Rejected: 1562 
Bloom filter conflicts: 1127 
(65.75% total skipped)
Most recent URL: https://www.wix.com/students
URLs checked: 4091 
Pages crawled: 1357 
Rejected: 1562 
Bloom filter conflicts: 1127 
(65.73% total skipped)
Most recent URL: https://www.healthline.com/health/ercp-vs-mrcp?utm_source=ReadNext
URLs checked: 4092 
Pages crawled: 1358 
Rejected: 1562 
Bloom filter conflicts: 1127 
(65.71% total skipped)
Most recent URL: https://www.cnet.com/tech/services-and-software/
URLs checked: 4096 
Pages crawled: 1359 
Rejected: 1564 
Bloom filter conflicts: 1128 
(65.72% total skipped)
Most recent URL: https://blog.digitalocean.com/blog/independent-deletion-dates-for-backups
URLs checked: 4097 
Pages crawled: 1360 
Rejected: 1564 
Bloom filter conflicts: 1128 
(65.71% total skipped)
Most recent URL: https://www.wsj.com/video/browse/news/world-news?mod=nav_top_subsection
URLs checked: 4098 
Pages crawled: 1361 
Rejected: 1564 
Bloom filter conflicts: 1128 
(65.69% total skipped)
Most recent URL: https://www.braze.com/docs/developer_guide/platform_integration_guides/android/storage/
URLs checked: 4103 
Pages crawled: 1362 
Rejected: 1567 
Bloom filter conflicts: 1129 
(65.71% total skipped)
Most recent URL: https://google.com.br/websearch/answer/9208897?hl=en&ref_topic=3036131
URLs checked: 4109 
Pages crawled: 1363 
Rejected: 1572 
Bloom filter conflicts: 1129 
(65.73% total skipped)
Most recent URL: https://gnu.org/music/whole-gnu-world.html
URLs checked: 4111 
Pages crawled: 1364 
Rejected: 1573 
Bloom filter conflicts: 1129 
(65.73% total skipped)
Most recent URL: https://careers.media.net
URLs checked: 4113 
Pages crawled: 1365 
Rejected: 1573 
Bloom filter conflicts: 1130 
(65.72% total skipped)
Most recent URL: https://ring.com/products/solar-charger-for-video-doorbell-3
URLs checked: 4114 
Pages crawled: 1366 
Rejected: 1573 
Bloom filter conflicts: 1130 
(65.70% total skipped)
Most recent URL: https://theverge.com/23951214/heat-pump-nycha-public-housing-electric-sustainable
URLs checked: 4116 
Pages crawled: 1367 
Rejected: 1573 
Bloom filter conflicts: 1131 
(65.69% total skipped)
Most recent URL: https://www.npr.org/2023/10/17/1206140650/jada-pinkett-will-smith-tupac-worthy
URLs checked: 4118 
Pages crawled: 1368 
Rejected: 1573 
Bloom filter conflicts: 1132 
(65.69% total skipped)
Most recent URL: https://icloud-content.com/app-store/small-business-program/
URLs checked: 4180 
Pages crawled: 1369 
Rejected: 1633 
Bloom filter conflicts: 1133 
(66.17% total skipped)
Most recent URL: https://tradingview.com/gopro/?source=badge&feature=pro
URLs checked: 4189 
Pages crawled: 1370 
Rejected: 1638 
Bloom filter conflicts: 1136 
(66.22% total skipped)
Most recent URL: https://eset.com/int/business/cybersecurity-training/
URLs checked: 4190 
Pages crawled: 1371 
Rejected: 1638 
Bloom filter conflicts: 1136 
(66.21% total skipped)
Most recent URL: https://stackoverflow.com/questions/71752333/reading-csv-file-in-r-from-google-storage-bucket-with-cloudml-or-googlecloudstor
URLs checked: 4191 
Pages crawled: 1372 
Rejected: 1638 
Bloom filter conflicts: 1136 
(66.19% total skipped)
Most recent URL: https://newrelic.com/instant-observability/aws-elemental-mediatailor
URLs checked: 4192 
Pages crawled: 1373 
Rejected: 1638 
Bloom filter conflicts: 1136 
(66.17% total skipped)
Most recent URL: https://www.mayoclinic.org/diseases-conditions/tricuspid-valve-disease/symptoms-causes/syc-20350609
URLs checked: 4193 
Pages crawled: 1374 
Rejected: 1638 
Bloom filter conflicts: 1136 
(66.16% total skipped)
Most recent URL: https://hipages.com.au/find/roof_repairs_repointing/act/canberra
URLs checked: 4194 
Pages crawled: 1375 
Rejected: 1638 
Bloom filter conflicts: 1136 
(66.14% total skipped)
Most recent URL: https://www.wix.com/blog/visual-identity
URLs checked: 4197 
Pages crawled: 1376 
Rejected: 1640 
Bloom filter conflicts: 1136 
(66.14% total skipped)
Most recent URL: https://www.ca.gov/service/?item=Look-Up-My-Representatives
URLs checked: 4198 
Pages crawled: 1377 
Rejected: 1640 
Bloom filter conflicts: 1136 
(66.13% total skipped)
Most recent URL: https://www.dnsmadeeasy.com/support/subnet
URLs checked: 4200 
Pages crawled: 1378 
Rejected: 1640 
Bloom filter conflicts: 1137 
(66.12% total skipped)
Most recent URL: https://docs.digitalocean.com/products/app-platform/
URLs checked: 4201 
Pages crawled: 1379 
Rejected: 1640 
Bloom filter conflicts: 1137 
(66.10% total skipped)
Most recent URL: https://www.wsj.com/news/author/laura-saunders?mod=nav_top_subsection
URLs checked: 4209 
Pages crawled: 1380 
Rejected: 1647 
Bloom filter conflicts: 1137 
(66.14% total skipped)
Most recent URL: https://careers.media.net/business-operations/manager-publisher-management-programmatic/
URLs checked: 4210 
Pages crawled: 1381 
Rejected: 1647 
Bloom filter conflicts: 1137 
(66.13% total skipped)
Most recent URL: https://addtoany.com/buttons/customize/wordpress/share_counters
URLs checked: 4212 
Pages crawled: 1382 
Rejected: 1648 
Bloom filter conflicts: 1137 
(66.12% total skipped)
Most recent URL: https://www.npr.org/transcripts/1193991172
URLs checked: 4214 
Pages crawled: 1383 
Rejected: 1648 
Bloom filter conflicts: 1138 
(66.11% total skipped)
Most recent URL: https://www.braze.com/docs/developer_guide/platform_integration_guides/android/in-app_messaging/troubleshooting/
URLs checked: 4222 
Pages crawled: 1384 
Rejected: 1653 
Bloom filter conflicts: 1140 
(66.15% total skipped)
Most recent URL: https://google.com.br/intl/en/home/measurement/conversion-tracking/
URLs checked: 4224 
Pages crawled: 1385 
Rejected: 1654 
Bloom filter conflicts: 1140 
(66.15% total skipped)
Most recent URL: https://ring.com/products/eero-beacon
URLs checked: 4225 
Pages crawled: 1386 
Rejected: 1654 
Bloom filter conflicts: 1140 
(66.13% total skipped)
Most recent URL: https://theverge.com/2023/11/27/23978301/amazon-fire-tv-channels-gets-more-free-sports-content
URLs checked: 4227 
Pages crawled: 1387 
Rejected: 1654 
Bloom filter conflicts: 1141 
(66.12% total skipped)
Most recent URL: https://stackoverflow.com/questions/77176194/extracting-rows-of-excel-file-in-r
URLs checked: 4233 
Pages crawled: 1388 
Rejected: 1659 
Bloom filter conflicts: 1141 
(66.15% total skipped)
Most recent URL: https://www.mayoclinic.org/diseases-conditions/acute-lymphocytic-leukemia/symptoms-causes/syc-20369077
URLs checked: 4244 
Pages crawled: 1389 
Rejected: 1667 
Bloom filter conflicts: 1143 
(66.21% total skipped)
Most recent URL: https://careers.media.net/design/lead-visual-ui-designer/
URLs checked: 4251 
Pages crawled: 1390 
Rejected: 1669 
Bloom filter conflicts: 1147 
(66.24% total skipped)
Most recent URL: https://mailchimp.com/developer/transactional/api/inbound/
URLs checked: 4252 
Pages crawled: 1391 
Rejected: 1669 
Bloom filter conflicts: 1147 
(66.23% total skipped)
Most recent URL: https://gnu.org/philosophy/judge-internet-usage.html
URLs checked: 4253 
Pages crawled: 1392 
Rejected: 1669 
Bloom filter conflicts: 1147 
(66.21% total skipped)
Most recent URL: https://docs.digitalocean.com/products/kubernetes/how-to/connect-to-cluster/
URLs checked: 4255 
Pages crawled: 1393 
Rejected: 1669 
Bloom filter conflicts: 1148 
(66.20% total skipped)
Most recent URL: https://www.google.com.br/services/
URLs checked: 4260 
Pages crawled: 1394 
Rejected: 1671 
Bloom filter conflicts: 1150 
(66.22% total skipped)
Most recent URL: https://tradingview.com/markets/stocks-ksa/sectorandindustry-sector/energy-minerals/
URLs checked: 4261 
Pages crawled: 1395 
Rejected: 1671 
Bloom filter conflicts: 1150 
(66.21% total skipped)
Most recent URL: https://support.wix.com/en/using-the-wix-owner-app-to-manage-email-marketing
URLs checked: 4262 
Pages crawled: 1396 
Rejected: 1671 
Bloom filter conflicts: 1150 
(66.19% total skipped)
Most recent URL: https://icloud-content.com/maps/
URLs checked: 4264 
Pages crawled: 1397 
Rejected: 1672 
Bloom filter conflicts: 1150 
(66.18% total skipped)
Most recent URL: https://intel.com/content/www/us/en/support/contact-intel.html
URLs checked: 4265 
Pages crawled: 1398 
Rejected: 1672 
Bloom filter conflicts: 1150 
(66.17% total skipped)
Most recent URL: https://www.blogger.com/go/buzz
URLs checked: 4266 
Pages crawled: 1399 
Rejected: 1672 
Bloom filter conflicts: 1150 
(66.15% total skipped)
Most recent URL: https://www.wsj.com/pro/strategic-intelligence?mod=nav_top_subsection
URLs checked: 4270 
Pages crawled: 1400 
Rejected: 1675 
Bloom filter conflicts: 1150 
(66.16% total skipped)
Most recent URL: https://eu.ring.com/pages/delivery-and-returns
URLs checked: 4271 
Pages crawled: 1401 
Rejected: 1675 
Bloom filter conflicts: 1150 
(66.14% total skipped)
Most recent URL: https://www.ca.gov/government/
URLs checked: 4275 
Pages crawled: 1402 
Rejected: 1676 
Bloom filter conflicts: 1152 
(66.15% total skipped)
Most recent URL: https://stackoverflow.com/users/22956788/jlcdo
URLs checked: 4276 
Pages crawled: 1403 
Rejected: 1676 
Bloom filter conflicts: 1152 
(66.14% total skipped)
Most recent URL: https://www.braze.com/docs/developer_guide/customization_guides/content_cards/
URLs checked: 4284 
Pages crawled: 1404 
Rejected: 1680 
Bloom filter conflicts: 1155 
(66.18% total skipped)
Most recent URL: https://addtoany.com/buttons/customize/wordpress
URLs checked: 4285 
Pages crawled: 1405 
Rejected: 1680 
Bloom filter conflicts: 1155 
(66.16% total skipped)
Most recent URL: https://time.com/collection/must-read-books-2023/6331313/family-lore/
URLs checked: 4286 
Pages crawled: 1406 
Rejected: 1680 
Bloom filter conflicts: 1155 
(66.15% total skipped)
Most recent URL: https://www.mayoclinic.org/diseases-conditions/tension-headache/symptoms-causes/syc-20353977
URLs checked: 4287 
Pages crawled: 1407 
Rejected: 1680 
Bloom filter conflicts: 1155 
(66.13% total skipped)
Most recent URL: https://entrust.net/contact
URLs checked: 4311 
Pages crawled: 1408 
Rejected: 1694 
Bloom filter conflicts: 1164 
(66.30% total skipped)
Most recent URL: https://www.wix.com/blog/ecommerce/2022/09/how-to-sell-online
URLs checked: 4313 
Pages crawled: 1409 
Rejected: 1695 
Bloom filter conflicts: 1164 
(66.29% total skipped)
Most recent URL: https://fb.com/login/
URLs checked: 4326 
Pages crawled: 1410 
Rejected: 1703 
Bloom filter conflicts: 1168 
(66.37% total skipped)
Most recent URL: https://www.ca.gov/accessibility/
URLs checked: 4347 
Pages crawled: 1411 
Rejected: 1711 
Bloom filter conflicts: 1180 
(66.51% total skipped)
Most recent URL: https://careers.media.net/business-development
URLs checked: 4348 
Pages crawled: 1412 
Rejected: 1711 
Bloom filter conflicts: 1180 
(66.49% total skipped)
Most recent URL: https://google.com.br/intl/en/stories/disability-activist-stacey-milbern/
URLs checked: 4355 
Pages crawled: 1413 
Rejected: 1713 
Bloom filter conflicts: 1184 
(66.52% total skipped)
Most recent URL: https://theverge.com/23965708/black-friday-2023-streaming-deals-max-paramount-plus-hulu-cyber-monday?showComments=1
URLs checked: 4356 
Pages crawled: 1414 
Rejected: 1713 
Bloom filter conflicts: 1184 
(66.51% total skipped)
Most recent URL: https://www.healthline.com/health/medicare/what-will-medicare-cost-in-2022
URLs checked: 4363 
Pages crawled: 1415 
Rejected: 1717 
Bloom filter conflicts: 1186 
(66.54% total skipped)
Most recent URL: https://hipages.com.au/find/lawn_turf_synthetic_turf_supply_and_install/north_east_darwin_region
URLs checked: 4364 
Pages crawled: 1416 
Rejected: 1717 
Bloom filter conflicts: 1186 
(66.52% total skipped)
Most recent URL: https://cnbc.com/investingclub/video
URLs checked: 4364 
Pages crawled: 1417 
Rejected: 1717 
Bloom filter conflicts: 1186 
(66.52% total skipped)
Most recent URL: https://www.cnet.com/tech/services-and-software/best-antivirus/
URLs checked: 4367 
Pages crawled: 1418 
Rejected: 1717 
Bloom filter conflicts: 1187 
(66.50% total skipped)
Most recent URL: https://nature.com/articles/d41586-018-07817-9
URLs checked: 4368 
Pages crawled: 1419 
Rejected: 1717 
Bloom filter conflicts: 1187 
(66.48% total skipped)
Most recent URL: https://icloud-content.com/programs/security-research-device/
URLs checked: 4387 
Pages crawled: 1420 
Rejected: 1734 
Bloom filter conflicts: 1188 
(66.61% total skipped)
Most recent URL: https://www.mayoclinic.org/tests-procedures/laser-pvp-surgery/about/pac-20384877
URLs checked: 4389 
Pages crawled: 1421 
Rejected: 1735 
Bloom filter conflicts: 1188 
(66.60% total skipped)
Most recent URL: https://www.wix.com/blog/ecommerce/category/guides
URLs checked: 4390 
Pages crawled: 1422 
Rejected: 1735 
Bloom filter conflicts: 1188 
(66.58% total skipped)
Most recent URL: https://stackoverflow.com/q/5834821
URLs checked: 4391 
Pages crawled: 1423 
Rejected: 1735 
Bloom filter conflicts: 1188 
(66.57% total skipped)
Most recent URL: https://www.braze.com/docs/developer_guide/platform_integration_guides/web/analytics/disabling_tracking/
URLs checked: 4396 
Pages crawled: 1424 
Rejected: 1739 
Bloom filter conflicts: 1188 
(66.58% total skipped)
Most recent URL: https://www.wsj.com/news/latest-headlines?mod=wsjheader
URLs checked: 4402 
Pages crawled: 1425 
Rejected: 1743 
Bloom filter conflicts: 1189 
(66.61% total skipped)
Most recent URL: https://digitalocean.com/business
URLs checked: 4414 
Pages crawled: 1426 
Rejected: 1747 
Bloom filter conflicts: 1196 
(66.67% total skipped)
Most recent URL: https://addtoany.com/buttons/customize/drupal/linkedin_share_button
URLs checked: 4418 
Pages crawled: 1427 
Rejected: 1750 
Bloom filter conflicts: 1196 
(66.68% total skipped)
Most recent URL: https://calguard.ca.gov/
URLs checked: 4419 
Pages crawled: 1428 
Rejected: 1750 
Bloom filter conflicts: 1196 
(66.67% total skipped)
Most recent URL: https://www.npr.org/transcripts/1135044036
URLs checked: 4420 
Pages crawled: 1429 
Rejected: 1750 
Bloom filter conflicts: 1196 
(66.65% total skipped)
Most recent URL: https://time.com/6335361/asia-bedbugs-korea-hong-kong-singapore-japan/
URLs checked: 4421 
Pages crawled: 1430 
Rejected: 1750 
Bloom filter conflicts: 1196 
(66.64% total skipped)
Most recent URL: https://www.t-mobile.com/tv-streaming/apple-tv-plus-deal/faq
URLs checked: 4422 
Pages crawled: 1431 
Rejected: 1750 
Bloom filter conflicts: 1196 
(66.62% total skipped)
Most recent URL: https://newrelic.com/instant-observability
URLs checked: 4423 
Pages crawled: 1432 
Rejected: 1750 
Bloom filter conflicts: 1196 
(66.61% total skipped)
Most recent URL: https://tradingview.com/markets/stocks-usa/sectorandindustry-industry/semiconductors/
URLs checked: 4431 
Pages crawled: 1433 
Rejected: 1754 
Bloom filter conflicts: 1199 
(66.64% total skipped)
Most recent URL: https://careers.media.net/engineering
URLs checked: 4436 
Pages crawled: 1435 
Rejected: 1757 
Bloom filter conflicts: 1199 
(66.64% total skipped)
Most recent URL: https://intel.com/content/www/us/en/privacy/privacy-notice-korea.html
URLs checked: 4437 
Pages crawled: 1436 
Rejected: 1757 
Bloom filter conflicts: 1199 
(66.62% total skipped)
Most recent URL: https://theverge.com/2023/10/31/23940583/youtube-ad-blocker-crackdown-broadening
URLs checked: 4439 
Pages crawled: 1437 
Rejected: 1757 
Bloom filter conflicts: 1200 
(66.61% total skipped)
Most recent URL: https://ring.com/products/mini-indoor-security-camera-plug-in
URLs checked: 4442 
Pages crawled: 1438 
Rejected: 1758 
Bloom filter conflicts: 1201 
(66.61% total skipped)
Most recent URL: https://www.mayoclinic.org/patient-visitor-guide/minnesota/parking
URLs checked: 4443 
Pages crawled: 1439 
Rejected: 1758 
Bloom filter conflicts: 1201 
(66.60% total skipped)
Most recent URL: https://www.healthline.com/skincare/products
URLs checked: 4445 
Pages crawled: 1440 
Rejected: 1759 
Bloom filter conflicts: 1201 
(66.59% total skipped)
Most recent URL: https://www.braze.com/docs/developer_guide/platform_integration_guides/xamarin/initial_sdk_setup/
URLs checked: 4457 
Pages crawled: 1441 
Rejected: 1769 
Bloom filter conflicts: 1202 
(66.66% total skipped)
Most recent URL: https://stackoverflow.com/questions/tagged/n-gram
URLs checked: 4458 
Pages crawled: 1442 
Rejected: 1769 
Bloom filter conflicts: 1202 
(66.64% total skipped)
Most recent URL: https://www.wsj.com/news/author/gerald-f-seib?mod=nav_top_subsection
URLs checked: 4465 
Pages crawled: 1443 
Rejected: 1774 
Bloom filter conflicts: 1203 
(66.67% total skipped)
Most recent URL: https://hipages.com.au/find/glass_glazier/nsw/darling_island
URLs checked: 4466 
Pages crawled: 1444 
Rejected: 1774 
Bloom filter conflicts: 1203 
(66.66% total skipped)
Most recent URL: https://docs.digitalocean.com/products/droplets/how-to/retrieve-droplet-metadata/
URLs checked: 4467 
Pages crawled: 1445 
Rejected: 1774 
Bloom filter conflicts: 1203 
(66.64% total skipped)
Most recent URL: https://newrelic.com/blog/how-to-relic/nrql-subqueries
URLs checked: 4484 
Pages crawled: 1446 
Rejected: 1783 
Bloom filter conflicts: 1210 
(66.75% total skipped)
Most recent URL: https://addtoany.com/buttons/customize/drupal/on_click
URLs checked: 4485 
Pages crawled: 1447 
Rejected: 1783 
Bloom filter conflicts: 1210 
(66.73% total skipped)
Most recent URL: https://www.dnsmadeeasy.com/technology/dns-speed
URLs checked: 4486 
Pages crawled: 1448 
Rejected: 1783 
Bloom filter conflicts: 1210 
(66.72% total skipped)
Most recent URL: https://icloud-content.com/distribute/
URLs checked: 4493 
Pages crawled: 1449 
Rejected: 1789 
Bloom filter conflicts: 1210 
(66.75% total skipped)
Most recent URL: https://store.steampowered.com/labs/?snr=1_1050_4__12
URLs checked: 4494 
Pages crawled: 1450 
Rejected: 1789 
Bloom filter conflicts: 1210 
(66.73% total skipped)
Most recent URL: https://cnet.com/tech/services-and-software/5-easy-ways-you-can-set-up-a-vpn-on-your-smart-tv/
URLs checked: 4495 
Pages crawled: 1451 
Rejected: 1789 
Bloom filter conflicts: 1210 
(66.72% total skipped)
Most recent URL: https://time.com/collection/live-well/5689570/metastatic-breast-cancer-research-treatment/
URLs checked: 4505 
Pages crawled: 1452 
Rejected: 1792 
Bloom filter conflicts: 1216 
(66.77% total skipped)
Most recent URL: https://careers.media.net/design
URLs checked: 4506 
Pages crawled: 1453 
Rejected: 1792 
Bloom filter conflicts: 1216 
(66.76% total skipped)
Most recent URL: https://www.ca.gov/service/?item=Apply-for-a-Cal-Grant
URLs checked: 4508 
Pages crawled: 1454 
Rejected: 1792 
Bloom filter conflicts: 1217 
(66.75% total skipped)
Most recent URL: https://theverge.com/authors/alicia-haddick
URLs checked: 4509 
Pages crawled: 1455 
Rejected: 1792 
Bloom filter conflicts: 1217 
(66.73% total skipped)
Most recent URL: https://fb.com/r.php?locale=en_US&display=page
URLs checked: 4510 
Pages crawled: 1456 
Rejected: 1792 
Bloom filter conflicts: 1217 
(66.72% total skipped)
Most recent URL: https://www.wix.com/about/contact-us
URLs checked: 4511 
Pages crawled: 1457 
Rejected: 1792 
Bloom filter conflicts: 1217 
(66.70% total skipped)
Most recent URL: https://www.healthline.com/health/make-cold-compress
URLs checked: 4512 
Pages crawled: 1458 
Rejected: 1792 
Bloom filter conflicts: 1217 
(66.69% total skipped)
Most recent URL: https://www.mayoclinic.org/diseases-conditions/athletes-foot/symptoms-causes/syc-20353841
URLs checked: 4514 
Pages crawled: 1459 
Rejected: 1793 
Bloom filter conflicts: 1217 
(66.68% total skipped)
Most recent URL: https://google.com.br/intl/en/home/campaigns/performance-max/
URLs checked: 4532 
Pages crawled: 1460 
Rejected: 1804 
Bloom filter conflicts: 1223 
(66.79% total skipped)
Most recent URL: https://www.addtoany.com/buttons/customize/square_icons
URLs checked: 4533 
Pages crawled: 1461 
Rejected: 1804 
Bloom filter conflicts: 1223 
(66.78% total skipped)
Most recent URL: https://mailchimp.com/developer/integration-partner-program/
URLs checked: 4538 
Pages crawled: 1462 
Rejected: 1807 
Bloom filter conflicts: 1224 
(66.79% total skipped)
Most recent URL: https://support.dnsmadeeasy.com/support/solutions/articles/47001104031-migrate-dns-from-network-solutions
URLs checked: 4546 
Pages crawled: 1463 
Rejected: 1812 
Bloom filter conflicts: 1226 
(66.83% total skipped)
Most recent URL: https://www.ca.gov/working/
URLs checked: 4547 
Pages crawled: 1464 
Rejected: 1812 
Bloom filter conflicts: 1226 
(66.81% total skipped)
Most recent URL: https://www.cnet.com/videos/steam-deck-oled-vs-lenovo-legion-go-how-to-pick-a-pc-handheld-gaming-system/
URLs checked: 4548 
Pages crawled: 1465 
Rejected: 1812 
Bloom filter conflicts: 1226 
(66.80% total skipped)
Most recent URL: https://careers.media.net/business-operations/associate-copy/
URLs checked: 4552 
Pages crawled: 1466 
Rejected: 1813 
Bloom filter conflicts: 1228 
(66.81% total skipped)
Most recent URL: https://stackoverflow.com/q/52600127
URLs checked: 4553 
Pages crawled: 1467 
Rejected: 1813 
Bloom filter conflicts: 1228 
(66.79% total skipped)
Most recent URL: https://time.com/6148756/john-waters-interview-maisel-2022/
URLs checked: 4554 
Pages crawled: 1468 
Rejected: 1813 
Bloom filter conflicts: 1228 
(66.78% total skipped)
Most recent URL: https://www.t-mobile.com/customers/scam-shield?INTNAV=tNav%3AWhy%3ABlockScamCalls
URLs checked: 4555 
Pages crawled: 1469 
Rejected: 1813 
Bloom filter conflicts: 1228 
(66.76% total skipped)
Most recent URL: https://npr.org/sections/npr-extra/
URLs checked: 4556 
Pages crawled: 1470 
Rejected: 1813 
Bloom filter conflicts: 1228 
(66.75% total skipped)
Most recent URL: https://www.sophos.com/en-us/free-tools
URLs checked: 4557 
Pages crawled: 1471 
Rejected: 1813 
Bloom filter conflicts: 1228 
(66.73% total skipped)
Most recent URL: https://google.com.br/websearch/community?hl=en
URLs checked: 4560 
Pages crawled: 1472 
Rejected: 1814 
Bloom filter conflicts: 1229 
(66.73% total skipped)
Most recent URL: https://www.cnbc.com/2023/11/10/amazon-top-fresh-exec-says-store-reopenings-part-of-grocery-revamp.html
URLs checked: 4561 
Pages crawled: 1473 
Rejected: 1814 
Bloom filter conflicts: 1229 
(66.72% total skipped)
Most recent URL: https://hipages.com.au/find/pergola/wa/perth
URLs checked: 4561 
Pages crawled: 1474 
Rejected: 1814 
Bloom filter conflicts: 1229 
(66.72% total skipped)
Most recent URL: https://ring.com/collections/accessories
URLs checked: 4563 
Pages crawled: 1475 
Rejected: 1814 
Bloom filter conflicts: 1229 
(66.69% total skipped)
Most recent URL: https://www.braze.com/docs/developer_guide/platform_integration_guides/android/in-app_messaging/customization/google_review_prompt/
URLs checked: 4564 
Pages crawled: 1476 
Rejected: 1814 
Bloom filter conflicts: 1229 |ÀÍÒù“fQæb{°"òXÝ:zì.”.ƒ\-û!K÷û"åøã;gîRîQå»–ý	CÇrO9m}m:¤ð˜K¼A,Ä2SÉâ
ËÌç‡¾Láêa@žIÒDz‚Ž%8›j¿KgadŒ{ù•k‚™3S‚Á‹—¤©!“¾§M/ÕÊT¶§Ü[¿4óËÜ_
Nú]ßcÚà¹$Ùbm’ò|Â²ÇÆ°+Âš{!r¯0¢…‹…
(66.67% total skipped)
Most recent URL: https://wsj.com/news/author/jason-gay?mod=nav_top_subsection
URLs checked: 4566 
Pages crawled: 1477 
Rejected: 1814 
Bloom filter conflicts: 1230 
(66.67% total skipped)
Most recent URL: https://tradingview.com/symbols/NASDAQ-CAPT/
URLs checked: 4574 
Pages crawled: 1478 
Rejected: 1819 
Bloom filter conflicts: 1232 
(66.70% total skipped)
Most recent URL: https://icloud-content.com/business/
URLs checked: 4577 
Pages crawled: 1479 
Rejected: 1821 
Bloom filter conflicts: 1232 
(66.70% total skipped)
Most recent URL: https://digitalocean.com/products/managed-databases-kafka
URLs checked: 4580 
Pages crawled: 1480 
Rejected: 1822 
Bloom filter conflicts: 1233 
(66.70% total skipped)
Most recent URL: https://theverge.com/23965961/black-friday-2023-tech-deals-under-100-cyber-monday
URLs checked: 4594 
Pages crawled: 1481 
Rejected: 1824 
Bloom filter conflicts: 1244 
(66.78% total skipped)
Most recent URL: https://www.addtoany.com/buttons/customize/email_template
URLs checked: 4598 
Pages crawled: 1482 
Rejected: 1826 
Bloom filter conflicts: 1245 
(66.79% total skipped)
Most recent URL: https://google.com.br/websearch/answer/54068?hl=en&ref_topic=3378866
URLs checked: 4606 
Pages crawled: 1483 
Rejected: 1833 
Bloom filter conflicts: 1245 
(66.83% total skipped)
Most recent URL: https://careers.media.net/business-development/director-of-buyer-development-agencies/
URLs checked: 4612 
Pages crawled: 1484 
Rejected: 1835 
Bloom filter conflicts: 1248 
(66.85% total skipped)
Most recent URL: https://www.npr.org/press/
URLs checked: 4613 
Pages crawled: 1485 
Rejected: 1835 
Bloom filter conflicts: 1248 
(66.83% total skipped)
Most recent URL: https://mailchimp.com/developer/marketing/docs/integrations/
URLs checked: 4615 
Pages crawled: 1486 
Rejected: 1835 
Bloom filter conflicts: 1249 
(66.83% total skipped)
Most recent URL: https://stackoverflow.com/questions/17083821/sentimental-analysis-of-tweets-in-python-using-a-machine-learning-algorithm
URLs checked: 4616 
Pages crawled: 1487 
Rejected: 1835 
Bloom filter conflicts: 1249 
(66.81% total skipped)
Most recent URL: https://nature.com/nature/reviews-and-analysis?year=2005
URLs checked: 4619 
Pages crawled: 1488 
Rejected: 1836 
Bloom filter conflicts: 1250 
(66.81% total skipped)
Most recent URL: https://hipages.com.au/find/cladding/nsw
URLs checked: 4620 
Pages crawled: 1489 
Rejected: 1836 
Bloom filter conflicts: 1250 
(66.80% total skipped)
Most recent URL: https://www.cnbc.com/2023/11/27/how-secure-2point0-may-prompt-more-workers-to-use-of-a-roth-401k.html
URLs checked: 4621 
Pages crawled: 1490 
Rejected: 1836 
Bloom filter conflicts: 1250 
(66.78% total skipped)
Most recent URL: https://www.wsj.com/news/magazine/fashion?mod=nav_top_subsection
URLs checked: 4623 
Pages crawled: 1491 
Rejected: 1837 
Bloom filter conflicts: 1250 
(66.77% total skipped)
Most recent URL: https://docs.digitalocean.com/products/volumes/details/limits/
URLs checked: 4628 
Pages crawled: 1492 
Rejected: 1840 
Bloom filter conflicts: 1251 
(66.79% total skipped)
Most recent URL: https://gnu.org/graphics/gnu-smiling.html
URLs checked: 4629 
Pages crawled: 1493 
Rejected: 1840 
Bloom filter conflicts: 1251 
(66.77% total skipped)
Most recent URL: https://ca.gov/learning/
URLs checked: 4630 
Pages crawled: 1494 
Rejected: 1840 
Bloom filter conflicts: 1251 
(66.76% total skipped)
Most recent URL: https://www.dnsmadeeasy.com/technology/globaldnsnetwork
URLs checked: 4633 
Pages crawled: 1495 
Rejected: 1841 
Bloom filter conflicts: 1252 
(66.76% total skipped)
Most recent URL: https://t-mobile.com/offers/free-trial?INTNAV=fNav%3ASwitchToT-Mobile%3ATryOur5gNetwork
URLs checked: 4635 
Pages crawled: 1496 
Rejected: 1841 
Bloom filter conflicts: 1253 
(66.75% total skipped)
Most recent URL: https://www.healthline.com/health/medicare/can-medicare-pay-for-a-caregiver?utm_source=ReadNext
URLs checked: 4636 
Pages crawled: 1497 
Rejected: 1841 
Bloom filter conflicts: 1253 
(66.74% total skipped)
Most recent URL: https://sophos.com/en-us/solutions/industries/manufacturing
URLs checked: 4638 
Pages crawled: 1498 
Rejected: 1842 
Bloom filter conflicts: 1253 
(66.73% total skipped)
Most recent URL: https://www.google.com.br/privacy/google-partners?hl=en&fg=1
URLs checked: 4647 
Pages crawled: 1499 
Rejected: 1846 
Bloom filter conflicts: 1257 
(66.77% total skipped)
Most recent URL: https://careers.media.net/product-marketing/product-marketing-associate/
URLs checked: 4654 
Pages crawled: 1500 
Rejected: 1847 
Bloom filter conflicts: 1262 
(66.80% total skipped)
Most recent URL: https://addtoany.com/services/viber_button
URLs checked: 4662 
Pages crawled: 1501 
Rejected: 1854 
Bloom filter conflicts: 1262 
(66.84% total skipped)
Most recent URL: https://www.braze.com/docs/developer_guide/platform_integration_guides/ios/push_notifications/integration/
URLs checked: 4670 
Pages crawled: 1502 
Rejected: 1861 
Bloom filter conflicts: 1262 
(66.87% total skipped)
Most recent URL: https://icloud-content.com/programs/news-partner/
URLs checked: 4671 
Pages crawled: 1503 
Rejected: 1861 
Bloom filter conflicts: 1262 
(66.86% total skipped)
Most recent URL: https://stackoverflow.com/users/13790355/aaron-gao?tab=profile
URLs checked: 4672 
Pages crawled: 1504 
Rejected: 1861 
Bloom filter conflicts: 1262 
(66.85% total skipped)
Most recent URL: https://ring.com/products/protected-deluxe-kit
URLs checked: 4673 
Pages crawled: 1505 
Rejected: 1861 
Bloom filter conflicts: 1262 
(66.83% total skipped)
Most recent URL: https://docs.digitalocean.com/products/app-platform/getting-started/sample-apps/express.js/
URLs checked: 4674 
Pages crawled: 1506 
Rejected: 1861 
Bloom filter conflicts: 1262 
(66.82% total skipped)
Most recent URL: https://newrelic.com/blog/nerdlog/announcing-new-relic-codestream
URLs checked: 4675 
Pages crawled: 1507 
Rejected: 1861 
Bloom filter conflicts: 1262 
(66.80% total skipped)
Most recent URL: https://www.loc.gov/collections/?fa=subject_topic:art+%26+architecture%7Csubject_topic:war+%26+military
URLs checked: 4677 
Pages crawled: 1508 
Rejected: 1861 
Bloom filter conflicts: 1263 
(66.79% total skipped)
Most recent URL: https://tradingview.com/u/nmike/
URLs checked: 4678 
Pages crawled: 1509 
Rejected: 1861 
Bloom filter conflicts: 1263 
(66.78% total skipped)
Most recent URL: https://theverge.com/science
URLs checked: 4680 
Pages crawled: 1510 
Rejected: 1861 
Bloom filter conflicts: 1264 
(66.77% total skipped)
Most recent URL: https://www.mayoclinic.org/symptoms/diarrhea/basics/definition/sym-20050926
URLs checked: 4690 
Pages crawled: 1511 
Rejected: 1865 
Bloom filter conflicts: 1269 
(66.82% total skipped)
Most recent URL: https://support.dnsmadeeasy.com/support/solutions/folders/47000660926 
URLs checked: 4693 
Pages crawled: 1512 
Rejected: 1867 
Bloom filter conflicts: 1269 
(66.82% total skipped)
Most recent URL: https://google.com.br/websearch/topic/4409793?hl=en&ref_topic=1733202
URLs checked: 4695 
Pages crawled: 1513 
Rejected: 1868 
Bloom filter conflicts: 1269 
(66.82% total skipped)
Most recent URL: https://fb.com/login/help/637205020878504
URLs checked: 4696 
Pages crawled: 1514 
Rejected: 1868 
Bloom filter conflicts: 1269 
(66.80% total skipped)
Most recent URL: https://intel.com/content/www/us/en/forms/corporate/webmaster-contact-us.html
URLs checked: 4699 
Pages crawled: 1515 
Rejected: 1868 
Bloom filter conflicts: 1271 
(66.80% total skipped)
Most recent URL: https://www.att.com/stores
URLs checked: 4700 
Pages crawled: 1516 
Rejected: 1868 
Bloom filter conflicts: 1271 
(66.79% total skipped)
Most recent URL: https://time.com/collection/live-well/5548386/feeling-lonely-in-relationship/
URLs checked: 4701 
Pages crawled: 1517 
Rejected: 1868 
Bloom filter conflicts: 1271 
(66.77% total skipped)
Most recent URL: https://www.wsj.com/arts-culture/fine-art?mod=nav_top_subsection
URLs checked: 4705 
Pages crawled: 1518 
Rejected: 1871 
Bloom filter conflicts: 1271 
(66.78% total skipped)
Most recent URL: https://store.steampowered.com/explore/?snr=1_2500_4__global-responsive-menu
URLs checked: 4706 
Pages crawled: 1519 
Rejected: 1871 
Bloom filter conflicts: 1271 
(66.77% total skipped)
Most recent URL: https://www.wix.com/blog/photography/photography-portfolios
URLs checked: 4712 
Pages crawled: 1520 
Rejected: 1874 
Bloom filter conflicts: 1273 
(66.79% total skipped)
Most recent URL: https://careers.media.net/design/lead-designer/
URLs checked: 4713 
Pages crawled: 1521 
Rejected: 1874 
Bloom filter conflicts: 1273 
(66.77% total skipped)
Most recent URL: https://www.addtoany.com/buttons/customize/wordpress/floating_share_buttons
URLs checked: 4715 
Pages crawled: 1522 
Rejected: 1875 
Bloom filter conflicts: 1273 
(66.77% total skipped)
Most recent URL: https://gnu.org/proprietary/proprietary-subscriptions.html
URLs checked: 4716 
Pages crawled: 1523 
Rejected: 1875 
Bloom filter conflicts: 1273 
(66.75% total skipped)
Most recent URL: https://newrelic.com/termsandconditions/privacy/10aug2022
URLs checked: 4718 
Pages crawled: 1524 
Rejected: 1876 
Bloom filter conflicts: 1273 
(66.74% total skipped)
Most recent URL: https://www.mayoclinic.org/possible
URLs checked: 4719 
Pages crawled: 1525 
Rejected: 1876 
Bloom filter conflicts: 1273 
(66.73% total skipped)
Most recent URL: https://hipages.com.au/article/why_you_need_to_maintain_your_gutters_this_autumn
URLs checked: 4743 
Pages crawled: 1526 
Rejected: 1882 
Bloom filter conflicts: 1290 
(66.88% total skipped)
Most recent URL: https://ring.com/products/alarm-outdoor-contact-sensor
URLs checked: 4745 
Pages crawled: 1527 
Rejected: 1883 
Bloom filter conflicts: 1290 
(66.87% total skipped)
Most recent URL: https://status.eset.com/
URLs checked: 4746 
Pages crawled: 1528 
Rejected: 1883 
Bloom filter conflicts: 1290 
(66.86% total skipped)
Most recent URL: https://docs.digitalocean.com/products/droplets/how-to/rebuild/
URLs checked: 4751 
Pages crawled: 1529 
Rejected: 1883 
Bloom filter conflicts: 1294 
(66.87% total skipped)
Most recent URL: https://theverge.com/23353694/amazon-fire-7-tablet-fireos-review
URLs checked: 4754 
Pages crawled: 1530 
Rejected: 1883 
Bloom filter conflicts: 1296 
(66.87% total skipped)
Most recent URL: https://time.com/collection/women-of-the-year/6150545/jennie-joseph/
URLs checked: 4755 
Pages crawled: 1531 
Rejected: 1883 
Bloom filter conflicts: 1296 
(66.86% total skipped)
Most recent URL: https://stackoverflow.com/questions/66511425/importerror-cannot-import-name-enums-from-google-cloud-language
URLs checked: 4756 
Pages crawled: 1532 
Rejected: 1883 
Bloom filter conflicts: 1296 
(66.84% total skipped)
Most recent URL: https://www.healthline.com/health/vaccinations
URLs checked: 4760 
Pages crawled: 1533 
Rejected: 1886 
Bloom filter conflicts: 1296 
(66.85% total skipped)
Most recent URL: https://google.com.br/websearch/answer/4815696?hl=en&ref_topic=3081620
URLs checked: 4767 
Pages crawled: 1534 
Rejected: 1892 
Bloom filter conflicts: 1296 
(66.88% total skipped)
Most recent URL: https://www.wsj.com/health/wellness?mod=nav_top_subsection
URLs checked: 4791 
Pages crawled: 1535 
Rejected: 1903 
Bloom filter conflicts: 1308 
(67.02% total skipped)
Most recent URL: https://careers.media.net/legal-and-compliance/
URLs checked: 4803 
Pages crawled: 1536 
Rejected: 1911 
Bloom filter conflicts: 1311 
(67.08% total skipped)
Most recent URL: https://www.loc.gov/collections/american-civil-war-sesquicentennial-web-archive/about-this-collection/
URLs checked: 4804 
Pages crawled: 1537 
Rejected: 1911 
Bloom filter conflicts: 1311 
(67.07% total skipped)
Most recent URL: https://www.npr.org/2023/11/27/1215332340/country-music-legend-dolly-parton-has-reached-another-milestone
URLs checked: 4805 
Pages crawled: 1538 
Rejected: 1911 
Bloom filter conflicts: 1311 
(67.06% total skipped)
Most recent URL: https://icloud-content.com/programs/video-partner/
URLs checked: 4806 
Pages crawled: 1539 
Rejected: 1911 
Bloom filter conflicts: 1311 
(67.04% total skipped)
Most recent URL: https://cnet.com/tech/mobile/pixel-7-pro-one-month-review-still-a-delight-to-use/
URLs checked: 4809 
Pages crawled: 1540 
Rejected: 1911 
Bloom filter conflicts: 1313 
(67.04% total skipped)
Most recent URL: https://tradingview.com/symbols/NASDAQ-BJRI/
URLs checked: 4810 
Pages crawled: 1541 
Rejected: 1911 
Bloom filter conflicts: 1313 
(67.03% total skipped)
Most recent URL: https://www.cnbc.com/white-house/
URLs checked: 4811 
Pages crawled: 1542 
Rejected: 1911 
Bloom filter conflicts: 1313 
(67.01% total skipped)
Most recent URL: https://hipages.com.au/find/handyman/qld/mansfield
URLs checked: 4813 
Pages crawled: 1543 
Rejected: 1912 
Bloom filter conflicts: 1313 
(67.01% total skipped)
Most recent URL: https://docs.digitalocean.com/products/accounts/2fa/
URLs checked: 4814 
Pages crawled: 1544 
Rejected: 1912 
Bloom filter conflicts: 1313 
(66.99% total skipped)
Most recent URL: https://www.dnsmadeeasy.com/services/enterprise-dns
URLs checked: 4815 
Pages crawled: 1545 
Rejected: 1912 
Bloom filter conflicts: 1313 
(66.98% total skipped)
Most recent URL: https://store.steampowered.com/steam_refunds/?snr=1_16_16_creator_global-responsive-menu&curator_clanid=41623050
URLs checked: 4816 
Pages crawled: 1546 
Rejected: 1912 
Bloom filter conflicts: 1313 
(66.96% total skipped)
Most recent URL: https://time.com/6339369/philippines-marcos-duterte-drug-war-icc-probe/
URLs checked: 4819 
Pages crawled: 1547 
Rejected: 1912 
Bloom filter conflicts: 1315 
(66.96% total skipped)
Most recent URL: https://www.healthline.com/health/dry-skin?utm_source=ReadNext
URLs checked: 4825 
Pages crawled: 1548 
Rejected: 1915 
Bloom filter conflicts: 1317 
(66.98% total skipped)
Most recent URL: https://addtoany.com/buttons/customize/drupal/page_url_title
URLs checked: 4827 
Pages crawled: 1549 
Rejected: 1915 
Bloom filter conflicts: 1318 
(66.98% total skipped)
Most recent URL: https://ring.com/business-security-solutions
URLs checked: 4828 
Pages crawled: 1550 
Rejected: 1915 
Bloom filter conflicts: 1318 
(66.96% total skipped)
Most recent URL: https://stackoverflow.com/questions/tagged/failed-installation
URLs checked: 4829 
Pages crawled: 1551 
Rejected: 1915 
Bloom filter conflicts: 1318 
(66.95% total skipped)
Most recent URL: https://theverge.com/authors/thomas-ricker
URLs checked: 4834 
Pages crawled: 1552 
Rejected: 1916 
Bloom filter conflicts: 1321 
(66.96% total skipped)
Most recent URL: https://google.com.br/privacy/google-partners?hl=en&fg=1
URLs checked: 4841 
Pages crawled: 1553 
Rejected: 1919 
Bloom filter conflicts: 1324 
(66.99% total skipped)
Most recent URL: https://careers.media.net/engineering/
URLs checked: 4853 
Pages crawled: 1554 
Rejected: 1923 
Bloom filter conflicts: 1331 
(67.05% total skipped)
Most recent URL: https://www.ca.gov/accessibility/website-accessibility-certification.html
URLs checked: 4856 
Pages crawled: 1555 
Rejected: 1924 
Bloom filter conflicts: 1332 
(67.05% total skipped)
Most recent URL: https://intel.com/content/www/us/en/forms/privacy-contact-us.html
URLs checked: 4858 
Pages crawled: 1556 
Rejected: 1924 
Bloom filter conflicts: 1333 
(67.04% total skipped)
Most recent URL: https://www.tradingview.com/script/cONRD5q4-Market-Structure-Breakers-LuxAlgo/
URLs checked: 4859 
Pages crawled: 1557 
Rejected: 1924 
Bloom filter conflicts: 1333 
(67.03% total skipped)
Most recent URL: https://nature.com/subjects/plant-sciences
URLs checked: 4860 
Pages crawled: 1558 
Rejected: 1924 
Bloom filter conflicts: 1333 
(67.02% total skipped)
Most recent URL: https://www.cnet.com/deals/amazon-black-friday-cyber-monday/
URLs checked: 4861 
Pages crawled: 1559 
Rejected: 1924 
Bloom filter conflicts: 1333 
(67.00% total skipped)
Most recent URL: https://www.sophos.com/en-us/products
URLs checked: 4863 
Pages crawled: 1560 
Rejected: 1924 
Bloom filter conflicts: 1334 
(67.00% total skipped)
Most recent URL: https://hipages.com.au/find/handyman/wa/wembley
URLs checked: 4865 
Pages crawled: 1561 
Rejected: 1925 
Bloom filter conflicts: 1334 
(66.99% total skipped)
Most recent URL: https://www.braze.com/docs/developer_guide/platform_integration_guides/android/initial_sdk_setup/accessibility/
URLs checked: 4866 
Pages crawled: 1562 
Rejected: 1925 
Bloom filter conflicts: 1334 
(66.97% total skipped)
Most recent URL: https://www.wsj.com/news/life-arts/ideas?mod=nav_top_subsection
URLs checked: 4872 
Pages crawled: 1563 
Rejected: 1929 
Bloom filter conflicts: 1335 
(67.00% total skipped)
Most recent URL: https://loc.gov/careers/
URLs checked: 4873 
Pages crawled: 1564 
Rejected: 1929 
Bloom filter conflicts: 1335 
(66.98% total skipped)
Most recent URL: https://www.healthline.com/health/digestive-health/get-rid-of-gas-pains-and-bloating
URLs checked: 4874 
Pages crawled: 1565 
Rejected: 1929 
Bloom filter conflicts: 1335 
(66.97% total skipped)
Most recent URL: https://www.npr.org/series/1002643619/now-playing
URLs checked: 4887 
Pages crawled: 1566 
Rejected: 1934 
Bloom filter conflicts: 1342 
(67.03% total skipped)
Most recent URL: https://stackoverflow.com/users/2210610/timofey-yatsenko
URLs checked: 4888 
Pages crawled: 1567 
Rejected: 1934 
Bloom filter conflicts: 1342 
(67.02% total skipped)
Most recent URL: https://store.steampowered.com/explore/?l=latam&redir=explore%2F%3Fsnr%3D1_2500_4__global-responsive-menu&redir_ssl=1&snr=1_2500_4__global-responsive-menu
URLs checked: 4889 
Pages crawled: 1568 
Rejected: 1934 
Bloom filter conflicts: 1342 
(67.01% total skipped)
Most recent URL: https://www.mayoclinic.org/patient-visitor-guide/billing-insurance/price-estimates/minnesota-price-transparency
URLs checked: 4898 
Pages crawled: 1569 
Rejected: 1941 
Bloom filter conflicts: 1343 
(67.05% total skipped)
Most recent URL: https://careers.media.net/legal-and-compliance
URLs checked: 4899 
Pages crawled: 1570 
Rejected: 1941 
Bloom filter conflicts: 1343 
(67.03% total skipped)
Most recent URL: https://gnu.org/graphics/scowcroft.html
URLs checked: 4901 
Pages crawled: 1571 
Rejected: 1942 
Bloom filter conflicts: 1343 
(67.03% total skipped)
Most recent URL: https://theverge.com/2023/11/26/23976752/apple-pencil-cyber-monday-deal-sale
URLs checked: 4902 
Pages crawled: 1572 
Rejected: 1942 
Bloom filter conflicts: 1343 
(67.01% total skipped)
Most recent URL: https://icloud-content.com/design/awards/
URLs checked: 4908 
Pages crawled: 1573 
Rejected: 1947 
Bloom filter conflicts: 1343 
(67.03% total skipped)
Most recent URL: https://time.com/charter/6295127/how-workplaces-can-be-more-proactive-about-supporting-mental-health/
URLs checked: 4911 
Pages crawled: 1574 
Rejected: 1947 
Bloom filter conflicts: 1345 
(67.03% total skipped)
Most recent URL: https://fb.com/pages/create/?ref_type=registration_form
URLs checked: 4913 
Pages crawled: 1575 
Rejected: 1948 
Bloom filter conflicts: 1345 
(67.03% total skipped)
Most recent URL: https://addtoany.com/buttons/for/website
URLs checked: 4915 
Pages crawled: 1576 
Rejected: 1949 
Bloom filter conflicts: 1345 
(67.02% total skipped)
Most recent URL: https://www.npr.org/transcripts/1214951367
URLs checked: 4916 
Pages crawled: 1577 
Rejected: 1949 
Bloom filter conflicts: 1345 
(67.01% total skipped)
Most recent URL: https://digitalocean.com/products/uptime-monitoring
URLs checked: 4917 
Pages crawled: 1578 
Rejected: 1949 
Bloom filter conflicts: 1345 
(66.99% total skipped)
Most recent URL: https://google.com.br/websearch/answer/106230?hl=en&ref_topic=3378866
URLs checked: 4929 
Pages crawled: 1579 
Rejected: 1959 
Bloom filter conflicts: 1346 
(67.05% total skipped)
Most recent URL: https://stackoverflow.com/users/signup?ssrc=site_switcher&returnurl=https%3a%2f%2fstackoverflow.com%2fusers%2f21027088%2fana-ya
URLs checked: 4932 
Pages crawled: 1580 
Rejected: 1961 
Bloom filter conflicts: 1346 
(67.05% total skipped)
Most recent URL: https://careers.media.net/product-marketing/senior-associate-product-marketing/
URLs checked: 4934 
Pages crawled: 1581 
Rejected: 1961 
Bloom filter conflicts: 1347 
(67.04% total skipped)
Most recent URL: https://www.blogger.com/go/home
URLs checked: 4940 
Pages crawled: 1582 
Rejected: 1961 
Bloom filter conflicts: 1352 
(67.06% total skipped)
Most recent URL: https://ring.com/products/spare-parts-for-floodlight-cam
URLs checked: 4941 
Pages crawled: 1583 
Rejected: 1961 
Bloom filter conflicts: 1352 
(67.05% total skipped)
Most recent URL: https://www.addtoany.com/buttons/customize/hover_delay
URLs checked: 4942 
Pages crawled: 1584 
Rejected: 1961 
Bloom filter conflicts: 1352 
(67.04% total skipped)
Most recent URL: https://www.cnet.com/tech/home-entertainment/tv-sizes-how-big-a-screen-do-i-really-need/
URLs checked: 4944 
Pages crawled: 1585 
Rejected: 1961 
Bloom filter conflicts: 1353 
(67.03% total skipped)
Most recent URL: https://www.healthline.com/health-news/rapid-covid-19-tests-when-to-use-them-and-how-they-work
URLs checked: 4945 
Pages crawled: 1586 
Rejected: 1961 
Bloom filter conflicts: 1353 
(67.02% total skipped)
Most recent URL: https://www.npr.org/transcripts/1183098058
URLs checked: 4946 
Pages crawled: 1587 
Rejected: 1961 
Bloom filter conflicts: 1353 
(67.00% total skipped)
Most recent URL: https://time.com/6323105/how-to-set-boundaries-at-work/
URLs checked: 4947 
Pages crawled: 1588 
Rejected: 1961 
Bloom filter conflicts: 1353 
(66.99% total skipped)
Most recent URL: https://tradingview.com/symbols/SIX-NESN/
URLs checked: 4948 
Pages crawled: 1589 
Rejected: 1961 
Bloom filter conflicts: 1353 
(66.98% total skipped)
Most recent URL: https://www.dnsmadeeasy.com/
URLs checked: 4949 
Pages crawled: 1590 
Rejected: 1961 
Bloom filter conflicts: 1353 
(66.96% total skipped)
Most recent URL: https://www.braze.com/docs/developer_guide/platform_integration_guides/android/analytics/setting_custom_attributes/
URLs checked: 4950 
Pages crawled: 1591 
Rejected: 1961 
Bloom filter conflicts: 1353 
(66.95% total skipped)
Most recent URL: https://www.wsj.com/news/types/canada-news?mod=nav_top_subsection
URLs checked: 4952 
Pages crawled: 1592 
Rejected: 1962 
Bloom filter conflicts: 1353 
(66.94% total skipped)
Most recent URL: https://store.steampowered.com/explore/?l=romanian&redir=explore%2F%3Fl%3Dlatam%26redir%3Dexplore%252F%253Fsnr%253D1_2500_4__global-responsive-menu%26redir_ssl%3D1%26snr%3D1_2500_4__global-responsive-menu&redir_ssl=1&snr=1_2500_4__global-responsive-menu
URLs checked: 4953 
Pages crawled: 1593 
Rejected: 1962 
Bloom filter conflicts: 1353 
(66.93% total skipped)
Most recent URL: https://docs.digitalocean.com/glossary/ip/
URLs checked: 4955 
Pages crawled: 1594 
Rejected: 1962 
Bloom filter conflicts: 1354 
(66.92% total skipped)
Most recent URL: https://mailchimp.com/developer/marketing/api/list-member-tags/
URLs checked: 4956 
Pages crawled: 1595 
Rejected: 1962 
Bloom filter conflicts: 1354 
(66.91% total skipped)
Most recent URL: https://intel.com/content/www/us/en/events/ipss.html
URLs checked: 4958 
Pages crawled: 1596 
Rejected: 1963 
Bloom filter conflicts: 1354 
(66.90% total skipped)
Most recent URL: https://www.wix.com/tools/qr-code-generator
URLs checked: 4969 
Pages crawled: 1597 
Rejected: 1970 
Bloom filter conflicts: 1357 
(66.96% total skipped)
Most recent URL: https://www.att.com/buy/accessories/browse/phone-grips
URLs checked: 4971 
Pages crawled: 1598 
Rejected: 1971 
Bloom filter conflicts: 1357 
(66.95% total skipped)
Most recent URL: https://gnu.org/testimonials/testimonial_HIRLAM.html
URLs checked: 4972 
Pages crawled: 1599 
Rejected: 1971 
Bloom filter conflicts: 1357 
(66.93% total skipped)
Most recent URL: https://icloud-content.com/discover/
URLs checked: 4974 
Pages crawled: 1600 
Rejected: 1972 
Bloom filter conflicts: 1357 
(66.93% total skipped)
Most recent URL: https://www.mayoclinic.org/tests-procedures/prostate-laser-surgery/about/pac-20384874
URLs checked: 4975 
Pages crawled: 1601 
Rejected: 1972 
Bloom filter conflicts: 1357 
(66.91% total skipped)
Most recent URL: https://theverge.com/command-line-newsletter
URLs checked: 4980 
Pages crawled: 1602 
Rejected: 1972 
Bloom filter conflicts: 1361 
(66.93% total skipped)
Most recent URL: https://hipages.com.au/find/fences/tas
URLs checked: 4982 
Pages crawled: 1603 
Rejected: 1973 
Bloom filter conflicts: 1361 
(66.92% total skipped)
Most recent URL: https://cnbc.com/world/
URLs checked: 4989 
Pages crawled: 1604 
Rejected: 1976 
Bloom filter conflicts: 1364 
(66.95% total skipped)
Most recent URL: https://google.com.br/websearch/answer/9504726?hl=en&ref_topic=3036131
URLs checked: 4997 
Pages crawled: 1605 
Rejected: 1979 
Bloom filter conflicts: 1368 
(66.98% total skipped)
Most recent URL: https://careers.media.net/business-development/senior-associate-business-development-distribution/
URLs checked: 4998 
Pages crawled: 1606 
Rejected: 1979 
Bloom filter conflicts: 1368 
(66.97% total skipped)
Most recent URL: https://ring.com/products/starter-pro-kit
URLs checked: 4999 
Pages crawled: 1607 
Rejected: 1979 
Bloom filter conflicts: 1368 
(66.95% total skipped)
Most recent URL: https://www.dfeh.ca.gov/
URLs checked: 5000 
Pages crawled: 1608 
Rejected: 1979 
Bloom filter conflicts: 1368 
(66.94% total skipped)
Most recent URL: https://stackoverflow.com/users/7750550/tourapz
URLs checked: 5001 
Pages crawled: 1609 
Rejected: 1979 
Bloom filter conflicts: 1368 
(66.93% total skipped)
Most recent URL: https://www.npr.org/sections/npr-extra/2023/06/08/1180982951/summer-reads-by-npr-authors
URLs checked: 5004 
Pages crawled: 1610 
Rejected: 1979 
Bloom filter conflicts: 1370 
(66.93% total skipped)
Most recent URL: https://www.tradingview.com/chart/MCD/bQJtkmym-MCD-Long-Term-Investment/
URLs checked: 5005 
Pages crawled: 1611 
Rejected: 1979 
Bloom filter conflicts: 1370 
(66.91% total skipped)
Most recent URL: https://time.com/author/mallory-moench/
URLs checked: 5006 
Pages crawled: 1612 
Rejected: 1979 
Bloom filter conflicts: 1370 
(66.90% total skipped)
Most recent URL: https://www.healthline.com/terms-of-use
URLs checked: 5008 
Pages crawled: 1613 
Rejected: 1979 
Bloom filter conflicts: 1371 
(66.89% total skipped)
Most recent URL: https://newrelic.com/instant-observability/amazon-eks-on-aws-fargate
URLs checked: 5010 
Pages crawled: 1614 
Rejected: 1979 
Bloom filter conflicts: 1372 
(66.89% total skipped)
Most recent URL: https://www.sophos.com/en-us/products/free-trials
URLs checked: 5015 
Pages crawled: 1615 
Rejected: 1981 
Bloom filter conflicts: 1374 
(66.90% total skipped)
Most recent URL: https://support.dnsmadeeasy.com/en/support/solutions/articles/47001119947-the-ddns-shell-script
URLs checked: 5016 
Pages crawled: 1616 
Rejected: 1981 
Bloom filter conflicts: 1374 
(66.89% total skipped)
Most recent URL: https://www.eset.com/
URLs checked: 5017 
Pages crawled: 1617 
Rejected: 1981 
Bloom filter conflicts: 1374 
(66.87% total skipped)
Most recent URL: https://www.braze.com/docs/developer_guide/platform_integration_guides/android/push_notifications/fireos/silent_push_notifications/
URLs checked: 5018 
Pages crawled: 1618 
Rejected: 1981 
Bloom filter conflicts: 1374 
(66.86% total skipped)
Most recent URL: https://www.wsj.com/news/author/clare-ansberry?mod=nav_top_subsection
URLs checked: 5028 
Pages crawled: 1619 
Rejected: 1988 
Bloom filter conflicts: 1376 
(66.91% total skipped)
Most recent URL: https://cnet.com/news/privacy/security-researchers-claim-hola-operates-as-insecure-botnet/
URLs checked: 5046 
Pages crawled: 1620 
Rejected: 1992 
Bloom filter conflicts: 1389 
(67.00% total skipped)
Most recent URL: https://careers.media.net/devops/
URLs checked: 5047 
Pages crawled: 1621 
Rejected: 1992 
Bloom filter conflicts: 1389 
(66.99% total skipped)
Most recent URL: https://addtoany.com/buttons/customize/drupal/icon_color
URLs checked: 5048 
Pages crawled: 1622 
Rejected: 1992 
Bloom filter conflicts: 1389 
(66.98% total skipped)
Most recent URL: https://www.npr.org/2023/10/25/1208572681/friends-friendship-meet-up-research-pew-health-benefits
URLs checked: 5049 
Pages crawled: 1623 
Rejected: 1992 
Bloom filter conflicts: 1389 
(66.96% total skipped)
Most recent URL: https://www.mayoclinic.org/tests-procedures/stereotactic-radiosurgery/about/pac-20384526
URLs checked: 5066 
Pages crawled: 1624 
Rejected: 1996 
Bloom filter conflicts: 1401 
(67.05% total skipped)
Most recent URL: https://google.com.br/intl/en/home/growth-formula/
URLs checked: 5079 
Pages crawled: 1625 
Rejected: 2001 
Bloom filter conflicts: 1408 
(67.12% total skipped)
Most recent URL: https://ring.com/ring-bundles
URLs checked: 5080 
Pages crawled: 1626 
Rejected: 2001 
Bloom filter conflicts: 1408 
(67.11% total skipped)
Most recent URL: https://www.att.com/support/wireless/
URLs checked: 5081 
Pages crawled: 1627 
Rejected: 2001 
Bloom filter conflicts: 1408 
(67.09% total skipped)
Most recent URL: https://careers.media.net/business-operations/associate-digital-marketing/
URLs checked: 5089 
Pages crawled: 1628 
Rejected: 2003 
Bloom filter conflicts: 1413 
(67.13% total skipped)
Most recent URL: https://intel.com/content/www/us/en/company-overview/public-policy.html
URLs checked: 5091 
Pages crawled: 1629 
Rejected: 2003 
Bloom filter conflicts: 1414 
(67.12% total skipped)
Most recent URL: https://fb.com/r.php?locale=en_US
URLs checked: 5092 
Pages crawled: 1630 
Rejected: 2003 
Bloom filter conflicts: 1414 
(67.11% total skipped)
Most recent URL: https://theverge.com/2023/3/2/23746852/command-line-amazon-return-to-office-backlash?showComments=1
URLs checked: 5093 
Pages crawled: 1631 
Rejected: 2003 
Bloom filter conflicts: 1414 
(67.09% total skipped)
Most recent URL: https://mailchimp.com/developer/blog/
URLs checked: 5094 
Pages crawled: 1632 
Rejected: 2003 
Bloom filter conflicts: 1414 
(67.08% total skipped)
Most recent URL: https://time.com/collection/must-read-books-2023/6332222/dyscalculia/
URLs checked: 5096 
Pages crawled: 1633 
Rejected: 2003 
Bloom filter conflicts: 1415 
(67.07% total skipped)
Most recent URL: https://google.com.br/websearch/answer/13128452?hl=en&ref_topic=3081620
URLs checked: 5099 
Pages crawled: 1634 
Rejected: 2004 
Bloom filter conflicts: 1416 
(67.07% total skipped)
Most recent URL: https://addtoany.com/services/hacker_news_button
URLs checked: 5101 
Pages crawled: 1635 
Rejected: 2005 
Bloom filter conflicts: 1416 
(67.07% total skipped)
Most recent URL: https://www.dnsmadeeasy.com/post/enhancing-resilience-and-performance-with-secondary-dns-leveraging-digicert-dns-trust-manager-for-organizational-success
URLs checked: 5102 
Pages crawled: 1636 
Rejected: 2005 
Bloom filter conflicts: 1416 
(67.05% total skipped)
Most recent URL: https://www.cnet.com/videos/the-playstation-5-slim-hands-on/
URLs checked: 5103 
Pages crawled: 1637 
Rejected: 2005 
Bloom filter conflicts: 1416 
(67.04% total skipped)
Most recent URL: https://icloud-content.com/testflight/
URLs checked: 5104 
Pages crawled: 1638 
Rejected: 2005 
Bloom filter conflicts: 1416 
(67.03% total skipped)
Most recent URL: https://www.npr.org/2023/11/25/1198909420/up-first-draft-11-25-2023
URLs checked: 5105 
Pages crawled: 1639 
Rejected: 2005 
Bloom filter conflicts: 1416 
(67.01% total skipped)
Most recent URL: https://docs.newrelic.com/docs/logs/ui-data/obfuscation-ui/
URLs checked: 5106 
Pages crawled: 1640 
Rejected: 2005 
Bloom filter conflicts: 1416 
(67.00% total skipped)
Most recent URL: https://www.digitalocean.com/docs/app-platform/
URLs checked: 5107 
Pages crawled: 1641 
Rejected: 2005 
Bloom filter conflicts: 1416 
(66.99% total skipped)
Most recent URL: https://support.wix.com/en/article/wix-payments-restricted-and-prohibited-products-and-services
URLs checked: 5108 
Pages crawled: 1642 
Rejected: 2005 
Bloom filter conflicts: 1416 
(66.97% total skipped)
Most recent URL: https://www.healthline.com/nutrition/supplements-for-anxiety
URLs checked: 5109 
Pages crawled: 1643 
Rejected: 2005 
Bloom filter conflicts: 1416 
(66.96% total skipped)
Most recent URL: https://tradingview.com/symbols/NYSE-ARMK/
URLs checked: 5114 
Pages crawled: 1644 
Rejected: 2009 
Bloom filter conflicts: 1416 
(66.97% total skipped)
Most recent URL: https://store.steampowered.com/app/900883/The_Elder_Scrolls_IV_Oblivion_Game_of_the_Year_Edition_Deluxe/?snr=1_1056_4_franchise_curatorfeatureddiscount&curator_clanid=33028765
URLs checked: 5117 
Pages crawled: 1645 
Rejected: 2009 
Bloom filter conflicts: 1418 
(66.97% total skipped)
Most recent URL: https://www.mayoclinic.org/departments-centers/sports-medicine-mayo-clinic/sections/overview/ovc-20437758
URLs checked: 5118 
Pages crawled: 1646 
Rejected: 2009 
Bloom filter conflicts: 1418 
(66.96% total skipped)
Most recent URL: https://www.cnbc.com/video/2023/11/03/hsbc-has-a-few-hundred-potential-use-cases-for-generative-ai-hk-ceo.html
URLs checked: 5119 
Pages crawled: 1647 
Rejected: 2009 
Bloom filter conflicts: 1418 
(66.95% total skipped)
Most recent URL: https://hipages.com.au/find/glass_glazier/vic/taylors_hill
URLs checked: 5120 
Pages crawled: 1648 
Rejected: 2009 
Bloom filter conflicts: 1418 
(66.93% total skipped)
Most recent URL: https://www.braze.com/docs/developer_guide/platform_integration_guides/swift/advanced_use_cases/google_tag_manager/
URLs checked: 5124 
Pages crawled: 1649 
Rejected: 2011 
Bloom filter conflicts: 1419 
(66.94% total skipped)
Most recent URL: https://eset.com/int/about/newsroom/
URLs checked: 5130 
Pages crawled: 1650 
Rejected: 2016 
Bloom filter conflicts: 1419 
(66.96% total skipped)
Most recent URL: https://google.com.br/websearch/?hl=en
URLs checked: 5135 
Pages crawled: 1651 
Rejected: 2018 
Bloom filter conflicts: 1421 
(66.97% total skipped)
Most recent URL: https://careers.media.net/legal-and-compliance/compliance-associate/
URLs checked: 5136 
Pages crawled: 1652 
Rejected: 2018 
Bloom filter conflicts: 1421 
(66.96% total skipped)
Most recent URL: https://stackoverflow.com/questions/tagged/rstudio
URLs checked: 5136 
Pages crawled: 1653 
Rejected: 2018 
Bloom filter conflicts: 1421 
(66.96% total skipped)
Most recent URL: https://www.loc.gov/careers/working-at-the-library/
URLs checked: 5138 
Pages crawled: 1654 
Rejected: 2018 
Bloom filter conflicts: 1421 
(66.93% total skipped)
Most recent URL: https://www.wsj.com/news/magazine/culture?mod=nav_top_subsection
URLs checked: 5139 
Pages crawled: 1655 
Rejected: 2018 
Bloom filter conflicts: 1421 
(66.92% total skipped)
Most recent URL: https://support.dnsmadeeasy.com/support/solutions/folders/47000761919
URLs checked: 5141 
Pages crawled: 1656 
Rejected: 2018 
Bloom filter conflicts: 1422 
(66.91% total skipped)
Most recent URL: https://ring.com/products/spotlight-cam-hardwire-converter-kit
URLs checked: 5142 
Pages crawled: 1657 
Rejected: 2018 
Bloom filter conflicts: 1422 
(66.90% total skipped)
Most recent URL: https://gnu.org/software/
URLs checked: 5143 
Pages crawled: 1658 
Rejected: 2018 
Bloom filter conflicts: 1422 
(66.89% total skipped)
Most recent URL: https://www.cnet.com/sitemaps/
URLs checked: 5144 
Pages crawled: 1659 
Rejected: 2018 
Bloom filter conflicts: 1422 
(66.87% total skipped)
Most recent URL: https://www.intel.com/content/www/us/en/support/products/98414/intel-nuc.html
URLs checked: 5149 
Pages crawled: 1660 
Rejected: 2018 
Bloom filter conflicts: 1426 
(66.89% total skipped)
Most recent URL: https://newrelic.com/instant-observability/azure-storage-sync
URLs checked: 5150 
Pages crawled: 1661 
Rejected: 2018 
Bloom filter conflicts: 1426 
(66.87% total skipped)
Most recent URL: https://sophos.com/en-us/legal/cookie-information
URLs checked: 5152 
Pages crawled: 1662 
Rejected: 2019 
Bloom filter conflicts: 1426 
(66.87% total skipped)
Most recent URL: https://www.blogger.com/go/helpforum
URLs checked: 5155 
Pages crawled: 1663 
Rejected: 2020 
Bloom filter conflicts: 1427 
(66.87% total skipped)
Most recent URL: https://idp.nature.com/auth/personal/springernature?redirect_uri=https://www.nature.com/subjects
URLs checked: 5156 
Pages crawled: 1664 
Rejected: 2020 
Bloom filter conflicts: 1427 
(66.85% total skipped)
Most recent URL: https://www.att.com/buy/prepaid-phones/
URLs checked: 5157 
Pages crawled: 1665 
Rejected: 2020 
Bloom filter conflicts: 1427 
(66.84% total skipped)
Most recent URL: https://www.healthline.com/health/beauty-skin-care/paulas-choice-review
URLs checked: 5164 
Pages crawled: 1666 
Rejected: 2025 
Bloom filter conflicts: 1428 
(66.87% total skipped)
Most recent URL: https://theverge.com/23395200/chromecast-google-tv-hd-review
URLs checked: 5171 
Pages crawled: 1667 
Rejected: 2029 
Bloom filter conflicts: 1430 
(66.89% total skipped)
Most recent URL: https://google.com.br/websearch/answer/181196?hl=en&ref_topic=3036132
URLs checked: 5192 
Pages crawled: 1668 
Rejected: 2039 
Bloom filter conflicts: 1440 
(67.01% total skipped)
Most recent URL: https://addtoany.com/buttons/customize/drupal/on_hover
URLs checked: 5200 
Pages crawled: 1669 
Rejected: 2046 
Bloom filter conflicts: 1440 
(67.04% total skipped)
Most recent URL: https://icloud-content.com/safari/
URLs checked: 5212 
Pages crawled: 1670 
Rejected: 2052 
Bloom filter conflicts: 1445 
(67.10% total skipped)
Most recent URL: https://support.wix.com/en/article/email-marketing-customizing-the-footer-of-your-campaign
URLs checked: 5213 
Pages crawled: 1671 
Rejected: 2052 
Bloom filter conflicts: 1445 
(67.08% total skipped)
Most recent URL: https://google.com.br/websearch/answer/9723144?hl=en&ref_topic=1733202
URLs checked: 5215 
Pages crawled: 1672 
Rejected: 2052 
Bloom filter conflicts: 1446 
(67.08% total skipped)
Most recent URL: https://careers.media.net/business-operations/associate-content/
URLs checked: 5216 
Pages crawled: 1673 
Rejected: 2052 
Bloom filter conflicts: 1446 
(67.06% total skipped)
Most recent URL: https://mailchimp.com/developer/transactional/api/ips/
URLs checked: 5217 
Pages crawled: 1674 
Rejected: 2052 
Bloom filter conflicts: 1446 
(67.05% total skipped)
Most recent URL: https://www.mayoclinic.org/diseases-conditions/shellfish-allergy/symptoms-causes/syc-20377503
URLs checked: 5218 
Pages crawled: 1675 
Rejected: 2052 
Bloom filter conflicts: 1446 
(67.04% total skipped)
Most recent URL: https://newrelic.com/instant-observability/azure-content-moderator
URLs checked: 5219 
Pages crawled: 1676 
Rejected: 2052 
Bloom filter conflicts: 1446 
(67.02% total skipped)
Most recent URL: https://store.steampowered.com/explore/upcoming/?snr=1_1050_4__12
URLs checked: 5221 
Pages crawled: 1677 
Rejected: 2052 
Bloom filter conflicts: 1447 
(67.02% total skipped)
Most recent URL: https://blog.digitalocean.com/solutions/data-analytics
URLs checked: 5224 
Pages crawled: 1678 
Rejected: 2052 
Bloom filter conflicts: 1449 
(67.02% total skipped)
Most recent URL: https://time.com/collection/100-most-influential-people-2023
URLs checked: 5225 
Pages crawled: 1679 
Rejected: 2052 
Bloom filter conflicts: 1449 
(67.00% total skipped)
Most recent URL: https://www.braze.com/docs/developer_guide/platform_integration_guides/swift/analytics/swift_idfv/
URLs checked: 5227 
Pages crawled: 1680 
Rejected: 2053 
Bloom filter conflicts: 1449 
(67.00% total skipped)
Most recent URL: https://hipages.com.au/find/roof_repairs/sa
URLs checked: 5228 
Pages crawled: 1681 
Rejected: 2053 
Bloom filter conflicts: 1449 
(66.99% total skipped)
Most recent URL: https://www.cnbc.com/life/
URLs checked: 5230 
Pages crawled: 1682 
Rejected: 2054 
Bloom filter conflicts: 1449 
(66.98% total skipped)
Most recent URL: https://www.wsj.com/pro/cybersecurity?mod=nav_top_subsection
URLs checked: 5237 
Pages crawled: 1683 
Rejected: 2059 
Bloom filter conflicts: 1450 
(67.00% total skipped)
Most recent URL: https://ring.com/protect-go
URLs checked: 5243 
Pages crawled: 1684 
Rejected: 2063 
Bloom filter conflicts: 1451 
(67.02% total skipped)
Most recent URL: https://google.com.br/websearch/answer/13572151?hl=en&ref_topic=13544225
URLs checked: 5245 
Pages crawled: 1685 
Rejected: 2064 
Bloom filter conflicts: 1451 
(67.02% total skipped)
Most recent URL: https://gnu.org/bulletins/bulletin-001.html
URLs checked: 5246 
Pages crawled: 1686 
Rejected: 2064 
Bloom filter conflicts: 1451 
(67.00% total skipped)
Most recent URL: https://theverge.com/22578620/amazon-fire-hd-10-plus-productivity-bundle-kids-pro-2021-tablet-review-which-to-buy
URLs checked: 5247 
Pages crawled: 1687 
Rejected: 2064 
Bloom filter conflicts: 1451 
(66.99% total skipped)
Most recent URL: https://www.loc.gov/item/event-411267/holiday-celebration/2023-12-14/
URLs checked: 5248 
Pages crawled: 1688 
Rejected: 2064 
Bloom filter conflicts: 1451 
(66.98% total skipped)
Most recent URL: https://stackoverflow.com/users/7034353/sintan1071
URLs checked: 5249 
Pages crawled: 1689 
Rejected: 2064 
Bloom filter conflicts: 1451 
(66.97% total skipped)
Most recent URL: https://www.cnet.com/tech/home-entertainment/best-32-inch-tv/
URLs checked: 5251 
Pages crawled: 1690 
Rejected: 2064 
Bloom filter conflicts: 1452 
(66.96% total skipped)
Most recent URL: https://www.npr.org/2023/11/12/1212524625/more-than-800-sudanese-reportedly-killed-in-an-attack-on-a-darfur-town-the-un-sa
URLs checked: 5252 
Pages crawled: 1691 
Rejected: 2064 
Bloom filter conflicts: 1452 
(66.95% total skipped)
Most recent URL: https://intel.com/content/www/us/en/support/products/81240/technologies.html
URLs checked: 5253 
Pages crawled: 1692 
Rejected: 2064 
Bloom filter conflicts: 1452 
(66.93% total skipped)
Most recent URL: https://eset.com/int/illicit-cryptomining-business/
URLs checked: 5254 
Pages crawled: 1693 
Rejected: 2064 
Bloom filter conflicts: 1452 
(66.92% total skipped)
Most recent URL: https://tradingview.com/symbols/NASDAQ-CRUS/
URLs checked: 5255 
Pages crawled: 1694 
Rejected: 2064 
Bloom filter conflicts: 1452 
(66.91% total skipped)
Most recent URL: https://care.healthline.com/find-care/specialty/neurology?ref=global
URLs checked: 5258 
Pages crawled: 1695 
Rejected: 2066 
Bloom filter conflicts: 1452 
(66.91% total skipped)
Most recent URL: https://careers.media.net/business-development/content-writer/
URLs checked: 5276 
Pages crawled: 1696 
Rejected: 2075 
Bloom filter conflicts: 1460 
(67.00% total skipped)
Most recent URL: https://docs.digitalocean.com/products/networking/firewalls/how-to/configure-rules/
URLs checked: 5277 
Pages crawled: 1697 
Rejected: 2075 
Bloom filter conflicts: 1460 
(66.99% total skipped)
Most recent URL: https://mailchimp.com/developer/marketing/api/list-signup-forms/
URLs checked: 5279 
Pages crawled: 1698 
Rejected: 2076 
Bloom filter conflicts: 1460 
(66.98% total skipped)
Most recent URL: https://www.google.com.br/terms?hl=en&fg=1
URLs checked: 5282 
Pages crawled: 1699 
Rejected: 2078 
Bloom filter conflicts: 1460 
(66.98% total skipped)
Most recent URL: https://time.com/charter/tag/hybrid-work/
URLs checked: 5283 
Pages crawled: 1700 
Rejected: 2078 
Bloom filter conflicts: 1460 
(66.97% total skipped)
Most recent URL: https://www.mayoclinic.org/diseases-conditions/back-pain/symptoms-causes/syc-20369906
URLs checked: 5284 
Pages crawled: 1701 
Rejected: 2078 
Bloom filter conflicts: 1460 
(66.96% total skipped)
Most recent URL: https://store.steampowered.com/?snr=1_60_4__global-responsive-menu
URLs checked: 5301 
Pages crawled: 1702 
Rejected: 2092 
Bloom filter conflicts: 1462 
(67.04% total skipped)
Most recent URL: https://one.newrelic.com/data-management-hub
URLs checked: 5302 
Pages crawled: 1703 
Rejected: 2092 
Bloom filter conflicts: 1462 
(67.03% total skipped)
Most recent URL: https://www.cnet.com/health/nutrition/
URLs checked: 5309 
Pages crawled: 1704 
Rejected: 2092 
Bloom filter conflicts: 1468 
(67.06% total skipped)
Most recent URL: https://careers.media.net/information-technology/it-procurement-lead/
URLs checked: 5310 
Pages crawled: 1705 
Rejected: 2092 
Bloom filter conflicts: 1468 
(67.04% total skipped)
Most recent URL: https://icloud-content.com/security-bounty/
URLs checked: 5318 
Pages crawled: 1706 
Rejected: 2098 
Bloom filter conflicts: 1469 
(67.07% total skipped)
Most recent URL: https://fb.com/marketplace/
URLs checked: 5319 
Pages crawled: 1707 
Rejected: 2098 
Bloom filter conflicts: 1469 
(67.06% total skipped)
Most recent URL: https://www.wsj.com/news/realestate?mod=nav_top_section
URLs checked: 5322 
Pages crawled: 1708 
Rejected: 2098 
Bloom filter conflicts: 1471 
(67.06% total skipped)
Most recent URL: https://stackoverflow.com/users/17178160/zeetro
URLs checked: 5323 
Pages crawled: 1709 
Rejected: 2098 
Bloom filter conflicts: 1471 
(67.05% total skipped)
Most recent URL: https://google.com.br/technologies/partner-sites?hl=en&fg=1&hl=en
URLs checked: 5325 
Pages crawled: 1710 
Rejected: 2098 
Bloom filter conflicts: 1472 
(67.04% total skipped)
Most recent URL: https://www.tradingview.com/chart/ORCL/0Cmu8nNr-ORCL-10-8-2023/
URLs checked: 5326 
Pages crawled: 1711 
Rejected: 2098 
Bloom filter conflicts: 1472 
(67.03% total skipped)
Most recent URL: https://www.gnu.org/help/help.html
URLs checked: 5327 
Pages crawled: 1712 
Rejected: 2098 
Bloom filter conflicts: 1472 
(67.02% total skipped)
Most recent URL: https://theverge.com/2023/4/20/23750895/command-line-snaps-big-ai-bet?showComments=1
URLs checked: 5328 
Pages crawled: 1713 
Rejected: 2098 
Bloom filter conflicts: 1472 
(67.00% total skipped)
Most recent URL: https://cybersecurity.att.com/legal/cookie-policy
URLs checked: 5329 
Pages crawled: 1714 
Rejected: 2098 
Bloom filter conflicts: 1472 
(66.99% total skipped)
Most recent URL: https://www.healthline.com/health/t-cell-count
URLs checked: 5330 
Pages crawled: 1715 
Rejected: 2098 
Bloom filter conflicts: 1472 
(66.98% total skipped)
Most recent URL: https://hipages.com.au/find/bathroom_renovations/qld/brisbane
URLs checked: 5331 
Pages crawled: 1716 
Rejected: 2098 
Bloom filter conflicts: 1472 
(66.97% total skipped)
Most recent URL: https://www.braze.com/docs/developer_guide/platform_integration_guides/ios/analytics/logging_purchases/
URLs checked: 5342 
Pages crawled: 1717 
Rejected: 2108 
Bloom filter conflicts: 1472 
(67.02% total skipped)
Most recent URL: https://addtoany.com/services/line_button
URLs checked: 5346 
Pages crawled: 1718 
Rejected: 2110 
Bloom filter conflicts: 1473 
(67.02% total skipped)
Most recent URL: https://google.com.br/websearch/answer/10477665?hl=en&ref_topic=9739148
URLs checked: 5358 
Pages crawled: 1719 
Rejected: 2114 
Bloom filter conflicts: 1480 
(67.08% total skipped)
Most recent URL: https://support.dnsmadeeasy.com/support/tickets/new
URLs checked: 5359 
Pages crawled: 1720 
Rejected: 2114 
Bloom filter conflicts: 1480 
(67.06% total skipped)
Most recent URL: https://calguard.ca.gov/education/
URLs checked: 5360 
Pages crawled: 1721 
Rejected: 2114 
Bloom filter conflicts: 1480 
(67.05% total skipped)
Most recent URL: https://mailchimp.com/developer/marketing/api/list-member-goal/
URLs checked: 5362 
Pages crawled: 1722 
Rejected: 2115 
Bloom filter conflicts: 1480 
(67.05% total skipped)
Most recent URL: https://docs.digitalocean.com/products/billing/late-payments/
URLs checked: 5367 
Pages crawled: 1723 
Rejected: 2119 
Bloom filter conflicts: 1480 
(67.06% total skipped)
Most recent URL: https://time.com/6164527/werner-spitz-forensic-pathologist/
URLs checked: 5368 
Pages crawled: 1724 
Rejected: 2119 
Bloom filter conflicts: 1480 
(67.05% total skipped)
Most recent URL: https://careers.media.net/finance-accounting
URLs checked: 5369 
Pages crawled: 1725 
Rejected: 2119 
Bloom filter conflicts: 1480 
(67.03% total skipped)
Most recent URL: https://nature.com/nature/our-publishing-models
URLs checked: 5371 
Pages crawled: 1726 
Rejected: 2119 
Bloom filter conflicts: 1481 
(67.03% total skipped)
Most recent URL: https://ring.com/products/stick-up-security-camera-plug-in-certified-refurbished
URLs checked: 5372 
Pages crawled: 1727 
Rejected: 2119 
Bloom filter conflicts: 1481 
(67.01% total skipped)
Most recent URL: https://www.wix.com/blog/photography/how-to-vlog
URLs checked: 5374 
Pages crawled: 1728 
Rejected: 2120 
Bloom filter conflicts: 1481 
(67.01% total skipped)
Most recent URL: https://www.npr.org/sections/now-playing/2023/06/26/1184345754/the-swell-season-the-answer-is-yes
URLs checked: 5375 
Pages crawled: 1729 
Rejected: 2120 
Bloom filter conflicts: 1481 
(67.00% total skipped)
Most recent URL: https://www.cnet.com/tech/computing/
URLs checked: 5376 
Pages crawled: 1730 
Rejected: 2120 
Bloom filter conflicts: 1481 
(66.98% total skipped)
Most recent URL: https://theverge.com/2023/10/31/23940753/twitch-nintendo-switch-app-end-support
URLs checked: 5378 
Pages crawled: 1731 
Rejected: 2120 
Bloom filter conflicts: 1482 
(66.98% total skipped)
Most recent URL: https://newrelic.com/instant-observability/vercel
URLs checked: 5381 
Pages crawled: 1732 
Rejected: 2120 
Bloom filter conflicts: 1484 
(66.98% total skipped)
Most recent URL: https://www.mayoclinic.org/tests-procedures/vasectomy-reversal/about/pac-20384537
URLs checked: 5382 
Pages crawled: 1733 
Rejected: 2120 
Bloom filter conflicts: 1484 
(66.96% total skipped)
Most recent URL: https://stackoverflow.com/questions/77005467/found-this-error-subprocess-exited-with-error-python-setup-py-egg-info-did-not
URLs checked: 5383 
Pages crawled: 1734 
Rejected: 2120 
Bloom filter conflicts: 1484 
(66.95% total skipped)
Most recent URL: https://www.loc.gov/philanthropy/online-donation/year-end
URLs checked: 5384 
Pages crawled: 1735 
Rejected: 2120 
Bloom filter conflicts: 1484 
(66.94% total skipped)
Most recent URL: https://www.business.att.com/support.html
URLs checked: 5386 
Pages crawled: 1736 
Rejected: 2120 
Bloom filter conflicts: 1485 
(66.93% total skipped)
Most recent URL: https://hipages.com.au/find/fences/launceston_region
URLs checked: 5389 
Pages crawled: 1737 
Rejected: 2122 
Bloom filter conflicts: 1485 
(66.93% total skipped)
Most recent URL: https://care.healthline.com/find-care/specialty/neurology/ar
URLs checked: 5402 
Pages crawled: 1738 
Rejected: 2124 
Bloom filter conflicts: 1495 
(66.99% total skipped)
Most recent URL: https://www.wsj.com/news/author/james-freeman?mod=nav_top_subsection
URLs checked: 5410 
Pages crawled: 1739 
Rejected: 2129 
Bloom filter conflicts: 1497 
(67.02% total skipped)
Most recent URL: https://www.t-mobile.com/cell-phone/samsung-galaxy-s23?sku=610214677587
URLs checked: 5428 
Pages crawled: 1740 
Rejected: 2131 
Bloom filter conflicts: 1512 
(67.11% total skipped)
Most recent URL: https://icloud-content.com/support/
URLs checked: 5429 
Pages crawled: 1741 
Rejected: 2131 
Bloom filter conflicts: 1512 
(67.10% total skipped)
Most recent URL: https://intel.com/content/www/us/en/support/products/46611/technologies/intel-identity-protection-technology-intel-ipt.html
URLs checked: 5431 
Pages crawled: 1742 
Rejected: 2131 
Bloom filter conflicts: 1513 
(67.10% total skipped)
Most recent URL: https://docs.digitalocean.com/products/droplets/how-to/tag/
URLs checked: 5432 
Pages crawled: 1743 
Rejected: 2131 
Bloom filter conflicts: 1513 
(67.08% total skipped)
Most recent URL: https://tradingview.com/markets/stocks-usa/sectorandindustry-industry/motor-vehicles/
URLs checked: 5433 
Pages crawled: 1744 
Rejected: 2131 
Bloom filter conflicts: 1513 
(67.07% total skipped)
Most recent URL: https://newrelic.com/instant-observability/adobe-cq
URLs checked: 5434 
Pages crawled: 1745 
Rejected: 2131 
Bloom filter conflicts: 1513 
(67.06% total skipped)
Most recent URL: https://www.braze.com/docs/developer_guide/customization_guides/content_cards/logging_analytics/
URLs checked: 5436 
Pages crawled: 1746 
Rejected: 2132 
Bloom filter conflicts: 1513 
(67.05% total skipped)
Most recent URL: https://addtoany.com/privacy
URLs checked: 5442 
Pages crawled: 1747 
Rejected: 2135 
Bloom filter conflicts: 1515 
(67.07% total skipped)
Most recent URL: https://google.com.br/intl/en/home/measurement/bidding/
URLs checked: 5444 
Pages crawled: 1748 
Rejected: 2135 
Bloom filter conflicts: 1516 
(67.06% total skipped)
Most recent URL: https://careers.media.net/information-technology/network-operations-associate/
URLs checked: 5445 
Pages crawled: 1749 
Rejected: 2135 
Bloom filter conflicts: 1516 
(67.05% total skipped)
Most recent URL: https://stackoverflow.com/users/signup?ssrc=head&returnurl=https%3a%2f%2fstackoverflow.com%2f
URLs checked: 5446 
Pages crawled: 1750 
Rejected: 2135 
Bloom filter conflicts: 1516 
(67.04% total skipped)
Most recent URL: https://www.npr.org/newsletter/health
URLs checked: 5447 
Pages crawled: 1751 
Rejected: 2135 
Bloom filter conflicts: 1516 
(67.03% total skipped)
Most recent URL: https://www.cnbc.com/video/2023/11/17/people-are-getting-more-creative-in-money-laundering-irish-official.html
URLs checked: 5459 
Pages crawled: 1752 
Rejected: 2143 
Bloom filter conflicts: 1519 
(67.08% total skipped)
Most recent URL: https://time.com/6307353/scooter-braun-ariana-grande-demi-lovato-manage/
URLs checked: 5460 
Pages crawled: 1753 
Rejected: 2143 
Bloom filter conflicts: 1519 
(67.07% total skipped)
Most recent URL: https://www.cnet.com/tech/mobile/samsung-galaxy-buds-2-pro-review/
URLs checked: 5461 
Pages crawled: 1754 
Rejected: 2143 
Bloom filter conflicts: 1519 
(67.06% total skipped)
Most recent URL: https://support.wix.com/en/article/adding-additional-meta-tags-to-your-sites-pages
URLs checked: 5522 
Pages crawled: 1755 
Rejected: 2155 
Bloom filter conflicts: 1567 
(67.40% total skipped)
Most recent URL: https://ring.com/warranty
URLs checked: 5523 
Pages crawled: 1756 
Rejected: 2155 
Bloom filter conflicts: 1567 
(67.39% total skipped)
Most recent URL: https://newrelic.com/instant-observability/azure-cost-management
URLs checked: 5524 
Pages crawled: 1757 
Rejected: 2155 
Bloom filter conflicts: 1567 
(67.38% total skipped)
Most recent URL: https://theverge.com/2017/10/26/16552118/super-mario-odyssey-review-nintendo-switch
URLs checked: 5527 
Pages crawled: 1758 
Rejected: 2155 
Bloom filter conflicts: 1569 
(67.38% total skipped)
Most recent URL: https://www.healthline.com/health/knee-replacement-infection?utm_source=ReadNext
URLs checked: 5527 
Pages crawled: 1759 
Rejected: 2155 
Bloom filter conflicts: 1569 
(67.38% total skipped)
Most recent URL: https://www.t-mobile.com/?INTNAV=tNav%3AWireless
URLs checked: 5529 
Pages crawled: 1760 
Rejected: 2155 
Bloom filter conflicts: 1569 
(67.35% total skipped)
Most recent URL: https://www.wsj.com/personal-finance/retirement?mod=nav_top_subsection
URLs checked: 5551 
Pages crawled: 1761 
Rejected: 2161 
Bloom filter conflicts: 1584 
(67.47% total skipped)
Most recent URL: https://mailchimp.com/developer/marketing/
URLs checked: 5553 
Pages crawled: 1762 
Rejected: 2162 
Bloom filter conflicts: 1584 
(67.46% total skipped)
Most recent URL: https://docs.digitalocean.com/products/databases/postgresql/how-to/relocate/
URLs checked: 5554 
Pages crawled: 1763 
Rejected: 2162 
Bloom filter conflicts: 1584 
(67.45% total skipped)
Most recent URL: https://www.npr.org/sections/health-shots/2023/11/20/1214189630/close-friends-can-help-you-live-longer-but-they-can-spread-some-bad-habits-too
URLs checked: 5573 
Pages crawled: 1764 
Rejected: 2175 
Bloom filter conflicts: 1589 
(67.54% total skipped)
Most recent URL: https://careers.media.net/business-development/senior-associate-business-development/
URLs checked: 5580 
Pages crawled: 1765 
Rejected: 2180 
Bloom filter conflicts: 1590 
(67.56% total skipped)
Most recent URL: https://store.steampowered.com/share/twitter/app/900883
URLs checked: 5583 
Pages crawled: 1766 
Rejected: 2182 
Bloom filter conflicts: 1590 
(67.56% total skipped)
Most recent URL: https://www.t-mobile.com/home-internet/eligibility?icid=HEIS_ISW_U_HMEINTRNET_3HL7EAVV760DC8V4B33921
URLs checked: 5584 
Pages crawled: 1767 
Rejected: 2182 
Bloom filter conflicts: 1590 
(67.55% total skipped)
Most recent URL: https://time.com/collection/100-most-influential-people-2023/6269891/laurene-powell-jobs/
URLs checked: 5585 
Pages crawled: 1768 
Rejected: 2182 
Bloom filter conflicts: 1590 
(67.54% total skipped)
Most recent URL: https://www.npr.org/2023/11/27/1215362007/vermont-palestinian-shooting-mother-west-bank
URLs checked: 5587 
Pages crawled: 1769 
Rejected: 2182 
Bloom filter conflicts: 1591 
(67.53% total skipped)
Most recent URL: https://icloud-content.com/sf-symbols/
URLs checked: 5605 
Pages crawled: 1770 
Rejected: 2199 
Bloom filter conflicts: 1591 
(67.62% total skipped)
Most recent URL: https://tradingview.com/symbols/PERPUSDT/
URLs checked: 5606 
Pages crawled: 1771 
Rejected: 2199 
Bloom filter conflicts: 1591 
(67.61% total skipped)
Most recent URL: https://www.cnbc.com/2023/11/26/stock-market-today-live-updates.html
URLs checked: 5607 
Pages crawled: 1772 
Rejected: 2199 
Bloom filter conflicts: 1591 
(67.59% total skipped)
Most recent URL: https://stackoverflow.com/questions/tagged/react-scripts
URLs checked: 5619 
Pages crawled: 1773 
Rejected: 2205 
Bloom filter conflicts: 1596 
(67.65% total skipped)
Most recent URL: https://addtoany.com/buttons/customize/
URLs checked: 5638 
Pages crawled: 1774 
Rejected: 2220 
Bloom filter conflicts: 1599 
(67.74% total skipped)
Most recent URL: https://www.ca.gov/service/?item=Look-Up-a-Bill-or-Law
URLs checked: 5644 
Pages crawled: 1775 
Rejected: 2224 
Bloom filter conflicts: 1600 
(67.75% total skipped)
Most recent URL: https://docs.digitalocean.com/glossary/dns/
URLs checked: 5645 
Pages crawled: 1776 
Rejected: 2224 
Bloom filter conflicts: 1600 
(67.74% total skipped)
Most recent URL: https://mailchimp.com/developer/marketing/api/root/
URLs checked: 5647 
Pages crawled: 1777 
Rejected: 2225 
Bloom filter conflicts: 1600 
(67.74% total skipped)
Most recent URL: https://newrelic.com/platform/grok-early-access
URLs checked: 5650 
Pages crawled: 1778 
Rejected: 2227 
Bloom filter conflicts: 1600 
(67.73% total skipped)
Most recent URL: https://theverge.com/21527664/amazon-echo-2020-alexa-fourth-gen-review
URLs checked: 5651 
Pages crawled: 1779 
Rejected: 2227 
Bloom filter conflicts: 1600 
(67.72% total skipped)
Most recent URL: https://www.wix.com/blog/2020/05/how-to-design-a-website/
URLs checked: 5652 
Pages crawled: 1780 
Rejected: 2227 
Bloom filter conflicts: 1600 
(67.71% total skipped)
Most recent URL: https://www.eset.com/int/rss/
URLs checked: 5654 
Pages crawled: 1781 
Rejected: 2227 
Bloom filter conflicts: 1601 
(67.70% total skipped)
Most recent URL: https://www.braze.com/docs/developer_guide/platform_integration_guides/swift/in-app_messaging/overview/
URLs checked: 5655 
Pages crawled: 1782 
Rejected: 2227 
Bloom filter conflicts: 1601 
(67.69% total skipped)
Most recent URL: https://www.wsj.com/articles/jpmorgan-goldman-call-time-on-work-from-home-their-rivals-are-ready-to-pounce-11625563800?mod=error_page
URLs checked: 5674 
Pages crawled: 1783 
Rejected: 2234 
Bloom filter conflicts: 1612 
(67.78% total skipped)
Most recent URL: https://support.dnsmadeeasy.com/support/signup
URLs checked: 5676 
Pages crawled: 1784 
Rejected: 2235 
Bloom filter conflicts: 1612 
(67.78% total skipped)
Most recent URL: https://google.com.br/websearch/answer/13485060?hl=en&ref_topic=3081620
URLs checked: 5710 
Pages crawled: 1785 
Rejected: 2254 
Bloom filter conflicts: 1626 
(67.95% total skipped)
Most recent URL: https://www.t-mobile.com/privacy-center/dashboard?INTNAV=tNav%3APrivacyDashboard
URLs checked: 5711 
Pages crawled: 1786 
Rejected: 2254 
Bloom filter conflicts: 1626 
(67.94% total skipped)
Most recent URL: https://intel.com/content/www/us/en/products/details/discrete-gpus/arc/edge.html
URLs checked: 5712 
Pages crawled: 1787 
Rejected: 2254 
Bloom filter conflicts: 1626 
(67.93% total skipped)
Most recent URL: https://time.com/collection/100-most-influential-people-2023/6269960/dimie-ogoina/
URLs checked: 5713 
Pages crawled: 1788 
Rejected: 2254 
Bloom filter conflicts: 1626 
(67.92% total skipped)
Most recent URL: https://nature.com/nature/collections?type=advertisement-feature
URLs checked: 5714 
Pages crawled: 1789 
Rejected: 2254 
Bloom filter conflicts: 1626 
(67.90% total skipped)
Most recent URL: https://www.cnbc.com/video/2023/11/16/clear-rules-for-stablecoins-will-allow-the-sector-to-flourish-circle.html
URLs checked: 5715 
Pages crawled: 1790 
Rejected: 2254 
Bloom filter conflicts: 1626 
(67.89% total skipped)
Most recent URL: https://stackoverflow.com/questions/tagged/cloudant
URLs checked: 5720 
Pages crawled: 1791 
Rejected: 2256 
Bloom filter conflicts: 1628 
(67.90% total skipped)
Most recent URL: https://careers.media.net/engineering/lead-software-development-engineer/
URLs checked: 5751 
Pages crawled: 1792 
Rejected: 2285 
Bloom filter conflicts: 1629 
(68.06% total skipped)
Most recent URL: https://fb.com/policies?ref=pf
URLs checked: 5752 
Pages crawled: 1793 
Rejected: 2285 
Bloom filter conflicts: 1629 
(68.05% total skipped)
Most recent URL: https://support.dnsmadeeasy.com/support/solutions/articles/47000967423-configure-backup-mail
URLs checked: 5754 
Pages crawled: 1794 
Rejected: 2285 
Bloom filter conflicts: 1630 
(68.04% total skipped)
Most recent URL: https://www.cnet.com/deals/?ref=cnet.com
URLs checked: 5758 
Pages crawled: 1795 
Rejected: 2285 
Bloom filter conflicts: 1633 
(68.04% total skipped)
Most recent URL: https://newrelic.com/instant-observability/tigris
URLs checked: 5759 
Pages crawled: 1796 
Rejected: 2285 
Bloom filter conflicts: 1633 
(68.03% total skipped)
Most recent URL: https://wsj.com/partner
URLs checked: 5762 
Pages crawled: 1797 
Rejected: 2287 
Bloom filter conflicts: 1633 
(68.03% total skipped)
Most recent URL: https://theverge.com/2023/11/21/23969948/apple-airtag-bluetooth-tracker-black-friday-deal-sale?showComments=1
URLs checked: 5765 
Pages crawled: 1798 
Rejected: 2287 
Bloom filter conflicts: 1635 
(68.03% total skipped)
Most recent URL: https://mailchimp.com/developer/marketing/api/reports/
URLs checked: 5774 
Pages crawled: 1799 
Rejected: 2295 
Bloom filter conflicts: 1635 
(68.06% total skipped)
Most recent URL: https://addtoany.com/services/pusha_button
URLs checked: 5775 
Pages crawled: 1800 
Rejected: 2295 
Bloom filter conflicts: 1635 
(68.05% total skipped)
Most recent URL: https://tradingview.com/symbols/NASDAQ-GENK/
URLs checked: 5778 
Pages crawled: 1801 
Rejected: 2297 
Bloom filter conflicts: 1635 
(68.05% total skipped)
Most recent URL: https://digitalocean.com/solutions/web-mobile-apps
URLs checked: 5817 
Pages crawled: 1802 
Rejected: 2323 
Bloom filter conflicts: 1647 
(68.25% total skipped)
Most recent URL: https://google.com.br/intl/en/home/tools/recommendations/
URLs checked: 5824 
Pages crawled: 1803 
Rejected: 2329 
Bloom filter conflicts: 1647 
(68.27% total skipped)
Most recent URL: https://gnu.org/licenses/quick-guide-gplv3.html
URLs checked: 5826 
Pages crawled: 1804 
Rejected: 2330 
Bloom filter conflicts: 1647 
(68.26% total skipped)
Most recent URL: https://time.com/6233959/ticketmaster-taylor-swift-verified-fan/
URLs checked: 5828 
Pages crawled: 1805 
Rejected: 2330 
Bloom filter conflicts: 1648 
(68.26% total skipped)
Most recent URL: https://stackoverflow.com/questions/76862852/nodeinternal-modules-cjs-loader1080-throw-err-error-cannot-find-module-re
URLs checked: 5829 
Pages crawled: 1806 
Rejected: 2330 
Bloom filter conflicts: 1648 
(68.24% total skipped)
Most recent URL: https://care.healthline.com/find-care/methodology
URLs checked: 5830 
Pages crawled: 1807 
Rejected: 2330 
Bloom filter conflicts: 1648 
(68.23% total skipped)
Most recent URL: https://eset.com/int/about/coronavirus/
URLs checked: 5836 
Pages crawled: 1808 
Rejected: 2334 
Bloom filter conflicts: 1649 
(68.25% total skipped)
Most recent URL: https://hipages.com.au/find/roof_repairs_repointing/tuggeranong_region
URLs checked: 5837 
Pages crawled: 1809 
Rejected: 2334 
Bloom filter conflicts: 1649 
(68.24% total skipped)
Most recent URL: https://mailchimp.com/developer/release-notes/
URLs checked: 5838 
Pages crawled: 1810 
Rejected: 2334 
Bloom filter conflicts: 1649 
(68.23% total skipped)
Most recent URL: https://careers.media.net/engineering/software-engineer/
URLs checked: 5839 
Pages crawled: 1811 
Rejected: 2334 
Bloom filter conflicts: 1649 
(68.21% total skipped)
Most recent URL: https://www.addtoany.com/buttons/customize/wordpress/css_style_colors
URLs checked: 5844 
Pages crawled: 1812 
Rejected: 2338 
Bloom filter conflicts: 1649 
(68.22% total skipped)
Most recent URL: https://t-mobile.com/cart?INTNAV=tNav:Cart
URLs checked: 5849 
Pages crawled: 1813 
Rejected: 2342 
Bloom filter conflicts: 1649 
(68.23% total skipped)
Most recent URL: https://theverge.com/2023/11/27/23977571/international-agreement-on-ai-safety-gains-signatures-from-18-countries
URLs checked: 5851 
Pages crawled: 1814 
Rejected: 2342 
Bloom filter conflicts: 1650 
(68.23% total skipped)
Most recent URL: https://support.dnsmadeeasy.com/support/solutions/folders/47000765229
URLs checked: 5858 
Pages crawled: 1815 
Rejected: 2348 
Bloom filter conflicts: 1650 
(68.25% total skipped)
Most recent URL: https://ring.com/products/alarm-5-piece-video-doorbell-indoor-cam-bundle
URLs checked: 5860 
Pages crawled: 1816 
Rejected: 2349 
Bloom filter conflicts: 1650 
(68.24% total skipped)
Most recent URL: https://google.com.br/intl/en/home/tools/manager-accounts/
URLs checked: 5863 
Pages crawled: 1817 
Rejected: 2350 
Bloom filter conflicts: 1651 
(68.24% total skipped)
Most recent URL: https://www.addtoany.com/buttons/customize/wordpress/twitter_message
URLs checked: 5865 
Pages crawled: 1818 
Rejected: 2351 
Bloom filter conflicts: 1651 
(68.24% total skipped)
Most recent URL: https://icloud-content.com/forums/
URLs checked: 5873 
Pages crawled: 1819 
Rejected: 2358 
Bloom filter conflicts: 1651 
(68.26% total skipped)
Most recent URL: https://intel.com/content/www/us/en/support.html
URLs checked: 5876 
Pages crawled: 1820 
Rejected: 2358 
Bloom filter conflicts: 1653 
(68.26% total skipped)
Most recent URL: https://fb.com/legal/terms
URLs checked: 5877 
Pages crawled: 1821 
Rejected: 2358 
Bloom filter conflicts: 1653 
(68.25% total skipped)
Most recent URL: https://stackoverflow.com/users/7852473/aditya81070
URLs checked: 5878 
Pages crawled: 1822 
Rejected: 2358 
Bloom filter conflicts: 1653 
(68.24% total skipped)
Most recent URL: https://time.com/charter/6273062/a-career-coachs-framework-for-making-work-more-meaningful/
URLs checked: 5879 
Pages crawled: 1823 
Rejected: 2358 
Bloom filter conflicts: 1653 
(68.23% total skipped)
Most recent URL: https://www.healthline.com/health/abdominal-pain-and-burping
URLs checked: 5880 
Pages crawled: 1824 
Rejected: 2358 
Bloom filter conflicts: 1653 
(68.21% total skipped)
Most recent URL: https://tradingview.com/symbols/NYSE-MA/
URLs checked: 5881 
Pages crawled: 1825 
Rejected: 2358 
Bloom filter conflicts: 1653 
(68.20% total skipped)
Most recent URL: https://www.mayoclinic.org/departments-centers/pediatric-surgery-minnesota/sections/overview/ovc-20534126
URLs checked: 5882 
Pages crawled: 1826 
Rejected: 2358 
Bloom filter conflicts: 1653 
(68.19% total skipped)
Most recent URL: https://blog.digitalocean.com/products/vpc
URLs checked: 5883 
Pages crawled: 1827 
Rejected: 2358 
Bloom filter conflicts: 1653 
(68.18% total skipped)
Most recent URL: https://www.cnbc.com/video/2023/11/22/the-consumer-is-going-toward-tjx-ross-stores-and-burlington-says-dana-telsey.html
URLs checked: 5884 
Pages crawled: 1828 
Rejected: 2358 
Bloom filter conflicts: 1653 
(68.17% total skipped)
Most recent URL: https://hipages.com.au/find/glass_glazier/west_lake_macquarie_region
URLs checked: 5885 
Pages crawled: 1829 
Rejected: 2358 
Bloom filter conflicts: 1653 
(68.16% total skipped)
Most recent URL: https://sophos.com/en-us/integrations/get-in-touch
URLs checked: 5886 
Pages crawled: 1830 
Rejected: 2358 
Bloom filter conflicts: 1653 
(68.14% total skipped)
Most recent URL: https://www.braze.com/docs/developer_guide/platform_integration_guides/android/push_notifications/android/customization/custom_event_callback/
URLs checked: 5886 
Pages crawled: 1831 
Rejected: 2358 
Bloom filter conflicts: 1653 
(68.14% total skipped)
Most recent URL: https://www.wsj.com/arts-culture/theater?mod=nav_top_subsection
URLs checked: 5923 
Pages crawled: 1832 
Rejected: 2393 
Bloom filter conflicts: 1653 
(68.31% total skipped)
Most recent URL: https://careers.media.net/business-operations/associate-manager-publisher-management-2/
URLs checked: 5927 
Pages crawled: 1833 
Rejected: 2394 
Bloom filter conflicts: 1655 
(68.31% total skipped)
Most recent URL: https://mailchimp.com/developer/release-notes/subject-and-to-header-no-longer-require-encoding/
URLs checked: 5928 
Pages crawled: 1834 
Rejected: 2394 
Bloom filter conflicts: 1655 
(68.30% total skipped)
Most recent URL: https://www.cnet.com/deals/this-cyber-monday-deal-lets-you-snag-windows-11-pro-for-just-23/
URLs checked: 5931 
Pages crawled: 1835 
Rejected: 2396 
Bloom filter conflicts: 1655 
(68.30% total skipped)
Most recent URL: https://att.com/device-support/index/Apple/iPhoneSE3rdGen(2022)/
URLs checked: 5939 
Pages crawled: 1836 
Rejected: 2401 
Bloom filter conflicts: 1657 
(68.33% total skipped)
Most recent URL: https://www.google.com.br/technologies/location-data?hl=en&fg=1
URLs checked: 5943 
Pages crawled: 1837 
Rejected: 2404 
Bloom filter conflicts: 1657 
(68.33% total skipped)
Most recent URL: https://status.eset.com/history
URLs checked: 5946 
Pages crawled: 1838 
Rejected: 2405 
Bloom filter conflicts: 1658 
(68.33% total skipped)
Most recent URL: https://www.t-mobile.com/cell-phone/apple-iphone-15?ICID=MGPO_TMO_U_23APPLNPI_G2GIYBXW9GQSADFE936077&INTNAV=fNav%3ANewFeaturedCellPhones%3ANewAppleiPhone15
URLs checked: 5949 
Pages crawled: 1839 
Rejected: 2406 
Bloom filter conflicts: 1659 
(68.33% total skipped)
Most recent URL: https://careers.media.net/business-development/director-buyer-development-emerging-media/
URLs checked: 5952 
Pages crawled: 1840 
Rejected: 2406 
Bloom filter conflicts: 1661 
(68.33% total skipped)
Most recent URL: https://theverge.com/23734277/govee-led-light-strip-m1-review-matter
URLs checked: 5954 
Pages crawled: 1841 
Rejected: 2406 
Bloom filter conflicts: 1662 
(68.32% total skipped)
Most recent URL: https://gnu.org/software/cflow/
URLs checked: 5956 
Pages crawled: 1842 
Rejected: 2407 
Bloom filter conflicts: 1662 
(68.32% total skipped)
Most recent URL: https://www.loc.gov/collections/detroit-publishing-company/about-this-collection/
URLs checked: 5957 
Pages crawled: 1843 
Rejected: 2407 
Bloom filter conflicts: 1662 
(68.31% total skipped)
Most recent URL: https://ring.com/products/security-system-alarm-5
URLs checked: 5959 
Pages crawled: 1844 
Rejected: 2408 
Bloom filter conflicts: 1662 
(68.30% total skipped)
Most recent URL: https://stackoverflow.com/users/22636860/parmesh-munagala
URLs checked: 5960 
Pages crawled: 1845 
Rejected: 2408 
Bloom filter conflicts: 1662 
(68.29% total skipped)
Most recent URL: https://time.com/collection/live-well/5926406/emily-rapp-black-sanctuary/
URLs checked: 5962 
Pages crawled: 1846 
Rejected: 2408 
Bloom filter conflicts: 1663 
(68.28% total skipped)
Most recent URL: https://onetrust.com
URLs checked: 5963 
Pages crawled: 1847 
Rejected: 2408 
Bloom filter conflicts: 1663 
(68.27% total skipped)
Most recent URL: https://care.healthline.com/find-care/provider/dr-william-copeland-1245468255
URLs checked: 5964 
Pages crawled: 1848 
Rejected: 2408 
Bloom filter conflicts: 1663 
(68.26% total skipped)
Most recent URL: https://www.cnbc.com/video/2023/11/22/u-s-canada-crossings-on-heightened-alert-after-explosion.html
URLs checked: 5965 
Pages crawled: 1849 
Rejected: 2408 
Bloom filter conflicts: 1663 
(68.25% total skipped)
Most recent URL: https://www.braze.com/docs/developer_guide/platform_integration_guides/android/push_notifications/fireos/customization/
URLs checked: 6008 
Pages crawled: 1850 
Rejected: 2447 
Bloom filter conflicts: 1666 
(68.46% total skipped)
Most recent URL: https://www.wix.com/blog/information-architecture
URLs checked: 6009 
Pages crawled: 1851 
Rejected: 2447 
Bloom filter conflicts: 1666 
(68.45% total skipped)
Most recent URL: https://www.dnsmadeeasy.com/about
URLs checked: 6012 
Pages crawled: 1852 
Rejected: 2447 
Bloom filter conflicts: 1668 
(68.45% total skipped)
Most recent URL: https://academia.edu/login?lhpb=tp
URLs checked: 6013 
Pages crawled: 1853 
Rejected: 2447 
Bloom filter conflicts: 1668 
(68.44% total skipped)
Most recent URL: https://www.wsj.com/health?mod=nav_top_section
URLs checked: 6014 
Pages crawled: 1854 
Rejected: 2447 
Bloom filter conflicts: 1668 
(68.42% total skipped)
Most recent URL: https://www.att.com/acctmgmt/passthrough/accountoverview
URLs checked: 6019 
Pages crawled: 1855 
Rejected: 2451 
Bloom filter conflicts: 1668 
(68.43% total skipped)
Most recent URL: https://addtoany.com/buttons/customize/drupal/templates
URLs checked: 6020 
Pages crawled: 1856 
Rejected: 2451 
Bloom filter conflicts: 1668 
(68.42% total skipped)
Most recent URL: https://google.com.br/websearch/answer/13650142?hl=en&ref_topic=3285072
URLs checked: 6032 
Pages crawled: 1857 
Rejected: 2457 
Bloom filter conflicts: 1673 
(68.47% total skipped)
Most recent URL: https://www.t-mobile.com/content/t-mobile/consumer/modals/luna-modals/benefit-streaming-hd.html
URLs checked: 6034 
Pages crawled: 1858 
Rejected: 2458 
Bloom filter conflicts: 1673 
(68.46% total skipped)
Most recent URL: https://careers.media.net/finance-accounting/finance-associate/
URLs checked: 6043 
Pages crawled: 1859 
Rejected: 2466 
Bloom filter conflicts: 1673 
(68.49% total skipped)
Most recent URL: https://icloud-content.com/account/ios/certificate/
URLs checked: 6049 
Pages crawled: 1860 
Rejected: 2471 
Bloom filter conflicts: 1673 
(68.51% total skipped)
Most recent URL: https://tradingview.com/markets/stocks-united-kingdom/sectorandindustry-sector/
URLs checked: 6050 
Pages crawled: 1861 
Rejected: 2471 
Bloom filter conflicts: 1673 
(68.50% total skipped)
Most recent URL: https://nature.com/nature/videos?searchType=journalSearch&sort=PubDate&type=nature-video&page=3
URLs checked: 6051 
Pages crawled: 1862 
Rejected: 2471 
Bloom filter conflicts: 1673 
(68.48% total skipped)
Most recent URL: https://mailchimp.com/help/about-additional-charges/
URLs checked: 6052 
Pages crawled: 1863 
Rejected: 2471 
Bloom filter conflicts: 1673 
(68.47% total skipped)
Most recent URL: https://www.healthline.com/health/gabapentin-oral-capsule
URLs checked: 6053 
Pages crawled: 1864 
Rejected: 2471 
Bloom filter conflicts: 1673 
(68.46% total skipped)
Most recent URL: https://www.digitalocean.com/products/app-platform/how-to/connect-pg-pools/
URLs checked: 6055 
Pages crawled: 1865 
Rejected: 2471 
Bloom filter conflicts: 1674 
(68.46% total skipped)
Most recent URL: https://store.steampowered.com/app/2399160/Soulash_2/?snr=1_239_1700__1707
URLs checked: 6063 
Pages crawled: 1866 
Rejected: 2478 
Bloom filter conflicts: 1674 
(68.48% total skipped)
Most recent URL: https://wbx2.com/
URLs checked: 6064 
Pages crawled: 1867 
Rejected: 2478 
Bloom filter conflicts: 1674 
(68.47% total skipped)
Most recent URL: https://www.mayoclinic.org/diseases-conditions/tooth-abscess/symptoms-causes/syc-20350901
URLs checked: 6065 
Pages crawled: 1868 
Rejected: 2478 
Bloom filter conflicts: 1674 
(68.46% total skipped)
Most recent URL: https://hipages.com.au/find/247_emergency_electricians/act
URLs checked: 6066 
Pages crawled: 1869 
Rejected: 2478 
Bloom filter conflicts: 1674 
(68.45% total skipped)
Most recent URL: https://www.cnbc.com/video/2023/11/15/we-need-our-social-media-companies-to-verify-everybody-says-fmr-un-ambassador-nikki-haley.html
URLs checked: 6091 
Pages crawled: 1870 
Rejected: 2493 
Bloom filter conflicts: 1683 
(68.56% total skipped)
Most recent URL: https://www.loc.gov/collections/?fa=subject_topic:art+%26+architecture%7Csubject_topic:war+%26+military%7Cpartof:geospatial+applications
URLs checked: 6093 
Pages crawled: 1871 
Rejected: 2494 
Bloom filter conflicts: 1683 
(68.55% total skipped)
Most recent URL: https://www.wix.com/tools/form-creator
URLs checked: 6095 
Pages crawled: 1872 
Rejected: 2495 
Bloom filter conflicts: 1683 
(68.55% total skipped)
Most recent URL: https://intel.com/content/www/us/en/jobs/life-at-intel.html
URLs checked: 6096 
Pages crawled: 1873 
Rejected: 2495 
Bloom filter conflicts: 1683 
(68.54% total skipped)
Most recent URL: https://www.dnsmadeeasy.com/support/faq
URLs checked: 6097 
Pages crawled: 1874 
Rejected: 2495 
Bloom filter conflicts: 1683 
(68.53% total skipped)
Most recent URL: https://addtoany.com/buttons/customize/prioritize_services
URLs checked: 6098 
Pages crawled: 1875 
Rejected: 2495 
Bloom filter conflicts: 1683 
(68.51% total skipped)
Most recent URL: https://gnu.org/server/select-language.html?callback=/graphics/gnu-ascii.html
URLs checked: 6100 
Pages crawled: 1876 
Rejected: 2496 
Bloom filter conflicts: 1683 
(68.51% total skipped)
Most recent URL: https://www.eset.com/int/for-business/eset-services/
URLs checked: 6101 
Pages crawled: 1877 
Rejected: 2496 
Bloom filter conflicts: 1683 
(68.50% total skipped)
Most recent URL: https://docs.digitalocean.com/products/droplets/how-to/connect-with-ssh/openssh/
URLs checked: 6102 
Pages crawled: 1878 
Rejected: 2496 
Bloom filter conflicts: 1683 
(68.49% total skipped)
Most recent URL: https://careers.media.net/finance-accounting/
URLs checked: 6104 
Pages crawled: 1879 
Rejected: 2496 
Bloom filter conflicts: 1684 
(68.48% total skipped)
Most recent URL: https://www.healthline.com/authors/katey-davidson
URLs checked: 6106 
Pages crawled: 1880 
Rejected: 2496 
Bloom filter conflicts: 1685 
(68.47% total skipped)
Most recent URL: https://ring.com/products/ring-mailbox-sensor
URLs checked: 6107 
Pages crawled: 1881 
Rejected: 2496 
Bloom filter conflicts: 1685 
(68.46% total skipped)
Most recent URL: https://www.business.att.com/business-classification.html
URLs checked: 6109 
Pages crawled: 1882 
Rejected: 2497 
Bloom filter conflicts: 1685 
(68.46% total skipped)
Most recent URL: https://www.t-mobile.com/cell-phone/apple-iphone-14?icid=MGPO_TMO_U_23IP142625_BRXQKDLUVVPAM6DOU36374
URLs checked: 6110 
Pages crawled: 1883 
Rejected: 2497 
Bloom filter conflicts: 1685 
(68.45% total skipped)
Most recent URL: https://theverge.com/23965357/black-friday-2023-headphone-earbuds-deals-cyber-monday
URLs checked: 6112 
Pages crawled: 1884 
Rejected: 2497 
Bloom filter conflicts: 1686 
(68.44% total skipped)
Most recent URL: https://blogger.com/go/buzz
URLs checked: 6115 
Pages crawled: 1885 
Rejected: 2497 
Bloom filter conflicts: 1688 
(68.44% total skipped)
Most recent URL: https://www.mayoclinic.org/tests-procedures/tilt-table-test/about/pac-20395124
URLs checked: 6117 
Pages crawled: 1886 
Rejected: 2498 
Bloom filter conflicts: 1688 
(68.43% total skipped)
Most recent URL: https://hipages.com.au/find/roof_repairs/nt/darwin
URLs checked: 6118 
Pages crawled: 1887 
Rejected: 2498 
Bloom filter conflicts: 1688 
(68.42% total skipped)
Most recent URL: https://tradingview.com/symbols/NASDAQ-BJRI/financials-income-statement/earnings-per-share-basic/
URLs checked: 6119 
Pages crawled: 1888 
Rejected: 2498 
Bloom filter conflicts: 1688 
(68.41% total skipped)
Most recent URL: https://www.npr.org/podcasts/510292/tiny-desk-concerts-video
URLs checked: 6120 
Pages crawled: 1889 
Rejected: 2498 
Bloom filter conflicts: 1688 
(68.40% total skipped)
Most recent URL: https://www.wsj.com/buyside/exclusives/?mod=wsjfooter
URLs checked: 6121 
Pages crawled: 1890 
Rejected: 2498 
Bloom filter conflicts: 1688 
(68.39% total skipped)
Most recent URL: https://www.braze.com/docs/developer_guide/platform_integration_guides/swift/advanced_use_cases/localization/
URLs checked: 6123 
Pages crawled: 1891 
Rejected: 2498 
Bloom filter conflicts: 1689 
(68.38% total skipped)
Most recent URL: https://stackoverflow.com/questions/tagged/r+time-series
URLs checked: 6133 
Pages crawled: 1892 
Rejected: 2505 
Bloom filter conflicts: 1691 
(68.42% total skipped)
Most recent URL: https://icloud-content.com/news/
URLs checked: 6134 
Pages crawled: 1893 
Rejected: 2505 
Bloom filter conflicts: 1691 
(68.41% total skipped)
Most recent URL: https://time.com/charter/tag/books/
URLs checked: 6135 
Pages crawled: 1894 
Rejected: 2505 
Bloom filter conflicts: 1691 
(68.39% total skipped)
Most recent URL: https://sophos.com/en-us/company/contact/europe
URLs checked: 6147 
Pages crawled: 1895 
Rejected: 2510 
Bloom filter conflicts: 1697 
(68.44% total skipped)
Most recent URL: https://www.addtoany.com/terms
URLs checked: 6149 
Pages crawled: 1896 
Rejected: 2511 
Bloom filter conflicts: 1697 
(68.43% total skipped)
Most recent URL: https://www.loc.gov/item/careers/analyst-in-natural-resources-policy-fish-and-wildlifevacancyvar002632/
URLs checked: 6151 
Pages crawled: 1897 
Rejected: 2512 
Bloom filter conflicts: 1697 
(68.43% total skipped)
Most recent URL: https://careers.media.net/business-operations/associate-research-analysis/
URLs checked: 6167 
Pages crawled: 1898 
Rejected: 2518 
Bloom filter conflicts: 1706 
(68.49% total skipped)
Most recent URL: https://savannah.gnu.org/projects/www-es
URLs checked: 6168 
Pages crawled: 1899 
Rejected: 2518 
Bloom filter conflicts: 1706 
(68.48% total skipped)
Most recent URL: https://store.steampowered.com/share/twitter/app/1442910
URLs checked: 6169 
Pages crawled: 1900 
Rejected: 2518 
Bloom filter conflicts: 1706 
(68.47% total skipped)
Most recent URL: https://www.npr.org/2023/11/27/1214845596/finding-a-place-at-the-met-this-opera-sings-in-a-language-of-its-own
URLs checked: 6172 
Pages crawled: 1901 
Rejected: 2518 
Bloom filter conflicts: 1708 
(68.47% total skipped)
Most recent URL: https://theverge.com/2023/2/9/23747026/command-line-microsoft-wants-google-to-dance?showComments=1
URLs checked: 6173 
Pages crawled: 1902 
Rejected: 2518 
Bloom filter conflicts: 1708 
(68.46% total skipped)
Most recent URL: https://www.wix.com/partners/showcase
URLs checked: 6174 
Pages crawled: 1903 
Rejected: 2518 
Bloom filter conflicts: 1708 
(68.45% total skipped)
Most recent URL: https://time.com/collection/must-read-books-2023/6331010/hello-beautiful/
URLs checked: 6175 
Pages crawled: 1904 
Rejected: 2518 
Bloom filter conflicts: 1708 
(68.44% total skipped)
Most recent URL: https://www.google.com.br/url?q=https://policies.google.com/privacy%3Fhl%3Den%26fg%3D1&opi=89978449&sa=U&ved=0ahUKEwjuzIK-9-SCAxUhQjABHdLOBUwQ8awCCAI&usg=AOvVaw3wW6vQ1m6zyC73p6uGzCMR
URLs checked: 6177 
Pages crawled: 1905 
Rejected: 2518 
Bloom filter conflicts: 1709 
(68.43% total skipped)
Most recent URL: https://stackoverflow.com/questions/56872294/twitter-sentiment-analysis-on-a-string
URLs checked: 6178 
Pages crawled: 1906 
Rejected: 2518 
Bloom filter conflicts: 1709 
(68.42% total skipped)
Most recent URL: https://hipages.com.au/find/retaining_walls_stone_retaining_walls
URLs checked: 6188 
Pages crawled: 1907 
Rejected: 2524 
Bloom filter conflicts: 1712 
(68.46% total skipped)
Most recent URL: https://www.addtoany.com/buttons/customize/image_sharing
URLs checked: 6190 
Pages crawled: 1908 
Rejected: 2524 
Bloom filter conflicts: 1713 
(68.45% total skipped)
Most recent URL: https://www.academia.edu/Jobs
URLs checked: 6191 
Pages crawled: 1909 
Rejected: 2524 
Bloom filter conflicts: 1713 
(68.44% total skipped)
Most recent URL: https://ring.com/products/outdoor-business-starter-kit
URLs checked: 6193 
Pages crawled: 1910 
Rejected: 2525 
Bloom filter conflicts: 1713 
(68.43% total skipped)
Most recent URL: https://www.cnbc.com/select/best-credit-unions/
URLs checked: 6194 
Pages crawled: 1911 
Rejected: 2525 
Bloom filter conflicts: 1713 
(68.42% total skipped)
Most recent URL: https://www.mayoclinic.org/symptoms/unexplained-weight-loss/basics/definition/sym-20050700
URLs checked: 6195 
Pages crawled: 1912 
Rejected: 2525 
Bloom filter conflicts: 1713 
(68.41% total skipped)
Most recent URL: https://www.braze.com/docs/developer_guide/platform_integration_guides/ios/advanced_use_cases/fine_network_traffic_control/
URLs checked: 6199 
Pages crawled: 1913 
Rejected: 2527 
Bloom filter conflicts: 1714 
(68.41% total skipped)
Most recent URL: https://blog.digitalocean.com/affiliates
URLs checked: 6200 
Pages crawled: 1914 
Rejected: 2527 
Bloom filter conflicts: 1714 
(68.40% total skipped)
Most recent URL: https://www.sophos.com/en-us/partners/managed-service-providers
URLs checked: 6201 
Pages crawled: 1915 
Rejected: 2527 
Bloom filter conflicts: 1714 
(68.39% total skipped)
Most recent URL: https://www.wsj.com/personal-finance/credit?mod=nav_top_subsection
URLs checked: 6204 
Pages crawled: 1916 
Rejected: 2528 
Bloom filter conflicts: 1715 
(68.39% total skipped)
Most recent URL: https://www.dnsmadeeasy.com/about/policiesandtos
URLs checked: 6205 
Pages crawled: 1917 
Rejected: 2528 
Bloom filter conflicts: 1715 
(68.38% total skipped)
Most recent URL: https://tradingview.com/HTML5-stock-forex-bitcoin-charting-library/
URLs checked: 6218 
Pages crawled: 1918 
Rejected: 2534 
Bloom filter conflicts: 1721 
(68.43% total skipped)
Most recent URL: https://intel.com/content/www/us/en/support/products/35125/memory-and-storage.html
URLs checked: 6219 
Pages crawled: 1919 
Rejected: 2534 
Bloom filter conflicts: 1721 
(68.42% total skipped)
Most recent URL: https://cybersecurity.att.com/resource-center/insights-reports/2023-att-cybersecurity-insights-report-focus-on-manufacturing
URLs checked: 6227 
Pages crawled: 1920 
Rejected: 2535 
Bloom filter conflicts: 1727 
(68.44% total skipped)
Most recent URL: https://careers.media.net/business-development/director-agency-development/
URLs checked: 6246 
Pages crawled: 1921 
Rejected: 2546 
Bloom filter conflicts: 1734 
(68.52% total skipped)
Most recent URL: https://google.com.br/intl/en/home/resources/
URLs checked: 6254 
Pages crawled: 1922 
Rejected: 2548 
Bloom filter conflicts: 1739 
(68.55% total skipped)
Most recent URL: https://www.addtoany.com/buttons/customize/on_click
URLs checked: 6255 
Pages crawled: 1923 
Rejected: 2548 
Bloom filter conflicts: 1739 
(68.54% total skipped)
Most recent URL: https://icloud-content.com/accessibility/
URLs checked: 6261 
Pages crawled: 1924 
Rejected: 2553 
Bloom filter conflicts: 1739 
(68.55% total skipped)
Most recent URL: https://time.com/collection/100-most-influential-people-2023/6269456/wolfgang-tillmans/
URLs checked: 6271 
Pages crawled: 1925 
Rejected: 2558 
Bloom filter conflicts: 1743 
(68.59% total skipped)
Most recent URL: https://theverge.com/22566408/govee-immersion-ambilight-tv-backlight-review
URLs checked: 6272 
Pages crawled: 1926 
Rejected: 2558 
Bloom filter conflicts: 1743 
(68.57% total skipped)
Most recent URL: https://nature.com/nature/research-articles
URLs checked: 6273 
Pages crawled: 1927 
Rejected: 2558 
Bloom filter conflicts: 1743 
(68.56% total skipped)
Most recent URL: https://stackoverflow.com/questions/tagged/google-vision+vision
URLs checked: 6274 
Pages crawled: 1928 
Rejected: 2558 
Bloom filter conflicts: 1743 
(68.55% total skipped)
Most recent URL: https://www.healthline.com/sexual-health/birth-control
URLs checked: 6277 
Pages crawled: 1929 
Rejected: 2559 
Bloom filter conflicts: 1744 
(68.55% total skipped)
Most recent URL: https://www.sophos.com/en-us/partners
URLs checked: 6278 
Pages crawled: 1930 
Rejected: 2559 
Bloom filter conflicts: 1744 
(68.54% total skipped)
Most recent URL: https://hipages.com.au/find/cladding/nsw/sydney
URLs checked: 6279 
Pages crawled: 1931 
Rejected: 2559 
Bloom filter conflicts: 1744 
(68.53% total skipped)
Most recent URL: https://www.cnbc.com/video/2023/04/17/franklin-templetons-johnston-names-non-profit-healthcare-as-a-muni-sector-to-watch.html
URLs checked: 6280 
Pages crawled: 1932 
Rejected: 2559 
Bloom filter conflicts: 1744 
(68.52% total skipped)
Most recent URL: https://www.wsj.com/world?mod=nav_top_section
URLs checked: 6336 
Pages crawled: 1933 
Rejected: 2569 
Bloom filter conflicts: 1789 
(68.78% total skipped)
Most recent URL: https://careers.media.net/information-technology/
URLs checked: 6530 
Pages crawled: 1934 
Rejected: 2574 
Bloom filter conflicts: 1977 
(69.69% total skipped)
Most recent URL: https://fb.com/policies_center/
URLs checked: 6615 
Pages crawled: 1935 
Rejected: 2583 
Bloom filter conflicts: 2052 
(70.07% total skipped)
Most recent URL: https://gnu.org/fun/jokes/physics.html
URLs checked: 6617 
Pages crawled: 1936 
Rejected: 2584 
Bloom filter conflicts: 2052 
(70.06% total skipped)
Most recent URL: https://ring.com/security
URLs checked: 6632 
Pages crawled: 1937 
Rejected: 2593 
Bloom filter conflicts: 2057 
(70.11% total skipped)
Most recent URL: https://www.wix.com/encyclopedia/definition/https
URLs checked: 6634 
Pages crawled: 1938 
Rejected: 2593 
Bloom filter conflicts: 2058 
(70.11% total skipped)
Most recent URL: https://support.dnsmadeeasy.com/support/solutions/articles/47001119947-the-ddns-shell-script
URLs checked: 6636 
Pages crawled: 1939 
Rejected: 2593 
Bloom filter conflicts: 2059 
(70.10% total skipped)
Most recent URL: https://mailchimp.com/developer/marketing/api/conversations/
URLs checked: 6637 
Pages crawled: 1940 
Rejected: 2593 
Bloom filter conflicts: 2059 
(70.09% total skipped)
Most recent URL: https://www.intel.com/content/www/us/en/jobs/life-at-intel.html
URLs checked: 6638 
Pages crawled: 1941 
Rejected: 2593 
Bloom filter conflicts: 2059 
(70.08% total skipped)
Most recent URL: https://www.loc.gov/careers/?fa=subject:summer+10+-+week+internship
URLs checked: 6639 
Pages crawled: 1942 
Rejected: 2593 
Bloom filter conflicts: 2059 
(70.07% total skipped)
Most recent URL: https://www.npr.org/2023/10/17/1205867759/cider-donuts-nearby-where-find-map-new-england
URLs checked: 6640 
Pages crawled: 1943 
Rejected: 2593 
Bloom filter conflicts: 2059 
(70.06% total skipped)
Most recent URL: https://time.com/collection/100-most-influential-people-2023/6269443/rian-johnson/
URLs checked: 6641 
Pages crawled: 1944 
Rejected: 2593 
Bloom filter conflicts: 2059 
(70.05% total skipped)
Most recent URL: https://www.mayoclinic.org/diseases-conditions/roseola/symptoms-causes/syc-20377283
URLs checked: 6643 
Pages crawled: 1945 
Rejected: 2593 
Bloom filter conflicts: 2060 
(70.04% total skipped)
Most recent URL: https://www.digitalocean.com/products/app-platform/support/
URLs checked: 6644 
Pages crawled: 1946 
Rejected: 2593 
Bloom filter conflicts: 2060 
(70.03% total skipped)
Most recent URL: https://tradingview.com/symbols/NASDAQ-MVIS/
URLs checked: 6645 
Pages crawled: 1947 
Rejected: 2593 
Bloom filter conflicts: 2060 
(70.02% total skipped)
Most recent URL: https://www.braze.com/docs/developer_guide/platform_integration_guides/android/changelog/
URLs checked: 6663 
Pages crawled: 1948 
Rejected: 2606 
Bloom filter conflicts: 2064 
(70.09% total skipped)
Most recent URL: https://careers.media.net/business-development/director-buyer-development-programmatic/
URLs checked: 6666 
Pages crawled: 1949 
Rejected: 2607 
Bloom filter conflicts: 2065 
(70.09% total skipped)
Most recent URL: https://att.com/buy/internet/plans/
URLs checked: 6667 
Pages crawled: 1950 
Rejected: 2607 
Bloom filter conflicts: 2065 
(70.08% total skipped)
Most recent URL: https://one.newrelic.com/launcher/catalog-pack-details.launcher/?pane=eyJuZXJkbGV0SWQiOiJjYXRhbG9nLXBhY2stZGV0YWlscy5jYXRhbG9nLXBhY2stY29udGVudHMiLCJxdWlja3N0YXJ0SWQiOiJlYjI0ZTIzNC05MGFhLTQ5MDgtOTcyZC02NGQ2ZDU2YjU1N2UifQ%3D%3D
URLs checked: 6673 
Pages crawled: 1951 
Rejected: 2612 
Bloom filter conflicts: 2065 
(70.09% total skipped)
Most recent URL: https://google.com.br/intl/en/how-our-business-works/
URLs checked: 6675 
Pages crawled: 1952 
Rejected: 2612 
Bloom filter conflicts: 2066 
(70.08% total skipped)
Most recent URL: https://support.dnsmadeeasy.com/support/solutions/47000473928
URLs checked: 6676 
Pages crawled: 1953 
Rejected: 2612 
Bloom filter conflicts: 2066 
(70.07% total skipped)
Most recent URL: https://www.addtoany.com/buttons/customize/wordpress/menu_icon_color
URLs checked: 6678 
Pages crawled: 1954 
Rejected: 2612 
Bloom filter conflicts: 2067 
(70.07% total skipped)
Most recent URL: https://theverge.com/23067645/sony-wh-1000xm5-noise-canceling-headphones-review
URLs checked: 6680 
Pages crawled: 1955 
Rejected: 2612 
Bloom filter conflicts: 2068 
(70.06% total skipped)
Most recent URL: https://icloud-content.com/wwdc/
URLs checked: 6699 
Pages crawled: 1956 
Rejected: 2629 
Bloom filter conflicts: 2069 
(70.13% total skipped)
Most recent URL: https://catalog.loc.gov/vwebv/searchKeyword
URLs checked: 6736 
Pages crawled: 1957 
Rejected: 2631 
Bloom filter conflicts: 2103 
(70.28% total skipped)
Most recent URL: https://ring.com/products/gutter-mount-spotlight-cam-and-stick-up-cam
URLs checked: 6741 
Pages crawled: 1958 
Rejected: 2635 
Bloom filter conflicts: 2103 
(70.29% total skipped)
Most recent URL: https://cybersecurity.att.com/products/usm-anywhere/free-trial?utm_internal=sb_freetrial_modal
URLs checked: 6745 
Pages crawled: 1959 
Rejected: 2638 
Bloom filter conflicts: 2103 
(70.29% total skipped)
Most recent URL: https://stackoverflow.com/questions/77238509/cannot-install-dependencies-on-react-project-using-typescript-conflict-problem
URLs checked: 6747 
Pages crawled: 1960 
Rejected: 2639 
Bloom filter conflicts: 2103 
(70.28% total skipped)
Most recent URL: https://docs.digitalocean.com/glossary/srv-record/
URLs checked: 6748 
Pages crawled: 1961 
Rejected: 2639 
Bloom filter conflicts: 2103 
(70.27% total skipped)
Most recent URL: https://www.t-mobile.com/cell-phone/apple-iphone-14-pro?icid=MGPO_TMO_U_5GNETWORK_7906RP0IPZGDCQ0D31565
URLs checked: 6750 
Pages crawled: 1962 
Rejected: 2640 
Bloom filter conflicts: 2103 
(70.27% total skipped)
Most recent URL: https://mailchimp.com/developer/marketing/api/abuse-reports/
URLs checked: 6751 
Pages crawled: 1963 
Rejected: 2640 
Bloom filter conflicts: 2103 
(70.26% total skipped)
Most recent URL: https://gumgum.com
URLs checked: 6753 
Pages crawled: 1964 
Rejected: 2640 
Bloom filter conflicts: 2104 
(70.25% total skipped)
Most recent URL: https://time.com/charter/6266033/what-we-know-about-how-board-diversity-affects-companies/
URLs checked: 6757 
Pages crawled: 1965 
Rejected: 2640 
Bloom filter conflicts: 2107 
(70.25% total skipped)
Most recent URL: https://www.google.com.br/technologies?hl=en&fg=1
URLs checked: 6759 
Pages crawled: 1966 
Rejected: 2640 
Bloom filter conflicts: 2108 
(70.25% total skipped)
Most recent URL: https://newrelic.com/platform/application-security
URLs checked: 6761 
Pages crawled: 1967 
Rejected: 2640 
Bloom filter conflicts: 2109 
(70.24% total skipped)
Most recent URL: https://support.wix.com/en/upgrading-wix-email-marketing
URLs checked: 6762 
Pages crawled: 1968 
Rejected: 2640 
Bloom filter conflicts: 2109 
(70.23% total skipped)
Most recent URL: https://www.mayoclinic.org/diseases-conditions/wolff-parkinson-white-syndrome/symptoms-causes/syc-20354626
URLs checked: 6763 
Pages crawled: 1969 
Rejected: 2640 
Bloom filter conflicts: 2109 
(70.22% total skipped)
Most recent URL: https://care.healthline.com/find-care/provider/dr-gurdeep-ahluwalia-1083818058
URLs checked: 6764 
Pages crawled: 1970 
Rejected: 2640 
Bloom filter conflicts: 2109 
(70.21% total skipped)
Most recent URL: https://www.cnbc.com/2023/11/26/argentinas-market-rallied-sharply-on-a-historic-election-how-investors-can-play-it.html
URLs checked: 6765 
Pages crawled: 1971 
Rejected: 2640 
Bloom filter conflicts: 2109 
(70.20% total skipped)
Most recent URL: https://www.wsj.com/houseoftheday?mod=nav_top_subsection
URLs checked: 6766 
Pages crawled: 1972 
Rejected: 2640 
Bloom filter conflicts: 2109 
(70.19% total skipped)
Most recent URL: https://www.braze.com/docs/developer_guide/platform_integration_guides/ios/in-app_messaging/custom_app_store_review_prompt/
URLs checked: 6780 
Pages crawled: 1973 
Rejected: 2653 
Bloom filter conflicts: 2109 
(70.24% total skipped)
Most recent URL: https://savannah.gnu.org/projects/www-th
URLs checked: 6784 
Pages crawled: 1974 
Rejected: 2656 
Bloom filter conflicts: 2109 
(70.24% total skipped)
Most recent URL: https://www.media.net/personal-info
URLs checked: 6787 
Pages crawled: 1975 
Rejected: 2658 
Bloom filter conflicts: 2109 
(70.24% total skipped)
Most recent URL: https://fb.com/votinginformationcenter/?entry_point=c2l0ZQ%3D%3D
URLs checked: 6790 
Pages crawled: 1976 
Rejected: 2658 
Bloom filter conflicts: 2111 
(70.24% total skipped)
Most recent URL: https://theverge.com/2023/11/18/23966664/spacex-starship-may-have-exploded
URLs checked: 6795 
Pages crawled: 1977 
Rejected: 2662 
Bloom filter conflicts: 2111 
(70.24% total skipped)
Most recent URL: https://google.com.br/websearch/topic/9153329?hl=en&ref_topic=3081620
URLs checked: 6801 
Pages crawled: 1978 
Rejected: 2664 
Bloom filter conflicts: 2114 
(70.25% total skipped)
Most recent URL: https://ring.com/products/alarm-window-door-contact-sensor-v2
URLs checked: 6802 
Pages crawled: 1979 
Rejected: 2664 
Bloom filter conflicts: 2114 
(70.24% total skipped)
Most recent URL: https://cnet.com/home/yard-and-outdoors/best-gas-grill/
URLs checked: 6804 
Pages crawled: 1980 
Rejected: 2664 
Bloom filter conflicts: 2115 
(70.24% total skipped)
Most recent URL: https://www.dfeh.ca.gov/hateviolence
URLs checked: 6807 
Pages crawled: 1981 
Rejected: 2665 
Bloom filter conflicts: 2116 
(70.24% total skipped)
Most recent URL: https://www.wix.com/contact
URLs checked: 6808 
Pages crawled: 1982 
Rejected: 2665 
Bloom filter conflicts: 2116 
(70.23% total skipped)
Most recent URL: https://support.dnsmadeeasy.com/home
URLs checked: 6810 
Pages crawled: 1983 
Rejected: 2665 
Bloom filter conflicts: 2117 
(70.22% total skipped)
Most recent URL: https://www.npr.org/templates/story/story.php?storyId=178660742
URLs checked: 6811 
Pages crawled: 1984 
Rejected: 2665 
Bloom filter conflicts: 2117 
(70.21% total skipped)
Most recent URL: https://icloud-content.com/ios/
URLs checked: 6835 
Pages crawled: 1985 
Rejected: 2687 
Bloom filter conflicts: 2118 
(70.30% total skipped)
Most recent URL: https://gumgum.com/terms-and-policies/security
URLs checked: 6845 
Pages crawled: 1986 
Rejected: 2693 
Bloom filter conflicts: 2121 
(70.33% total skipped)
Most recent URL: https://stackoverflow.com/questions/77520382/how-can-i-modify-or-delete-the-passwordhash-class-in-xenforo-to-change-the-hashi
URLs checked: 6846 
Pages crawled: 1987 
Rejected: 2693 
Bloom filter conflicts: 2121 
(70.32% total skipped)
Most recent URL: https://mailchimp.com/developer/transactional/guides/change-behavior-rules-engine/
URLs checked: 6847 
Pages crawled: 1988 
Rejected: 2693 
Bloom filter conflicts: 2121 
(70.31% total skipped)
Most recent URL: https://www.t-mobile.com/cell-phone/samsung-galaxy-z-flip5?INTNAV=fNav%3ANewFeaturedCellPhones%3ANewSamsungGalaxyZFlip5
URLs checked: 6848 
Pages crawled: 1989 
Rejected: 2693 
Bloom filter conflicts: 2121 
(70.30% total skipped)
Most recent URL: https://time.com/wellness-mags
URLs checked: 6850 
Pages crawled: 1990 
Rejected: 2693 
Bloom filter conflicts: 2122 
(70.29% total skipped)
Most recent URL: https://tradingview.com/markets/world-stocks/worlds-largest-restaurant-chains/
URLs checked: 6851 
Pages crawled: 1991 
Rejected: 2693 
Bloom filter conflicts: 2122 
(70.28% total skipped)
Most recent URL: https://www.mayoclinic.org/diseases-conditions/chronic-pelvic-pain/symptoms-causes/syc-20354368
URLs checked: 6852 
Pages crawled: 1992 
Rejected: 2693 
Bloom filter conflicts: 2122 
(70.27% total skipped)
Most recent URL: https://newrelic.com/press-release/20211021
URLs checked: 6853 
Pages crawled: 1993 
Rejected: 2693 
Bloom filter conflicts: 2122 
(70.26% total skipped)
Most recent URL: https://addtoany.com/buttons/customize/drupal/email_template
URLs checked: 6855 
Pages crawled: 1994 
Rejected: 2694 
Bloom filter conflicts: 2122 
(70.26% total skipped)
Most recent URL: https://eset.com/int/support/lost-license/
URLs checked: 6856 
Pages crawled: 1995 
Rejected: 2694 
Bloom filter conflicts: 2122 
(70.25% total skipped)
Most recent URL: https://www.healthline.com/health/painful-menstrual-periods
URLs checked: 6857 
Pages crawled: 1996 
Rejected: 2694 
Bloom filter conflicts: 2122 
(70.23% total skipped)
Most recent URL: https://www.sophos.com/en-us/products/email
URLs checked: 6858 
Pages crawled: 1997 
Rejected: 2694 
Bloom filter conflicts: 2122 
(70.22% total skipped)
Most recent URL: https://hipages.com.au/find/fences/tas/stonor
URLs checked: 6859 
Pages crawled: 1998 
Rejected: 2694 
Bloom filter conflicts: 2122 
(70.21% total skipped)
Most recent URL: https://www.digitalocean.com/products/app-platform/how-to/manage-jobs/
URLs checked: 6862 
Pages crawled: 1999 
Rejected: 2695 
Bloom filter conflicts: 2123 
(70.21% total skipped)
Most recent URL: https://www.braze.com/docs/developer_guide/platform_integration_guides/swift/initial_sdk_setup/installation_methods/cocoapods/
URLs checked: 6864 
Pages crawled: 2000 
Rejected: 2696 
Bloom filter conflicts: 2123 
(70.21% total skipped)
Most recent URL: https://www.wsj.com/news/types/nba?mod=nav_top_subsection
URLs checked: 6868 
Pages crawled: 2001 
Rejected: 2699 
Bloom filter conflicts: 2123 
(70.21% total skipped)
Most recent URL: https://nature.com/nature/reviews-and-analysis?year=2009
URLs checked: 6879 
Pages crawled: 2002 
Rejected: 2706 
Bloom filter conflicts: 2126 
(70.24% total skipped)
Most recent URL: https://google.com.br/technologies/anonymization?hl=en&fg=1
URLs checked: 6882 
Pages crawled: 2003 
Rejected: 2708 
Bloom filter conflicts: 2126 
(70.24% total skipped)
Most recent URL: https://theverge.com/authors/charles-pulliam-moore
URLs checked: 6883 
Pages crawled: 2004 
Rejected: 2708 
Bloom filter conflicts: 2126 
(70.23% total skipped)
Most recent URL: https://www.npr.org/2023/11/21/1214389287/trump-medical-report-weight
URLs checked: 6884 
Pages crawled: 2005 
Rejected: 2708 
Bloom filter conflicts: 2126 
(70.22% total skipped)
Most recent URL: https://intel.com/content/www/us/en/products/docs/devices-systems/laptops/laptop-innovation-program/accessible-computing-inclusive-technology.html
URLs checked: 6890 
Pages crawled: 2006 
Rejected: 2711 
Bloom filter conflicts: 2128 
(70.23% total skipped)
Most recent URL: https://careers.media.net/engineering/senior-software-test-engineer-software-test-engineer/
URLs checked: 6891 
Pages crawled: 2007 
Rejected: 2711 
Bloom filter conflicts: 2128 
(70.22% total skipped)
Most recent URL: https://www.cnbc.com/2023/09/24/verizon-ceo-shares-simple-morning-routine-for-right-mood-energy.html
URLs checked: 6900 
Pages crawled: 2008 
Rejected: 2716 
Bloom filter conflicts: 2131 
(70.25% total skipped)
Most recent URL: https://gumgum.com/terms-and-policies/archive-privacy-policy-dec-2019
URLs checked: 6901 
Pages crawled: 2009 
Rejected: 2716 
Bloom filter conflicts: 2131 
(70.24% total skipped)
Most recent URL: https://newrelic.com/instant-observability/slack-notifications
URLs checked: 6903 
Pages crawled: 2010 
Rejected: 2716 
Bloom filter conflicts: 2132 
(70.23% total skipped)
Most recent URL: https://education.wsj.com/?mod=wsjfooter
URLs checked: 6904 
Pages crawled: 2011 
Rejected: 2716 
Bloom filter conflicts: 2132 
(70.22% total skipped)
Most recent URL: https://www.dnsmadeeasy.com/about/careers
URLs checked: 6905 
Pages crawled: 2012 
Rejected: 2716 
Bloom filter conflicts: 2132 
(70.21% total skipped)
Most recent URL: https://stackoverflow.com/users/22994998/mariana-teixeira
URLs checked: 6906 
Pages crawled: 2013 
Rejected: 2716 
Bloom filter conflicts: 2132 
(70.20% total skipped)
Most recent URL: https://time.com/collection/100-most-influential-people-2023/6270002/mikaela-shiffrin/
URLs checked: 6907 
Pages crawled: 2014 
Rejected: 2716 
Bloom filter conflicts: 2132 
(70.19% total skipped)
Most recent URL: https://www.digitalocean.com/products/app-platform
URLs checked: 6908 
Pages crawled: 2015 
Rejected: 2716 
Bloom filter conflicts: 2132 
(70.18% total skipped)
Most recent URL: https://www.mayoclinic.org/diseases-conditions/hirschsprungs-disease/symptoms-causes/syc-20351556
URLs checked: 6909 
Pages crawled: 2016 
Rejected: 2716 
Bloom filter conflicts: 2132 
(70.17% total skipped)
Most recent URL: https://www.sophos.com/en-us/products/cloud-optix
URLs checked: 6911 
Pages crawled: 2017 
Rejected: 2717 
Bloom filter conflicts: 2132 
(70.16% total skipped)
Most recent URL: https://google.com.br/websearch/answer/10410942?hl=en&ref_topic=9739148
URLs checked: 6913 
Pages crawled: 2018 
Rejected: 2717 
Bloom filter conflicts: 2133 
(70.16% total skipped)
Most recent URL: https://hipages.com.au/find/window_repairs/sa/elizabeth_grove
URLs checked: 6916 
Pages crawled: 2019 
Rejected: 2718 
Bloom filter conflicts: 2134 
(70.16% total skipped)
Most recent URL: https://store.steampowered.com/explore/?snr=1_subscriberagreement_RefundPolicy__global-responsive-menu
URLs checked: 6917 
Pages crawled: 2020 
Rejected: 2718 
Bloom filter conflicts: 2134 
(70.15% total skipped)
Most recent URL: https://icloud-content.com/app-store/
URLs checked: 7080 
Pages crawled: 2021 
Rejected: 2877 
Bloom filter conflicts: 2137 
(70.82% total skipped)
Most recent URL: https://www.braze.com/docs/developer_guide/platform_integration_guides/web/news_feed/customization/read_and_unread/
URLs checked: 7082 
Pages crawled: 2022 
Rejected: 2878 
Bloom filter conflicts: 2137 
(70.81% total skipped)
Most recent URL: https://www.wix.com/blog/how-to-make-a-website-accessible
URLs checked: 7086 
Pages crawled: 2023 
Rejected: 2881 
Bloom filter conflicts: 2137 
(70.82% total skipped)
Most recent URL: https://careers.media.net/business-operations/sr-associate-digital-marketing/
URLs checked: 7090 
Pages crawled: 2024 
Rejected: 2884 
Bloom filter conflicts: 2137 
(70.82% total skipped)
Most recent URL: https://theverge.com/2023/11/23/23973782/watch-europes-next-gen-ariane-6-rocket-test-fire-today
URLs checked: 7093 
Pages crawled: 2025 
Rejected: 2885 
Bloom filter conflicts: 2138 
(70.82% total skipped)
Most recent URL: https://google.com.br/websearch/answer/463?hl=en&ref_topic=3036131
URLs checked: 7108 
Pages crawled: 2026 
Rejected: 2895 
Bloom filter conflicts: 2142 
(70.86% total skipped)
Most recent URL: https://ring.com/products/security-system-alarm-pro-14
URLs checked: 7115 
Pages crawled: 2027 
Rejected: 2901 
Bloom filter conflicts: 2142 
(70.88% total skipped)
Most recent URL: https://intel.com/content/www/us/en/privacy/eea-binding-corporate-rules.html
URLs checked: 7133 
Pages crawled: 2028 
Rejected: 2918 
Bloom filter conflicts: 2142 
(70.94% total skipped)
Most recent URL: https://npr.org/diversity/
URLs checked: 7135 
Pages crawled: 2029 
Rejected: 2918 
Bloom filter conflicts: 2143 
(70.93% total skipped)
Most recent URL: https://dnsmadeeasy.com/post/dyn-oracle-dns-outage-the-importance-of-instant-dns-propagation
URLs checked: 7136 
Pages crawled: 2030 
Rejected: 2918 
Bloom filter conflicts: 2143 
(70.92% total skipped)
Most recent URL: https://careers.media.net/business-operations/manager-senior-manager-campaign-management/
URLs checked: 7137 
Pages crawled: 2031 
Rejected: 2918 
Bloom filter conflicts: 2143 
(70.91% total skipped)
Most recent URL: https://time.com/collection/must-read-books-2023/6332472/you-could-make-this-place-beautiful/
URLs checked: 7138 
Pages crawled: 2032 
Rejected: 2918 
Bloom filter conflicts: 2143 
(70.90% total skipped)
Most recent URL: https://cnet.com/
URLs checked: 7141 
Pages crawled: 2033 
Rejected: 2918 
Bloom filter conflicts: 2145 
(70.90% total skipped)
Most recent URL: https://www.healthline.com/health/food-nutrition/truth-about-vitamin-e-oil
URLs checked: 7144 
Pages crawled: 2034 
Rejected: 2919 
Bloom filter conflicts: 2146 
(70.90% total skipped)
Most recent URL: https://gnu.org/philosophy/eldred-amicus.html
URLs checked: 7145 
Pages crawled: 2035 
Rejected: 2919 
Bloom filter conflicts: 2146 
(70.89% total skipped)
Most recent URL: https://addtoany.com/buttons/customize/drupal/orientation
URLs checked: 7148 
Pages crawled: 2036 
Rejected: 2921 
Bloom filter conflicts: 2146 
(70.89% total skipped)
Most recent URL: https://stackoverflow.com/questions/76117601/i-have-installed-a-new-package-polkadot-after-that-i-am-getting-the-error
URLs checked: 7149 
Pages crawled: 2037 
Rejected: 2921 
Bloom filter conflicts: 2146 
(70.88% total skipped)
Most recent URL: https://tradingview.com/symbols/NASDAQ-MMAT/
URLs checked: 7151 
Pages crawled: 2038 
Rejected: 2922 
Bloom filter conflicts: 2146 
(70.87% total skipped)
Most recent URL: https://www.mayoclinic.org/diseases-conditions/broken-arm/symptoms-causes/syc-20353260
URLs checked: 7152 
Pages crawled: 2039 
Rejected: 2922 
Bloom filter conflicts: 2146 
(70.86% total skipped)
Most recent URL: https://www.digitalocean.com/community/tutorials/how-to-use-top-netstat-du-other-tools-to-monitor-server-resources
URLs checked: 7153 
Pages crawled: 2040 
Rejected: 2922 
Bloom filter conflicts: 2146 
(70.85% total skipped)
Most recent URL: https://sophos.com/en-us/oem
URLs checked: 7154 
Pages crawled: 2041 
Rejected: 2922 
Bloom filter conflicts: 2146 
(70.84% total skipped)
Most recent URL: https://www.wsj.com/articles/some-vaccinated-people-are-dying-of-covid-19-heres-why-scientists-arent-surprised-11625227200?mod=error_page
URLs checked: 7156 
Pages crawled: 2042 
Rejected: 2923 
Bloom filter conflicts: 2146 
(70.84% total skipped)
Most recent URL: https://google.com.br/websearch/answer/112568?hl=en&ref_topic=3180360
URLs checked: 7158 
Pages crawled: 2043 
Rejected: 2924 
Bloom filter conflicts: 2146 
(70.83% total skipped)
Most recent URL: https://support.wix.com/en/article/email-marketing-understanding-your-campaign-statistics-in-the-wix-owner-app
URLs checked: 7161 
Pages crawled: 2044 
Rejected: 2925 
Bloom filter conflicts: 2147 
(70.83% total skipped)
Most recent URL: https://icloud-content.com/support/terms/
URLs checked: 7180 
Pages crawled: 2045 
Rejected: 2939 
Bloom filter conflicts: 2151 
(70.89% total skipped)
Most recent URL: https://google.com.br/websearch/answer/9250033?hl=en&ref_topic=3081620
URLs checked: 7182 
Pages crawled: 2046 
Rejected: 2940 
Bloom filter conflicts: 2151 
(70.89% total skipped)
Most recent URL: https://www.att.com/accessories
URLs checked: 7183 
Pages crawled: 2047 
Rejected: 2940 
Bloom filter conflicts: 2151 
(70.88% total skipped)
Most recent URL: https://www.addtoany.com/ext/google_analytics
URLs checked: 7186 
Pages crawled: 2048 
Rejected: 2942 
Bloom filter conflicts: 2151 
(70.87% total skipped)
Most recent URL: https://careers.media.net/business-development/
URLs checked: 7188 
Pages crawled: 2049 
Rejected: 2942 
Bloom filter conflicts: 2152 
(70.87% total skipped)
Most recent URL: https://ltg.ca.gov/newsletters/
URLs checked: 7190 
Pages crawled: 2050 
Rejected: 2943 
Bloom filter conflicts: 2152 
(70.86% total skipped)
Most recent URL: https://theverge.com/21587765/black-friday-cyber-monday-best-deals-how-to-find
URLs checked: 7192 
Pages crawled: 2051 
Rejected: 2943 
Bloom filter conflicts: 2153 
(70.86% total skipped)
Most recent URL: https://ring.com/products/small-solar-panel-usb-c
URLs checked: 7195 
Pages crawled: 2052 
Rejected: 2944 
Bloom filter conflicts: 2154 
(70.85% total skipped)
Most recent URL: https://gumgum.com/blog/transforming-advertising-the-proven-effectiveness-of-connected-tv-ads
URLs checked: 7196 
Pages crawled: 2053 
Rejected: 2944 
Bloom filter conflicts: 2154 
(70.84% total skipped)
Most recent URL: https://dnsmadeeasy.com/dnsme/blog?57637437_page=2
URLs checked: 7197 
Pages crawled: 2054 
Rejected: 2944 
Bloom filter conflicts: 2154 
(70.84% total skipped)
Most recent URL: https://newrelic.com/instant-observability/anyscale
URLs checked: 7198 
Pages crawled: 2055 
Rejected: 2944 
Bloom filter conflicts: 2154 
(70.83% total skipped)
Most recent URL: https://stackoverflow.com/users/22854845/andrew-loverde
URLs checked: 7199 
Pages crawled: 2056 
Rejected: 2944 
Bloom filter conflicts: 2154 
(70.82% total skipped)
Most recent URL: https://time.com/5504760/antibiotic-prescriptions-overuse/
URLs checked: 7207 
Pages crawled: 2057 
Rejected: 2950 
Bloom filter conflicts: 2155 
(70.83% total skipped)
Most recent URL: https://badoo.com
URLs checked: 7208 
Pages crawled: 2058 
Rejected: 2950 
Bloom filter conflicts: 2155 
(70.82% total skipped)
Most recent URL: https://www.braze.com/resources/search?section=articles
URLs checked: 7215 
Pages crawled: 2059 
Rejected: 2956 
Bloom filter conflicts: 2155 
(70.84% total skipped)
Most recent URL: https://mailchimp.com/developer/marketing/api/list-segments/
URLs checked: 7216 
Pages crawled: 2060 
Rejected: 2956 
Bloom filter conflicts: 2155 
(70.83% total skipped)
Most recent URL: https://docs.digitalocean.com/products/kubernetes/how-to/enable-high-availability/
URLs checked: 7218 
Pages crawled: 2061 
Rejected: 2956 
Bloom filter conflicts: 2156 
(70.82% total skipped)
Most recent URL: https://www.intel.com/content/www/us/en/support/products/192636/intel-nuc/intel-nuc-kits/intel-nuc-kit-with-9th-generation-intel-core-processors.html
URLs checked: 7219 
Pages crawled: 2062 
Rejected: 2956 
Bloom filter conflicts: 2156 
(70.81% total skipped)
Most recent URL: https://care.healthline.com/find-care/provider/dr-tuhin-virmani-1932380185
URLs checked: 7222 
Pages crawled: 2063 
Rejected: 2957 
Bloom filter conflicts: 2157 
(70.81% total skipped)
Most recent URL: https://www.wsj.com/news/author/8003?mod=nav_top_subsection
URLs checked: 7229 
Pages crawled: 2064 
Rejected: 2963 
Bloom filter conflicts: 2157 
(70.83% total skipped)
Most recent URL: https://nature.com/nature/videos?searchType=journalSearch&sort=PubDate&type=nature-video&page=5
URLs checked: 7230 
Pages crawled: 2065 
Rejected: 2963 
Bloom filter conflicts: 2157 
(70.82% total skipped)
Most recent URL: https://hipages.com.au/find/fences/tas/hobart
URLs checked: 7243 
Pages crawled: 2066 
Rejected: 2973 
Bloom filter conflicts: 2159 
(70.85% total skipped)
Most recent URL: https://ring.com/pets
URLs checked: 7244 
Pages crawled: 2067 
Rejected: 2973 
Bloom filter conflicts: 2159 
(70.84% total skipped)
Most recent URL: https://www.google.com.br/privacy/ccpa-report?hl=en&fg=1
URLs checked: 7254 
Pages crawled: 2068 
Rejected: 2977 
Bloom filter conflicts: 2164 
(70.87% total skipped)
Most recent URL: https://www.loc.gov/collections/african-american-band-music/about-this-collection/
URLs checked: 7255 
Pages crawled: 2069 
Rejected: 2977 
Bloom filter conflicts: 2164 
(70.86% total skipped)
Most recent URL: https://icloud-content.com/bug-reporting/
URLs checked: 7260 
Pages crawled: 2070 
Rejected: 2981 
Bloom filter conflicts: 2164 
(70.87% total skipped)
Most recent URL: https://gumgum.com/contextual-pioneers
URLs checked: 7261 
Pages crawled: 2071 
Rejected: 2981 
Bloom filter conflicts: 2164 
(70.86% total skipped)
Most recent URL: https://tradingview.com/markets/stocks-poland/sectorandindustry-sector/consumer-services/
URLs checked: 7262 
Pages crawled: 2072 
Rejected: 2981 
Bloom filter conflicts: 2164 
(70.85% total skipped)
Most recent URL: https://www.t-mobile.com/coverage/coverage-map?INTNAV=fNav%3ATMobile%3AWireless%3ACoverageMap
URLs checked: 7263 
Pages crawled: 2073 
Rejected: 2981 
Bloom filter conflicts: 2164 
(70.84% total skipped)
Most recent URL: https://newrelic.com/blog/nerdlog/monitor-sap-systems
URLs checked: 7265 
Pages crawled: 2074 
Rejected: 2982 
Bloom filter conflicts: 2164 
(70.83% total skipped)
Most recent URL: https://stackoverflow.com/questions/75272108/how-to-detect-vertically-stacked-text-with-vision-api
URLs checked: 7268 
Pages crawled: 2075 
Rejected: 2984 
Bloom filter conflicts: 2164 
(70.83% total skipped)
Most recent URL: https://careers.media.net/legal-and-compliance/compliance-associate-manager/
URLs checked: 7270 
Pages crawled: 2076 
Rejected: 2984 
Bloom filter conflicts: 2165 
(70.83% total skipped)
Most recent URL: https://www.wix.com/encyclopedia/letter/m
URLs checked: 7271 
Pages crawled: 2077 
Rejected: 2984 
Bloom filter conflicts: 2165 
(70.82% total skipped)
Most recent URL: https://theverge.com/2023/11/27/23977673/bytedance-nuverse-gaming-layoffs-restructure?showComments=1
URLs checked: 7273 
Pages crawled: 2078 
Rejected: 2984 
Bloom filter conflicts: 2166 
(70.81% total skipped)
Most recent URL: https://time.com/section/lightbox/
URLs checked: 7274 
Pages crawled: 2079 
Rejected: 2984 
Bloom filter conflicts: 2166 
(70.80% total skipped)
Most recent URL: https://hipages.com.au/find/lawn_turf/vic/melbourne
URLs checked: 7279 
Pages crawled: 2080 
Rejected: 2988 
Bloom filter conflicts: 2166 
(70.81% total skipped)
Most recent URL: https://addtoany.com/buttons/customize/wordpress/templates
URLs checked: 7280 
Pages crawled: 2081 
Rejected: 2988 
Bloom filter conflicts: 2166 
(70.80% total skipped)
Most recent URL: https://support.dnsmadeeasy.com/support/solutions/articles/47001100429-understanding-secondary-dns
URLs checked: 7286 
Pages crawled: 2082 
Rejected: 2990 
Bloom filter conflicts: 2169 
(70.81% total skipped)
Most recent URL: https://www.att.com/buy/accessories/browse/headphones/
URLs checked: 7288 
Pages crawled: 2083 
Rejected: 2991 
Bloom filter conflicts: 2169 
(70.80% total skipped)
Most recent URL: https://cnet.com/tech/mobile/best-unlimited-data-plans/
URLs checked: 7289 
Pages crawled: 2084 
Rejected: 2991 
Bloom filter conflicts: 2169 
(70.79% total skipped)
Most recent URL: https://www.mayoclinic.org/diseases-conditions/nail-fungus/symptoms-causes/syc-20353294
URLs checked: 7290 
Pages crawled: 2085 
Rejected: 2991 
Bloom filter conflicts: 2169 
(70.78% total skipped)
Most recent URL: https://www.braze.com/docs/developer_guide/platform_integration_guides/swift/in-app_messaging/customization/modal_dismissal/
URLs checked: 7291 
Pages crawled: 2086 
Rejected: 2991 
Bloom filter conflicts: 2169 
(70.77% total skipped)
Most recent URL: https://www.wsj.com/news/business/food-tobacco?mod=nav_top_subsection
URLs checked: 7299 
Pages crawled: 2087 
Rejected: 2996 
Bloom filter conflicts: 2171 
(70.79% total skipped)
Most recent URL: https://google.com.br/intl/en/home/campaigns/shopping-ads/
URLs checked: 7302 
Pages crawled: 2088 
Rejected: 2996 
Bloom filter conflicts: 2173 
(70.79% total skipped)
Most recent URL: https://www.ca.gov/service/?item=Get-a-Fishing-License
URLs checked: 7303 
Pages crawled: 2089 
Rejected: 2996 
Bloom filter conflicts: 2173 
(70.78% total skipped)
Most recent URL: https://careers.media.net/business-development/agency-partnerships-manager/
URLs checked: 7306 
Pages crawled: 2090 
Rejected: 2997 
Bloom filter conflicts: 2174 
(70.78% total skipped)
Most recent URL: https://ring.com/privacy
URLs checked: 7307 
Pages crawled: 2091 
Rejected: 2997 
Bloom filter conflicts: 2174 
(70.77% total skipped)
Most recent URL: https://intel.com/content/www/us/en/support/products/78586/boards-and-kits.html
URLs checked: 7308 
Pages crawled: 2092 
Rejected: 2997 
Bloom filter conflicts: 2174 
(70.76% total skipped)
Most recent URL: https://gumgum.com/terms-and-policies/dmca-policy
URLs checked: 7309 
Pages crawled: 2093 
Rejected: 2997 
Bloom filter conflicts: 2174 
(70.75% total skipped)
Most recent URL: https://stackoverflow.com/users/14489625/soullesscookie
URLs checked: 7310 
Pages crawled: 2094 
Rejected: 2997 
Bloom filter conflicts: 2174 
(70.74% total skipped)
Most recent URL: https://time.com/collection/must-read-books-2023/6332706/i-love-russia/
URLs checked: 7311 
Pages crawled: 2095 
Rejected: 2997 
Bloom filter conflicts: 2174 
(70.73% total skipped)
Most recent URL: https://www.t-mobile.com/coverage/network
URLs checked: 7313 
Pages crawled: 2096 
Rejected: 2997 
Bloom filter conflicts: 2175 
(70.72% total skipped)
Most recent URL: https://www.npr.org/people/300291407/lars-gotrich
URLs checked: 7314 
Pages crawled: 2097 
Rejected: 2997 
Bloom filter conflicts: 2175 
(70.71% total skipped)
Most recent URL: https://www.healthline.com/nutrition/vata-dosha-pitta-dosha-kapha-dosha/?utm_source=ReadNext
URLs checked: 7318 
Pages crawled: 2098 
Rejected: 2997 
Bloom filter conflicts: 2178 
(70.72% total skipped)
Most recent URL: https://mailchimp.com/pricing/marketing
URLs checked: 7322 
Pages crawled: 2099 
Rejected: 3000 
Bloom filter conflicts: 2178 
(70.72% total skipped)
Most recent URL: https://ietf.org
URLs checked: 7323 
Pages crawled: 2100 
Rejected: 3000 
Bloom filter conflicts: 2178 
(70.71% total skipped)
Most recent URL: https://theverge.com/2023/11/2/23943859/max-4k-hbo-max-ad-free-subscribers
URLs checked: 7326 
Pages crawled: 2101 
Rejected: 3001 
Bloom filter conflicts: 2179 
(70.71% total skipped)
Most recent URL: https://support.wix.com/en/article/request-resize-images-in-wix-email-marketing
URLs checked: 7327 
Pages crawled: 2102 
Rejected: 3001 
Bloom filter conflicts: 2179 
(70.70% total skipped)
Most recent URL: https://icloud-content.com/watchos/
URLs checked: 7501 
Pages crawled: 2103 
Rejected: 3165 
Bloom filter conflicts: 2188 
(71.36% total skipped)
Most recent URL: https://ltg.ca.gov/newsroom/
URLs checked: 7505 
Pages crawled: 2104 
Rejected: 3168 
Bloom filter conflicts: 2188 
(71.37% total skipped)
Most recent URL: https://tradingview.com/u/joyny/
URLs checked: 7506 
Pages crawled: 2105 
Rejected: 3168 
Bloom filter conflicts: 2188 
(71.36% total skipped)
Most recent URL: https://digitalocean.com/products/vpc
URLs checked: 7507 
Pages crawled: 2106 
Rejected: 3168 
Bloom filter conflicts: 2188 
(71.35% total skipped)
Most recent URL: https://hipages.com.au/find/lighting
URLs checked: 7511 
Pages crawled: 2107 
Rejected: 3171 
Bloom filter conflicts: 2188 
(71.35% total skipped)
Most recent URL: https://careers.media.net/business-operations/associate-manager-manager-media-buying-and-planning/
URLs checked: 7512 
Pages crawled: 2108 
Rejected: 3171 
Bloom filter conflicts: 2188 
(71.34% total skipped)
Most recent URL: https://www.loc.gov/item/careers/attorney-advisor-assistant-general-counsel-vacancyvar002599/
URLs checked: 7513 
Pages crawled: 2109 
Rejected: 3171 
Bloom filter conflicts: 2188 
(71.33% total skipped)
Most recent URL: https://addtoany.com/buttons/customize/drupal/custom_icons
URLs checked: 7516 
Pages crawled: 2110 
Rejected: 3173 
Bloom filter conflicts: 2188 
(71.33% total skipped)
Most recent URL: https://fb.com/games/
URLs checked: 7519 
Pages crawled: 2111 
Rejected: 3175 
Bloom filter conflicts: 2188 
(71.33% total skipped)
Most recent URL: https://google.com.br/intl/en/home/campaigns/smart-campaigns/
URLs checked: 7520 
Pages crawled: 2112 
Rejected: 3175 
Bloom filter conflicts: 2188 
(71.32% total skipped)
Most recent URL: https://gnu.org/software/libtasn1/
URLs checked: 7523 
Pages crawled: 2113 
Rejected: 3177 
Bloom filter conflicts: 2188 
(71.31% total skipped)
Most recent URL: https://cnet.com/tech/mobile/iphone-14-review-good-upgrade-most-people/
URLs checked: 7526 
Pages crawled: 2114 
Rejected: 3177 
Bloom filter conflicts: 2190 
(71.31% total skipped)
Most recent URL: https://stackoverflow.com/questions/77311774/r-fable-combination-model-using-the-median-instead-of-mean
URLs checked: 7527 
Pages crawled: 2115 
Rejected: 3177 
Bloom filter conflicts: 2190 
(71.30% total skipped)
Most recent URL: https://ring.com/products/alarm-pro-security-kit-8-piece-stuc-battery-bundle
URLs checked: 7529 
Pages crawled: 2116 
Rejected: 3178 
Bloom filter conflicts: 2190 
(71.30% total skipped)
Most recent URL: https://badoo.com/chat/
URLs checked: 7530 
Pages crawled: 2117 
Rejected: 3178 
Bloom filter conflicts: 2190 
(71.29% total skipped)
Most recent URL: https://www.npr.org/sections/movies/
URLs checked: 7531 
Pages crawled: 2118 
Rejected: 3178 
Bloom filter conflicts: 2190 
(71.28% total skipped)
Most recent URL: https://www.braze.com/docs/developer_guide/platform_integration_guides/unity/push_notifications/android/
URLs checked: 7541 
Pages crawled: 2119 
Rejected: 3187 
Bloom filter conflicts: 2190 
(71.30% total skipped)
Most recent URL: https://www.wsj.com/video?mod=wsjheader
URLs checked: 7545 
Pages crawled: 2120 
Rejected: 3190 
Bloom filter conflicts: 2190 
(71.31% total skipped)
Most recent URL: https://www.att.com/buy/phones/samsung-galaxy-s23-fe.html?smb=true&bref=IBb4BS00Iu023F06O
URLs checked: 7547 
Pages crawled: 2121 
Rejected: 3190 
Bloom filter conflicts: 2191 
(71.30% total skipped)
Most recent URL: https://calcivilrights.ca.gov/legalrecords/
URLs checked: 7549 
Pages crawled: 2122 
Rejected: 3191 
Bloom filter conflicts: 2191 
(71.29% total skipped)
Most recent URL: https://mailchimp.com/integrations/mailmunch-email-list-builder/
URLs checked: 7556 
Pages crawled: 2123 
Rejected: 3196 
Bloom filter conflicts: 2192 
(71.31% total skipped)
Most recent URL: https://hipages.com.au/find/roof_repairs_repointing/tas/hobart
URLs checked: 7557 
Pages crawled: 2124 
Rejected: 3196 
Bloom filter conflicts: 2192 
(71.30% total skipped)
Most recent URL: https://www.sophos.com/en-us/products/cloud-native-security
URLs checked: 7558 
Pages crawled: 2125 
Rejected: 3196 
Bloom filter conflicts: 2192 
(71.29% total skipped)
Most recent URL: https://www.digitalocean.com/products/app-platform/getting-started/sample-apps/hugo/
URLs checked: 7562 
Pages crawled: 2126 
Rejected: 3199 
Bloom filter conflicts: 2192 
(71.29% total skipped)
Most recent URL: https://careers.media.net/information-technology/associate-server-administration/
URLs checked: 7564 
Pages crawled: 2127 
Rejected: 3200 
Bloom filter conflicts: 2192 
(71.29% total skipped)
Most recent URL: https://google.com.br/websearch/answer/11127743?hl=en&ref_topic=3036132
URLs checked: 7566 
Pages crawled: 2128 
Rejected: 3201 
Bloom filter conflicts: 2192 
(71.28% total skipped)
Most recent URL: https://theverge.com/2019/7/19/20700627/bose-noise-cancelling-headphones-700-redesigned-microphones-review
URLs checked: 7567 
Pages crawled: 2129 
Rejected: 3201 
Bloom filter conflicts: 2192 
(71.27% total skipped)
Most recent URL: https://www.loc.gov/item/careers/general-engineer-vacancyvar002426/
URLs checked: 7569 
Pages crawled: 2130 
Rejected: 3201 
Bloom filter conflicts: 2193 
(71.26% total skipped)
Most recent URL: https://www.npr.org/2023/11/27/1215332319/former-first-lady-rosalynn-carter-will-be-honored-at-3-memorial-services-this-we
URLs checked: 7570 
Pages crawled: 2131 
Rejected: 3201 
Bloom filter conflicts: 2193 
(71.25% total skipped)
Most recent URL: https://www.gumgum.com/publishers-gallery
URLs checked: 7572 
Pages crawled: 2132 
Rejected: 3202 
Bloom filter conflicts: 2193 
(71.25% total skipped)
Most recent URL: https://onetrust.com/why-onetrust/
URLs checked: 7573 
Pages crawled: 2133 
Rejected: 3202 
Bloom filter conflicts: 2193 
(71.24% total skipped)
Most recent URL: https://eset.com/int/encryption-business/
URLs checked: 7575 
Pages crawled: 2134 
Rejected: 3203 
Bloom filter conflicts: 2193 
(71.23% total skipped)
Most recent URL: https://tradingview.com/symbols/NASDAQ-HON/
URLs checked: 7586 
Pages crawled: 2135 
Rejected: 3210 
Bloom filter conflicts: 2196 
(71.26% total skipped)
Most recent URL: https://www.t-mobile.com/support/devices/set-up-a-new-t-mobile-phone
URLs checked: 7587 
Pages crawled: 2136 
Rejected: 3210 
Bloom filter conflicts: 2196 
(71.25% total skipped)
Most recent URL: https://www.cnbc.com/2022/08/24/biden-expected-to-cancel-10000-in-federal-student-loan-debt-for-most-borrowers.html
URLs checked: 7588 
Pages crawled: 2137 
Rejected: 3210 
Bloom filter conflicts: 2196 
(71.24% total skipped)
Most recent URL: https://store.steampowered.com/app/268050/The_Evil_Within/?snr=1_1056_4_franchise_curatorfeatureddiscount&curator_clanid=33028765
URLs checked: 7589 
Pages crawled: 2138 
Rejected: 3210 
Bloom filter conflicts: 2196 
(71.23% total skipped)
Most recent URL: https://ietf.org/live/
URLs checked: 7590 
Pages crawled: 2139 
Rejected: 3210 
Bloom filter conflicts: 2196 
(71.23% total skipped)
Most recent URL: https://mailchimp.com/developer/marketing/api/customer-journeys-journeys-steps-actions/
URLs checked: 7592 
Pages crawled: 2140 
Rejected: 3211 
Bloom filter conflicts: 2196 
(71.22% total skipped)
Most recent URL: https://time.com/charter/tag/artificial-intelligence/
URLs checked: 7593 
Pages crawled: 2141 
Rejected: 3211 
Bloom filter conflicts: 2196 
(71.21% total skipped)
Most recent URL: https://www.nature.com/articles/d41586-023-03693-0
URLs checked: 7594 
Pages crawled: 2142 
Rejected: 3211 
Bloom filter conflicts: 2196 
(71.20% total skipped)
Most recent URL: https://www.wsj.com/news/author/elizabeth-anne-bernstein?mod=nav_top_subsection
URLs checked: 7595 
Pages crawled: 2143 
Rejected: 3211 
Bloom filter conflicts: 2196 
(71.19% total skipped)
Most recent URL: https://mayoclinic.org/diseases-conditions/index?letter=A
URLs checked: 7597 
Pages crawled: 2144 
Rejected: 3212 
Bloom filter conflicts: 2196 
(71.19% total skipped)
Most recent URL: https://google.com.br/websearch/answer/11330383?hl=en&ref_topic=3081620
URLs checked: 7606 
Pages crawled: 2145 
Rejected: 3218 
Bloom filter conflicts: 2198 
(71.21% total skipped)
Most recent URL: https://careers.media.net/product-marketing/manager-content-marketing/
URLs checked: 7616 
Pages crawled: 2146 
Rejected: 3225 
Bloom filter conflicts: 2200 
(71.23% total skipped)
Most recent URL: https://cnet.com/tech/mobile/moto-g-5g-2023-review-a-tough-buy-even-for-250/
URLs checked: 7617 
Pages crawled: 2147 
Rejected: 3225 
Bloom filter conflicts: 2200 
(71.22% total skipped)
Most recent URL: https://www.wix.com/blog/photography/how-to-create-one-page-photography-website
URLs checked: 7620 
Pages crawled: 2148 
Rejected: 3226 
Bloom filter conflicts: 2201 
(71.22% total skipped)
Most recent URL: https://www.loc.gov/careers/working-at-the-library/frequently-asked-questions/
URLs checked: 7621 
Pages crawled: 2149 
Rejected: 3226 
Bloom filter conflicts: 2201 
(71.21% total skipped)
Most recent URL: https://gnu.org/philosophy/digital-inclusion-in-freedom.html
URLs checked: 7625 
Pages crawled: 2150 
Rejected: 3229 
Bloom filter conflicts: 2201 
(71.21% total skipped)
Most recent URL: https://badoo.com/dating/united-states/new-york/new-york/
URLs checked: 7626 
Pages crawled: 2151 
Rejected: 3229 
Bloom filter conflicts: 2201 
(71.20% total skipped)
Most recent URL: https://support.dnsmadeeasy.com/sso/facebook
URLs checked: 7628 
Pages crawled: 2152 
Rejected: 3229 
Bloom filter conflicts: 2202 
(71.20% total skipped)
Most recent URL: https://addtoany.com/buttons/customize/drupal/standalone_services
URLs checked: 7629 
Pages crawled: 2153 
Rejected: 3229 
Bloom filter conflicts: 2202 
(71.19% total skipped)
Most recent URL: https://theverge.com/2023/11/24/23974980/you-can-finally-read-the-details-of-sag-aftras-new-contract-for-yourself
URLs checked: 7632 
Pages crawled: 2154 
Rejected: 3229 
Bloom filter conflicts: 2204 
(71.19% total skipped)
Most recent URL: https://cybersecurity.att.com/categories/managed-security-services
URLs checked: 7635 
Pages crawled: 2155 
Rejected: 3230 
Bloom filter conflicts: 2205 
(71.19% total skipped)
Most recent URL: https://stackoverflow.com/q/9528080
URLs checked: 7647 
Pages crawled: 2156 
Rejected: 3240 
Bloom filter conflicts: 2206 
(71.22% total skipped)
Most recent URL: https://google.com.br/websearch/answer/9049144?hl=en&ref_topic=9739148
URLs checked: 7655 
Pages crawled: 2157 
Rejected: 3246 
Bloom filter conflicts: 2207 
(71.23% total skipped)
Most recent URL: https://ring.com/products/plug-in-mount-cams
URLs checked: 7658 
Pages crawled: 2158 
Rejected: 3248 
Bloom filter conflicts: 2207 
(71.23% total skipped)
Most recent URL: https://www.gumgum.com/webinars
URLs checked: 7660 
Pages crawled: 2159 
Rejected: 3248 
Bloom filter conflicts: 2208 
(71.23% total skipped)
Most recent URL: https://store.steampowered.com/replay?l=czech&redir=replay%3Fsrc%3D7%26snr%3D1_communityrecommendations_4__12&redir_ssl=1&snr=1_communityrecommendations_4__12
URLs checked: 7661 
Pages crawled: 2160 
Rejected: 3248 
Bloom filter conflicts: 2208 
(71.22% total skipped)
Most recent URL: https://ietf.org/topics/areas/
URLs checked: 7664 
Pages crawled: 2161 
Rejected: 3248 
Bloom filter conflicts: 2210 
(71.22% total skipped)
Most recent URL: https://time.com/collection/live-well/6071582/elder-care-after-covid-19/
URLs checked: 7665 
Pages crawled: 2162 
Rejected: 3248 
Bloom filter conflicts: 2210 
(71.21% total skipped)
Most recent URL: https://www.braze.com/
URLs checked: 7672 
Pages crawled: 2163 
Rejected: 3253 
Bloom filter conflicts: 2211 
(71.22% total skipped)
Most recent URL: https://tradingview.com/symbols/NYSE-ORCL/ideas/
URLs checked: 7673 
Pages crawled: 2164 
Rejected: 3253 
Bloom filter conflicts: 2211 
(71.21% total skipped)
Most recent URL: https://digitalocean.com/impact
URLs checked: 7675 
Pages crawled: 2165 
Rejected: 3254 
Bloom filter conflicts: 2211 
(71.21% total skipped)
Most recent URL: https://mailchimp.com/help/about-sms-marketing/
URLs checked: 7676 
Pages crawled: 2166 
Rejected: 3254 
Bloom filter conflicts: 2211 
(71.20% total skipped)
Most recent URL: https://www.mayoclinic.org/diseases-conditions/rickets/symptoms-causes/syc-20351943
URLs checked: 7677 
Pages crawled: 2167 
Rejected: 3254 
Bloom filter conflicts: 2211 
(71.19% total skipped)
Most recent URL: https://www.cnbc.com/latest-video/
URLs checked: 7679 
Pages crawled: 2168 
Rejected: 3255 
Bloom filter conflicts: 2211 
(71.18% total skipped)
Most recent URL: https://www.addtoany.com/buttons/customize/wordpress/standalone_services
URLs checked: 7680 
Pages crawled: 2169 
Rejected: 3255 
Bloom filter conflicts: 2211 
(71.17% total skipped)
Most recent URL: https://intel.com/content/www/us/en/policy/policy-automotive-and-transportation.html
URLs checked: 7681 
Pages crawled: 2170 
Rejected: 3255 
Bloom filter conflicts: 2211 
(71.16% total skipped)
Most recent URL: https://theverge.com/authors/emma-roth
URLs checked: 7683 
Pages crawled: 2171 
Rejected: 3255 
Bloom filter conflicts: 2212 
(71.16% total skipped)
Most recent URL: https://www.cnet.com/tech/home-entertainment/best-record-player/
URLs checked: 7685 
Pages crawled: 2172 
Rejected: 3255 
Bloom filter conflicts: 2213 
(71.15% total skipped)
Most recent URL: https://www.wsj.com/?mod=wsjheader_logo
URLs checked: 7686 
Pages crawled: 2173 
Rejected: 3255 
Bloom filter conflicts: 2213 
(71.14% total skipped)
Most recent URL: https://hipages.com.au/find/lawn_turf/south_east_melbourne_region
URLs checked: 7688 
Pages crawled: 2174 
Rejected: 3256 
Bloom filter conflicts: 2213 
(71.14% total skipped)
Most recent URL: https://badoo.com/signin
URLs checked: 7689 
Pages crawled: 2175 
Rejected: 3256 
Bloom filter conflicts: 2213 
(71.13% total skipped)
Most recent URL: https://onetrust.com/trustweek/
URLs checked: 7690 
Pages crawled: 2176 
Rejected: 3256 
Bloom filter conflicts: 2213 
(71.12% total skipped)
Most recent URL: https://www.att.com/buy/prepaid-phones/browse/LG
URLs checked: 7691 
Pages crawled: 2177 
Rejected: 3256 
Bloom filter conflicts: 2213 
(71.11% total skipped)
Most recent URL: https://www.npr.org/sections/pictureshow/2023/11/21/1211800206/celebrating-bodies-at-philly-fatcon
URLs checked: 7692 
Pages crawled: 2178 
Rejected: 3256 
Bloom filter conflicts: 2213 
(71.10% total skipped)
Most recent URL: https://www.healthline.com/health/eczema/can-you-outgrow-eczema?utm_source=ReadNext
URLs checked: 7693 
Pages crawled: 2179 
Rejected: 3256 
Bloom filter conflicts: 2213 
(71.09% total skipped)
Most recent URL: https://www.loc.gov/subscribe/
URLs checked: 7698 
Pages crawled: 2180 
Rejected: 3260 
Bloom filter conflicts: 2213 
(71.10% total skipped)
Most recent URL: https://stackoverflow.com/questions/tagged/image-recognition
URLs checked: 7710 
Pages crawled: 2181 
Rejected: 3270 
Bloom filter conflicts: 2214 
(71.13% total skipped)
Most recent URL: https://dnsmadeeasy.com/author/heather-oliver
URLs checked: 7711 
Pages crawled: 2182 
Rejected: 3270 
Bloom filter conflicts: 2214 
(71.12% total skipped)
Most recent URL: https://www.tradingview.com/chart/PDD/1U02eaLa-PDD-Tight-Coil/
URLs checked: 7712 
Pages crawled: 2183 
Rejected: 3270 
Bloom filter conflicts: 2214 
(71.11% total skipped)
Most recent URL: https://www.wix.com/logo/maker/category/landscaping
URLs checked: 7714 
Pages crawled: 2184 
Rejected: 3270 
Bloom filter conflicts: 2215 
(71.10% total skipped)
Most recent URL: https://eset.com/int/home/why-eset/
URLs checked: 7715 
Pages crawled: 2185 
Rejected: 3270 
Bloom filter conflicts: 2215 
(71.10% total skipped)
Most recent URL: https://www.mayoclinic.org/diseases-conditions/legionnaires-disease/symptoms-causes/syc-20351747
URLs checked: 7741 
Pages crawled: 2186 
Rejected: 3293 
Bloom filter conflicts: 2217 
(71.18% total skipped)
Most recent URL: https://www.att.com/buy/phones/apple-iphone-15-pro-max.html
URLs checked: 7742 
Pages crawled: 2187 
Rejected: 3293 
Bloom filter conflicts: 2217 
(71.17% total skipped)
Most recent URL: https://support.dnsmadeeasy.com/support/solutions/articles/47001001058-manage-contact-lists
URLs checked: 7744 
Pages crawled: 2188 
Rejected: 3294 
Bloom filter conflicts: 2217 
(71.16% total skipped)
Most recent URL: https://addtoany.com/services/known_button
URLs checked: 7745 
Pages crawled: 2189 
Rejected: 3294 
Bloom filter conflicts: 2217 
(71.16% total skipped)
Most recent URL: https://www.gumgum.com/terms-and-policies/dmca-policy
URLs checked: 7747 
Pages crawled: 2190 
Rejected: 3295 
Bloom filter conflicts: 2217 
(71.15% total skipped)
Most recent URL: https://theverge.com/23955826/holiday-gifts-mom-unique-ideas-2023-tech-gadgets
URLs checked: 7750 
Pages crawled: 2191 
Rejected: 3295 
Bloom filter conflicts: 2219 
(71.15% total skipped)
Most recent URL: https://ring.com/products/battery-doorbell-plus-spotlight-cam-plus-battery-bundle
URLs checked: 7751 
Pages crawled: 2192 
Rejected: 3295 
Bloom filter conflicts: 2219 
(71.14% total skipped)
Most recent URL: https://time.com/collection/must-read-books-2023/6332511/wandering-souls/
URLs checked: 7754 
Pages crawled: 2193 
Rejected: 3295 
Bloom filter conflicts: 2221 
(71.14% total skipped)
Most recent URL: https://stackoverflow.com/questions/72540247/how-to-crop-image-based-on-google-vision-api-bounding-poly-normalized-vertices-u
URLs checked: 7755 
Pages crawled: 2194 
Rejected: 3295 
Bloom filter conflicts: 2221 
(71.13% total skipped)
Most recent URL: https://www.cnbc.com/science/
URLs checked: 7757 
Pages crawled: 2196 
Rejected: 3295 
Bloom filter conflicts: 2221 
(71.11% total skipped)
Most recent URL: https://www.wsj.com/podcasts/latest/wsj-secrets-of-wealthy-women?mod=nav_top_subsection
URLs checked: 7758 
Pages crawled: 2197 
Rejected: 3295 
Bloom filter conflicts: 2221 
(71.10% total skipped)
Most recent URL: https://www.healthline.com/program/the-new-rules-for-back-to-school
URLs checked: 7760 
Pages crawled: 2198 
Rejected: 3295 
Bloom filter conflicts: 2222 
(71.10% total skipped)
Most recent URL: https://www.digitalocean.com/products/app-platform/how-to/create-apps/
URLs checked: 7761 
Pages crawled: 2199 
Rejected: 3295 
Bloom filter conflicts: 2222 
(71.09% total skipped)
Most recent URL: https://intel.com/content/www/us/en/policy/policy-spectrum.html
URLs checked: 7767 
Pages crawled: 2200 
Rejected: 3299 
Bloom filter conflicts: 2223 
(71.10% total skipped)
Most recent URL: https://www.ca.gov/living/
URLs checked: 7768 
Pages crawled: 2201 
Rejected: 3299 
Bloom filter conflicts: 2223 
(71.09% total skipped)
Most recent URL: https://www.npr.org/transcripts/1197956743
URLs checked: 7769 
Pages crawled: 2202 
Rejected: 3299 
Bloom filter conflicts: 2223 
(71.08% total skipped)
Most recent URL: https://ietf.org/topics/netmgmt/
URLs checked: 7782 
Pages crawled: 2203 
Rejected: 3310 
Bloom filter conflicts: 2224 
(71.11% total skipped)
Most recent URL: https://newrelic.com/instant-observability/azure-app-service
URLs checked: 7784 
Pages crawled: 2204 
Rejected: 3311 
Bloom filter conflicts: 2224 
(71.11% total skipped)
Most recent URL: https://www.loc.gov/collections/dance-instruction-manuals-from-1490-to-1920/about-this-collection/
URLs checked: 7785 
Pages crawled: 2205 
Rejected: 3311 
Bloom filter conflicts: 2224 
(71.10% total skipped)
Most recent URL: https://time.com/6251342/dear-edward-review-apple/
URLs checked: 7787 
Pages crawled: 2206 
Rejected: 3311 
Bloom filter conflicts: 2225 
(71.09% total skipped)
Most recent URL: https://store.steampowered.com/charts/topselling/?snr=1_1050_curatorsreviewing__12
URLs checked: 7789 
Pages crawled: 2207 
Rejected: 3311 
Bloom filter conflicts: 2226 
(71.09% total skipped)
Most recent URL: https://tradingview.com/symbols/LSE-0GSE/
URLs checked: 7790 
Pages crawled: 2208 
Rejected: 3311 
Bloom filter conflicts: 2226 
(71.08% total skipped)
Most recent URL: https://addtoany.com/services/telegram_button
URLs checked: 7792 
Pages crawled: 2209 
Rejected: 3311 
Bloom filter conflicts: 2227 
(71.07% total skipped)
Most recent URL: https://theverge.com/21375098/best-streaming-device
URLs checked: 7796 
Pages crawled: 2210 
Rejected: 3311 
Bloom filter conflicts: 2230 
(71.07% total skipped)
Most recent URL: https://support.dnsmadeeasy.com/support/home
URLs checked: 7797 
Pages crawled: 2211 
Rejected: 3311 
Bloom filter conflicts: 2230 
(71.07% total skipped)
Most recent URL: https://www.intel.com/content/www/us/en/support/products/202983/intel-nuc/intel-nuc-boards/intel-nuc-board-with-11th-generation-intel-core-processors.html
URLs checked: 7799 
Pages crawled: 2212 
Rejected: 3311 
Bloom filter conflicts: 2231 
(71.06% total skipped)
Most recent URL: https://nature.com/articles/462994a
URLs checked: 7800 
Pages crawled: 2213 
Rejected: 3311 
Bloom filter conflicts: 2231 
(71.05% total skipped)
Most recent URL: https://cnet.com/news/best-vpn/
URLs checked: 7801 
Pages crawled: 2214 
Rejected: 3311 
Bloom filter conflicts: 2231 
(71.04% total skipped)
Most recent URL: https://www.gumgum.com/contextual-pioneers
URLs checked: 7803 
Pages crawled: 2215 
Rejected: 3311 
Bloom filter conflicts: 2232 
(71.04% total skipped)
Most recent URL: https://www.sophos.com/en-us/public-cloud/azure
URLs checked: 7804 
Pages crawled: 2216 
Rejected: 3311 
Bloom filter conflicts: 2232 
(71.03% total skipped)
Most recent URL: https://www.google.com.br/url?q=https://support.google.com/websearch/%3Fp%3Dws_images_SERP%26hl%3Den%26fg%3D1&opi=89978449&sa=U&ved=0ahUKEwi3tIOt9-SCAxX7SDABHQzkCCUQ8KwCCAE&usg=AOvVaw2w7N0TAWbSkdXwngMn2iEk
URLs checked: 7805 
Pages crawled: 2217 
Rejected: 3311 
Bloom filter conflicts: 2232 
(71.02% total skipped)
Most recent URL: https://ring.com/collections/offers
URLs checked: 7806 
Pages crawled: 2218 
Rejected: 3311 
Bloom filter conflicts: 2232 
(71.01% total skipped)
Most recent URL: https://www.healthline.com/health/gonorrhea
URLs checked: 7807 
Pages crawled: 2219 
Rejected: 3311 
Bloom filter conflicts: 2232 
(71.00% total skipped)
Most recent URL: https://www.wsj.com/news/experience-report?mod=nav_top_subsection
URLs checked: 7808 
Pages crawled: 2220 
Rejected: 3311 
Bloom filter conflicts: 2232 
(70.99% total skipped)
Most recent URL: https://stackoverflow.com/questions/tagged/r%2btime-series?tab=Active
URLs checked: 7809 
Pages crawled: 2221 
Rejected: 3311 
Bloom filter conflicts: 2232 
(70.98% total skipped)
Most recent URL: https://www.att.com/buy/accessories/browse/headphones/google
URLs checked: 7812 
Pages crawled: 2222 
Rejected: 3313 
Bloom filter conflicts: 2232 
(70.98% total skipped)
Most recent URL: https://verkada.com
URLs checked: 7813 
Pages crawled: 2223 
Rejected: 3313 
Bloom filter conflicts: 2232 
(70.97% total skipped)
Most recent URL: https://www.wix.com/blog/best-fonts-for-logos
URLs checked: 7826 
Pages crawled: 2224 
Rejected: 3323 
Bloom filter conflicts: 2234 
(71.01% total skipped)
Most recent URL: https://gnu.org/press/2001-09-18-RTLinux.html
URLs checked: 7829 
Pages crawled: 2225 
Rejected: 3324 
Bloom filter conflicts: 2235 
(71.01% total skipped)
Most recent URL: https://www.intel.com/content/www/us/en/download/772306/usb-type-c-power-delivery-controller-for-windows-10-64-bit-windows-11-for-the-intel-nuc-11-pro-kits-mini-pcs-nuc11tn.html
URLs checked: 7831 
Pages crawled: 2226 
Rejected: 3324 
Bloom filter conflicts: 2236 
(71.00% total skipped)
Most recent URL: https://mailchimp.com/developer/transactional/docs/smtp-integration/
URLs checked: 7832 
Pages crawled: 2227 
Rejected: 3324 
Bloom filter conflicts: 2236 
(70.99% total skipped)
Most recent URL: https://stackoverflow.com/users/18070009/ahmed
URLs checked: 7833 
Pages crawled: 2228 
Rejected: 3324 
Bloom filter conflicts: 2236 
(70.98% total skipped)
Most recent URL: https://time.com/author/stephanie-zacharek/
URLs checked: 7834 
Pages crawled: 2229 
Rejected: 3324 
Bloom filter conflicts: 2236 
(70.97% total skipped)
Most recent URL: https://docs.newrelic.com/docs/infrastructure/microsoft-azure-integrations/azure-integrations-list/azure-storage-sync-monitoring-integration/
URLs checked: 7836 
Pages crawled: 2230 
Rejected: 3324 
Bloom filter conflicts: 2237 
(70.97% total skipped)
Most recent URL: https://www.mayoclinic.org/diseases-conditions/serotonin-syndrome/symptoms-causes/syc-20354758
URLs checked: 7837 
Pages crawled: 2231 
Rejected: 3324 
Bloom filter conflicts: 2237 
(70.96% total skipped)
Most recent URL: https://hipages.com.au/find/window_repairs/sa/mount_barker_springs
URLs checked: 7837 
Pages crawled: 2232 
Rejected: 3324 
Bloom filter conflicts: 2237 
(70.96% total skipped)
Most recent URL: https://www.business.att.com/businesscenter/msites/support/ipflex/enterprise-admin/sitemap.html
URLs checked: 7839 
Pages crawled: 2233 
Rejected: 3324 
Bloom filter conflicts: 2237 
(70.94% total skipped)
Most recent URL: https://www.braze.com/docs/developer_guide/platform_integration_guides/swift/in-app_messaging/customization/
URLs checked: 7844 
Pages crawled: 2234 
Rejected: 3328 
Bloom filter conflicts: 2237 
(70.95% total skipped)
Most recent URL: https://ietf.org/about/groups/
URLs checked: 7845 
Pages crawled: 2235 
Rejected: 3328 
Bloom filter conflicts: 2237 
(70.94% total skipped)
Most recent URL: https://theverge.com/22529891/amazon-echo-show-5-2nd-gen-alexa-smart-display-review
URLs checked: 7846 
Pages crawled: 2236 
Rejected: 3328 
Bloom filter conflicts: 2237 ntent:center;letter-spacing:1px;padding:0 20px;text-align:center;text-transform:uppercase;transition:all .15s linear;width:100%}.AuthForms-container .AuthForms-accountButton>span{displ
(70.93% total skipped)
Most recent URL: https://www.healthline.com/health/microbiome-testing
URLs checked: 7848 
Pages crawled: 2237 
Rejected: 3328 
Bloom filter conflicts: 2238 
(70.92% total skipped)
Most recent URL: https://www.wsj.com/coupons
URLs checked: 7850 
Pages crawled: 2238 
Rejected: 3329 
Bloom filter conflicts: 2238 
(70.92% total skipped)
Most recent URL: https://my.t-mobile.com/purchase/device-intent
URLs checked: 7852 
Pages crawled: 2239 
Rejected: 3330 
Bloom filter conflicts: 2238 
(70.91% total skipped)
Most recent URL: https://www.tradingview.com/x/q6HajHts
URLs checked: 7853 
Pages crawled: 2240 
Rejected: 3330 
Bloom filter conflicts: 2238 
(70.90% total skipped)
Most recent URL: https://addtoany.com/buttons/for/email_newsletter
URLs checked: 7861 
Pages crawled: 2241 
Rejected: 3335 
Bloom filter conflicts: 2240 
(70.92% total skipped)
Most recent URL: https://docs.digitalocean.com/reference/api/
URLs checked: 7864 
Pages crawled: 2242 
Rejected: 3336 
Bloom filter conflicts: 2241 
(70.92% total skipped)
Most recent URL: https://ring.com/products/smart-lighting-bridge
URLs checked: 7865 
Pages crawled: 2243 
Rejected: 3336 
Bloom filter conflicts: 2241 
(70.91% total skipped)
Most recent URL: https://mailchimp.com/developer/transactional/api/allowlists/
URLs checked: 7867 
Pages crawled: 2244 
Rejected: 3337 
Bloom filter conflicts: 2241 
(70.90% total skipped)
Most recent URL: https://www.npr.org/2023/11/27/1214920172/bowie-lobster-half-blue-half-red-rare
URLs checked: 7869 
Pages crawled: 2245 
Rejected: 3337 
Bloom filter conflicts: 2242 
(70.90% total skipped)
Most recent URL: https://www.intel.com/content/www/us/en/download/19704/intel-trusted-execution-technology-intel-txt-driver-for-windows-10-64-bit-windows-11-for-intel-nuc-11-pro-kits-mini-pcs-nuc11tnv5-and-nuc11tnv7.html
URLs checked: 7871 
Pages crawled: 2246 
Rejected: 3338 
Bloom filter conflicts: 2242 
(70.89% total skipped)
Most recent URL: https://docs.newrelic.com/docs/apis/nerdgraph/get-started/nerdgraph-explorer/
URLs checked: 7872 
Pages crawled: 2247 
Rejected: 3338 
Bloom filter conflicts: 2242 
(70.88% total skipped)
Most recent URL: https://www.loc.gov/programs/veterans-history-project/news-and-events/
URLs checked: 7874 
Pages crawled: 2248 
Rejected: 3339 
Bloom filter conflicts: 2242 
(70.88% total skipped)
Most recent URL: https://verkada.com/trust/
URLs checked: 7876 
Pages crawled: 2249 
Rejected: 3339 
Bloom filter conflicts: 2243 
(70.87% total skipped)
Most recent URL: https://www.edd.ca.gov/Jobs_and_Training/Caljobs.htm
URLs checked: 7877 
Pages crawled: 2250 
Rejected: 3339 
Bloom filter conflicts: 2243 
(70.86% total skipped)
Most recent URL: https://time.com/5936862/america-unity-evidence-reason/
URLs checked: 7881 
Pages crawled: 2251 
Rejected: 3340 
Bloom filter conflicts: 2245 
(70.87% total skipped)
Most recent URL: https://gumgum.com/terms-and-policies/advertiser-terms-eu
URLs checked: 7882 
Pages crawled: 2252 
Rejected: 3340 
Bloom filter conflicts: 2245 
(70.86% total skipped)
Most recent URL: https://stackoverflow.com/questions/77453930/how-to-display-dates-yyyy-mm-dd-on-the-x-axis-of-the-graph-resulting-from-the
URLs checked: 7883 
Pages crawled: 2253 
Rejected: 3340 
Bloom filter conflicts: 2245 
(70.85% total skipped)
Most recent URL: https://support.wix.com/en/wix-studio
URLs checked: 7884 
Pages crawled: 2254 
Rejected: 3340 
Bloom filter conflicts: 2245 
(70.84% total skipped)
Most recent URL: https://www.google.com.br/?tab=uu
URLs checked: 7886 
Pages crawled: 2255 
Rejected: 3340 
Bloom filter conflicts: 2246 
(70.83% total skipped)
Most recent URL: https://badoo.com/dating/united-states/texas/dallas/
URLs checked: 7887 
Pages crawled: 2256 
Rejected: 3340 
Bloom filter conflicts: 2246 
(70.83% total skipped)
Most recent URL: https://store.steampowered.com/app/2608050/Cats_Hidden_in_Jingle_Jam/?snr=1_4_660__105
URLs checked: 7888 
Pages crawled: 2257 
Rejected: 3340 
Bloom filter conflicts: 2246 
(70.82% total skipped)
Most recent URL: https://www.cnbc.com/2023/11/21/goldman-upgraded-this-mining-stock-and-sees-25percent-upside-on-turnaround-.html
URLs checked: 7889 
Pages crawled: 2258 
Rejected: 3340 
Bloom filter conflicts: 2246 
(70.81% total skipped)
Most recent URL: https://www.mayoclinic.org/tests-procedures/biofeedback/about/pac-20384664
URLs checked: 7890 
Pages crawled: 2259 
Rejected: 3340 
Bloom filter conflicts: 2246 
(70.80% total skipped)
Most recent URL: https://hipages.com.au/find/window_repairs/sa/richmond
URLs checked: 7891 
Pages crawled: 2260 
Rejected: 3340 
Bloom filter conflicts: 2246 
(70.79% total skipped)
Most recent URL: https://www.braze.com/docs/developer_guide/platform_integration_guides/ios/initial_sdk_setup/ios_sdk_integration/
URLs checked: 7915 
Pages crawled: 2261 
Rejected: 3359 
Bloom filter conflicts: 2250 
(70.87% total skipped)
Most recent URL: https://www.dnsmadeeasy.com/services
URLs checked: 7921 
Pages crawled: 2262 
Rejected: 3361 
Bloom filter conflicts: 2253 
(70.87% total skipped)
Most recent URL: https://www.healthline.com/health/autoimmune-disorders
URLs checked: 7926 
Pages crawled: 2263 
Rejected: 3362 
Bloom filter conflicts: 2256 
(70.88% total skipped)
Most recent URL: https://gnu.org/graphics/gnuhornedlogo.html
URLs checked: 7927 
Pages crawled: 2264 
Rejected: 3362 
Bloom filter conflicts: 2256 
(70.87% total skipped)
Most recent URL: https://cnet.com/tech/mobile/pixel-7-pro-vs-iphone-14-pro-which-phone-camera-is-better/
URLs checked: 7929 
Pages crawled: 2265 
Rejected: 3362 
Bloom filter conflicts: 2257 
(70.87% total skipped)
Most recent URL: https://theverge.com/2019/11/11/20959152/amazon-fire-hd-10-2019-review-tablet-alexa-price-specs-features-photos
URLs checked: 7930 
Pages crawled: 2266 
Rejected: 3362 
Bloom filter conflicts: 2257 
(70.86% total skipped)
Most recent URL: https://www.wsj.com/news/magazine?mod=nav_top_subsection
URLs checked: 7934 
Pages crawled: 2267 
Rejected: 3365 
Bloom filter conflicts: 2257 
(70.86% total skipped)
Most recent URL: https://www.google.com.br/websearch/answer/10269376?hl=en&ref_topic=3036131
URLs checked: 7941 
Pages crawled: 2268 
Rejected: 3369 
Bloom filter conflicts: 2259 
(70.87% total skipped)
Most recent URL: https://addtoany.com/services/facebook_messenger_button
URLs checked: 7942 
Pages crawled: 2269 
Rejected: 3369 
Bloom filter conflicts: 2259 
(70.86% total skipped)
Most recent URL: https://www.att.com/buy/prepaid-phones/motorola-moto-g-5g-2023-prepaid.html
URLs checked: 7945 
Pages crawled: 2270 
Rejected: 3371 
Bloom filter conflicts: 2259 
(70.86% total skipped)
Most recent URL: https://support.dnsmadeeasy.com/support/solutions/articles/47001001342-import-records-from-a-name-server-using-axfr
URLs checked: 7947 
Pages crawled: 2271 
Rejected: 3371 
Bloom filter conflicts: 2260 
(70.86% total skipped)
Most recent URL: https://mailchimp.com/developer/transactional/api/messages/search-messages-by-date/
URLs checked: 7949 
Pages crawled: 2272 
Rejected: 3372 
Bloom filter conflicts: 2260 
(70.85% total skipped)
Most recent URL: https://tradingview.com/symbols/TVC-US01MY/news/
URLs checked: 7950 
Pages crawled: 2273 
Rejected: 3372 
Bloom filter conflicts: 2260 
(70.84% total skipped)
Most recent URL: https://ietf.org/about/groups/iesg/
URLs checked: 7956 
Pages crawled: 2274 
Rejected: 3377 
Bloom filter conflicts: 2260 
(70.85% total skipped)
Most recent URL: https://www.npr.org/2023/11/24/1197954325/its-been-a-minute-draft-11-24-2023
URLs checked: 7957 
Pages crawled: 2275 
Rejected: 3377 
Bloom filter conflicts: 2260 
(70.84% total skipped)
Most recent URL: https://gumgum.com/mindsetmatrix
URLs checked: 7959 
Pages crawled: 2276 
Rejected: 3378 
Bloom filter conflicts: 2260 
(70.84% total skipped)
Most recent URL: https://time.com/6311260/origin-review-ava-duvernay/
URLs checked: 7961 
Pages crawled: 2277 
Rejected: 3378 
Bloom filter conflicts: 2261 
(70.83% total skipped)
Most recent URL: https://google.com.br/websearch/answer/10563935?hl=en&ref_topic=3036132
URLs checked: 7968 
Pages crawled: 2278 
Rejected: 3381 
Bloom filter conflicts: 2264 
(70.85% total skipped)
Most recent URL: https://theverge.com/2023/10/20/23925712/google-reckoning-layoffs-command-line
URLs checked: 7969 
Pages crawled: 2279 
Rejected: 3381 
Bloom filter conflicts: 2264 
(70.84% total skipped)
Most recent URL: https://verkada.com/intercom/receivers/
URLs checked: 7970 
Pages crawled: 2280 
Rejected: 3381 
Bloom filter conflicts: 2264 
(70.83% total skipped)
Most recent URL: https://intel.com/content/www/us/en/support/products/67709/software.html
URLs checked: 7975 
Pages crawled: 2281 
Rejected: 3382 
Bloom filter conflicts: 2267 
(70.83% total skipped)
Most recent URL: https://store.steampowered.com/app/2401180/STARFIELD_DIGITAL_PREMIUM_EDITION_UPGRADE/?snr=1_5_9__405
URLs checked: 7976 
Pages crawled: 2282 
Rejected: 3382 
Bloom filter conflicts: 2267 
(70.82% total skipped)
Most recent URL: https://ring.com/products/wall-light-solar-bridge-bundle
URLs checked: 7978 
Pages crawled: 2283 
Rejected: 3383 
Bloom filter conflicts: 2267 
(70.82% total skipped)
Most recent URL: https://onetrust.com/solutions/pipeda-compliance/
URLs checked: 7979 
Pages crawled: 2284 
Rejected: 3383 
Bloom filter conflicts: 2267 
(70.81% total skipped)
Most recent URL: https://www.wix.com/scheduling-software/
URLs checked: 7980 
Pages crawled: 2285 
Rejected: 3383 
Bloom filter conflicts: 2267 
(70.80% total skipped)
Most recent URL: https://www.cnet.com/tech/mobile/best-android-phone/
URLs checked: 7983 
Pages crawled: 2286 
Rejected: 3383 
Bloom filter conflicts: 2269 
(70.80% total skipped)
Most recent URL: https://www.tradingview.com/house-rules/?solution=43000590599
URLs checked: 7984 
Pages crawled: 2287 
Rejected: 3383 
Bloom filter conflicts: 2269 
(70.79% total skipped)
Most recent URL: https://www.nature.com/articles/d41586-022-02817-2
URLs checked: 7985 
Pages crawled: 2288 
Rejected: 3383 
Bloom filter conflicts: 2269 
(70.78% total skipped)
Most recent URL: https://www.healthline.com/health/diarrhea/dehydration-and-diarrhea?utm_source=ReadNext
URLs checked: 7986 
Pages crawled: 2289 
Rejected: 3383 
Bloom filter conflicts: 2269 
(70.77% total skipped)
Most recent URL: https://digitalocean.com/products/managed-databases
URLs checked: 7987 
Pages crawled: 2290 
Rejected: 3383 
Bloom filter conflicts: 2269 
(70.76% total skipped)
Most recent URL: https://www.mayoclinic.org/diseases-conditions/ehrlichiosis/symptoms-causes/syc-20372142
URLs checked: 7989 
Pages crawled: 2291 
Rejected: 3383 
Bloom filter conflicts: 2270 
(70.76% total skipped)
Most recent URL: https://badoo.com/en-us/dating/united-states/new-york/schenectady/
URLs checked: 7990 
Pages crawled: 2292 
Rejected: 3383 
Bloom filter conflicts: 2270 
(70.75% total skipped)
Most recent URL: https://cnbc.com/2023/05/11/market-strategist-survey-forecast.html
URLs checked: 7991 
Pages crawled: 2293 
Rejected: 3383 
Bloom filter conflicts: 2270 
(70.74% total skipped)
Most recent URL: https://hipages.com.au/article/how_much_does_roof_painting_cost
URLs checked: 7992 
Pages crawled: 2294 
Rejected: 3383 
Bloom filter conflicts: 2270 
(70.73% total skipped)
Most recent URL: https://www.braze.com/docs/developer_guide/platform_integration_guides/web/in-app_messaging/customization/message_dismissal/
URLs checked: 8001 
Pages crawled: 2295 
Rejected: 3391 
Bloom filter conflicts: 2270 
(70.75% total skipped)
Most recent URL: https://stackoverflow.com/questions/tagged/sentiment-analysis+twitter
URLs checked: 8002 
Pages crawled: 2296 
Rejected: 3391 
Bloom filter conflicts: 2270 
(70.74% total skipped)
Most recent URL: https://www.wsj.com/news/types/the-saturday-interview?mod=nav_top_subsection
URLs checked: 8007 
Pages crawled: 2297 
Rejected: 3394 
Bloom filter conflicts: 2271 
(70.75% total skipped)
Most recent URL: https://www.edd.ca.gov/link/9e22f02ed0a64987856d66cc74bbd230.aspx
URLs checked: 8011 
Pages crawled: 2298 
Rejected: 3395 
Bloom filter conflicts: 2273 
(70.75% total skipped)
Most recent URL: https://support.dnsmadeeasy.com/support/solutions/articles/47001001360-allow-zone-transfers-from-managed-dns-with-an-acl
URLs checked: 8012 
Pages crawled: 2299 
Rejected: 3395 
Bloom filter conflicts: 2273 
(70.74% total skipped)
Most recent URL: https://docs.newrelic.com/docs/infrastructure/microsoft-azure-integrations/azure-integrations-list/azure-time-series-insights-monitoring-integration/
URLs checked: 8015 
Pages crawled: 2300 
Rejected: 3397 
Bloom filter conflicts: 2273 
(70.74% total skipped)
Most recent URL: https://addtoany.com/services/twiddla_button
URLs checked: 8017 
Pages crawled: 2301 
Rejected: 3397 
Bloom filter conflicts: 2274 
(70.74% total skipped)
Most recent URL: https://www.att.com/buy/connected-devices-and-more
URLs checked: 8018 
Pages crawled: 2302 
Rejected: 3397 
Bloom filter conflicts: 2274 
(70.73% total skipped)
Most recent URL: https://www.loc.gov/collections/afghanistan-web-archive/about-this-collection/
URLs checked: 8019 
Pages crawled: 2303 
Rejected: 3397 
Bloom filter conflicts: 2274 
(70.72% total skipped)
Most recent URL: https://time.com/charter/tag/working-better/
URLs checked: 8021 
Pages crawled: 2304 
Rejected: 3397 
Bloom filter conflicts: 2275 
(70.71% total skipped)
Most recent URL: https://gumgum.com/terms-and-policies/privacy-policy
URLs checked: 8024 
Pages crawled: 2305 
Rejected: 3397 
Bloom filter conflicts: 2277 
(70.71% total skipped)
Most recent URL: https://www.npr.org/sections/obituaries/
URLs checked: 8033 
Pages crawled: 2306 
Rejected: 3404 
Bloom filter conflicts: 2278 
(70.73% total skipped)
Most recent URL: https://theverge.com/authors/kate-cox
URLs checked: 8040 
Pages crawled: 2307 
Rejected: 3409 
Bloom filter conflicts: 2279 
(70.75% total skipped)
Most recent URL: https://badoo.com/en-us/signin/
URLs checked: 8041 
Pages crawled: 2308 
Rejected: 3409 
Bloom filter conflicts: 2279 
(70.74% total skipped)
Most recent URL: https://www.intel.com/content/www/us/en/download/19698/bios-update-tntgl357.html
URLs checked: 8042 
Pages crawled: 2309 
Rejected: 3409 
Bloom filter conflicts: 2279 
(70.73% total skipped)
Most recent URL: https://www.addtoany.com/users/bookmarklet
URLs checked: 8043 
Pages crawled: 2310 
Rejected: 3409 
Bloom filter conflicts: 2279 
(70.72% total skipped)
Most recent URL: https://tradingview.com/heatmap/stock/
URLs checked: 8047 
Pages crawled: 2311 
Rejected: 3411 
Bloom filter conflicts: 2280 
(70.72% total skipped)
Most recent URL: https://fb.com/lite/
URLs checked: 8048 
Pages crawled: 2312 
Rejected: 3411 
Bloom filter conflicts: 2280 
(70.71% total skipped)
Most recent URL: https://docs.digitalocean.com/products/droplets/how-to/provide-user-data/
URLs checked: 8049 
Pages crawled: 2313 
Rejected: 3411 
Bloom filter conflicts: 2280 
(70.70% total skipped)
Most recent URL: https://www.wix.com/learn/courses/web-design/build-your-website-with-the-wix-editor
URLs checked: 8050 
Pages crawled: 2314 
Rejected: 3411 
Bloom filter conflicts: 2280 
(70.70% total skipped)
Most recent URL: https://datatracker.ietf.org/doc/rfc9420
URLs checked: 8051 
Pages crawled: 2315 
Rejected: 3411 
Bloom filter conflicts: 2280 
(70.69% total skipped)
Most recent URL: https://gnu.org/server/select-language.html?goto=/;language=sl
URLs checked: 8052 
Pages crawled: 2316 
Rejected: 3411 
Bloom filter conflicts: 2280 
(70.68% total skipped)
Most recent URL: https://www.google.com.br/setprefdomain?prefdom=US&sig=K_EYFowOCuGJmLzcfRVVYezwtOYCM%3D
URLs checked: 8055 
Pages crawled: 2317 
Rejected: 3411 
Bloom filter conflicts: 2282 
(70.68% total skipped)
Most recent URL: https://www.healthline.com/health/thyroid-at-home-test
URLs checked: 8056 
Pages crawled: 2318 
Rejected: 3411 
Bloom filter conflicts: 2282 
(70.67% total skipped)
Most recent URL: https://www.mayoclinic.org/diseases-conditions/vaginal-cancer/symptoms-causes/syc-20352447
URLs checked: 8057 
Pages crawled: 2319 
Rejected: 3411 
Bloom filter conflicts: 2282 
(70.66% total skipped)
Most recent URL: https://hipages.com.au/find/window_repairs/sa/glenelg_south
URLs checked: 8058 
Pages crawled: 2320 
Rejected: 3411 
Bloom filter conflicts: 2282 
(70.65% total skipped)
Most recent URL: https://www.braze.com/docs/developer_guide/platform_integration_guides/android/initial_sdk_setup/optional_gaid_collection/
URLs checked: 8062 
Pages crawled: 2321 
Rejected: 3413 
Bloom filter conflicts: 2283 
(70.65% total skipped)
Most recent URL: https://stackoverflow.com/q/34641582
URLs checked: 8063 
Pages crawled: 2322 
Rejected: 3413 
Bloom filter conflicts: 2283 
(70.64% total skipped)
Most recent URL: https://www.wsj.com/market-data/quotes/company-list/?mod=nav_top_subsection
URLs checked: 8079 
Pages crawled: 2323 
Rejected: 3426 
Bloom filter conflicts: 2285 
(70.69% total skipped)
Most recent URL: https://eset.com/blog/new-products/eset-extends-its-portfolio-with-vpn-and-identity-protection-in-a-brand-new-all-in-one-offering/
URLs checked: 8084 
Pages crawled: 2324 
Rejected: 3430 
Bloom filter conflicts: 2285 
(70.70% total skipped)
Most recent URL: https://university.gumgum.com/courses/contextual-advertising-certification?utm_medium=card&utm_source=website&utm_campaign=contextual%20certification%20course
URLs checked: 8086 
Pages crawled: 2325 
Rejected: 3430 
Bloom filter conflicts: 2286 
(70.69% total skipped)
Most recent URL: https://time.com/collection/must-read-books-2023/6332600/blackouts/
URLs checked: 8089 
Pages crawled: 2326 
Rejected: 3430 
Bloom filter conflicts: 2288 
(70.69% total skipped)
Most recent URL: https://www.dnsmadeeasy.com/services/secondarydns
URLs checked: 8094 
Pages crawled: 2327 
Rejected: 3430 
Bloom filter conflicts: 2292 
(70.69% total skipped)
Most recent URL: https://www.cnbc.com/jim-cramer-bio/
URLs checked: 8105 
Pages crawled: 2328 
Rejected: 3439 
Bloom filter conflicts: 2293 
(70.72% total skipped)
Most recent URL: https://google.com.br/websearch/answer/4628134?hl=en&ref_topic=3180360
URLs checked: 8106 
Pages crawled: 2329 
Rejected: 3439 
Bloom filter conflicts: 2293 
(70.71% total skipped)
Most recent URL: https://theverge.com/2023/10/24/23930408/meta-instagram-facebook-child-safety-lawsuit-states-kosa
URLs checked: 8108 
Pages crawled: 2330 
Rejected: 3439 
Bloom filter conflicts: 2294 
(70.71% total skipped)
Most recent URL: https://www.intel.com/content/www/us/en/support/products/121573/intel-nuc/intel-nuc-boards/intel-nuc-board-with-11th-generation-intel-core-processors/intel-nuc-11-pro-board-nuc11tnbi50z.html
URLs checked: 8122 
Pages crawled: 2331 
Rejected: 3449 
Bloom filter conflicts: 2297 
(70.75% total skipped)
Most recent URL: https://stackoverflow.com/questions/76636267/saving-data-from-firebase-storage-to-view-it-later-within-my-application-in-andr
URLs checked: 8133 
Pages crawled: 2332 
Rejected: 3457 
Bloom filter conflicts: 2299 
(70.77% total skipped)
Most recent URL: https://www.mayoclinic.org/
URLs checked: 8135 
Pages crawled: 2333 
Rejected: 3458 
Bloom filter conflicts: 2299 
(70.77% total skipped)
Most recent URL: https://ring.com/products/eero-pro-wifi-system
URLs checked: 8144 
Pages crawled: 2334 
Rejected: 3466 
Bloom filter conflicts: 2299 
(70.79% total skipped)
Most recent URL: https://blog.digitalocean.com/solutions/it-consulting
URLs checked: 8145 
Pages crawled: 2335 
Rejected: 3466 
Bloom filter conflicts: 2299 
(70.78% total skipped)
Most recent URL: https://ietf.org/how/runningcode/implementation-reports/
URLs checked: 8146 
Pages crawled: 2336 
Rejected: 3466 
Bloom filter conflicts: 2299 
(70.77% total skipped)
Most recent URL: https://healthline.com/health/osteoarthritis
URLs checked: 8147 
Pages crawled: 2337 
Rejected: 3466 
Bloom filter conflicts: 2299 
(70.76% total skipped)
Most recent URL: https://www.wsj.com/news/types/cultural-commentary?mod=nav_top_subsection
URLs checked: 8148 
Pages crawled: 2338 
Rejected: 3466 
Bloom filter conflicts: 2299 
(70.75% total skipped)
Most recent URL: https://www.business.att.com/learn/customer-stories/parkville.html
URLs checked: 8150 
Pages crawled: 2339 
Rejected: 3467 
Bloom filter conflicts: 2299 
(70.75% total skipped)
Most recent URL: https://www.google.com.br/websearch/answer/2466433?hl=en&ref_topic=3081620
URLs checked: 8154 
Pages crawled: 2340 
Rejected: 3469 
Bloom filter conflicts: 2300 
(70.75% total skipped)
Most recent URL: https://support.dnsmadeeasy.com/support/solutions/articles/47001000802-how-to-configure-secondary-dns
URLs checked: 8155 
Pages crawled: 2341 
Rejected: 3469 
Bloom filter conflicts: 2300 
(70.74% total skipped)
Most recent URL: https://www.npr.org/2023/11/27/1215332263/its-the-last-day-of-a-scheduled-4-day-cease-fire-between-israel-and-hamas
URLs checked: 8156 
Pages crawled: 2342 
Rejected: 3469 
Bloom filter conflicts: 2300 
(70.73% total skipped)
Most recent URL: https://nature.com/nature/videos?year=2018
URLs checked: 8158 
Pages crawled: 2343 
Rejected: 3469 
Bloom filter conflicts: 2301 
(70.73% total skipped)
Most recent URL: https://www.gumgum.com/guides
URLs checked: 8160 
Pages crawled: 2344 
Rejected: 3469 
Bloom filter conflicts: 2302 
(70.72% total skipped)
Most recent URL: https://theverge.com/2023/11/23/23958788/dbrand-casetify-lawsuit-teardown-skins-copyright
URLs checked: 8162 
Pages crawled: 2345 
Rejected: 3470 
Bloom filter conflicts: 2302 
(70.72% total skipped)
Most recent URL: https://www.sophos.com/en-us/products/sophos-email/get-pricing
URLs checked: 8163 
Pages crawled: 2346 
Rejected: 3470 
Bloom filter conflicts: 2302 
(70.71% total skipped)
Most recent URL: https://users.wix.com/signin?loginDialogContext=signup&utm_campaign=bd_blog&experiment_id=photography_banner_HP
URLs checked: 8171 
Pages crawled: 2347 
Rejected: 3476 
Bloom filter conflicts: 2303 
(70.73% total skipped)
Most recent URL: https://addtoany.com/buttons/customize/linkedin_share_button
URLs checked: 8172 
Pages crawled: 2348 
Rejected: 3476 
Bloom filter conflicts: 2303 
(70.72% total skipped)
Most recent URL: https://stackoverflow.com/questions/75676006/i-am-trying-to-install-clustergrammer-widget-in-order-to-create-an-advanced-he
URLs checked: 8174 
Pages crawled: 2349 
Rejected: 3477 
Bloom filter conflicts: 2303 
(70.71% total skipped)
Most recent URL: https://www.business.att.com/products/wireless/iot-devices-mobile-hotspots?brand=cradlepoint&bref=IBWbBS00Iu0Cra06O
URLs checked: 8179 
Pages crawled: 2350 
Rejected: 3481 
Bloom filter conflicts: 2303 
(70.72% total skipped)
Most recent URL: https://www.google.com.br/websearch/answer/13650142?hl=en&ref_topic=3285072
URLs checked: 8181 
Pages crawled: 2351 
Rejected: 3482 
Bloom filter conflicts: 2303 
(70.71% total skipped)
Most recent URL: https://www.cnet.com/reviews/apple-macbook-pro-review/
URLs checked: 8182 
Pages crawled: 2352 
Rejected: 3482 
Bloom filter conflicts: 2303 
(70.70% total skipped)
Most recent URL: https://tradingview.com/symbols/NASDAQ-CAPT/ideas/
URLs checked: 8184 
Pages crawled: 2353 
Rejected: 3483 
Bloom filter conflicts: 2303 
(70.70% total skipped)
Most recent URL: https://www.addtoany.com/
URLs checked: 8187 
Pages crawled: 2354 
Rejected: 3484 
Bloom filter conflicts: 2304 
(70.70% total skipped)
Most recent URL: https://ring.com/products/spotlight-cam-plus-battery
URLs checked: 8188 
Pages crawled: 2355 
Rejected: 3484 
Bloom filter conflicts: 2304 
(70.69% total skipped)
Most recent URL: https://mailchimp.com/developer/transactional/api/whitelists/
URLs checked: 8189 
Pages crawled: 2356 
Rejected: 3484 
Bloom filter conflicts: 2304 
(70.68% total skipped)
Most recent URL: https://time.com/6331891/dave-oconnor-named-president-of-time-studios/
URLs checked: 8190 
Pages crawled: 2357 
Rejected: 3484 
Bloom filter conflicts: 2304 
(70.67% total skipped)
Most recent URL: https://www.mayoclinic.org/diseases-conditions/testicular-cancer-care/symptoms-causes/syc-20352986
URLs checked: 8191 
Pages crawled: 2358 
Rejected: 3484 
Bloom filter conflicts: 2304 
(70.66% total skipped)
Most recent URL: https://www.healthline.com/health/high-blood-pressure-hypertension-medication
URLs checked: 8198 
Pages crawled: 2359 
Rejected: 3489 
Bloom filter conflicts: 2305 
(70.68% total skipped)
Most recent URL: https://support.dnsmadeeasy.com/support/solutions/47000519380
URLs checked: 8199 
Pages crawled: 2360 
Rejected: 3489 
Bloom filter conflicts: 2305 
(70.67% total skipped)
Most recent URL: https://badoo.com/en/the-blog
URLs checked: 8200 
Pages crawled: 2361 
Rejected: 3489 
Bloom filter conflicts: 2305 
(70.66% total skipped)
Most recent URL: https://www.npr.org/2023/11/23/1214894247/disgusted-by-citys-top-prosecutor-a-police-officer-refuses-to-testify
URLs checked: 8203 
Pages crawled: 2362 
Rejected: 3490 
Bloom filter conflicts: 2306 
(70.66% total skipped)
Most recent URL: https://docs.digitalocean.com/products/app-platform/getting-started/
URLs checked: 8204 
Pages crawled: 2363 
Rejected: 3490 
Bloom filter conflicts: 2306 
(70.65% total skipped)
Most recent URL: https://docs.newrelic.com/docs/logs/ui-data/parsing/
URLs checked: 8205 
Pages crawled: 2364 
Rejected: 3490 
Bloom filter conflicts: 2306 
(70.64% total skipped)
Most recent URL: https://www.wsj.com/world/china?mod=nav_top_subsection
URLs checked: 8207 
Pages crawled: 2365 
Rejected: 3491 
Bloom filter conflicts: 2306 
(70.63% total skipped)
Most recent URL: https://verkada.com/access-control/access-credentials/
URLs checked: 8208 
Pages crawled: 2366 
Rejected: 3491 
Bloom filter conflicts: 2306 
(70.63% total skipped)
Most recent URL: https://stackoverflow.com/questions/75054938/pytesseract-not-giving-excpected-resaults
URLs checked: 8209 
Pages crawled: 2367 
Rejected: 3491 
Bloom filter conflicts: 2306 
(70.62% total skipped)
Most recent URL: https://hipages.com.au/find/roof_repairs/sa/seaford_meadows
URLs checked: 8217 
Pages crawled: 2368 
Rejected: 3498 
Bloom filter conflicts: 2306 
(70.63% total skipped)
Most recent URL: https://ietf.org/how/runningcode/
URLs checked: 8218 
Pages crawled: 2369 
Rejected: 3498 
Bloom filter conflicts: 2306 
(70.63% total skipped)
Most recent URL: https://time.com/collection/must-read-books-2023/6332635/anansis-gold/
URLs checked: 8219 
Pages crawled: 2370 
Rejected: 3498 
Bloom filter conflicts: 2306 
(70.62% total skipped)
Most recent URL: https://theverge.com/23972578/black-friday-2023-tech-deals-under-50-cyber-monday
URLs checked: 8224 
Pages crawled: 2371 
Rejected: 3502 
Bloom filter conflicts: 2306 
(70.62% total skipped)
Most recent URL: https://fb.com/places/
URLs checked: 8234 
Pages crawled: 2372 
Rejected: 3509 
Bloom filter conflicts: 2308 
(70.65% total skipped)
Most recent URL: https://addtoany.com/buttons/customize/drupal/pinterest_pin_it_button
URLs checked: 8237 
Pages crawled: 2373 
Rejected: 3510 
Bloom filter conflicts: 2309 
(70.64% total skipped)
Most recent URL: https://www.t-mobile.com/signin?state=eyJpbnRlbnQiOiJBQUwiLCJib29rbWFya1VybCI6Imh0dHBzOi8vbXkudC1tb2JpbGUuY29tL3B1cmNoYXNlL2RldmljZS1pbnRlbnQifQ
URLs checked: 8242 
Pages crawled: 2374 
Rejected: 3513 
Bloom filter conflicts: 2310 
(70.65% total skipped)
Most recent URL: https://www.intel.com/content/www/us/en/company-overview/company-overview.html
URLs checked: 8245 
Pages crawled: 2375 
Rejected: 3514 
Bloom filter conflicts: 2311 
(70.65% total skipped)
Most recent URL: https://newrelic.com/instant-observability/azure-iot-central-applications
URLs checked: 8247 
Pages crawled: 2376 
Rejected: 3514 
Bloom filter conflicts: 2312 
(70.64% total skipped)
Most recent URL: https://ring.com/collections/smart-home-automation
URLs checked: 8248 
Pages crawled: 2377 
Rejected: 3514 
Bloom filter conflicts: 2312 
(70.64% total skipped)
Most recent URL: https://tradingview.com/symbols/EURONEXT-TTE/financials-statistics-and-ratios/float-shares-outstanding/
URLs checked: 8249 
Pages crawled: 2378 
Rejected: 3514 
Bloom filter conflicts: 2312 
(70.63% total skipped)
Most recent URL: https://www.dnsmadeeasy.com/technology/rest-api
URLs checked: 8250 
Pages crawled: 2379 
Rejected: 3514 
Bloom filter conflicts: 2312 
(70.62% total skipped)
Most recent URL: https://www.healthline.com/health/coffee-and-blepharitis?utm_source=ReadNext
URLs checked: 8252 
Pages crawled: 2380 
Rejected: 3514 
Bloom filter conflicts: 2313 
(70.61% total skipped)
Most recent URL: https://store.steampowered.com/franchise/Nacon?snr=1_5_9__2001
URLs checked: 8253 
Pages crawled: 2381 
Rejected: 3514 
Bloom filter conflicts: 2313 
(70.60% total skipped)
Most recent URL: https://badoo.com/en-us/dating/united-kingdom/
URLs checked: 8254 
Pages crawled: 2382 
Rejected: 3514 
Bloom filter conflicts: 2313 
(70.60% total skipped)
Most recent URL: https://google.com.br/
URLs checked: 8256 
Pages crawled: 2383 
Rejected: 3515 
Bloom filter conflicts: 2313 
(70.59% total skipped)
Most recent URL: https://www.mayoclinic.org/diseases-conditions/chronic-myelogenous-leukemia/symptoms-causes/syc-20352417
URLs checked: 8257 
Pages crawled: 2384 
Rejected: 3515 
Bloom filter conflicts: 2313 
(70.58% total skipped)
Most recent URL: https://www.digitalocean.com/solutions/developer-tools
URLs checked: 8258 
Pages crawled: 2385 
Rejected: 3515 
Bloom filter conflicts: 2313 
(70.57% total skipped)
Most recent URL: https://hipages.com.au/find/pergola_including_council_approval_service/wa/noranda
URLs checked: 8259 
Pages crawled: 2386 
Rejected: 3515 
Bloom filter conflicts: 2313 
(70.57% total skipped)
Most recent URL: https://www.wsj.com/arts-culture/music?mod=nav_top_subsection
URLs checked: 8259 
Pages crawled: 2387 
Rejected: 3515 
Bloom filter conflicts: 2313 
(70.57% total skipped)
Most recent URL: https://stackoverflow.com/questions/tagged/image-recognition+c%23
URLs checked: 8269 
Pages crawled: 2388 
Rejected: 3522 
Bloom filter conflicts: 2314 
(70.58% total skipped)
Most recent URL: https://www.edd.ca.gov/en/jobs_and_training/Job_Fairs_and_Workshops/
URLs checked: 8270 
Pages crawled: 2389 
Rejected: 3522 
Bloom filter conflicts: 2314 
(70.57% total skipped)
Most recent URL: https://mailchimp.com/developer/marketing/api/campaigns/
URLs checked: 8272 
Pages crawled: 2390 
Rejected: 3523 
Bloom filter conflicts: 2314 
(70.56% total skipped)
Most recent URL: https://www.wix.com/encyclopedia/definition/portable-document-format-pdf
URLs checked: 8273 
Pages crawled: 2391 
Rejected: 3523 
Bloom filter conflicts: 2314 
(70.55% total skipped)
Most recent URL: https://verkada.com/contact/
URLs checked: 8274 
Pages crawled: 2392 
Rejected: 3523 
Bloom filter conflicts: 2314 
(70.55% total skipped)
Most recent URL: https://gumgum.com/careers
URLs checked: 8275 
Pages crawled: 2393 
Rejected: 3523 
Bloom filter conflicts: 2314 
(70.54% total skipped)
Most recent URL: https://www.cnbc.com/2023/11/06/sag-aftra-rejects-hollywood-studios-last-best-and-final-offer.html
URLs checked: 8276 
Pages crawled: 2394 
Rejected: 3523 
Bloom filter conflicts: 2314 
(70.53% total skipped)
Most recent URL: https://theverge.com/games
URLs checked: 8278 
Pages crawled: 2395 
Rejected: 3523 
Bloom filter conflicts: 2315 
(70.52% total skipped)
Most recent URL: https://www.braze.com/docs/developer_guide/platform_integration_guides/ios/push_notifications/troubleshooting/
URLs checked: 8297 
Pages crawled: 2396 
Rejected: 3539 
Bloom filter conflicts: 2317 
(70.58% total skipped)
Most recent URL: https://www.google.com.br/websearch/answer/12997189?hl=en&ref_topic=9739148
URLs checked: 8302 
Pages crawled: 2397 
Rejected: 3543 
Bloom filter conflicts: 2317 
(70.59% total skipped)
Most recent URL: https://dnsmadeeasy.com/pdf/privacy_policy.pdf
URLs checked: 8303 
Pages crawled: 2398 
Rejected: 3543 
Bloom filter conflicts: 2317 
(70.58% total skipped)
Most recent URL: https://www.intel.com/content/www/us/en/corporate-responsibility/statement-combating-modern-slavery.html
URLs checked: 8307 
Pages crawled: 2399 
Rejected: 3544 
Bloom filter conflicts: 2319 
(70.58% total skipped)
Most recent URL: https://www.loc.gov/collections/african-american-band-music/about-this-collection/rights-and-access/
URLs checked: 8308 
Pages crawled: 2400 
Rejected: 3544 
Bloom filter conflicts: 2319 
(70.57% total skipped)
Most recent URL: https://www.cnet.com/tech/home-entertainment/best-ota-dvr-for-cord-cutters/
URLs checked: 8313 
Pages crawled: 2401 
Rejected: 3548 
Bloom filter conflicts: 2319 
(70.58% total skipped)
Most recent URL: https://newrelic.com/instant-observability/dotnet-core
URLs checked: 8315 
Pages crawled: 2402 
Rejected: 3549 
Bloom filter conflicts: 2319 
(70.57% total skipped)
Most recent URL: https://npr.org/programs/weekend-edition-saturday/
URLs checked: 8316 
Pages crawled: 2403 
Rejected: 3549 
Bloom filter conflicts: 2319 
(70.56% total skipped)
Most recent URL: https://docs.digitalocean.com/products/droplets/concepts/choosing-a-plan/
URLs checked: 8317 
Pages crawled: 2404 
Rejected: 3549 
Bloom filter conflicts: 2319 
(70.55% total skipped)
Most recent URL: https://time.com/6301552/weight-loss-drugs-compounding-pharmacies/
URLs checked: 8318 
Pages crawled: 2405 
Rejected: 3549 
Bloom filter conflicts: 2319 
(70.55% total skipped)
Most recent URL: https://www.wsj.com/arts-culture/food-cooking?mod=nav_top_subsection
URLs checked: 8320 
Pages crawled: 2406 
Rejected: 3550 
Bloom filter conflicts: 2319 
(70.54% total skipped)
Most recent URL: https://www.t-mobile.com/signin?state=eyJpbnRlbnQiOiJQYXltZW50IiwiYm9va21hcmtVcmwiOiJodHRwczovL215LnQtbW9iaWxlLmNvbS9vbmV0aW1lcGF5bWVudCJ9&INTNAV=tNav%3AMyAccount%3ABillPay
URLs checked: 8322 
Pages crawled: 2407 
Rejected: 3551 
Bloom filter conflicts: 2319 
(70.54% total skipped)
Most recent URL: https://google.com.br/websearch/answer/13876743?hl=en&ref_topic=13544225
URLs checked: 8326 
Pages crawled: 2408 
Rejected: 3553 
Bloom filter conflicts: 2320 
(70.54% total skipped)
Most recent URL: https://gumgum.com/benefits-careers/office-commute-costs
URLs checked: 8329 
Pages crawled: 2409 
Rejected: 3555 
Bloom filter conflicts: 2320 
(70.54% total skipped)
Most recent URL: https://badoo.com/en/the-blog/articles/videos
URLs checked: 8332 
Pages crawled: 2410 
Rejected: 3556 
Bloom filter conflicts: 2321 
(70.54% total skipped)
Most recent URL: https://ietf.org/about/administration/
URLs checked: 8343 
Pages crawled: 2411 
Rejected: 3564 
Bloom filter conflicts: 2323 
(70.56% total skipped)
Most recent URL: https://www.npr.org/2023/11/27/1215329411/us-navy-seizes-attackers-who-held-israel-linked-tanker
URLs checked: 8344 
Pages crawled: 2412 
Rejected: 3564 
Bloom filter conflicts: 2323 
(70.55% total skipped)
Most recent URL: https://addtoany.com/buttons/customize/add_services
URLs checked: 8345 
Pages crawled: 2413 
Rejected: 3564 
Bloom filter conflicts: 2323 
(70.55% total skipped)
Most recent URL: https://support.dnsmadeeasy.com/support/solutions/articles/47001104120-adding-a-subdomain
URLs checked: 8348 
Pages crawled: 2414 
Rejected: 3565 
Bloom filter conflicts: 2324 
(70.54% total skipped)
Most recent URL: https://www.cnet.com/tech/services-and-software/best-free-vpn/
URLs checked: 8349 
Pages crawled: 2415 
Rejected: 3565 
Bloom filter conflicts: 2324 
(70.54% total skipped)
Most recent URL: https://ring.com/products/level-bolt
URLs checked: 8350 
Pages crawled: 2416 
Rejected: 3565 
Bloom filter conflicts: 2324 
(70.53% total skipped)
Most recent URL: https://www.intel.com/content/www/us/en/support/products/59485/wireless.html
URLs checked: 8351 
Pages crawled: 2417 
Rejected: 3565 
Bloom filter conflicts: 2324 
(70.52% total skipped)
Most recent URL: https://verkada.com/command/mobile/
URLs checked: 8352 
Pages crawled: 2418 
Rejected: 3565 
Bloom filter conflicts: 2324 
(70.51% total skipped)
Most recent URL: https://stackoverflow.com/collectives/mobile-dev/beta/discussions/77529339/why-flutter-isnt-recognized-as-a-part-from-the-mobile-development-collective
URLs checked: 8353 
Pages crawled: 2419 
Rejected: 3565 
Bloom filter conflicts: 2324 
(70.50% total skipped)
Most recent URL: https://nature.com/articles/s41574-023-00910-8
URLs checked: 8355 
Pages crawled: 2420 
Rejected: 3565 
Bloom filter conflicts: 2325 
(70.50% total skipped)
Most recent URL: https://docs.digitalocean.com/products/app-platform/getting-started/sample-apps/ruby/
URLs checked: 8356 
Pages crawled: 2421 
Rejected: 3565 
Bloom filter conflicts: 2325 
(70.49% total skipped)
Most recent URL: https://theverge.com/23923747/best-graphics-drawing-tablets
URLs checked: 8358 
Pages crawled: 2422 
Rejected: 3565 
Bloom filter conflicts: 2326 
(70.48% total skipped)
Most recent URL: https://www.wix.com/blog/website-infrastructure
URLs checked: 8359 
Pages crawled: 2423 
Rejected: 3565 
Bloom filter conflicts: 2326 
(70.47% total skipped)
Most recent URL: https://care.healthline.com/find-care/specialty/neurology/ar/pine-bluff
URLs checked: 8360 
Pages crawled: 2424 
Rejected: 3565 
Bloom filter conflicts: 2326 
(70.47% total skipped)
Most recent URL: https://mailchimp.com/newsroom/
URLs checked: 8361 
Pages crawled: 2425 
Rejected: 3565 
Bloom filter conflicts: 2326 
(70.46% total skipped)
Most recent URL: https://www.mayoclinic.org/diseases-conditions/pulmonary-atresia-intact-ventricular-septum/cdc-20396714
URLs checked: 8362 
Pages crawled: 2426 
Rejected: 3565 
Bloom filter conflicts: 2326 
(70.45% total skipped)
Most recent URL: https://www.google.com.br/websearch/answer/10909618?hl=en&ref_topic=9255574
URLs checked: 8363 
Pages crawled: 2427 
Rejected: 3565 
Bloom filter conflicts: 2326 
(70.44% total skipped)
Most recent URL: https://www.t-mobile.com/content/t-mobile/consumer/modals/luna-modals/benefit-gogo1.html
URLs checked: 8364 
Pages crawled: 2428 
Rejected: 3565 
Bloom filter conflicts: 2326 
(70.43% total skipped)
Most recent URL: https://www.wsj.com/world/middle-east?mod=nav_top_subsection
URLs checked: 8367 
Pages crawled: 2429 
Rejected: 3567 
Bloom filter conflicts: 2326 
(70.43% total skipped)
Most recent URL: https://ca.gov/living/
URLs checked: 8370 
Pages crawled: 2430 
Rejected: 3567 
Bloom filter conflicts: 2328 
(70.43% total skipped)
Most recent URL: https://time.com/6339380/china-children-pneumonia-outbreak-what-to-know/
URLs checked: 8378 
Pages crawled: 2431 
Rejected: 3574 
Bloom filter conflicts: 2328 
(70.45% total skipped)
Most recent URL: https://google.com.br/websearch/answer/29508?hl=en&ref_topic=3180360
URLs checked: 8384 
Pages crawled: 2432 
Rejected: 3578 
Bloom filter conflicts: 2329 
(70.46% total skipped)
Most recent URL: https://support.dnsmadeeasy.com/support/solutions/articles/47001001412-aname-records
URLs checked: 8389 
Pages crawled: 2433 
Rejected: 3581 
Bloom filter conflicts: 2330 
(70.46% total skipped)
Most recent URL: https://www.cnet.com/tech/gaming/dune-spice-wars-early-access-preview/
URLs checked: 8392 
Pages crawled: 2434 
Rejected: 3582 
Bloom filter conflicts: 2331 
(70.46% total skipped)
Most recent URL: https://mailchimp.com/developer/transactional/guides/set-up-inbound-email-processing/
URLs checked: 8397 
Pages crawled: 2435 
Rejected: 3585 
Bloom filter conflicts: 2332 
(70.47% total skipped)
Most recent URL: https://tradingview.com/u/VikasMry/
URLs checked: 8401 
Pages crawled: 2436 
Rejected: 3587 
Bloom filter conflicts: 2333 
(70.47% total skipped)
Most recent URL: https://addtoany.com/services/wechat_button
URLs checked: 8402 
Pages crawled: 2437 
Rejected: 3587 
Bloom filter conflicts: 2333 
(70.46% total skipped)
Most recent URL: https://theverge.com/2023/2/16/23603360/terra-luna-securities-fraud-sec-do-kwon
URLs checked: 8404 
Pages crawled: 2438 
Rejected: 3587 
Bloom filter conflicts: 2334 
(70.45% total skipped)
Most recent URL: https://ring.com/products/2-pack-spotlight-cam-plus-battery
URLs checked: 8406 
Pages crawled: 2439 
Rejected: 3588 
Bloom filter conflicts: 2334 
(70.45% total skipped)
Most recent URL: https://time.com/charter/6300640/the-best-ai-podcast-editors/
URLs checked: 8409 
Pages crawled: 2440 
Rejected: 3588 
Bloom filter conflicts: 2336 
(70.45% total skipped)
Most recent URL: https://www.t-mobile.com/offers/black-friday-deals?INTNAV=fNav%3AHelpfulConsumerGuides%3ABlackFridayPhoneDealsandMore
URLs checked: 8409 
Pages crawled: 2441 
Rejected: 3588 
Bloom filter conflicts: 2336 
(70.45% total skipped)
Most recent URL: https://www.gumgum.com/guides/successful-rich-media-ad-examples
URLs checked: 8411 
Pages crawled: 2442 
Rejected: 3588 
Bloom filter conflicts: 2336 
(70.43% total skipped)
Most recent URL: https://store.steampowered.com/app/1363080/Manor_Lords/?snr=1_239_1700__1702
URLs checked: 8412 
Pages crawled: 2443 
Rejected: 3588 
Bloom filter conflicts: 2336 
(70.42% total skipped)
Most recent URL: https://www.healthline.com/health/diarrhea-after-drinking-alcohol?utm_source=ReadNext
URLs checked: 8413 
Pages crawled: 2444 
Rejected: 3588 
Bloom filter conflicts: 2336 
(70.41% total skipped)
Most recent URL: https://www.mayoclinic.org/diseases-conditions/generalized-anxiety-disorder/symptoms-causes/syc-20360803
URLs checked: 8414 
Pages crawled: 2445 
Rejected: 3588 
Bloom filter conflicts: 2336 
(70.41% total skipped)
Most recent URL: https://www.braze.com/docs/partners/home/
URLs checked: 8416 
Pages crawled: 2446 
Rejected: 3589 
Bloom filter conflicts: 2336 
(70.40% total skipped)
Most recent URL: https://www.sophos.com/en-us/report/av-comparatives
URLs checked: 8417 
Pages crawled: 2447 
Rejected: 3589 
Bloom filter conflicts: 2336 
(70.39% total skipped)
Most recent URL: https://stackoverflow.com/questions/tagged/magento
URLs checked: 8419 
Pages crawled: 2448 
Rejected: 3590 
Bloom filter conflicts: 2336 
(70.39% total skipped)
Most recent URL: https://www.wsj.com/public/page/cio-journal.html?mod=nav_top_subsection
URLs checked: 8420 
Pages crawled: 2449 
Rejected: 3590 
Bloom filter conflicts: 2336 
(70.38% total skipped)
Most recent URL: https://www.google.com.br/websearch/?hl=en
URLs checked: 8425 
Pages crawled: 2450 
Rejected: 3594 
Bloom filter conflicts: 2336 
(70.39% total skipped)
Most recent URL: https://support.dnsmadeeasy.com/support/solutions/articles/47001119346-dns-made-easy-plesk-plugin
URLs checked: 8431 
Pages crawled: 2451 
Rejected: 3599 
Bloom filter conflicts: 2336 
(70.39% total skipped)
Most recent URL: https://www.addtoany.com/buttons/
URLs checked: 8436 
Pages crawled: 2452 
Rejected: 3602 
Bloom filter conflicts: 2337 
(70.40% total skipped)
Most recent URL: https://www.intel.com/content/www/us/en/products/sku/205593/intel-nuc-11-pro-kit-nuc11tnki3/downloads.html
URLs checked: 8437 
Pages crawled: 2453 
Rejected: 3602 
Bloom filter conflicts: 2337 
(70.39% total skipped)
Most recent URL: https://www.loc.gov/collections/?fa=subject_topic:art+%26+architecture%7Cpartof:music+division
URLs checked: 8438 
Pages crawled: 2454 
Rejected: 3602 
Bloom filter conflicts: 2337 
(70.38% total skipped)
Most recent URL: https://docs.digitalocean.com/reference/doctl/reference/compute/volume
URLs checked: 8439 
Pages crawled: 2455 
Rejected: 3602 
Bloom filter conflicts: 2337 
(70.38% total skipped)
Most recent URL: https://www.cnet.com/tech/mobile/best-apple-watch-bands/
URLs checked: 8440 
Pages crawled: 2456 
Rejected: 3602 
Bloom filter conflicts: 2337 
(70.37% total skipped)
Most recent URL: https://stackoverflow.com/users/15253276/maxpet
URLs checked: 8441 
Pages crawled: 2457 
Rejected: 3602 
Bloom filter conflicts: 2337 
(70.36% total skipped)
Most recent URL: https://time.com/2863/teen-queen-of-the-slalom/
URLs checked: 8443 
Pages crawled: 2458 
Rejected: 3602 
Bloom filter conflicts: 2338 
(70.35% total skipped)
Most recent URL: https://www.business.att.com/businesscenter/msites/support/ipflex/enterprise-admin/call-forwarding-selective.html
URLs checked: 8445 
Pages crawled: 2459 
Rejected: 3603 
Bloom filter conflicts: 2338 
(70.35% total skipped)
Most recent URL: https://badoo.com/en-us/dating/united-states/utah/
URLs checked: 8455 
Pages crawled: 2460 
Rejected: 3611 
Bloom filter conflicts: 2339 
(70.37% total skipped)
Most recent URL: https://google.com.br/intl/en/products/
URLs checked: 8459 
Pages crawled: 2461 
Rejected: 3612 
Bloom filter conflicts: 2341 
(70.37% total skipped)
Most recent URL: https://ring.com/products/smart-lighting-floodlight-wired-kit
URLs checked: 8460 
Pages crawled: 2462 
Rejected: 3612 
Bloom filter conflicts: 2341 
(70.37% total skipped)
Most recent URL: https://store.steampowered.com/explore/?snr=1_1056_4_franchise_global-responsive-menu&curator_clanid=33118426
URLs checked: 8461 
Pages crawled: 2463 
Rejected: 3612 
Bloom filter conflicts: 2341 
(70.36% total skipped)
Most recent URL: https://www.healthline.com/health/partial-focal-seizure?utm_source=ReadNext
URLs checked: 8462 
Pages crawled: 2464 
Rejected: 3612 
Bloom filter conflicts: 2341 
(70.35% total skipped)
Most recent URL: https://www.cnbc.com/sustainable-future/
URLs checked: 8463 
Pages crawled: 2465 
Rejected: 3612 
Bloom filter conflicts: 2341 
(70.34% total skipped)
Most recent URL: https://www.braze.com/docs/developer_guide/platform_integration_guides/web/news_feed/integration/
URLs checked: 8467 
Pages crawled: 2466 
Rejected: 3615 
Bloom filter conflicts: 2341 
(70.34% total skipped)
Most recent URL: https://www.wsj.com/business/autos?mod=nav_top_subsection
URLs checked: 8469 
Pages crawled: 2467 
Rejected: 3616 
Bloom filter conflicts: 2341 
(70.34% total skipped)
Most recent URL: https://support.dnsmadeeasy.com/support/solutions/articles/47001119946-using-the-unix-netgear-ip-updater
URLs checked: 8475 
Pages crawled: 2468 
Rejected: 3621 
Bloom filter conflicts: 2341 
(70.35% total skipped)
Most recent URL: https://ietf.org/policies/
URLs checked: 8477 
Pages crawled: 2469 
Rejected: 3622 
Bloom filter conflicts: 2341 
(70.34% total skipped)
Most recent URL: https://gnu.org/server/select-language.html?goto=/philosophy/sco/sco.html;language=af
URLs checked: 8479 
Pages crawled: 2470 
Rejected: 3623 
Bloom filter conflicts: 2341 
(70.34% total skipped)
Most recent URL: https://fb.com/ad_campaign/landing.php?placement=pflo&campaign_id=402047449186&nav_source=unknown&extra_1=auto
URLs checked: 8481 
Pages crawled: 2471 
Rejected: 3623 
Bloom filter conflicts: 2342 
(70.33% total skipped)
Most recent URL: https://www.wix.com/blog/executive-summary
URLs checked: 8484 
Pages crawled: 2472 
Rejected: 3625 
Bloom filter conflicts: 2342 
(70.33% total skipped)
Most recent URL: https://www.t-mobile.com/cell-phones/deals/free?icid=MGPO_TMO_U_23FRAFFDUS_SHL9WIZDI4GRD558834651
URLs checked: 8488 
Pages crawled: 2473 
Rejected: 3628 
Bloom filter conflicts: 2342 
(70.33% total skipped)
Most recent URL: https://www.loc.gov/careers/working-at-the-library/frequently-asked-questions/citizenship-requirements-for-federal-employment/
URLs checked: 8490 
Pages crawled: 2474 
Rejected: 3629 
Bloom filter conflicts: 2342 
(70.33% total skipped)
Most recent URL: https://www.gumgum.com/guides/the-brand-safety-crisis-one-year-later
URLs checked: 8491 
Pages crawled: 2475 
Rejected: 3629 
Bloom filter conflicts: 2342 
(70.32% total skipped)
Most recent URL: https://theverge.com/users/ameliakrales
URLs checked: 8492 
Pages crawled: 2476 
Rejected: 3629 
Bloom filter conflicts: 2342 
(70.31% total skipped)
Most recent URL: https://tradingview.com/symbols/VIE-DOC/
URLs checked: 8496 
Pages crawled: 2477 
Rejected: 3632 
Bloom filter conflicts: 2342 
(70.32% total skipped)
Most recent URL: https://www.mayoclinic.org/about-this-site/terms-conditions-use-policy
URLs checked: 8497 
Pages crawled: 2478 
Rejected: 3632 
Bloom filter conflicts: 2342 
(70.31% total skipped)
Most recent URL: https://www.healthline.com/health/letter-from-the-editor-preparing-for-the-best-school-year-yet
URLs checked: 8498 
Pages crawled: 2479 
Rejected: 3632 
Bloom filter conflicts: 2342 
(70.30% total skipped)
Most recent URL: https://www.digitalocean.com/community/questions/can-i-use-my-google-account-to-authenticate-to-digitalocean
URLs checked: 8504 
Pages crawled: 2480 
Rejected: 3633 
Bloom filter conflicts: 2346 
(70.31% total skipped)
Most recent URL: https://addtoany.com/services/pinboard_button
URLs checked: 8507 
Pages crawled: 2481 
Rejected: 3635 
Bloom filter conflicts: 2346 
(70.31% total skipped)
Most recent URL: https://google.com.br/intl/en/home/measurement/
URLs checked: 8508 
Pages crawled: 2482 
Rejected: 3635 
Bloom filter conflicts: 2346 
(70.30% total skipped)
Most recent URL: https://support.dnsmadeeasy.com/support/solutions/articles/47001189946-using-ns-records-for-subdomain-delegation
URLs checked: 8515 
Pages crawled: 2483 
Rejected: 3640 
Bloom filter conflicts: 2347 
(70.31% total skipped)
Most recent URL: https://www.att.com/offers/discount-program/union-discount
URLs checked: 8516 
Pages crawled: 2484 
Rejected: 3640 
Bloom filter conflicts: 2347 
(70.30% total skipped)
Most recent URL: https://time.com/charter/6241062/remote-work-is-helping-dads-do-more-at-home-lets-make-sure-it-stays-that-way/
URLs checked: 8517 
Pages crawled: 2485 
Rejected: 3640 
Bloom filter conflicts: 2347 
(70.29% total skipped)
Most recent URL: https://ring.com/products/video-doorbell-pro-2-floodlight-cam-wired-plus-alarm-14-piece-bundle
URLs checked: 8518 
Pages crawled: 2486 
Rejected: 3640 
Bloom filter conflicts: 2347 
(70.29% total skipped)
Most recent URL: https://www.cnbc.com/video/2023/11/24/faang-and-tech-are-still-the-sectors-to-be-in-says-fundstrats-tom-lee.html
URLs checked: 8519 
Pages crawled: 2487 
Rejected: 3640 
Bloom filter conflicts: 2347 
(70.28% total skipped)
Most recent URL: https://www.loc.gov/careers/?fa=partof_position_availability:u.s.+citizens+only
URLs checked: 8520 
Pages crawled: 2488 
Rejected: 3640 
Bloom filter conflicts: 2347 
(70.27% total skipped)
Most recent URL: https://mailchimp.com/developer/marketing/docs/mobile-sdk/
URLs checked: 8521 
Pages crawled: 2489 
Rejected: 3640 
Bloom filter conflicts: 2347 
(70.26% total skipped)
Most recent URL: https://newrelic.com/instant-observability/azure-question-answering
URLs checked: 8522 
Pages crawled: 2490 
Rejected: 3640 
Bloom filter conflicts: 2347 
(70.25% total skipped)
Most recent URL: https://datatracker.ietf.org/nomcom/
URLs checked: 8523 
Pages crawled: 2491 
Rejected: 3640 
Bloom filter conflicts: 2347 
(70.25% total skipped)
Most recent URL: https://www.braze.com/customers
URLs checked: 8524 
Pages crawled: 2492 
Rejected: 3640 
Bloom filter conflicts: 2347 
(70.24% total skipped)
Most recent URL: https://stackoverflow.com/questions/tagged/release
URLs checked: 8525 
Pages crawled: 2493 
Rejected: 3640 
Bloom filter conflicts: 2347 
(70.23% total skipped)
Most recent URL: https://cnet.com/home/energy-and-utilities/best-portable-power-stations/
URLs checked: 8526 
Pages crawled: 2494 
Rejected: 3640 
Bloom filter conflicts: 2347 
(70.22% total skipped)
Most recent URL: https://nature.com/articles/d41586-023-00120-2
URLs checked: 8527 
Pages crawled: 2495 
Rejected: 3640 
Bloom filter conflicts: 2347 
(70.21% total skipped)
Most recent URL: https://hipages.com.au/find/carpet_layers
URLs checked: 8528 
Pages crawled: 2496 
Rejected: 3640 
Bloom filter conflicts: 2347 
(70.20% total skipped)
Most recent URL: https://store.steampowered.com/recommended/morelike/app/2143680/?snr=1_5_9__300
URLs checked: 8530 
Pages crawled: 2497 
Rejected: 3641 
Bloom filter conflicts: 2347 
(70.20% total skipped)
Most recent URL: https://www.wsj.com/news/world?mod=nav_top_section
URLs checked: 8536 
Pages crawled: 2498 
Rejected: 3645 
Bloom filter conflicts: 2348 
(70.21% total skipped)
Most recent URL: https://google.com.br/technologies/retention?hl=en&fg=1
URLs checked: 8560 
Pages crawled: 2499 
Rejected: 3667 
Bloom filter conflicts: 2349 
(70.28% total skipped)
Most recent URL: https://users.wix.com/signin?postLogin=https%3A%2F%2Fwww.wix.com%2Faccount%2Fsites&postSignUp=https%3A%2F%2Fwww.wix.com%2Fnew%2Fintro&view=sign-up&sendEmail=true&loginCompName=%22Create%20Your%20Store%22%20Header%20CTA&referralInfo=%22Create%20Your%20Store%22%20Header%20CTA
URLs checked: 8565 
Pages crawled: 2500 
Rejected: 3670 
Bloom filter conflicts: 2350 
(70.29% total skipped)
Most recent URL: https://www.addtoany.com/buttons/customize/wordpress/thanks
URLs checked: 8597 
Pages crawled: 2501 
Rejected: 3696 
Bloom filter conflicts: 2355 
(70.39% total skipped)
Most recent URL: https://theverge.com/22971411/amazon-smart-air-quality-monitor-iaq-review
URLs checked: 8603 
Pages crawled: 2502 
Rejected: 3699 
Bloom filter conflicts: 2357 
(70.39% total skipped)
Most recent URL: https://intel.com/content/www/us/en/support/products/65855/software/chipset-software/intel-usb-3-0-extensible-host-controller-driver.html
URLs checked: 8627 
Pages crawled: 2503 
Rejected: 3715 
Bloom filter conflicts: 2364 
(70.46% total skipped)
Most recent URL: https://www.npr.org/2023/11/23/1214966530/judge-says-evidence-shows-tesla-and-elon-musk-knew-about-flawed-autopilot-system
URLs checked: 8685 
Pages crawled: 2504 
Rejected: 3759 
Bloom filter conflicts: 2377 
(70.65% total skipped)
Most recent URL: https://docs.digitalocean.com/products/droplets/how-to/create/
URLs checked: 8709 
Pages crawled: 2505 
Rejected: 3775 
Bloom filter conflicts: 2384 
(70.72% total skipped)
Most recent URL: https://www.gumgum.com/guides/cognitextual-a-neuroanalytic-study-of-contextual-ad-effectiveness
URLs checked: 8775 
Pages crawled: 2506 
Rejected: 3827 
Bloom filter conflicts: 2397 
(70.93% total skipped)
Most recent URL: https://www.healthline.com/health/how-covid-19-impacts-full-time-caretakers?utm_source=ReadNext
URLs checked: 8784 
Pages crawled: 2507 
Rejected: 3831 
Bloom filter conflicts: 2401 
(70.95% total skipped)
Most recent URL: https://badoo.com/en-us/dating/united-states/new-york/hamburg-erie/
URLs checked: 8791 
Pages crawled: 2508 
Rejected: 3837 
Bloom filter conflicts: 2401 
(70.96% total skipped)
Most recent URL: https://tradingview.com/widget/technical-analysis/?widget_symbol=NYSE:MCD
URLs checked: 8792 
Pages crawled: 2509 
Rejected: 3837 
Bloom filter conflicts: 2401 
(70.95% total skipped)
Most recent URL: https://gnu.org/server/select-language.html?goto=/graphics/gnu-ascii.html;language=lt
URLs checked: 8802 
Pages crawled: 2510 
Rejected: 3843 
Bloom filter conflicts: 2404 
(70.97% total skipped)
Most recent URL: https://www.mayoclinic.org/diseases-conditions/diabetes/expert-answers/diabetes/faq-20058472
URLs checked: 8803 
Pages crawled: 2511 
Rejected: 3843 
Bloom filter conflicts: 2404 
(70.96% total skipped)
Most recent URL: https://datatracker.ietf.org/stats/document/
URLs checked: 8805 
Pages crawled: 2512 
Rejected: 3843 
Bloom filter conflicts: 2405 
(70.96% total skipped)
Most recent URL: https://cnet.com/deals/california-solar-panels/
URLs checked: 8806 
Pages crawled: 2513 
Rejected: 3843 
Bloom filter conflicts: 2405 
(70.95% total skipped)
Most recent URL: https://hipages.com.au/find/handyman/wa/leederville
URLs checked: 8825 
Pages crawled: 2514 
Rejected: 3856 
Bloom filter conflicts: 2410 
(71.00% total skipped)
Most recent URL: https://gumgum.com/benefits-careers/life-and-ad-d-insurance
URLs checked: 8835 
Pages crawled: 2515 
Rejected: 3864 
Bloom filter conflicts: 2411 
(71.02% total skipped)
Most recent URL: https://support.dnsmadeeasy.com/support/solutions/articles/47001101043-dns-activity-log
URLs checked: 8839 
Pages crawled: 2516 
Rejected: 3866 
Bloom filter conflicts: 2412 
(71.03% total skipped)
Most recent URL: https://ring.com/products/spare-parts-for-spotlight-cam-battery
URLs checked: 8840 
Pages crawled: 2517 
Rejected: 3866 
Bloom filter conflicts: 2412 
(71.02% total skipped)
Most recent URL: https://google.com.br/intl/en/home/contact-us/schedule/
URLs checked: 8843 
Pages crawled: 2518 
Rejected: 3868 
Bloom filter conflicts: 2412 
(71.02% total skipped)
Most recent URL: https://www.wix.com/support-chatbot?nodeId=kKKuIuXsiPa1kiePMmcA&type=privacySecurity&referral=privacyPolicy
URLs checked: 8844 
Pages crawled: 2519 
Rejected: 3868 
Bloom filter conflicts: 2412 
(71.01% total skipped)
Most recent URL: https://addtoany.com/services/livejournal_button
URLs checked: 8850 
Pages crawled: 2520 
Rejected: 3873 
Bloom filter conflicts: 2412 
(71.02% total skipped)
Most recent URL: https://theverge.com/2023/11/15/23873201/spacex-starship-faa-approval-super-heavy-launch-test-date
URLs checked: 8852 
Pages crawled: 2521 
Rejected: 3874 
Bloom filter conflicts: 2412 
(71.01% total skipped)
Most recent URL: https://store.steampowered.com/share/twitter/app/2399160
URLs checked: 8853 
Pages crawled: 2522 
Rejected: 3874 
Bloom filter conflicts: 2412 
(71.00% total skipped)
Most recent URL: https://gnu.org/software/rpge/
URLs checked: 8854 
Pages crawled: 2523 
Rejected: 3874 
Bloom filter conflicts: 2412 
(71.00% total skipped)
Most recent URL: https://www.intel.com/content/www/us/en/support/products/129718/intel-nuc/intel-nuc-boards/intel-nuc-board-with-intel-atom-processors.html
URLs checked: 8856 
Pages crawled: 2524 
Rejected: 3874 
Bloom filter conflicts: 2413 
(70.99% total skipped)
Most recent URL: https://stackoverflow.com/questions/tagged/image-recognition+c%23+.net-core
URLs checked: 8857 
Pages crawled: 2525 
Rejected: 3874 
Bloom filter conflicts: 2413 
(70.98% total skipped)
Most recent URL: https://newrelic.com/security
URLs checked: 8858 
Pages crawled: 2526 
Rejected: 3874 
Bloom filter conflicts: 2413 
(70.98% total skipped)
Most recent URL: https://t-mobile.com/travel-abroad-with-simple-global?INTNAV=fNav%3ASupport%3AInterntaionalRates
URLs checked: 8860 
Pages crawled: 2527 
Rejected: 3875 
Bloom filter conflicts: 2413 
(70.97% total skipped)
Most recent URL: https://google.com.br/websearch/answer/186669?hl=en&ref_topic=9255574
URLs checked: 8861 
Pages crawled: 2528 
Rejected: 3875 
Bloom filter conflicts: 2413 
(70.96% total skipped)
Most recent URL: https://gumgum.com/attention
URLs checked: 8862 
Pages crawled: 2529 
Rejected: 3875 
Bloom filter conflicts: 2413 
(70.95% total skipped)
Most recent URL: https://support.dnsmadeeasy.com/support/solutions/folders/47000695068
URLs checked: 8863 
Pages crawled: 2530 
Rejected: 3875 
Bloom filter conflicts: 2413 
(70.95% total skipped)
Most recent URL: https://verkada.com/helix/
URLs checked: 8864 
Pages crawled: 2531 
Rejected: 3875 
Bloom filter conflicts: 2413 
(70.94% total skipped)
Most recent URL: https://time.com/collection/100-most-influential-people-2023/6269845/gina-raimondo/
URLs checked: 8868 
Pages crawled: 2532 
Rejected: 3876 
Bloom filter conflicts: 2415 
(70.94% total skipped)
Most recent URL: https://www.digitalocean.com/community/tutorials/an-introduction-to-digitalocean-load-balancers
URLs checked: 8870 
Pages crawled: 2533 
Rejected: 3877 
Bloom filter conflicts: 2415 
(70.94% total skipped)
Most recent URL: https://ring.com/products/hardwired-transformer
URLs checked: 8871 
Pages crawled: 2534 
Rejected: 3877 
Bloom filter conflicts: 2415 
(70.93% total skipped)
Most recent URL: https://datatracker.ietf.org/doc/rfc9420/
URLs checked: 8872 
Pages crawled: 2535 
Rejected: 3877 
Bloom filter conflicts: 2415 
(70.92% total skipped)
Most recent URL: https://www.braze.com/docs/partners/canvas_steps/
URLs checked: 8883 
Pages crawled: 2536 
Rejected: 3886 
Bloom filter conflicts: 2416 
(70.94% total skipped)
Most recent URL: https://mailchimp.com/developer/transactional/api/metadata/
URLs checked: 8884 
Pages crawled: 2537 
Rejected: 3886 
Bloom filter conflicts: 2416 
(70.94% total skipped)
Most recent URL: https://www.healthline.com/health/hiv-aids/transmission-myths?utm_source=ReadNext
URLs checked: 8885 
Pages crawled: 2538 
Rejected: 3886 
Bloom filter conflicts: 2416 
(70.93% total skipped)
Most recent URL: https://www.npr.org/2023/10/30/1209466841/screen-time-kids-horror-movie
URLs checked: 8886 
Pages crawled: 2539 
Rejected: 3886 
Bloom filter conflicts: 2416 
(70.92% total skipped)
Most recent URL: https://tradingview.com/symbols/NASDAQ-TSLA/ideas/
URLs checked: 8887 
Pages crawled: 2540 
Rejected: 3886 
Bloom filter conflicts: 2416 
(70.91% total skipped)
Most recent URL: https://www.mayoclinic.org/tests-procedures/biofeedback/care-at-mayo-clinic/pcc-20454272
URLs checked: 8888 
Pages crawled: 2541 
Rejected: 3886 
Bloom filter conflicts: 2416 
(70.90% total skipped)
Most recent URL: https://cambridge.org/legal/conditions-of-sale-goods
URLs checked: 8889 
Pages crawled: 2542 
Rejected: 3886 
Bloom filter conflicts: 2416 
(70.90% total skipped)
Most recent URL: https://hipages.com.au/find/glass_glazier_glass_replacement/tas
URLs checked: 8891 
Pages crawled: 2543 
Rejected: 3887 
Bloom filter conflicts: 2416 
(70.89% total skipped)
Most recent URL: https://rackspace.com
URLs checked: 8892 
Pages crawled: 2544 
Rejected: 3887 
Bloom filter conflicts: 2416 
(70.88% total skipped)
Most recent URL: https://badoo.com/en-us/dating/united-states/texas/carrollton/
URLs checked: 8893 
Pages crawled: 2545 
Rejected: 3887 
Bloom filter conflicts: 2416 
(70.88% total skipped)
Most recent URL: https://www.cnbc.com/sean-conlon/
URLs checked: 8894 
Pages crawled: 2546 
Rejected: 3887 
Bloom filter conflicts: 2416 
(70.87% total skipped)
Most recent URL: https://www.wsj.com/news/business/small-business-marketing?mod=nav_top_subsection
URLs checked: 8895 
Pages crawled: 2547 
Rejected: 3887 
Bloom filter conflicts: 2416 
(70.86% total skipped)
Most recent URL: https://calcivilrights.ca.gov/contactus/
URLs checked: 8899 
Pages crawled: 2548 
Rejected: 3889 
Bloom filter conflicts: 2417 
(70.86% total skipped)
Most recent URL: https://stackoverflow.com/questions/77506340/why-do-two-identical-performing-huggingface-tokenizers-have-different-hash-value
URLs checked: 8901 
Pages crawled: 2549 
Rejected: 3890 
Bloom filter conflicts: 2417 
(70.86% total skipped)
Most recent URL: https://www.google.com.br/websearch/topic/6011752?hl=en&ref_topic=1733202
URLs checked: 8904 
Pages crawled: 2550 
Rejected: 3891 
Bloom filter conflicts: 2418 
(70.86% total skipped)
Most recent URL: https://addtoany.com/buttons/customize/wordpress/number_services
URLs checked: 8909 
Pages crawled: 2551 
Rejected: 3895 
Bloom filter conflicts: 2418 
(70.86% total skipped)
Most recent URL: https://support.dnsmadeeasy.com/support/solutions/47000517623
URLs checked: 8915 
Pages crawled: 2552 
Rejected: 3899 
Bloom filter conflicts: 2419 
(70.87% total skipped)
Most recent URL: https://theverge.com/23951214/heat-pump-nycha-public-housing-electric-sustainable?showComments=1
URLs checked: 8918 
Pages crawled: 2553 
Rejected: 3900 
Bloom filter conflicts: 2420 
(70.87% total skipped)
Most recent URL: https://www.google.com.br/websearch/answer/7539151?hl=en&ref_topic=3378866
URLs checked: 8920 
Pages crawled: 2554 
Rejected: 3900 
Bloom filter conflicts: 2421 
(70.86% total skipped)
Most recent URL: https://cnet.com/tech/computing/best-action-camera/
URLs checked: 8921 
Pages crawled: 2555 
Rejected: 3900 
Bloom filter conflicts: 2421 
(70.86% total skipped)
Most recent URL: https://www.t-mobile.com/cell-phone/t-mobile-revvl-6-pro-5g
URLs checked: 8923 
Pages crawled: 2556 
Rejected: 3901 
Bloom filter conflicts: 2421 
(70.85% total skipped)
Most recent URL: https://ring.com/products/video-doorbell-no-drill-mount-bundle
URLs checked: 8924 
Pages crawled: 2557 
Rejected: 3901 
Bloom filter conflicts: 2421 
(70.84% total skipped)
Most recent URL: https://gnu.org/graphics/httptunnel-logo.html
URLs checked: 8928 
Pages crawled: 2558 
Rejected: 3904 
Bloom filter conflicts: 2421 
(70.84% total skipped)
Most recent URL: https://gumgum.com/exchange
URLs checked: 8930 
Pages crawled: 2559 
Rejected: 3905 
Bloom filter conflicts: 2421 
(70.84% total skipped)
Most recent URL: https://www.addtoany.com/buttons/customize/drupal/linkedin_share_button
URLs checked: 8931 
Pages crawled: 2560 
Rejected: 3905 
Bloom filter conflicts: 2421 
(70.83% total skipped)
Most recent URL: https://www.wix.com/blog/how-to-design-a-business-card
URLs checked: 8932 
Pages crawled: 2561 
Rejected: 3905 
Bloom filter conflicts: 2421 
(70.82% total skipped)
Most recent URL: https://stackoverflow.com/users/1072835/ashingel
URLs checked: 8933 
Pages crawled: 2562 
Rejected: 3905 
Bloom filter conflicts: 2421 
(70.82% total skipped)
Most recent URL: https://intel.com/content/www/us/en/support/products/77799/software/intel-security-products/intel-software-guard-extensions-intel-sgx.html
URLs checked: 8934 
Pages crawled: 2563 
Rejected: 3905 
Bloom filter conflicts: 2421 
(70.81% total skipped)
Most recent URL: https://verkada.com/access-control/
URLs checked: 8935 
Pages crawled: 2564 
Rejected: 3905 
Bloom filter conflicts: 2421 
(70.80% total skipped)
Most recent URL: https://nature.com/nature/reviews-and-analysis?type=review-article&year=2009
URLs checked: 8936 
Pages crawled: 2565 
Rejected: 3905 
Bloom filter conflicts: 2421 
(70.79% total skipped)
Most recent URL: https://docs.digitalocean.com/products/app-platform/how-to/manage-services/
URLs checked: 8937 
Pages crawled: 2566 
Rejected: 3905 
Bloom filter conflicts: 2421 
(70.78% total skipped)
Most recent URL: https://cybersecurity.att.com/products/premises-based-firewall
URLs checked: 8938 
Pages crawled: 2567 
Rejected: 3905 
Bloom filter conflicts: 2421 
(70.78% total skipped)
Most recent URL: https://www.mayoclinic.org/tests-procedures/chemotherapy/multimedia/vid-20078303
URLs checked: 8944 
Pages crawled: 2568 
Rejected: 3910 
Bloom filter conflicts: 2421 
(70.78% total skipped)
Most recent URL: https://support.dnsmadeeasy.com/support/solutions/articles/47001151847-dnsme-analytics
URLs checked: 8946 
Pages crawled: 2569 
Rejected: 3910 
Bloom filter conflicts: 2422 
(70.78% total skipped)
Most recent URL: https://time.com/charter
URLs checked: 8951 
Pages crawled: 2570 
Rejected: 3912 
Bloom filter conflicts: 2424 
(70.79% total skipped)
Most recent URL: https://hipages.com.au/find/window_repairs/sa/port_wakefield
URLs checked: 8953 
Pages crawled: 2571 
Rejected: 3913 
Bloom filter conflicts: 2424 
(70.78% total skipped)
Most recent URL: https://eset.com/int/business/complete-protection/
URLs checked: 8954 
Pages crawled: 2572 
Rejected: 3913 
Bloom filter conflicts: 2424 
(70.77% total skipped)
Most recent URL: https://newrelic.com/blog/search?category%5B0%5D=425
URLs checked: 8955 
Pages crawled: 2573 
Rejected: 3913 
Bloom filter conflicts: 2424 
(70.76% total skipped)
Most recent URL: https://badoo.com/en-us/dating/united-states/new-york/ithaca/
URLs checked: 8957 
Pages crawled: 2574 
Rejected: 3914 
Bloom filter conflicts: 2424 
(70.76% total skipped)
Most recent URL: https://store.steampowered.com/points/shop/?snr=1_subscriberagreement_SubscriberAgreement__global-header
URLs checked: 8961 
Pages crawled: 2575 
Rejected: 3915 
Bloom filter conflicts: 2426 
(70.76% total skipped)
Most recent URL: https://www.sophos.com/en-us/whitepaper/cybersecurity-blueprint
URLs checked: 8962 
Pages crawled: 2576 
Rejected: 3915 
Bloom filter conflicts: 2426 
(70.75% total skipped)
Most recent URL: https://ietf.org/about/administration/llc-board/
URLs checked: 8963 
Pages crawled: 2577 
Rejected: 3915 
Bloom filter conflicts: 2426 
(70.75% total skipped)
Most recent URL: https://www.t-mobile.com/offers/black-friday-deals?icid=MGPO_TMO_U_23HOLIDAY_9714FB9BF403268537322
URLs checked: 8964 
Pages crawled: 2578 
Rejected: 3915 
Bloom filter conflicts: 2426 
(70.74% total skipped)
Most recent URL: https://www.wsj.com/news/types/notable-quotable?mod=nav_top_subsection
URLs checked: 8965 
Pages crawled: 2579 
Rejected: 3915 
Bloom filter conflicts: 2426 
(70.73% total skipped)
Most recent URL: https://theverge.com/23971262/black-friday-2023-apple-deals-cyber-monday
URLs checked: 8969 
Pages crawled: 2580 
Rejected: 3917 
Bloom filter conflicts: 2427 
(70.73% total skipped)
Most recent URL: https://gumgum.com/benefits-careers/retirement-contributions
URLs checked: 8971 
Pages crawled: 2581 
Rejected: 3918 
Bloom filter conflicts: 2427 
(70.73% total skipped)
Most recent URL: https://www.addtoany.com/buttons/customize/drupal/css_style_colors
URLs checked: 8972 
Pages crawled: 2582 
Rejected: 3918 
Bloom filter conflicts: 2427 
(70.72% total skipped)
Most recent URL: https://www.business.att.com/businesscenter/msites/support/ipflex/enterprise-admin/create-manage-admins.html
URLs checked: 8973 
Pages crawled: 2583 
Rejected: 3918 
Bloom filter conflicts: 2427 
(70.71% total skipped)
Most recent URL: https://stackoverflow.com/questions/70661279/sentiment-analysis-fitting-a-model-result-in-value-error-shapes-incompatible
URLs checked: 8975 
Pages crawled: 2584 
Rejected: 3919 
Bloom filter conflicts: 2427 
(70.71% total skipped)
Most recent URL: https://support.dnsmadeeasy.com/support/solutions/folders/47000695471
URLs checked: 8980 
Pages crawled: 2585 
Rejected: 3923 
Bloom filter conflicts: 2427 
(70.71% total skipped)
Most recent URL: https://www.t-mobile.com/content/t-mobile/consumer/modals/luna-modals/benefit-unlimited-max.html
URLs checked: 8983 
Pages crawled: 2586 
Rejected: 3925 
Bloom filter conflicts: 2427 
(70.71% total skipped)
Most recent URL: https://www.healthline.com/newsletter-signup
URLs checked: 8985 
Pages crawled: 2587 
Rejected: 3926 
Bloom filter conflicts: 2427 
(70.71% total skipped)
Most recent URL: https://ring.com/products/security-system-alarm-9-certified-refurbished
URLs checked: 8986 
Pages crawled: 2588 
Rejected: 3926 
Bloom filter conflicts: 2427 
(70.70% total skipped)
Most recent URL: https://docs.digitalocean.com/products/databases/postgresql/details/notifications/
URLs checked: 8988 
Pages crawled: 2589 
Rejected: 3926 
Bloom filter conflicts: 2428 
(70.69% total skipped)
Most recent URL: https://google.com.br/?tab=uu
URLs checked: 8989 
Pages crawled: 2590 
Rejected: 3926 
Bloom filter conflicts: 2428 
(70.69% total skipped)
Most recent URL: https://docs.newrelic.com/docs/infrastructure/microsoft-azure-integrations/azure-integrations-list/azure-storage-sync-monitoring-integration/?q=/
URLs checked: 8990 
Pages crawled: 2591 
Rejected: 3926 
Bloom filter conflicts: 2428 
(70.68% total skipped)
Most recent URL: https://tradingview.com/symbols/PERPUSDT/?solution=43000701943
URLs checked: 8991 
Pages crawled: 2592 
Rejected: 3926 
Bloom filter conflicts: 2428 
(70.67% total skipped)
Most recent URL: https://time.com/
URLs checked: 8994 
Pages crawled: 2593 
Rejected: 3926 
Bloom filter conflicts: 2430 
(70.67% total skipped)
Most recent URL: https://verkada.com/security-cameras/
URLs checked: 8995 
Pages crawled: 2594 
Rejected: 3926 
Bloom filter conflicts: 2430 
(70.66% total skipped)
Most recent URL: https://cnet.com/deals/best-mattress-deals/
URLs checked: 8997 
Pages crawled: 2595 
Rejected: 3926 
Bloom filter conflicts: 2431 
(70.66% total skipped)
Most recent URL: https://intel.com/content/www/us/en/support/products/128824/software/software-applications/intel-driver-support-assistant-intel-dsa.html
URLs checked: 9000 
Pages crawled: 2596 
Rejected: 3928 
Bloom filter conflicts: 2431 
(70.66% total skipped)
Most recent URL: https://www.wsj.com/news/magazine/food?mod=nav_top_subsection
URLs checked: 9004 
Pages crawled: 2597 
Rejected: 3929 
Bloom filter conflicts: 2433 
(70.66% total skipped)
Most recent URL: https://badoo.com/signup
URLs checked: 9008 
Pages crawled: 2598 
Rejected: 3931 
Bloom filter conflicts: 2434 
(70.66% total skipped)
Most recent URL: https://support.dnsmadeeasy.com/support/solutions/articles/47001203733-delete-groups-for-real-time-traffic-anomaly-detection-notifications
URLs checked: 9009 
Pages crawled: 2599 
Rejected: 3931 
Bloom filter conflicts: 2434 
(70.65% total skipped)
Most recent URL: https://addtoany.com/services/skype_button
URLs checked: 9015 
Pages crawled: 2600 
Rejected: 3936 
Bloom filter conflicts: 2434 
(70.66% total skipped)
Most recent URL: https://www.att.com/prepaid/multi-month-plans/
URLs checked: 9017 
Pages crawled: 2601 
Rejected: 3937 
Bloom filter conflicts: 2434 
(70.66% total skipped)
Most recent URL: https://store.steampowered.com/explore/?l=swedish&redir=explore%2F%3Fl%3Dlatam%26redir%3Dexplore%252F%253Fsnr%253D1_2500_4__global-responsive-menu%26redir_ssl%3D1%26snr%3D1_2500_4__global-responsive-menu&redir_ssl=1&snr=1_2500_4__global-responsive-menu
URLs checked: 9019 
Pages crawled: 2602 
Rejected: 3938 
Bloom filter conflicts: 2434 
(70.65% total skipped)
Most recent URL: https://theverge.com/2023/9/20/23882774/x-climate-misinformation-study-climate-action-disinformation
URLs checked: 9020 
Pages crawled: 2603 
Rejected: 3938 
Bloom filter conflicts: 2434 
(70.64% total skipped)
Most recent URL: https://gumgum.com/terms-and-policies/holiday-game-terms
URLs checked: 9021 
Pages crawled: 2604 
Rejected: 3938 
Bloom filter conflicts: 2434 
(70.64% total skipped)
Most recent URL: https://fb.com/communitystandards/
URLs checked: 9024 
Pages crawled: 2605 
Rejected: 3938 
Bloom filter conflicts: 2436 
(70.63% total skipped)
Most recent URL: https://support.wix.com/en/article/previewing-your-email-campaign-2761925
URLs checked: 9025 
Pages crawled: 2606 
Rejected: 3938 
Bloom filter conflicts: 2436 
(70.63% total skipped)
Most recent URL: https://stackoverflow.com/q/62086077
URLs checked: 9026 
Pages crawled: 2607 
Rejected: 3938 
Bloom filter conflicts: 2436 
(70.62% total skipped)
Most recent URL: https://onetrust.com/forms/contact-us/
URLs checked: 9027 
Pages crawled: 2608 
Rejected: 3938 
Bloom filter conflicts: 2436 
(70.61% total skipped)
Most recent URL: https://newrelic.com/instant-observability/azure-event-grid-subscriptions
URLs checked: 9028 
Pages crawled: 2609 
Rejected: 3938 
Bloom filter conflicts: 2436 
(70.60% total skipped)
Most recent URL: https://www.tradingview.com/i/UKEiikQh
URLs checked: 9029 
Pages crawled: 2610 
Rejected: 3938 
Bloom filter conflicts: 2436 
(70.59% total skipped)
Most recent URL: https://www.google.com.br/websearch/answer/13511324?hl=en&ref_topic=3036131
URLs checked: 9032 
Pages crawled: 2611 
Rejected: 3940 
Bloom filter conflicts: 2436 
(70.59% total skipped)
Most recent URL: https://mayoclinic.org/diseases-conditions/index?letter=N
URLs checked: 9033 
Pages crawled: 2612 
Rejected: 3940 
Bloom filter conflicts: 2436 
(70.59% total skipped)
Most recent URL: https://time.com/5595475/prison-phone-calls-connecticut-law/
URLs checked: 9034 
Pages crawled: 2613 
Rejected: 3940 
Bloom filter conflicts: 2436 
(70.58% total skipped)
Most recent URL: https://www.healthline.com/health/dental-and-oral-health/tooth-decay-stages
URLs checked: 9035 
Pages crawled: 2614 
Rejected: 3940 
Bloom filter conflicts: 2436 
(70.57% total skipped)
Most recent URL: https://www.digitalocean.com/customers/scraperapi
URLs checked: 9037 
Pages crawled: 2615 
Rejected: 3941 
Bloom filter conflicts: 2436 
(70.57% total skipped)
Most recent URL: https://www.cnbc.com/2023/10/04/climate-crisis-2023-set-to-be-warmest-on-record-after-september-heat.html
URLs checked: 9042 
Pages crawled: 2616 
Rejected: 3944 
Bloom filter conflicts: 2437 
(70.57% total skipped)
Most recent URL: https://gnu.org/bulletins/bull13.html
URLs checked: 9043 
Pages crawled: 2617 
Rejected: 3944 
Bloom filter conflicts: 2437 
(70.56% total skipped)
Most recent URL: https://www.npr.org/2023/08/11/1193446007/the-battle-over-book-bans-takes-a-toll-on-librarians-and-comes-at-a-financial-co
URLs checked: 9044 
Pages crawled: 2618 
Rejected: 3944 
Bloom filter conflicts: 2437 
(70.56% total skipped)
Most recent URL: https://hipages.com.au/find/roof_repairs_roof_tile_replacement/act/canberra
URLs checked: 9045 
Pages crawled: 2619 
Rejected: 3944 
Bloom filter conflicts: 2437 
(70.55% total skipped)
Most recent URL: https://www.addtoany.com/buttons/customize/twitter_message
URLs checked: 9058 
Pages crawled: 2620 
Rejected: 3955 
Bloom filter conflicts: 2438 
(70.58% total skipped)
Most recent URL: https://google.com.br/websearch/answer/3284611?hl=en&ref_topic=3081620
URLs checked: 9059 
Pages crawled: 2621 
Rejected: 3955 
Bloom filter conflicts: 2438 
(70.57% total skipped)
Most recent URL: https://gumgum.com/benefits-careers/28-days-paid-holiday
URLs checked: 9068 
Pages crawled: 2622 
Rejected: 3962 
Bloom filter conflicts: 2439 
(70.59% total skipped)
Most recent URL: https://stackoverflow.com/posts/42164082/timeline
URLs checked: 9070 
Pages crawled: 2623 
Rejected: 3963 
Bloom filter conflicts: 2439 
(70.58% total skipped)
Most recent URL: https://docs.digitalocean.com/products/spaces/details/availability/
URLs checked: 9072 
Pages crawled: 2624 
Rejected: 3964 
Bloom filter conflicts: 2439 
(70.58% total skipped)
Most recent URL: https://theverge.com/2022/6/6/23156326/biden-solar-tariffs-renewable-energy-commerce-investigation
URLs checked: 9083 
Pages crawled: 2625 
Rejected: 3970 
Bloom filter conflicts: 2443 
(70.60% total skipped)
Most recent URL: https://verkada.com/viewing-station/vx52/
URLs checked: 9084 
Pages crawled: 2626 
Rejected: 3970 
Bloom filter conflicts: 2443 
(70.60% total skipped)
Most recent URL: https://www.t-mobile.com/benefits/mlb
URLs checked: 9085 
Pages crawled: 2627 
Rejected: 3970 
Bloom filter conflicts: 2443 
(70.59% total skipped)
Most recent URL: https://eset.com/int/business/solutions/vulnerability-patch-management/
URLs checked: 9087 
Pages crawled: 2628 
Rejected: 3970 
Bloom filter conflicts: 2444 
(70.58% total skipped)
Most recent URL: https://newrelic.com/instant-observability/azure-front-door
URLs checked: 9088 
Pages crawled: 2629 
Rejected: 3970 
Bloom filter conflicts: 2444 
(70.58% total skipped)
Most recent URL: https://www.mayoclinic.org/departments-centers/general-internal-medicine/sections/overview/ovc-20461602
URLs checked: 9089 
Pages crawled: 2630 
Rejected: 3970 
Bloom filter conflicts: 2444 
(70.57% total skipped)
Most recent URL: https://www.healthline.com/health/headache/types-of-headaches
URLs checked: 9092 
Pages crawled: 2631 
Rejected: 3972 
Bloom filter conflicts: 2444 
(70.57% total skipped)
Most recent URL: https://google.com.br/websearch/answer/13875847?hl=en&ref_topic=13544225
URLs checked: 9093 
Pages crawled: 2632 
Rejected: 3972 
Bloom filter conflicts: 2444 
(70.56% total skipped)
Most recent URL: https://gumgum.com/benefits-careers/private-medical-coverage
URLs checked: 9094 
Pages crawled: 2633 
Rejected: 3972 
Bloom filter conflicts: 2444 
(70.55% total skipped)
Most recent URL: https://savannah.gnu.org/users/pescetti
URLs checked: 9095 
Pages crawled: 2634 
Rejected: 3972 
Bloom filter conflicts: 2444 
(70.54% total skipped)
Most recent URL: https://www.academia.edu/Jobs/At/Stanford_University
URLs checked: 9096 
Pages crawled: 2635 
Rejected: 3972 
Bloom filter conflicts: 2444 
(70.54% total skipped)
Most recent URL: https://addtoany.com/buttons/customize/drupal/twitter_message
URLs checked: 9106 
Pages crawled: 2636 
Rejected: 3979 
Bloom filter conflicts: 2446 
(70.56% total skipped)
Most recent URL: https://www.dnsmadeeasy.com/post/streamlining-dns-management-for-cost-savings-with-digicert-dns-trust-manager
URLs checked: 9108 
Pages crawled: 2637 
Rejected: 3979 
Bloom filter conflicts: 2447 
(70.55% total skipped)
Most recent URL: https://www.wsj.com/personal-finance?mod=nav_top_section
URLs checked: 9109 
Pages crawled: 2638 
Rejected: 3979 
Bloom filter conflicts: 2447 
(70.55% total skipped)
Most recent URL: https://mailchimp.com/developer/transactional/docs/authentication-delivery/
URLs checked: 9111 
Pages crawled: 2639 
Rejected: 3980 
Bloom filter conflicts: 2447 
(70.54% total skipped)
Most recent URL: https://www.google.com.br/websearch/answer/9049144?hl=en&ref_topic=9739148
URLs checked: 9115 
Pages crawled: 2640 
Rejected: 3981 
Bloom filter conflicts: 2449 
(70.54% total skipped)
Most recent URL: https://fb.com/researchtools/other-datasets
URLs checked: 9117 
Pages crawled: 2641 
Rejected: 3982 
Bloom filter conflicts: 2449 
(70.54% total skipped)
Most recent URL: https://www.wix.com/blog/social-media-marketing
URLs checked: 9119 
Pages crawled: 2642 
Rejected: 3982 
Bloom filter conflicts: 2450 
(70.53% total skipped)
Most recent URL: https://cnet.com/tech/computing/best-budget-laptop/
URLs checked: 9120 
Pages crawled: 2643 
Rejected: 3982 
Bloom filter conflicts: 2450 
(70.53% total skipped)
Most recent URL: https://www.academia.edu/copyright
URLs checked: 9121 
Pages crawled: 2644 
Rejected: 3982 
Bloom filter conflicts: 2450 
(70.52% total skipped)
Most recent URL: https://www.business.att.com/products/cdn.html
URLs checked: 9122 
Pages crawled: 2645 
Rejected: 3982 
Bloom filter conflicts: 2450 
(70.51% total skipped)
Most recent URL: https://time.com/tag/economy/
URLs checked: 9123 
Pages crawled: 2646 
Rejected: 3982 
Bloom filter conflicts: 2450 
(70.50% total skipped)
Most recent URL: https://newrelic.com/termsandconditions/applicant-privacy-policy
URLs checked: 9124 
Pages crawled: 2647 
Rejected: 3982 
Bloom filter conflicts: 2450 
(70.50% total skipped)
Most recent URL: https://www.healthline.com/program/knowledge-is-power-with-early-breast-cancer
URLs checked: 9125 
Pages crawled: 2648 
Rejected: 3982 
Bloom filter conflicts: 2450 
(70.49% total skipped)
Most recent URL: https://www.eset.com/int/business/solutions/multi-factor-authentication/
URLs checked: 9126 
Pages crawled: 2649 
Rejected: 3982 
Bloom filter conflicts: 2450 
(70.48% total skipped)
Most recent URL: https://hipages.com.au/find/handyman/qld/loganlea
URLs checked: 9126 
Pages crawled: 2650 
Rejected: 3982 
Bloom filter conflicts: 2450 
(70.48% total skipped)
Most recent URL: https://stackoverflow.com/questions/4870328/read-environment-variables-in-node-js
URLs checked: 9128 
Pages crawled: 2651 
Rejected: 3982 
Bloom filter conflicts: 2450 
(70.46% total skipped)
Most recent URL: https://www.mayoclinic.org/departments-centers/primary-care-arizona/sections/overview/ovc-20457292
URLs checked: 9129 
Pages crawled: 2652 
Rejected: 3982 
Bloom filter conflicts: 2450 
(70.46% total skipped)
Most recent URL: https://sophos.com/en-us/marketplace/hashicorp-vault
URLs checked: 9130 
Pages crawled: 2653 
Rejected: 3982 
Bloom filter conflicts: 2450 
(70.45% total skipped)
Most recent URL: https://www.cnbc.com/energy/
URLs checked: 9131 
Pages crawled: 2654 
Rejected: 3982 
Bloom filter conflicts: 2450 
(70.44% total skipped)
Most recent URL: https://nature.com/articles/s41467-023-43622-3
URLs checked: 9138 
Pages crawled: 2655 
Rejected: 3988 
Bloom filter conflicts: 2450 
(70.45% total skipped)
Most recent URL: https://ring.com/products/2-pack-alarm-window-door-contact-sensor-v2
URLs checked: 9139 
Pages crawled: 2656 
Rejected: 3988 
Bloom filter conflicts: 2450 
(70.45% total skipped)
Most recent URL: https://theverge.com/23943463/sustainability-tech-climate-change-ai-housing-ev?showComments=1
URLs checked: 9142 
Pages crawled: 2657 
Rejected: 3988 
Bloom filter conflicts: 2452 
(70.44% total skipped)
Most recent URL: https://gumgum.com/case-study/dominos-attention-study
URLs checked: 9143 
Pages crawled: 2658 
Rejected: 3988 
Bloom filter conflicts: 2452 
(70.44% total skipped)
Most recent URL: https://tradingview.com/chart/TSLA/iKlV4hgo-TSLA-MIGHT-RALLY/
URLs checked: 9144 
Pages crawled: 2659 
Rejected: 3988 
Bloom filter conflicts: 2452 
(70.43% total skipped)
Most recent URL: https://store.steampowered.com/dlc/1681430/RoboCop_Rogue_City/?snr=1_5_9__1061
URLs checked: 9152 
Pages crawled: 2660 
Rejected: 3991 
Bloom filter conflicts: 2456 
(70.44% total skipped)
Most recent URL: https://t-mobile.com/cell-phone/samsung-galaxy-s23-ultra?ICID=MGPO_TMO_U_23SMGXYNPI_QSVXMO1UROMT6VXNA33029&INTNAV=fNav%3ANewFeaturedCellPhones%3ASamsungGalaxyS23Ultra
URLs checked: 9155 
Pages crawled: 2661 
Rejected: 3992 
Bloom filter conflicts: 2457 
(70.44% total skipped)
Most recent URL: https://onetrust.com/transparency-report/
URLs checked: 9156 
Pages crawled: 2662 
Rejected: 3992 
Bloom filter conflicts: 2457 
(70.43% total skipped)
Most recent URL: https://digitalocean.com/pricing
URLs checked: 9160 
Pages crawled: 2663 
Rejected: 3993 
Bloom filter conflicts: 2459 
(70.44% total skipped)
Most recent URL: https://hipages.com.au/find/handyman/qld/cloncurry
URLs checked: 9162 
Pages crawled: 2664 
Rejected: 3994 
Bloom filter conflicts: 2459 
(70.43% total skipped)
Most recent URL: https://google.com.br/websearch/answer/9507369?hl=en&ref_topic=3036131
URLs checked: 9165 
Pages crawled: 2665 
Rejected: 3995 
Bloom filter conflicts: 2460 
(70.43% total skipped)
Most recent URL: https://badoo.com/en-us/dating/united-states/new-york/niagara-falls/
URLs checked: 9166 
Pages crawled: 2666 
Rejected: 3995 
Bloom filter conflicts: 2460 
(70.42% total skipped)
Most recent URL: https://www.wsj.com/world/oceania?mod=nav_top_subsection
URLs checked: 9176 
Pages crawled: 2667 
Rejected: 4002 
Bloom filter conflicts: 2462 
(70.44% total skipped)
Most recent URL: https://addtoany.com/services/aol_mail_button
URLs checked: 9178 
Pages crawled: 2668 
Rejected: 4003 
Bloom filter conflicts: 2462 
(70.44% total skipped)
Most recent URL: https://gnu.org/software/abcsh/
URLs checked: 9179 
Pages crawled: 2669 
Rejected: 4003 
Bloom filter conflicts: 2462 
(70.43% total skipped)
Most recent URL: https://gumgum.com/benefits-regions/canada
URLs checked: 9181 
Pages crawled: 2670 
Rejected: 4004 
Bloom filter conflicts: 2462 
(70.43% total skipped)
Most recent URL: https://www.cnet.com/tech/home-entertainment/early-black-friday-sales-are-already-here-what-you-need-to-know/
URLs checked: 9185 
Pages crawled: 2671 
Rejected: 4005 
Bloom filter conflicts: 2464 
(70.43% total skipped)
Most recent URL: https://mailchimp.com/developer/transactional/api/messages/
URLs checked: 9186 
Pages crawled: 2672 
Rejected: 4005 
Bloom filter conflicts: 2464 
(70.42% total skipped)
Most recent URL: https://time.com/6330882/zooey-zephyr-chosen-family-essay/
URLs checked: 9188 
Pages crawled: 2673 
Rejected: 4005 
Bloom filter conflicts: 2465 
(70.42% total skipped)
Most recent URL: https://www.tradingview.com/chart/TTE/z1VQlg8i-TOTALENERGIES-To-Keep-In-Portfolio/
URLs checked: 9189 
Pages crawled: 2674 
Rejected: 4005 
Bloom filter conflicts: 2465 
(70.41% total skipped)
Most recent URL: https://theverge.com/23965540/humane-ai-pin-screen-phone-ambient-computing
URLs checked: 9190 
Pages crawled: 2675 
Rejected: 4005 
Bloom filter conflicts: 2465 
(70.40% total skipped)
Most recent URL: https://www.healthline.com/nutrition/coffee-inflammation?utm_source=ReadNext
URLs checked: 9192 
Pages crawled: 2676 
Rejected: 4005 
Bloom filter conflicts: 2466 
(70.40% total skipped)
Most recent URL: https://www.cnbc.com/2023/11/22/the-sp-500-could-see-double-digit-gains-again-in-2024-rbc-says.html
URLs checked: 9193 
Pages crawled: 2677 
Rejected: 4005 
Bloom filter conflicts: 2466 
(70.39% total skipped)
Most recent URL: https://stackoverflow.com/questions/tagged/hash+c%23
URLs checked: 9199 
Pages crawled: 2678 
Rejected: 4009 
Bloom filter conflicts: 2467 
(70.40% total skipped)
Most recent URL: https://google.com.br/websearch/answer/7579076?hl=en&ref_topic=3081620
URLs checked: 9204 
Pages crawled: 2679 
Rejected: 4010 
Bloom filter conflicts: 2470 
(70.40% total skipped)
Most recent URL: https://www.t-mobile.com/devices/phone-trade-in
URLs checked: 9205 
Pages crawled: 2680 
Rejected: 4010 
Bloom filter conflicts: 2470 
(70.40% total skipped)
Most recent URL: https://docs.digitalocean.com/products/spaces/concepts/best-practices/
URLs checked: 9231 
Pages crawled: 2681 
Rejected: 4031 
Bloom filter conflicts: 2474 
(70.47% total skipped)
Most recent URL: https://verkada.com/solutions/hospitality/
URLs checked: 9232 
Pages crawled: 2682 
Rejected: 4031 
Bloom filter conflicts: 2474 
(70.46% total skipped)
Most recent URL: https://newrelic.com/instant-observability/?category=open-source-monitoring
URLs checked: 9236 
Pages crawled: 2683 
Rejected: 4032 
Bloom filter conflicts: 2476 
(70.46% total skipped)
Most recent URL: https://www.business.att.com/learn/articles/your-guidebook-to-fiber-5G-and-business-built-connectivity.html
URLs checked: 9237 
Pages crawled: 2684 
Rejected: 4032 
Bloom filter conflicts: 2476 
(70.46% total skipped)
Most recent URL: https://www.sophos.com/en-us/whitepaper/cybersecurity-fit-for-future
URLs checked: 9238 
Pages crawled: 2685 
Rejected: 4032 
Bloom filter conflicts: 2476 
(70.45% total skipped)
Most recent URL: https://hipages.com.au/find/handyman/qld/kingaroy
URLs checked: 9239 
Pages crawled: 2686 
Rejected: 4032 
Bloom filter conflicts: 2476 
(70.44% total skipped)
Most recent URL: https://www.wsj.com/podcasts/minute-briefing/andy-jassy-becomes-amazon-new-ceo/93359118-2E2E-4C7F-894C-979DB6277930?mod=error_page
URLs checked: 9239 
Pages crawled: 2687 
Rejected: 4032 
Bloom filter conflicts: 2476 
(70.44% total skipped)
Most recent URL: https://ietf.org/topics/keywords/
URLs checked: 9245 
Pages crawled: 2688 
Rejected: 4034 
Bloom filter conflicts: 2478 
(70.44% total skipped)
Most recent URL: https://www.google.com.br/websearch/community?hl=en
URLs checked: 9251 
Pages crawled: 2689 
Rejected: 4036 
Bloom filter conflicts: 2481 
(70.45% total skipped)
Most recent URL: https://www.addtoany.com/buttons/customize/translation_localization
URLs checked: 9252 
Pages crawled: 2690 
Rejected: 4036 
Bloom filter conflicts: 2481 
(70.44% total skipped)
Most recent URL: https://www.wix.com/blog/how-to-raise-money-for-a-business
URLs checked: 9253 
Pages crawled: 2691 
Rejected: 4036 
Bloom filter conflicts: 2481 
(70.43% total skipped)
Most recent URL: https://www.npr.org/artists/1177590563/yeule
URLs checked: 9264 
Pages crawled: 2692 
Rejected: 4040 
Bloom filter conflicts: 2487 
(70.46% total skipped)
Most recent URL: https://www.ca.gov/service/?item=Find-a-Job
URLs checked: 9269 
Pages crawled: 2693 
Rejected: 4043 
Bloom filter conflicts: 2488 
(70.46% total skipped)
Most recent URL: https://theverge.com/2023/11/10/23955191/verizon-netflix-warner-discovery-max-streaming-bundle-ads
URLs checked: 9272 
Pages crawled: 2694 
Rejected: 4043 
Bloom filter conflicts: 2490 
(70.46% total skipped)
Most recent URL: https://www.google.com.br/websearch/answer/463?hl=en&ref_topic=3036131
URLs checked: 9273 
Pages crawled: 2695 
Rejected: 4043 
Bloom filter conflicts: 2490 
(70.45% total skipped)
Most recent URL: https://www.t-mobile.com/home-internet/how-5g-home-internet-works?INTNAV=tNav%3AHowItWorks
URLs checked: 9274 
Pages crawled: 2696 
Rejected: 4043 
Bloom filter conflicts: 2490 
(70.44% total skipped)
Most recent URL: https://www.dnsmadeeasy.com/technology/affiliate-program
URLs checked: 9279 
Pages crawled: 2697 
Rejected: 4043 
Bloom filter conflicts: 2494 
(70.45% total skipped)
Most recent URL: https://gumgum.com/terms-and-policies/opt-out
URLs checked: 9281 
Pages crawled: 2698 
Rejected: 4044 
Bloom filter conflicts: 2494 
(70.44% total skipped)
Most recent URL: https://stackoverflow.com/questions/tagged/google-natural-language%2bapache-beam?tab=Unanswered
URLs checked: 9282 
Pages crawled: 2699 
Rejected: 4044 
Bloom filter conflicts: 2494 
(70.44% total skipped)
Most recent URL: https://www.nature.com/articles/d41586-023-02973-z
URLs checked: 9283 
Pages crawled: 2700 
Rejected: 4044 
Bloom filter conflicts: 2494 
(70.43% total skipped)
Most recent URL: https://newrelic.com/blog/how-to-relic/session-replay-limited-preview-announcement
URLs checked: 9284 
Pages crawled: 2701 
Rejected: 4044 
Bloom filter conflicts: 2494 
(70.42% total skipped)
Most recent URL: https://www.business.att.com/businesscenter/msites/support/ipflex/enterprise-admin/manage-inbound-call-features.html
URLs checked: 9285 
Pages crawled: 2702 
Rejected: 4044 
Bloom filter conflicts: 2494 
(70.41% total skipped)
Most recent URL: https://www.healthline.com/health/pain-relief/aspirin-ibuprofen
URLs checked: 9287 
Pages crawled: 2703 
Rejected: 4044 
Bloom filter conflicts: 2495 
(70.41% total skipped)
Most recent URL: https://www.mayoclinic.org/tests-procedures/larynx-trachea-transplant/about/pac-20532544
URLs checked: 9288 
Pages crawled: 2704 
Rejected: 4044 
Bloom filter conflicts: 2495 
(70.40% total skipped)
Most recent URL: https://blog.digitalocean.com/solutions/vps-hosting
URLs checked: 9290 
Pages crawled: 2705 
Rejected: 4044 
Bloom filter conflicts: 2496 
(70.40% total skipped)
Most recent URL: https://www.sophos.com/en-us/products/next-gen-firewall
URLs checked: 9298 
Pages crawled: 2706 
Rejected: 4050 
Bloom filter conflicts: 2497 
(70.41% total skipped)
Most recent URL: https://ring.com/products/pan-tilt-mount
URLs checked: 9300 
Pages crawled: 2707 
Rejected: 4051 
Bloom filter conflicts: 2497 
(70.41% total skipped)
Most recent URL: https://mailchimp.com/developer/marketing/api/lists/batch-subscribe-or-unsubscribe/
URLs checked: 9305 
Pages crawled: 2708 
Rejected: 4053 
Bloom filter conflicts: 2499 
(70.41% total skipped)
Most recent URL: https://ietf.org/links/
URLs checked: 9307 
Pages crawled: 2709 
Rejected: 4053 
Bloom filter conflicts: 2500 
(70.41% total skipped)
Most recent URL: https://www.cnet.com/deals/best-oled-tv-deals/
URLs checked: 9307 
Pages crawled: 2710 
Rejected: 4053 
Bloom filter conflicts: 2500 
(70.41% total skipped)
Most recent URL: https://www.wix.com/performance
URLs checked: 9309 
Pages crawled: 2711 
Rejected: 4053 
Bloom filter conflicts: 2500 
(70.39% total skipped)
Most recent URL: https://tradingview.com/symbols/NASDAQ-WEN/
URLs checked: 9311 
Pages crawled: 2712 
Rejected: 4054 
Bloom filter conflicts: 2500 
(70.39% total skipped)
Most recent URL: https://hipages.com.au/find/glass_glazier/south_east_nsw_region
URLs checked: 9312 
Pages crawled: 2713 
Rejected: 4054 
Bloom filter conflicts: 2500 
(70.38% total skipped)
Most recent URL: https://www.braze.com/docs/developer_guide/platform_integration_guides/web/push_notifications/soft_push_prompt/
URLs checked: 9320 
Pages crawled: 2714 
Rejected: 4061 
Bloom filter conflicts: 2500 
(70.40% total skipped)
Most recent URL: https://www.wsj.com/sports?mod=nav_top_section
URLs checked: 9323 
Pages crawled: 2715 
Rejected: 4063 
Bloom filter conflicts: 2500 
(70.40% total skipped)
Most recent URL: https://addtoany.com/buttons/customize/drupal/css_style_colors
URLs checked: 9324 
Pages crawled: 2716 
Rejected: 4063 
Bloom filter conflicts: 2500 
(70.39% total skipped)
Most recent URL: https://gnu.org/software/freetalk/
URLs checked: 9326 
Pages crawled: 2717 
Rejected: 4064 
Bloom filter conflicts: 2500 
(70.38% total skipped)
Most recent URL: https://badoo.com/en-us/dating/united-states/texas/conroe/
URLs checked: 9327 
Pages crawled: 2718 
Rejected: 4064 
Bloom filter conflicts: 2500 
(70.38% total skipped)
Most recent URL: https://newrelic.com/platform/telemetry-data-platform
URLs checked: 9335 
Pages crawled: 2719 
Rejected: 4071 
Bloom filter conflicts: 2500 
(70.39% total skipped)
Most recent URL: https://www.google.com.br/websearch/answer/9503395?hl=en&ref_topic=3036131
URLs checked: 9342 
Pages crawled: 2720 
Rejected: 4077 
Bloom filter conflicts: 2500 
(70.40% total skipped)
Most recent URL: https://privacyportal-cdn.onetrust.com/dsarwebform/37bcc497-a196-48f1-a08b-e897b5a77859/08a01c64-41fd-4b4e-9d42-cde44371a422.html
URLs checked: 9343 
Pages crawled: 2721 
Rejected: 4077 
Bloom filter conflicts: 2500 
(70.39% total skipped)
Most recent URL: https://theverge.com/23894652/ea-sports-fc-24-launch-future-playstation-xbox-pc-switch
URLs checked: 9344 
Pages crawled: 2722 
Rejected: 4077 
Bloom filter conflicts: 2500 
(70.39% total skipped)
Most recent URL: https://stackoverflow.com/users/7903169/urglmorl
URLs checked: 9345 
Pages crawled: 2723 
Rejected: 4077 
Bloom filter conflicts: 2500 
(70.38% total skipped)
Most recent URL: https://www.healthline.com/series
URLs checked: 9346 
Pages crawled: 2724 
Rejected: 4077 
Bloom filter conflicts: 2500 
(70.37% total skipped)
Most recent URL: https://www.wix.com/blog/subscribe
URLs checked: 9348 
Pages crawled: 2725 
Rejected: 4077 
Bloom filter conflicts: 2501 
(70.37% total skipped)
Most recent URL: https://www.business.att.com/businesscenter/msites/support/ipflex/enterprise-admin/group-details-page.html
URLs checked: 9349 
Pages crawled: 2726 
Rejected: 4077 
Bloom filter conflicts: 2501 
(70.36% total skipped)
Most recent URL: https://time.com/5932846/defining-works-of-the-black-renaissance/
URLs checked: 9353 
Pages crawled: 2727 
Rejected: 4079 
Bloom filter conflicts: 2502 
(70.36% total skipped)
Most recent URL: https://mailchimp.com/
URLs checked: 9357 
Pages crawled: 2728 
Rejected: 4082 
Bloom filter conflicts: 2502 
(70.36% total skipped)
Most recent URL: https://www.google.com.br/websearch/answer/9817187?hl=en&ref_topic=1733202
URLs checked: 9365 
Pages crawled: 2729 
Rejected: 4086 
Bloom filter conflicts: 2505 
(70.38% total skipped)
Most recent URL: https://fb.com/metasecurity/security-threats
URLs checked: 9368 
Pages crawled: 2730 
Rejected: 4088 
Bloom filter conflicts: 2505 
(70.38% total skipped)
Most recent URL: https://www.t-mobile.com/home-internet/eligibility?INTNAV=tNav%3AHowItWorks%3ACheckAvailability
URLs checked: 9370 
Pages crawled: 2731 
Rejected: 4089 
Bloom filter conflicts: 2505 
(70.37% total skipped)
Most recent URL: https://ring.com/products/echo-show-10
URLs checked: 9371 
Pages crawled: 2732 
Rejected: 4089 
Bloom filter conflicts: 2505 
(70.37% total skipped)
Most recent URL: https://www.dnsmadeeasy.com/enterprise-inquiry
URLs checked: 9375 
Pages crawled: 2733 
Rejected: 4090 
Bloom filter conflicts: 2507 
(70.37% total skipped)
Most recent URL: https://addtoany.com/buttons/customize/single_button_customize
URLs checked: 9376 
Pages crawled: 2734 
Rejected: 4090 
Bloom filter conflicts: 2507 
(70.36% total skipped)
Most recent URL: https://www.google.com.br/websearch/answer/112568?hl=en&ref_topic=3180360
URLs checked: 9377 
Pages crawled: 2735 
Rejected: 4090 
Bloom filter conflicts: 2507 
(70.35% total skipped)
Most recent URL: https://verkada.com/access-control/pass/
URLs checked: 9378 
Pages crawled: 2736 
Rejected: 4090 
Bloom filter conflicts: 2507 
(70.35% total skipped)
Most recent URL: https://stackoverflow.com/users/login?ssrc=head&returnurl=https%3a%2f%2fstackoverflow.com%2fquestions%2f68202108%2fstanfordcorenlp-inforootwaiting-until-the-server-is-available
URLs checked: 9379 
Pages crawled: 2737 
Rejected: 4090 
Bloom filter conflicts: 2507 
(70.34% total skipped)
Most recent URL: https://www.att.com/acctsvcs/fastpay?source=IYPO000000000000U&wtExtndSource=Ref-phone-lander
URLs checked: 9380 
Pages crawled: 2738 
Rejected: 4090 
Bloom filter conflicts: 2507 
(70.33% total skipped)
Most recent URL: https://www.gumgum.com/exchange
URLs checked: 9381 
Pages crawled: 2739 
Rejected: 4090 
Bloom filter conflicts: 2507 
(70.32% total skipped)
Most recent URL: https://gnu.org/graphics/gnu-jacket.html
URLs checked: 9382 
Pages crawled: 2740 
Rejected: 4090 
Bloom filter conflicts: 2507 
(70.32% total skipped)
Most recent URL: https://cnet.com/home/security/
URLs checked: 9383 
Pages crawled: 2741 
Rejected: 4090 
Bloom filter conflicts: 2507 
(70.31% total skipped)
Most recent URL: https://mailchimp.com/developer/transactional/api/ips/delete-ip-address/
URLs checked: 9387 
Pages crawled: 2742 
Rejected: 4092 
Bloom filter conflicts: 2508 
(70.31% total skipped)
Most recent URL: https://docs.digitalocean.com/products/kubernetes/how-to/add-load-balancers/
URLs checked: 9388 
Pages crawled: 2743 
Rejected: 4092 
Bloom filter conflicts: 2508 
(70.30% total skipped)
Most recent URL: https://tradingview.com/chart/EURUSD/ZRO2N1VR-Trading-Breakouts-and-Pullbacks-Trading-Strategies/
URLs checked: 9389 
Pages crawled: 2744 
Rejected: 4092 
Bloom filter conflicts: 2508 
(70.30% total skipped)
Most recent URL: https://time.com/6318833/dicks-the-musical-review/
URLs checked: 9390 
Pages crawled: 2745 
Rejected: 4092 
Bloom filter conflicts: 2508 
(70.29% total skipped)
Most recent URL: https://www.healthline.com/health/parenting/nosebleeds-in-children
URLs checked: 9391 
Pages crawled: 2746 
Rejected: 4092 
Bloom filter conflicts: 2508 
(70.28% total skipped)
Most recent URL: https://hipages.com.au/find/fences/tas/east_devonport
URLs checked: 9393 
Pages crawled: 2747 
Rejected: 4093 
Bloom filter conflicts: 2508 
(70.28% total skipped)
Most recent URL: https://www.braze.com/docs/developer_guide/platform_integration_guides/ios/in-app_messaging/customization/
URLs checked: 9396 
Pages crawled: 2748 
Rejected: 4095 
Bloom filter conflicts: 2508 
(70.27% total skipped)
Most recent URL: https://www.wsj.com/video/browse/life-culture/arts-and-entertainment?mod=nav_top_subsection
URLs checked: 9397 
Pages crawled: 2749 
Rejected: 4095 
Bloom filter conflicts: 2508 
(70.27% total skipped)
Most recent URL: https://badoo.com/the-blog
URLs checked: 9398 
Pages crawled: 2750 
Rejected: 4095 
Bloom filter conflicts: 2508 
(70.26% total skipped)
Most recent URL: https://theverge.com/22465651/google-pixel-buds-a-series-earbuds-review-features-price
URLs checked: 9405 
Pages crawled: 2751 
Rejected: 4098 
Bloom filter conflicts: 2511 
(70.27% total skipped)
Most recent URL: https://login.eset.com
URLs checked: 9408 
Pages crawled: 2752 
Rejected: 4100 
Bloom filter conflicts: 2511 
(70.27% total skipped)
Most recent URL: https://www.ietf.org/about/groups/iesg/members/
URLs checked: 9409 
Pages crawled: 2753 
Rejected: 4100 
Bloom filter conflicts: 2511 
(70.26% total skipped)
Most recent URL: https://support.wix.com/en/article/wix-studio-about-the-discover-page
URLs checked: 9410 
Pages crawled: 2754 
Rejected: 4100 
Bloom filter conflicts: 2511 
(70.26% total skipped)
Most recent URL: https://mayoclinic.org/departments-centers/international
URLs checked: 9415 
Pages crawled: 2755 
Rejected: 4104 
Bloom filter conflicts: 2511 
(70.26% total skipped)
Most recent URL: https://www.google.com.br/websearch/answer/2390267?hl=en&ref_topic=1733202
URLs checked: 9419 
Pages crawled: 2756 
Rejected: 4107 
Bloom filter conflicts: 2511 
(70.26% total skipped)
Most recent URL: https://mailchimp.com/developer/release-notes/changing-api-server-response-for-client-errors/
URLs checked: 9420 
Pages crawled: 2757 
Rejected: 4107 
Bloom filter conflicts: 2511 
(70.25% total skipped)
Most recent URL: https://stackoverflow.com/users/1416932/user1416932
URLs checked: 9421 
Pages crawled: 2758 
Rejected: 4107 
Bloom filter conflicts: 2511 
(70.25% total skipped)
Most recent URL: https://time.com/6339981/can-weed-edibles-help-you-sleep/
URLs checked: 9423 
Pages crawled: 2759 
Rejected: 4107 
Bloom filter conflicts: 2512 
(70.24% total skipped)
Most recent URL: https://www.healthline.com/health/rheumatoid-arthritis/managing-advancing-ra/tips-for-living-independently
URLs checked: 9425 
Pages crawled: 2760 
Rejected: 4108 
Bloom filter conflicts: 2512 
(70.24% total skipped)
Most recent URL: https://www.digitalocean.com/community/users/maciej
URLs checked: 9426 
Pages crawled: 2761 
Rejected: 4108 
Bloom filter conflicts: 2512 
(70.23% total skipped)
Most recent URL: https://www.cnbc.com/2023/11/10/why-cramer-would-be-an-aggressive-buyer-of-coterra-energy-.html
URLs checked: 9427 
Pages crawled: 2762 
Rejected: 4108 
Bloom filter conflicts: 2512 
(70.22% total skipped)
Most recent URL: https://hipages.com.au/find/electricians/canterbury_bankstown_region
URLs checked: 9429 
Pages crawled: 2763 
Rejected: 4109 
Bloom filter conflicts: 2512 
(70.22% total skipped)
Most recent URL: https://rackspace.com/information/legal/privacycenter
URLs checked: 9430 
Pages crawled: 2764 
Rejected: 4109 
Bloom filter conflicts: 2512 
(70.21% total skipped)
Most recent URL: https://store.steampowered.com/share/twitter/app/1681430
URLs checked: 9432 
Pages crawled: 2765 
Rejected: 4109 
Bloom filter conflicts: 2513 
(70.21% total skipped)
Most recent URL: https://datatracker.ietf.org/doc/shepherdwriteup-template/workinggroup
URLs checked: 9433 
Pages crawled: 2766 
Rejected: 4109 
Bloom filter conflicts: 2513 
(70.20% total skipped)
Most recent URL: https://www.mayoclinic.org/diseases-conditions/tay-sachs-disease/symptoms-causes/syc-20378190
URLs checked: 9436 
Pages crawled: 2767 
Rejected: 4111 
Bloom filter conflicts: 2513 
(70.20% total skipped)
Most recent URL: https://www.academia.edu/signup
URLs checked: 9437 
Pages crawled: 2768 
Rejected: 4111 
Bloom filter conflicts: 2513 
(70.19% total skipped)
Most recent URL: https://addtoany.com/services/svejo_button
URLs checked: 9438 
Pages crawled: 2769 
Rejected: 4111 
Bloom filter conflicts: 2513 
(70.18% total skipped)
Most recent URL: https://www.t-mobile.com/cell-phone/apple-iphone-14-pro
URLs checked: 9439 
Pages crawled: 2770 
Rejected: 4111 
Bloom filter conflicts: 2513 
(70.18% total skipped)
Most recent URL: https://fb.com/settings
URLs checked: 9441 
Pages crawled: 2771 
Rejected: 4111 
Bloom filter conflicts: 2514 
(70.17% total skipped)
Most recent URL: https://www.dnsmadeeasy.com/services/anamerecords
URLs checked: 9442 
Pages crawled: 2772 
Rejected: 4111 
Bloom filter conflicts: 2514 
(70.17% total skipped)
Most recent URL: https://npr.org/programs/fresh-air/
URLs checked: 9444 
Pages crawled: 2773 
Rejected: 4112 
Bloom filter conflicts: 2514 
(70.16% total skipped)
Most recent URL: https://nature.com/nature/reviews-and-analysis?searchType=journalSearch&sort=PubDate&year=2005&page=23
URLs checked: 9445 
Pages crawled: 2774 
Rejected: 4112 
Bloom filter conflicts: 2514 
(70.15% total skipped)
Most recent URL: https://www.gumgum.com/guides/the-rise-of-the-visual-web
URLs checked: 9446 
Pages crawled: 2775 
Rejected: 4112 
Bloom filter conflicts: 2514 
(70.15% total skipped)
Most recent URL: https://hipages.com.au/find/guttering
URLs checked: 9456 
Pages crawled: 2776 
Rejected: 4120 
Bloom filter conflicts: 2515 
(70.17% total skipped)
Most recent URL: https://gnu.org/contact/gnu-advisory.html
URLs checked: 9461 
Pages crawled: 2777 
Rejected: 4124 
Bloom filter conflicts: 2515 
(70.17% total skipped)
Most recent URL: https://verkada.com/security-cameras/ptz/
URLs checked: 9462 
Pages crawled: 2778 
Rejected: 4124 
Bloom filter conflicts: 2515 
(70.16% total skipped)
Most recent URL: https://stackoverflow.com/users/22623787/23768264
URLs checked: 9463 
Pages crawled: 2779 
Rejected: 4124 
Bloom filter conflicts: 2515 
(70.16% total skipped)
Most recent URL: https://docs.newrelic.com/docs/infrastructure/microsoft-azure-integrations/azure-integrations-list/azure-storage-monitoring-integration/
URLs checked: 9464 
Pages crawled: 2780 
Rejected: 4124 
Bloom filter conflicts: 2515 
(70.15% total skipped)
Most recent URL: https://time.com/5919456/time-best-photojournalism-2020/
URLs checked: 9465 
Pages crawled: 2781 
Rejected: 4124 
Bloom filter conflicts: 2515 
(70.14% total skipped)
Most recent URL: https://cnet.com/tech/mobile/best-airpods-max-accessories/
URLs checked: 9466 
Pages crawled: 2782 
Rejected: 4124 
Bloom filter conflicts: 2515 
(70.14% total skipped)
Most recent URL: https://www.business.att.com/learn/research-reports/iot-blockchain-technology-improves-supply-chain-logistics.html
URLs checked: 9477 
Pages crawled: 2783 
Rejected: 4134 
Bloom filter conflicts: 2515 
(70.16% total skipped)
Most recent URL: https://www.wsj.com/lifestyle/travel?mod=nav_top_subsection
URLs checked: 9478 
Pages crawled: 2784 
Rejected: 4134 
Bloom filter conflicts: 2515 
(70.15% total skipped)
Most recent URL: https://google.com.br/intl/en/home/tools/
URLs checked: 9479 
Pages crawled: 2785 
Rejected: 4134 
Bloom filter conflicts: 2515 
(70.14% total skipped)
Most recent URL: https://badoo.com/en-us/dating/united-states/texas/mckinney/
URLs checked: 9482 
Pages crawled: 2786 
Rejected: 4136 
Bloom filter conflicts: 2515 
(70.14% total skipped)
Most recent URL: https://support.dnsmadeeasy.com/support/solutions/articles/47001000455-configure-dns-failover-with-a-template
URLs checked: 9484 
Pages crawled: 2787 
Rejected: 4136 
Bloom filter conflicts: 2516 
(70.14% total skipped)
Most recent URL: https://www.wix.com/blog/brand-personality
URLs checked: 9487 
Pages crawled: 2788 
Rejected: 4137 
Bloom filter conflicts: 2517 
(70.14% total skipped)
Most recent URL: https://www.digitalocean.com/community/tutorials/object-storage-vs-block-storage-services
URLs checked: 9488 
Pages crawled: 2789 
Rejected: 4137 
Bloom filter conflicts: 2517 
(70.13% total skipped)
Most recent URL: https://fb.com/privacy/policy/?entry_point=facebook_page_footer
URLs checked: 9491 
Pages crawled: 2790 
Rejected: 4137 
Bloom filter conflicts: 2519 
(70.13% total skipped)
Most recent URL: https://store.steampowered.com/news/?snr=1_stats_7001__global-header
URLs checked: 9492 
Pages crawled: 2791 
Rejected: 4137 
Bloom filter conflicts: 2519 
(70.12% total skipped)
Most recent URL: https://datatracker.ietf.org/doc/draft-ietf-mls-protocol/03/
URLs checked: 9494 
Pages crawled: 2792 
Rejected: 4137 
Bloom filter conflicts: 2520 
(70.12% total skipped)
Most recent URL: https://google.com.br/websearch/answer/9789430?hl=en&ref_topic=3180360
URLs checked: 9499 
Pages crawled: 2793 
Rejected: 4139 
Bloom filter conflicts: 2522 
(70.12% total skipped)
Most recent URL: https://www.npr.org/2023/11/24/1211551109/concorde-last-flight-2003
Could not process att.com: The markup you provided was rejected by the parser. Trying a different parser or a different encoding may help.

Original exception(s) from parser:
 expected name token at '<![ï¿½\x1a{/ï¿½Qcfï¿½{ï¿½M2gï¿½\x13ï¿½'
URLs checked: 9503 
Pages crawled: 2794 
Rejected: 4141 
Bloom filter conflicts: 2522 
(70.11% total skipped)
Most recent URL: https://addtoany.com/services/pocket_button
URLs checked: 9507 
Pages crawled: 2795 
Rejected: 4144 
Bloom filter conflicts: 2522 
(70.12% total skipped)
Most recent URL: https://stackoverflow.com/posts/43970684/edit
URLs checked: 9509 
Pages crawled: 2796 
Rejected: 4145 
Bloom filter conflicts: 2522 
(70.11% total skipped)
Most recent URL: https://www.mayoclinic.org/diseases-conditions/colon-polyps/multimedia/colon-polyps/vid-20459392
URLs checked: 9511 
Pages crawled: 2797 
Rejected: 4146 
Bloom filter conflicts: 2522 
(70.11% total skipped)
Most recent URL: https://mailchimp.com/developer/marketing/api/campaign-feedback/
URLs checked: 9513 
Pages crawled: 2798 
Rejected: 4147 
Bloom filter conflicts: 2522 
(70.10% total skipped)
Most recent URL: https://support.dnsmadeeasy.com/support/solutions/articles/47001001375-bulk-change-ttl
URLs checked: 9514 
Pages crawled: 2799 
Rejected: 4147 
Bloom filter conflicts: 2522 
(70.10% total skipped)
Most recent URL: https://www.tradingview.com/chart/QCOM/SxNXt8Pq-Qualcomm-Invests-Further-In-Mobile-AI-With-Chip/
URLs checked: 9516 
Pages crawled: 2800 
Rejected: 4148 
Bloom filter conflicts: 2522 
(70.09% total skipped)
Most recent URL: https://time.com/collection/100-most-influential-people-2023/6269847/gustavo-petro/
URLs checked: 9517 
Pages crawled: 2801 
Rejected: 4148 
Bloom filter conflicts: 2522 
(70.09% total skipped)
Most recent URL: https://ring.com/products/video-doorbell-pro-certified-refurbished
URLs checked: 9518 
Pages crawled: 2802 
Rejected: 4148 
Bloom filter conflicts: 2522 
(70.08% total skipped)
Most recent URL: https://newrelic.com/blog/how-to-relic/identify-and-resolve-host-performance
URLs checked: 9519 
Pages crawled: 2803 
Rejected: 4148 
Bloom filter conflicts: 2522 
(70.07% total skipped)
Most recent URL: https://www.cnet.com/tech/computing/best-camera-bag-and-backpack/
URLs checked: 9521 
Pages crawled: 2804 
Rejected: 4148 
Bloom filter conflicts: 2523 
(70.07% total skipped)
Most recent URL: https://www.healthline.com/health/erectile-dysfunction/ed-and-vitamins/?utm_source=ReadNext
URLs checked: 9522 
Pages crawled: 2805 
Rejected: 4148 
Bloom filter conflicts: 2523 
(70.06% total skipped)
Most recent URL: https://hipages.com.au/find/fences/tas/glenorchy
URLs checked: 9523 
Pages crawled: 2806 
Rejected: 4148 
Bloom filter conflicts: 2523 
(70.05% total skipped)
Most recent URL: https://www.braze.com/docs/developer_guide/platform_wide/feature_flags/faq/
URLs checked: 9527 
Pages crawled: 2807 
Rejected: 4151 
Bloom filter conflicts: 2523 
(70.05% total skipped)
Most recent URL: https://www.wsj.com/news/markets/oil-gold-commodities-futures?mod=nav_top_subsection
URLs checked: 9529 
Pages crawled: 2808 
Rejected: 4152 
Bloom filter conflicts: 2523 
(70.05% total skipped)
Most recent URL: https://www.google.com.br/websearch/answer/11216447?hl=en&ref_topic=3036132
URLs checked: 9534 
Pages crawled: 2809 
Rejected: 4154 
Bloom filter conflicts: 2525 
(70.05% total skipped)
Most recent URL: https://onetrust.com/trust/
URLs checked: 9536 
Pages crawled: 2810 
Rejected: 4154 
Bloom filter conflicts: 2526 
(70.05% total skipped)
Most recent URL: https://badoo.com/en-us/dating/united-kingdom/north-west-england/
URLs checked: 9537 
Pages crawled: 2811 
Rejected: 4154 
Bloom filter conflicts: 2526 
(70.04% total skipped)
Most recent URL: https://datatracker.ietf.org/doc/draft-ietf-mls-protocol/01/
URLs checked: 9538 
Pages crawled: 2812 
Rejected: 4154 
Bloom filter conflicts: 2526 
(70.04% total skipped)
Most recent URL: https://www.cnbc.com/personal-finance/
URLs checked: 9539 
Pages crawled: 2813 
Rejected: 4154 
Bloom filter conflicts: 2526 
(70.03% total skipped)
Most recent URL: https://theverge.com/23976342/cyber-monday-2023-best-early-deals-tech-speakers-gadgets?showComments=1
URLs checked: 9545 
Pages crawled: 2814 
Rejected: 4155 
Bloom filter conflicts: 2530 
(70.04% total skipped)
Most recent URL: https://gumgum.com/benefits-careers/healthcare-scheme
URLs checked: 9550 
Pages crawled: 2815 
Rejected: 4158 
Bloom filter conflicts: 2531 
(70.04% total skipped)
Most recent URL: https://support.dnsmadeeasy.com/support/solutions/articles/47001191950-edit-access-control-lists-for-users
URLs checked: 9552 
Pages crawled: 2816 
Rejected: 4159 
Bloom filter conflicts: 2531 
(70.04% total skipped)
Most recent URL: https://www.wix.com/encyclopedia/definition/jpeg-file/
URLs checked: 9553 
Pages crawled: 2817 
Rejected: 4159 
Bloom filter conflicts: 2531 
(70.03% total skipped)
Most recent URL: https://docs.newrelic.com/docs/infrastructure/microsoft-azure-integrations/azure-integrations-list/azure-event-grid-system-topics-monitoring-integration/
URLs checked: 9556 
Pages crawled: 2818 
Rejected: 4160 
Bloom filter conflicts: 2532 
(70.03% total skipped)
Most recent URL: https://addtoany.com/services/amazon_wish_list_button
URLs checked: 9560 
Pages crawled: 2819 
Rejected: 4162 
Bloom filter conflicts: 2533 
(70.03% total skipped)
Most recent URL: https://ring.com/products/video-doorbell-pro-2-wedge-kit
URLs checked: 9562 
Pages crawled: 2820 
Rejected: 4163 
Bloom filter conflicts: 2533 
(70.03% total skipped)
Most recent URL: https://rackspace.com/information/legal/applications/oracle
URLs checked: 9566 
Pages crawled: 2821 
Rejected: 4166 
Bloom filter conflicts: 2533 
(70.03% total skipped)
Most recent URL: https://www.cnbc.com/2023/10/26/how-to-write-a-follow-up-email-without-sounding-passive-aggressive.html
URLs checked: 9567 
Pages crawled: 2822 
Rejected: 4166 
Bloom filter conflicts: 2533 
(70.02% total skipped)
Most recent URL: https://verkada.com/
URLs checked: 9568 
Pages crawled: 2823 
Rejected: 4166 
Bloom filter conflicts: 2533 
(70.01% total skipped)
Most recent URL: https://time.com/5812069/rhode-island-new-york-coronavirus/
URLs checked: 9572 
Pages crawled: 2824 
Rejected: 4166 
Bloom filter conflicts: 2536 
(70.02% total skipped)
Most recent URL: https://gnu.org/bulletins/bull7.html
URLs checked: 9574 
Pages crawled: 2825 
Rejected: 4167 
Bloom filter conflicts: 2536 
(70.01% total skipped)
Most recent URL: https://datatracker.ietf.org/wg/suit/about/
URLs checked: 9575 
Pages crawled: 2826 
Rejected: 4167 
Bloom filter conflicts: 2536 
(70.01% total skipped)
Most recent URL: https://www.npr.org/transcripts/1136536759
URLs checked: 9576 
Pages crawled: 2827 
Rejected: 4167 
Bloom filter conflicts: 2536 
(70.00% total skipped)
Most recent URL: https://gumgum.com/contact
URLs checked: 9577 
Pages crawled: 2828 
Rejected: 4167 
Bloom filter conflicts: 2536 
(69.99% total skipped)
Most recent URL: https://docs.newrelic.com/docs/logs/ui-data/drop-data-drop-filter-rules/
URLs checked: 9579 
Pages crawled: 2829 
Rejected: 4168 
Bloom filter conflicts: 2536 
(69.99% total skipped)
Most recent URL: https://google.com.br/websearch/troubleshooter/3111061?hl=en&ref_topic=3285072
URLs checked: 9585 
Pages crawled: 2830 
Rejected: 4171 
Bloom filter conflicts: 2538 
(69.99% total skipped)
Most recent URL: https://www.healthline.com/nutrition/magnesium-malate
URLs checked: 9587 
Pages crawled: 2831 
Rejected: 4172 
Bloom filter conflicts: 2538 
(69.99% total skipped)
Most recent URL: https://www.mayoclinic.org/diseases-conditions/swine-flu/expert-answers/flu-mask/faq-20057878
URLs checked: 9588 
Pages crawled: 2832 
Rejected: 4172 
Bloom filter conflicts: 2538 
(69.98% total skipped)
Most recent URL: https://tradingview.com/symbols/LSE-0IFK/ideas/
URLs checked: 9589 
Pages crawled: 2833 
Rejected: 4172 
Bloom filter conflicts: 2538 
(69.98% total skipped)
Most recent URL: https://theverge.com/space
URLs checked: 9591 
Pages crawled: 2834 
Rejected: 4172 
Bloom filter conflicts: 2539 
(69.97% total skipped)
Most recent URL: https://nature.com/nature/for-authors
URLs checked: 9598 
Pages crawled: 2835 
Rejected: 4174 
Bloom filter conflicts: 2543 
(69.98% total skipped)
Most recent URL: https://stackoverflow.com/questions/30623825/how-to-use-jquery-with-angular
URLs checked: 9599 
Pages crawled: 2836 
Rejected: 4174 
Bloom filter conflicts: 2543 
(69.98% total skipped)
Most recent URL: https://sophos.com/en-us/trust
URLs checked: 9600 
Pages crawled: 2837 
Rejected: 4174 
Bloom filter conflicts: 2543 
(69.97% total skipped)
Most recent URL: https://www.braze.com/docs/developer_guide/customization_guides/content_cards/creating_custom_content_cards/
URLs checked: 9606 
Pages crawled: 2838 
Rejected: 4179 
Bloom filter conflicts: 2543 
(69.98% total skipped)
Most recent URL: https://www.wsj.com/news/markets/stocks?mod=nav_top_subsection
URLs checked: 9607 
Pages crawled: 2839 
Rejected: 4179 
Bloom filter conflicts: 2543 
(69.97% total skipped)
Most recent URL: https://fb.com/metasecurity/
URLs checked: 9608 
Pages crawled: 2840 
Rejected: 4179 
Bloom filter conflicts: 2543 
(69.96% total skipped)
Most recent URL: https://www.edd.ca.gov/en/disability/SDI_Online/
URLs checked: 9611 
Pages crawled: 2841 
Rejected: 4180 
Bloom filter conflicts: 2544 
(69.96% total skipped)
Most recent URL: https://merriam-webster.com
URLs checked: 9612 
Pages crawled: 2842 
Rejected: 4180 
Bloom filter conflicts: 2544 
(69.95% total skipped)
Most recent URL: https://badoo.com/en-us/dating/united-states/utah/clinton/
URLs checked: 9621 
Pages crawled: 2843 
Rejected: 4187 
Bloom filter conflicts: 2545 
(69.97% total skipped)
Most recent URL: https://time.com/collection/100-most-influential-people-2023/6269837/janet-yellen-2023/
URLs checked: 9622 
Pages crawled: 2844 
Rejected: 4187 
Bloom filter conflicts: 2545 
(69.96% total skipped)
Most recent URL: https://www.digitalocean.com/docs
URLs checked: 9623 
Pages crawled: 2845 
Rejected: 4187 
Bloom filter conflicts: 2545 
(69.96% total skipped)
Most recent URL: https://www.dnsmadeeasy.com/services/demo
URLs checked: 9624 
Pages crawled: 2846 
Rejected: 4187 
Bloom filter conflicts: 2545 
(69.95% total skipped)
Most recent URL: https://www.google.com.br/websearch/answer/11459602?hl=en&ref_topic=3081620
URLs checked: 9631 
Pages crawled: 2847 
Rejected: 4193 
Bloom filter conflicts: 2545 
(69.96% total skipped)
Most recent URL: https://docs.newrelic.com/docs/infrastructure/microsoft-azure-integrations/get-started/introduction-azure-monitoring-integrations/
URLs checked: 9633 
Pages crawled: 2848 
Rejected: 4193 
Bloom filter conflicts: 2546 
(69.96% total skipped)
Most recent URL: https://stackoverflow.com/users/22253601/bernhard-wortmann
URLs checked: 9635 
Pages crawled: 2849 
Rejected: 4194 
Bloom filter conflicts: 2546 
(69.95% total skipped)
Most recent URL: https://www.gumgum.com/jobs
URLs checked: 9637 
Pages crawled: 2850 
Rejected: 4194 
Bloom filter conflicts: 2547 
(69.95% total skipped)
Most recent URL: https://www.healthline.com/health/multiple-sclerosis/ms-management-self-assessment
URLs checked: 9638 
Pages crawled: 2851 
Rejected: 4194 
Bloom filter conflicts: 2547 
(69.94% total skipped)
Most recent URL: https://www.braze.com/solutions/improve-acquisition
URLs checked: 9639 
Pages crawled: 2852 
Rejected: 4194 
Bloom filter conflicts: 2547 
(69.93% total skipped)
Most recent URL: https://www.npr.org/sections/your-health/
URLs checked: 9640 
Pages crawled: 2853 
Rejected: 4194 
Bloom filter conflicts: 2547 
(69.93% total skipped)
Most recent URL: https://www.mayoclinic.org/diseases-conditions/myocarditis/symptoms-causes/syc-20352539
URLs checked: 9641 
Pages crawled: 2854 
Rejected: 4194 
Bloom filter conflicts: 2547 
(69.92% total skipped)
Most recent URL: https://www.wsj.com/news/economy?mod=nav_top_subsection
URLs checked: 9646 
Pages crawled: 2855 
Rejected: 4197 
Bloom filter conflicts: 2548 
(69.93% total skipped)
Most recent URL: https://ring.com/products/spare-parts-for-floodlight-cam-wired-plus
URLs checked: 9647 
Pages crawled: 2856 
Rejected: 4197 
Bloom filter conflicts: 2548 
(69.92% total skipped)
Most recent URL: https://www.wix.com/blog/how-to-start-a-pool-cleaning-business
URLs checked: 9648 
Pages crawled: 2857 
Rejected: 4197 
Bloom filter conflicts: 2548 
(69.91% total skipped)
Most recent URL: https://www.eset.com/int/business/solutions/learn-more-about-multi-factor-authentication/
URLs checked: 9650 
Pages crawled: 2858 
Rejected: 4197 
Bloom filter conflicts: 2549 
(69.91% total skipped)
Most recent URL: https://datatracker.ietf.org/person/Francesca%20Palombini
URLs checked: 9655 
Pages crawled: 2859 
Rejected: 4200 
Bloom filter conflicts: 2550 
(69.91% total skipped)
Most recent URL: https://docs.digitalocean.com/products/kubernetes/how-to/monitor-basic/
URLs checked: 9656 
Pages crawled: 2860 
Rejected: 4200 
Bloom filter conflicts: 2550 
(69.90% total skipped)
Most recent URL: https://theverge.com/23965708/black-friday-2023-streaming-deals-max-paramount-plus-hulu-cyber-monday
URLs checked: 9659 
Pages crawled: 2861 
Rejected: 4202 
Bloom filter conflicts: 2550 
(69.90% total skipped)
Most recent URL: https://www.google.com.br/websearch/answer/54068?hl=en&ref_topic=9255574
URLs checked: 9669 
Pages crawled: 2862 
Rejected: 4210 
Bloom filter conflicts: 2551 
(69.92% total skipped)
Most recent URL: https://gnu.org/music/gnu-is-not-unix-song.html
URLs checked: 9670 
Pages crawled: 2863 
Rejected: 4210 
Bloom filter conflicts: 2551 
(69.92% total skipped)
Most recent URL: https://addtoany.com/services/vk_button
URLs checked: 9673 
Pages crawled: 2864 
Rejected: 4212 
Bloom filter conflicts: 2551 
(69.92% total skipped)
Most recent URL: https://t-mobile.com/signin?state=eyJpbnRlbnQiOiJMb2dpbiIsImJvb2ttYXJrVXJsIjoiaHR0cHM6Ly93d3cudC1tb2JpbGUuY29tL2FjY291bnQvZGFzaGJvYXJkIn0=&INTNAV=tNav:LogIn
URLs checked: 9675 
Pages crawled: 2865 
Rejected: 4213 
Bloom filter conflicts: 2551 
(69.91% total skipped)
Most recent URL: https://www.google.com.br/webhp?hl=en&tab=ii
URLs checked: 9676 
Pages crawled: 2866 
Rejected: 4213 
Bloom filter conflicts: 2551 
(69.90% total skipped)
Most recent URL: https://login.mailchimp.com
URLs checked: 9677 
Pages crawled: 2867 
Rejected: 4213 
Bloom filter conflicts: 2551 
(69.90% total skipped)
Most recent URL: https://datatracker.ietf.org/wg/netconf/about/
URLs checked: 9679 
Pages crawled: 2868 
Rejected: 4213 
Bloom filter conflicts: 2552 
(69.89% total skipped)
Most recent URL: https://www.dnsmadeeasy.com/technology/dynamic-dns
URLs checked: 9680 
Pages crawled: 2869 
Rejected: 4213 
Bloom filter conflicts: 2552 
(69.89% total skipped)
Most recent URL: https://badoo.com/en-us/dating/hungary/
URLs checked: 9681 
Pages crawled: 2870 
Rejected: 4213 
Bloom filter conflicts: 2552 
(69.88% total skipped)
Most recent URL: https://tradingview.com/symbols/EURONEXT-SLIGR/
URLs checked: 9682 
Pages crawled: 2871 
Rejected: 4213 
Bloom filter conflicts: 2552 
(69.87% total skipped)
Most recent URL: https://docs.digitalocean.com/products/app-platform/getting-started/sample-apps/hugo/
URLs checked: 9683 
Pages crawled: 2872 
Rejected: 4213 
Bloom filter conflicts: 2552 
(69.86% total skipped)
Most recent URL: https://cambridge.org/people-and-planet/communities
URLs checked: 9684 
Pages crawled: 2873 
Rejected: 4213 
Bloom filter conflicts: 2552 
(69.86% total skipped)
Most recent URL: https://hipages.com.au/find/glass_glazier_glass_replacement/act
URLs checked: 9685 
Pages crawled: 2874 
Rejected: 4213 
Bloom filter conflicts: 2552 
(69.85% total skipped)
Most recent URL: https://www.cnet.com/tech/home-entertainment/best-bluetooth-speaker/
URLs checked: 9687 
Pages crawled: 2875 
Rejected: 4213 
Bloom filter conflicts: 2553 
(69.85% total skipped)
Most recent URL: https://verkada.com/customers/?industry=hospitality
URLs checked: 9688 
Pages crawled: 2876 
Rejected: 4213 
Bloom filter conflicts: 2553 
(69.84% total skipped)
Most recent URL: https://www.cnbc.com/2018/09/21/the-student-loan-bubble.html
URLs checked: 9690 
Pages crawled: 2877 
Rejected: 4213 
Bloom filter conflicts: 2554 
(69.83% total skipped)
Most recent URL: https://www.sophos.com/en-us/legal
URLs checked: 9691 
Pages crawled: 2878 
Rejected: 4213 
Bloom filter conflicts: 2554 
(69.83% total skipped)
Most recent URL: https://www.braze.com/docs/developer_guide/platform_integration_guides/ios/news_feed/customization/custom_styling/
URLs checked: 9695 
Pages crawled: 2879 
Rejected: 4216 
Bloom filter conflicts: 2554 
(69.83% total skipped)
Most recent URL: https://wsj.com/finance/currencies?mod=nav_top_subsection
URLs checked: 9698 
Pages crawled: 2880 
Rejected: 4218 
Bloom filter conflicts: 2554 
(69.83% total skipped)
Most recent URL: https://rackspace.com/information/legal/newsroom
URLs checked: 9700 
Pages crawled: 2881 
Rejected: 4219 
Bloom filter conflicts: 2554 
(69.82% total skipped)
Most recent URL: https://ring.com/products/usb-c-barrel-plug-adapter
URLs checked: 9703 
Pages crawled: 2882 
Rejected: 4220 
Bloom filter conflicts: 2555 
(69.82% total skipped)
Most recent URL: https://theverge.com/2023/11/15/23873201/spacex-starship-faa-approval-super-heavy-launch-test-date?showComments=1
URLs checked: 9704 
Pages crawled: 2883 
Rejected: 4220 
Bloom filter conflicts: 2555 
(69.82% total skipped)
Most recent URL: https://support.wix.com/en/article/email-marketing-creating-engaging-content
URLs checked: 9707 
Pages crawled: 2884 
Rejected: 4220 
Bloom filter conflicts: 2557 
(69.82% total skipped)
Most recent URL: https://merriam-webster.com/terms-of-use
URLs checked: 9708 
Pages crawled: 2885 
Rejected: 4220 
Bloom filter conflicts: 2557 
(69.81% total skipped)
Most recent URL: https://www.gumgum.com/guides/roi-in-screen-and-in-image-ads
URLs checked: 9709 
Pages crawled: 2886 
Rejected: 4220 
Bloom filter conflicts: 2557 
(69.80% total skipped)
Most recent URL: https://www.healthline.com/health/rheumatoid-arthritis/treatment-side-effects
URLs checked: 9711 
Pages crawled: 2887 
Rejected: 4220 
Bloom filter conflicts: 2558 
(69.80% total skipped)
Most recent URL: https://store.steampowered.com/steamdeck/?snr=1_5_9__category-menu
URLs checked: 9713 
Pages crawled: 2888 
Rejected: 4220 
Bloom filter conflicts: 2559 
(69.79% total skipped)
Most recent URL: https://npr.org/sections/your-money/
URLs checked: 9715 
Pages crawled: 2889 
Rejected: 4220 
Bloom filter conflicts: 2560 
(69.79% total skipped)
Most recent URL: https://stackoverflow.com/questions/tagged/npm-start+package.json
URLs checked: 9719 
Pages crawled: 2890 
Rejected: 4223 
Bloom filter conflicts: 2560 
(69.79% total skipped)
Most recent URL: https://www.google.com.br/websearch/answer/13875847?hl=en&ref_topic=13544225
URLs checked: 9724 
Pages crawled: 2891 
Rejected: 4225 
Bloom filter conflicts: 2562 
(69.80% total skipped)
Most recent URL: https://fb.com/policies/community-standards/misinformation
URLs checked: 9725 
Pages crawled: 2892 
Rejected: 4225 
Bloom filter conflicts: 2562 
(69.79% total skipped)
Most recent URL: https://datatracker.ietf.org/doc/search
URLs checked: 9726 
Pages crawled: 2893 
Rejected: 4225 
Bloom filter conflicts: 2562 
(69.78% total skipped)
Most recent URL: https://time.com/4055686/john-waters-commencement-address-book/
URLs checked: 9727 
Pages crawled: 2894 
Rejected: 4225 
Bloom filter conflicts: 2562 
(69.77% total skipped)
Most recent URL: https://www.t-mobile.com/cell-phone-plans?icid=MGPO_TMO_P_EVGRNPSTPD_30B9G02VKJ6P9HANY34626
URLs checked: 9733 
Pages crawled: 2895 
Rejected: 4229 
Bloom filter conflicts: 2563 
(69.78% total skipped)
Most recent URL: https://badoo.com/en/the-blog/dating-trends/unrealistic-dating-expectations
URLs checked: 9734 
Pages crawled: 2896 
Rejected: 4229 
Bloom filter conflicts: 2563 
(69.78% total skipped)
Most recent URL: https://gumgum.com/benefits-careers/company-sponsored-life-and-ad-d-insurance
URLs checked: 9738 
Pages crawled: 2897 
Rejected: 4231 
Bloom filter conflicts: 2564 
(69.78% total skipped)
Most recent URL: https://addtoany.com/buttons/customize/wordpress/image_sharing
URLs checked: 9749 
Pages crawled: 2898 
Rejected: 4238 
Bloom filter conflicts: 2567 
(69.80% total skipped)
Most recent URL: https://www.cambridge.org/news-and-insights/work-in-publishing-week-2023
URLs checked: 9750 
Pages crawled: 2899 
Rejected: 4238 
Bloom filter conflicts: 2567 
(69.79% total skipped)
Most recent URL: https://support.dnsmadeeasy.com/support/solutions/articles/47001001254-how-to-sign-up-with-dns-made-easy-free-trial-
URLs checked: 9751 
Pages crawled: 2900 
Rejected: 4238 
Bloom filter conflicts: 2567 
(69.79% total skipped)
Most recent URL: https://www.npr.org/2023/11/27/1214729889/tomorrow-x-together-tiny-desk-concert
URLs checked: 9753 
Pages crawled: 2901 
Rejected: 4239 
Bloom filter conflicts: 2567 
(69.78% total skipped)
Most recent URL: https://ring.com/products/stick-up-security-camera-plug-in
URLs checked: 9754 
Pages crawled: 2902 
Rejected: 4239 
Bloom filter conflicts: 2567 
(69.78% total skipped)
Most recent URL: https://www.edd.ca.gov/en/disability/DI_Forms_and_Publications/
URLs checked: 9755 
Pages crawled: 2903 
Rejected: 4239 
Bloom filter conflicts: 2567 
(69.77% total skipped)
Most recent URL: https://theverge.com/2023/11/15/23960524/amazon-security-robot-astro-business
URLs checked: 9757 
Pages crawled: 2904 
Rejected: 4239 
Bloom filter conflicts: 2568 
(69.77% total skipped)
Most recent URL: https://www.cnet.com/deals/best-black-friday-cyber-monday-soundbar-deals/
URLs checked: 9758 
Pages crawled: 2905 
Rejected: 4239 
Bloom filter conflicts: 2568 
(69.76% total skipped)
Most recent URL: https://tradingview.com/symbols/NASDAQ-MVIS/financials-statistics-and-ratios/price-earnings/
URLs checked: 9759 
Pages crawled: 2906 
Rejected: 4239 
Bloom filter conflicts: 2568 
(69.75% total skipped)
Most recent URL: https://eset.com/int/phishing/
URLs checked: 9760 
Pages crawled: 2907 
Rejected: 4239 
Bloom filter conflicts: 2568 
(69.74% total skipped)
Most recent URL: https://www.mayoclinic.org/diseases-conditions/nail-fungus/diagnosis-treatment/drc-20353300
URLs checked: 9762 
Pages crawled: 2908 
Rejected: 4240 
Bloom filter conflicts: 2568 
(69.74% total skipped)
Most recent URL: https://merriam-webster.com/browse/thesaurus/r
URLs checked: 9763 
Pages crawled: 2909 
Rejected: 4240 
Bloom filter conflicts: 2568 
(69.73% total skipped)
Most recent URL: https://blog.digitalocean.com/products/support
URLs checked: 9764 
Pages crawled: 2910 
Rejected: 4240 
Bloom filter conflicts: 2568 
(69.73% total skipped)
Most recent URL: https://www.braze.com/docs/partners/message_personalization/dynamic_content/komo/
URLs checked: 9768 
Pages crawled: 2911 
Rejected: 4243 
Bloom filter conflicts: 2568 
(69.73% total skipped)
Most recent URL: https://www.wsj.com/market-data/mutualfunds-etfs?mod=nav_top_subsection
URLs checked: 9770 
Pages crawled: 2912 
Rejected: 4243 
Bloom filter conflicts: 2569 
(69.72% total skipped)
Most recent URL: https://stackoverflow.com/questions/tagged/data-wrangling
URLs checked: 9771 
Pages crawled: 2913 
Rejected: 4243 
Bloom filter conflicts: 2569 
(69.72% total skipped)
Most recent URL: https://www.t-mobile.com/cell-phone/samsung-galaxy-s23?icid=MGPO_TMO_U_23HOLIDAY_9714FB9BF403268537289
URLs checked: 9772 
Pages crawled: 2914 
Rejected: 4243 
Bloom filter conflicts: 2569 
(69.71% total skipped)
Most recent URL: https://nature.com/articles/s41598-023-47813-2
URLs checked: 9778 
Pages crawled: 2915 
Rejected: 4246 
Bloom filter conflicts: 2571 
(69.72% total skipped)
Most recent URL: https://google.com.br/intl/en/home/partners/work-with-a-partner/
URLs checked: 9788 
Pages crawled: 2916 
Rejected: 4254 
Bloom filter conflicts: 2572 
(69.74% total skipped)
Most recent URL: https://gnu.org/software/ferret/
URLs checked: 9792 
Pages crawled: 2917 
Rejected: 4257 
Bloom filter conflicts: 2572 
(69.74% total skipped)
Most recent URL: https://fb.com/oversight/oversight-board-cases/
URLs checked: 9796 
Pages crawled: 2918 
Rejected: 4257 
Bloom filter conflicts: 2575 
(69.74% total skipped)
Most recent URL: https://mailchimp.com/developer/marketing/api/file-manager-files/add-file/
URLs checked: 9798 
Pages crawled: 2919 
Rejected: 4257 
Bloom filter conflicts: 2576 
(69.74% total skipped)
Most recent URL: https://time.com/charter/6255607/what-the-return-to-office-debate-means-for-single-people/
URLs checked: 9800 
Pages crawled: 2920 
Rejected: 4257 
Bloom filter conflicts: 2577 
(69.73% total skipped)
Most recent URL: https://onetrust.com/pricing/
URLs checked: 9804 
Pages crawled: 2921 
Rejected: 4260 
Bloom filter conflicts: 2577 
(69.74% total skipped)
Most recent URL: https://care.healthline.com/find-care/search?what=Schwannoma
URLs checked: 9805 
Pages crawled: 2922 
Rejected: 4260 
Bloom filter conflicts: 2577 
(69.73% total skipped)
Most recent URL: https://hipages.com.au/find/retaining_walls/wa/cloverdale
URLs checked: 9811 
Pages crawled: 2923 
Rejected: 4263 
Bloom filter conflicts: 2579 
(69.74% total skipped)
Most recent URL: https://www.google.com.br/websearch/answer/6380730?hl=en&ref_topic=1733202
URLs checked: 9820 
Pages crawled: 2924 
Rejected: 4270 
Bloom filter conflicts: 2580 
(69.76% total skipped)
Most recent URL: https://theverge.com/2023/11/23/23974064/thanksgiving-long-weekend-gaming-streaming-guide
URLs checked: 9827 
Pages crawled: 2925 
Rejected: 4270 
Bloom filter conflicts: 2586 
(69.77% total skipped)
Most recent URL: https://merriam-webster.com/contact-us
URLs checked: 9828 
Pages crawled: 2926 
Rejected: 4270 
Bloom filter conflicts: 2586 
(69.76% total skipped)
Most recent URL: https://www.wix.com/blog/how-to-start-a-virtual-assistant-business
URLs checked: 9829 
Pages crawled: 2927 
Rejected: 4270 
Bloom filter conflicts: 2586 
(69.75% total skipped)
Most recent URL: https://www.mayoclinic.org/diseases-conditions/high-blood-pressure/expert-answers/l-arginine/faq-20058052
URLs checked: 9831 
Pages crawled: 2928 
Rejected: 4270 
Bloom filter conflicts: 2587 
(69.75% total skipped)
Most recent URL: https://www.braze.com/docs/developer_guide/platform_integration_guides/android/push_notifications/android/integration/huawei_integration/
URLs checked: 9840 
Pages crawled: 2929 
Rejected: 4275 
Bloom filter conflicts: 2590 
(69.77% total skipped)
Most recent URL: https://ring.com/products/video-doorbell-wired-interchangeable-faceplates
URLs checked: 9842 
Pages crawled: 2930 
Rejected: 4275 
Bloom filter conflicts: 2591 
(69.76% total skipped)
Most recent URL: https://store.steampowered.com/explore/?l=schinese&redir=explore%2F%3Fsnr%3D1_subscriberagreement_RefundPolicy__global-responsive-menu&redir_ssl=1&snr=1_subscriberagreement_RefundPolicy__global-responsive-menu
URLs checked: 9844 
Pages crawled: 2931 
Rejected: 4275 
Bloom filter conflicts: 2592 
(69.76% total skipped)
Most recent URL: https://mailchimp.com/developer/marketing/guides/access-user-data-oauth-2/
URLs checked: 9851 
Pages crawled: 2932 
Rejected: 4281 
Bloom filter conflicts: 2592 
(69.77% total skipped)
Most recent URL: https://cnet.com/tech/mobile/apple-breaks-boundaries-by-filming-event-video-on-iphone-15-pro-max/
URLs checked: 9858 
Pages crawled: 2933 
Rejected: 4285 
Bloom filter conflicts: 2594 
(69.78% total skipped)
Most recent URL: https://www.google.com.br/websearch
URLs checked: 9869 
Pages crawled: 2934 
Rejected: 4289 
Bloom filter conflicts: 2600 
(69.80% total skipped)
Most recent URL: https://addtoany.com/services/flipboard_button
URLs checked: 9871 
Pages crawled: 2935 
Rejected: 4290 
Bloom filter conflicts: 2600 
(69.80% total skipped)
Most recent URL: https://stackoverflow.com/users/2815743/tanel-j%c3%b5e%c3%a4%c3%a4r
URLs checked: 9873 
Pages crawled: 2936 
Rejected: 4290 
Bloom filter conflicts: 2601 
(69.80% total skipped)
Most recent URL: https://datatracker.ietf.org/doc/review-ietf-mls-protocol-16-artart-early-salz-2022-09-28/
URLs checked: 9874 
Pages crawled: 2937 
Rejected: 4290 
Bloom filter conflicts: 2601 
(69.79% total skipped)
Most recent URL: https://t-mobile.com/coverage/network?INTNAV=tNav%3ACoverage%3ANetwork
URLs checked: 9875 
Pages crawled: 2938 
Rejected: 4290 
Bloom filter conflicts: 2601 
(69.78% total skipped)
Most recent URL: https://cambridge.org/legal/mobile-apps
URLs checked: 9876 
Pages crawled: 2939 
Rejected: 4290 
Bloom filter conflicts: 2601 
(69.78% total skipped)
Most recent URL: https://www.healthline.com/health/gerd/heartburn-vs-acid-reflux?utm_source=ReadNext
URLs checked: 9878 
Pages crawled: 2940 
Rejected: 4291 
Bloom filter conflicts: 2601 
(69.77% total skipped)
Most recent URL: https://blog.digitalocean.com/company/contact/abuse
URLs checked: 9881 
Pages crawled: 2941 
Rejected: 4292 
Bloom filter conflicts: 2602 
(69.77% total skipped)
Most recent URL: https://rackspace.com/information/legal/data/managed-sql
URLs checked: 9890 
Pages crawled: 2942 
Rejected: 4297 
Bloom filter conflicts: 2605 
(69.79% total skipped)
Most recent URL: https://ring.com/country-selector
URLs checked: 9891 
Pages crawled: 2943 
Rejected: 4297 
Bloom filter conflicts: 2605 
(69.78% total skipped)
Most recent URL: https://hipages.com.au/find/window_repairs/sa/brighton
URLs checked: 9892 
Pages crawled: 2944 
Rejected: 4297 
Bloom filter conflicts: 2605 
(69.77% total skipped)
Most recent URL: https://www.cnet.com/news/social-media/
URLs checked: 9894 
Pages crawled: 2945 
Rejected: 4297 
Bloom filter conflicts: 2606 
(69.77% total skipped)
Most recent URL: https://www.cnbc.com/laya-neelakandan-profile-cnbc/
URLs checked: 9895 
Pages crawled: 2946 
Rejected: 4297 
Bloom filter conflicts: 2606 
(69.76% total skipped)
Most recent URL: https://www.wsj.com/world/asia?mod=nav_top_subsection
URLs checked: 9898 
Pages crawled: 2947 
Rejected: 4299 
Bloom filter conflicts: 2606 
(69.76% total skipped)
Most recent URL: https://www.google.com.br/websearch/answer/510?hl=en&ref_topic=9255574
URLs checked: 9901 
Pages crawled: 2948 
Rejected: 4301 
Bloom filter conflicts: 2606 
(69.76% total skipped)
Most recent URL: https://mailchimp.com/developer/marketing/api/ping/
URLs checked: 9904 
Pages crawled: 2949 
Rejected: 4303 
Bloom filter conflicts: 2606 
(69.76% total skipped)
Most recent URL: https://gnu.org/server/select-language.html?goto=/philosophy/sco/sco.html;language=nn
URLs checked: 9906 
Pages crawled: 2950 
Rejected: 4304 
Bloom filter conflicts: 2606 
(69.76% total skipped)
Most recent URL: https://www.dnsmadeeasy.com/author/jessica-belvedere
URLs checked: 9908 
Pages crawled: 2951 
Rejected: 4305 
Bloom filter conflicts: 2606 
(69.75% total skipped)
Most recent URL: https://wiki.ietf.org/group/ops/yang-review-tools
URLs checked: 9909 
Pages crawled: 2952 
Rejected: 4305 
Bloom filter conflicts: 2606 
(69.74% total skipped)
Most recent URL: https://theverge.com/22715206/amazon-fire-tv-stick-4k-max-review
URLs checked: 9912 
Pages crawled: 2953 
Rejected: 4306 
Bloom filter conflicts: 2607 
(69.74% total skipped)
Most recent URL: https://www.gumgum.com/guides/how-ai-will-change-every-job-in-media
URLs checked: 9914 
Pages crawled: 2954 
Rejected: 4307 
Bloom filter conflicts: 2607 
(69.74% total skipped)
Most recent URL: https://onetrust.com/index/
URLs checked: 9915 
Pages crawled: 2955 
Rejected: 4307 
Bloom filter conflicts: 2607 
(69.73% total skipped)
Most recent URL: https://time.com/collection/100-most-influential-people-2023/6269853/luiz-inacio-lula-da-silva/
URLs checked: 9916 
Pages crawled: 2956 
Rejected: 4307 
Bloom filter conflicts: 2607 
(69.73% total skipped)
Most recent URL: https://ring.com/products/window-magnet
URLs checked: 9918 
Pages crawled: 2957 
Rejected: 4307 
Bloom filter conflicts: 2608 
(69.72% total skipped)
Most recent URL: https://www.academia.edu/Jobs/13578/Kunsthochschule-f%C3%BCr-Medien-K%C3%B6ln/Ex-Media-Sound/Professor-of-sound-m-f-d-
URLs checked: 9919 
Pages crawled: 2958 
Rejected: 4307 
Bloom filter conflicts: 2608 
(69.71% total skipped)
Most recent URL: https://newrelic.com/resources/gartner-magic-quadrant
URLs checked: 9920 
Pages crawled: 2959 
Rejected: 4307 
Bloom filter conflicts: 2608 
(69.71% total skipped)
Most recent URL: https://merriam-webster.com/browse/thesaurus/r/18
URLs checked: 9921 
Pages crawled: 2960 
Rejected: 4307 
Bloom filter conflicts: 2608 
(69.70% total skipped)
Most recent URL: https://www.tradingview.com/symbols/NASDAQ-TLRY/
URLs checked: 9922 
Pages crawled: 2961 
Rejected: 4307 
Bloom filter conflicts: 2608 
(69.69% total skipped)
Most recent URL: https://www.healthline.com/health/coffee-ground-vomitus
URLs checked: 9924 
Pages crawled: 2962 
Rejected: 4307 
Bloom filter conflicts: 2609 
(69.69% total skipped)
Most recent URL: https://www.cnbc.com/2023/11/25/black-friday-shoppers-spent-a-record-9point8-billion-in-us-online-sales-up-7point5percent-from-last-year.html
URLs checked: 9925 
Pages crawled: 2963 
Rejected: 4307 
Bloom filter conflicts: 2609 
(69.68% total skipped)
Most recent URL: https://stackoverflow.com/questions/tagged/python-wheel
URLs checked: 9928 
Pages crawled: 2964 
Rejected: 4309 
Bloom filter conflicts: 2609 
(69.68% total skipped)
Most recent URL: https://google.com.br/websearch/answer/7674111?hl=en&ref_topic=1733202
URLs checked: 9929 
Pages crawled: 2965 
Rejected: 4309 
Bloom filter conflicts: 2609 
(69.67% total skipped)
Most recent URL: https://support.eset.com/en/search?q=Business
URLs checked: 9930 
Pages crawled: 2966 
Rejected: 4309 
Bloom filter conflicts: 2609 
(69.67% total skipped)
Most recent URL: https://addtoany.com/services/blogger_button
URLs checked: 9931 
Pages crawled: 2967 
Rejected: 4309 
Bloom filter conflicts: 2609 
(69.66% total skipped)
Most recent URL: https://www.wix.com/blog/web-design-tutorials
URLs checked: 9932 
Pages crawled: 2968 
Rejected: 4309 
Bloom filter conflicts: 2609 
(69.65% total skipped)
Most recent URL: https://hipages.com.au/find/cleaning_services/qld/loganlea
URLs checked: 9943 
Pages crawled: 2969 
Rejected: 4318 
Bloom filter conflicts: 2610 
(69.68% total skipped)
Most recent URL: https://support.dnsmadeeasy.com/support/solutions/articles/47001001395-ns-record
URLs checked: 9944 
Pages crawled: 2970 
Rejected: 4318 
Bloom filter conflicts: 2610 
(69.67% total skipped)
Most recent URL: https://google.com.br/websearch/answer/9817187?hl=en&ref_topic=1733202
URLs checked: 9946 
Pages crawled: 2971 
Rejected: 4319 
Bloom filter conflicts: 2610 
(69.67% total skipped)
Most recent URL: https://www.edd.ca.gov/en/myedd/
URLs checked: 9947 
Pages crawled: 2972 
Rejected: 4319 
Bloom filter conflicts: 2610 
(69.66% total skipped)
Most recent URL: https://theverge.com/2023/11/21/23971398/flipboard-x-twitter-mastodon-quitting
URLs checked: 9949 
Pages crawled: 2973 
Rejected: 4320 
Bloom filter conflicts: 2610 
(69.66% total skipped)
Most recent URL: https://verkada.com/partners/trainings/
URLs checked: 9950 
Pages crawled: 2974 
Rejected: 4320 
Bloom filter conflicts: 2610 
(69.65% total skipped)
Most recent URL: https://www.wsj.com/podcasts/minute-briefing/miami-area-condo-collapse-workers-locate-four-more-bodies/0557E483-7CAA-42BE-8579-11317C43F7B6?mod=error_page
URLs checked: 9952 
Pages crawled: 2975 
Rejected: 4320 
Bloom filter conflicts: 2611 
(69.64% total skipped)
Most recent URL: https://store.steampowered.com/points/shop/?snr=1_1056_4_franchise_global-header&curator_clanid=41201650
URLs checked: 9953 
Pages crawled: 2976 
Rejected: 4320 
Bloom filter conflicts: 2611 
(69.64% total skipped)
Most recent URL: https://fb.com/login/?privacy_mutation_token=eyJ0eXBlIjowLCJjcmVhdGlvbl90aW1lIjoxNzAxMTE0MTE3LCJjYWxsc2l0ZV9pZCI6MjY5NTQ4NDUzMDcyMDk1MX0%3D
URLs checked: 9954 
Pages crawled: 2977 
Rejected: 4320 
Bloom filter conflicts: 2611 
(69.63% total skipped)
Most recent URL: https://mailchimp.com/developer/transactional/api/exports/
URLs checked: 9955 
Pages crawled: 2978 
Rejected: 4320 
Bloom filter conflicts: 2611 
(69.62% total skipped)
Most recent URL: https://datatracker.ietf.org/group/artart/about/
URLs checked: 9956 
Pages crawled: 2979 
Rejected: 4320 
Bloom filter conflicts: 2611 
(69.62% total skipped)
Most recent URL: https://nature.com/articles/s41598-023-47813-2/figures/3
URLs checked: 9958 
Pages crawled: 2980 
Rejected: 4320 
Bloom filter conflicts: 2612 
(69.61% total skipped)
Most recent URL: https://www.academia.edu/topics
URLs checked: 9960 
Pages crawled: 2981 
Rejected: 4320 
Bloom filter conflicts: 2613 
(69.61% total skipped)
Most recent URL: https://time.com/6301112/trump-criminal-cases-status/
URLs checked: 9961 
Pages crawled: 2982 
Rejected: 4320 
Bloom filter conflicts: 2613 
(69.60% total skipped)
Most recent URL: https://cambridge.org/legal/copyright
URLs checked: 9962 
Pages crawled: 2983 
Rejected: 4320 
Bloom filter conflicts: 2613 
(69.59% total skipped)
Most recent URL: https://addtoany.com/services/houzz_button
URLs checked: 9963 
Pages crawled: 2984 
Rejected: 4320 
Bloom filter conflicts: 2613 
(69.59% total skipped)
Most recent URL: https://www.gumgum.com/
URLs checked: 9964 
Pages crawled: 2985 
Rejected: 4320 
Bloom filter conflicts: 2613 
(69.58% total skipped)
Most recent URL: https://sophos.com/en-us/content/ransomware-documentary
URLs checked: 9966 
Pages crawled: 2986 
Rejected: 4321 
Bloom filter conflicts: 2613 
(69.58% total skipped)
Most recent URL: https://badoo.com/en-us/dating/united-states/utah/university-of-utah/
URLs checked: 9967 
Pages crawled: 2987 
Rejected: 4321 
Bloom filter conflicts: 2613 
(69.57% total skipped)
Most recent URL: https://www.mayoclinic.org/diseases-conditions/cancer/in-depth/cancer/art-20044575
URLs checked: 9968 
Pages crawled: 2988 
Rejected: 4321 
Bloom filter conflicts: 2613 
(69.56% total skipped)
Most recent URL: https://cnet.com/tech/services-and-software/best-web-hosting/
URLs checked: 9971 
Pages crawled: 2989 
Rejected: 4321 
Bloom filter conflicts: 2615 
(69.56% total skipped)
Most recent URL: https://rackspace.com/applications/office-365
URLs checked: 9971 
Pages crawled: 2990 
Rejected: 4321 
Bloom filter conflicts: 2615 
(69.56% total skipped)
Most recent URL: https://tradingview.com/markets/stocks-usa/sectorandindustry-sector/health-services/
URLs checked: 9971 
Pages crawled: 2991 
Rejected: 4321 
Bloom filter conflicts: 2615 
(69.56% total skipped)
Most recent URL: https://stackoverflow.com/questions/tagged/cryptography
URLs checked: 9971 
Pages crawled: 2992 
Rejected: 4321 
Bloom filter conflicts: 2615 
(69.56% total skipped)
Most recent URL: https://www.braze.com/docs/partners/data_and_infrastructure_agility/workflow_automation/hightouch/hightouch_personalization_api/
URLs checked: 9980 
Pages crawled: 2993 
Rejected: 4326 
Bloom filter conflicts: 2615 
(69.55% total skipped)
Most recent URL: https://status.eset.com/incidents/nvdgfbvjhnft
URLs checked: 9981 
Pages crawled: 2994 
Rejected: 4326 
Bloom filter conflicts: 2615 
(69.54% total skipped)
Most recent URL: https://ring.com/products/video-doorbell-pro
URLs checked: 9987 
Pages crawled: 2995 
Rejected: 4328 
Bloom filter conflicts: 2618 
(69.55% total skipped)
Most recent URL: https://www.google.com.br/websearch/topic/4409793?hl=en&ref_topic=1733202
URLs checked: 9992 
Pages crawled: 2996 
Rejected: 4329 
Bloom filter conflicts: 2621 
(69.56% total skipped)
Most recent URL: https://docs.digitalocean.com/products/monitoring/how-to/upgrade-legacy-agent/
URLs checked: 9993 
Pages crawled: 2997 
Rejected: 4329 
Bloom filter conflicts: 2621 
(69.55% total skipped)
Most recent URL: https://onetrust.com/release/fall-2023/
URLs checked: 9994 
Pages crawled: 2998 
Rejected: 4329 
Bloom filter conflicts: 2621 
(69.54% total skipped)
Most recent URL: https://www.healthline.com/health/pelvis-mri-scan
URLs checked: 9995 
Pages crawled: 2999 
Rejected: 4329 
Bloom filter conflicts: 2621 
(69.53% total skipped)
Most recent URL: https://merriam-webster.com/words-at-play/word-of-the-year
URLs checked: 10001 
Pages crawled: 3000 
Rejected: 4332 
Bloom filter conflicts: 2623 
(69.54% total skipped)
Most recent URL: https://support.dnsmadeeasy.com/support/solutions/articles/47001122554-office-365-setup
URLs checked: 10006 
Pages crawled: 3001 
Rejected: 4335 
Bloom filter conflicts: 2624 
(69.55% total skipped)
Most recent URL: https://www.addtoany.com/buttons/customize/wordpress/twitter_tweet_button
URLs checked: 10017 
Pages crawled: 3002 
Rejected: 4344 
Bloom filter conflicts: 2625 
(69.57% total skipped)
Most recent URL: https://google.com.br/websearch/announcements/9587893
URLs checked: 10025 
Pages crawled: 3003 
Rejected: 4349 
Bloom filter conflicts: 2627 
(69.59% total skipped)
Most recent URL: https://rackspace.com/information/legal/industry/automotive-transportation
URLs checked: 10026 
Pages crawled: 3004 
Rejected: 4349 
Bloom filter conflicts: 2627 
(69.58% total skipped)
Most recent URL: https://ring.com/products/honeywell-home-t5-smart-thermostat
URLs checked: 10031 
Pages crawled: 3005 
Rejected: 4353 
Bloom filter conflicts: 2627 
(69.58% total skipped)
Most recent URL: https://www.cnet.com/tech/gaming/serve-tasty-treats-with-a-side-of-a-sweet-story-in-this-apple-arcade-title/
URLs checked: 10033 
Pages crawled: 3006 
Rejected: 4354 
Bloom filter conflicts: 2627 
(69.58% total skipped)
Most recent URL: https://www.addtoany.com/buttons/customize/twitter_tweet_button
URLs checked: 10034 
Pages crawled: 3007 
Rejected: 4354 
Bloom filter conflicts: 2627 
(69.57% total skipped)
Most recent URL: https://stackoverflow.com/users/4021356/abdush-samad-miah
URLs checked: 10035 
Pages crawled: 3008 
Rejected: 4354 
Bloom filter conflicts: 2627 
(69.57% total skipped)
Most recent URL: https://support.dnsmadeeasy.com/support/solutions/articles/47001001864-how-to-setup-reverse-dns
URLs checked: 10036 
Pages crawled: 3009 
Rejected: 4354 
Bloom filter conflicts: 2627 
(69.56% total skipped)
Most recent URL: https://tradingview.com/symbols/NASDAQ-QCOM/financials-income-statement/earnings-per-share-basic/
URLs checked: 10037 
Pages crawled: 3010 
Rejected: 4354 
Bloom filter conflicts: 2627 
(69.55% total skipped)
Most recent URL: https://time.com/collection/must-read-books-2023/6332723/temple-folk/
URLs checked: 10038 
Pages crawled: 3011 
Rejected: 4354 
Bloom filter conflicts: 2627 
(69.55% total skipped)
Most recent URL: https://support.wix.com/en/article/about-the-media-manager-568956
URLs checked: 10039 
Pages crawled: 3012 
Rejected: 4354 
Bloom filter conflicts: 2627 
(69.54% total skipped)
Most recent URL: https://www.sophos.com/en-us/whitepaper/endpoint-buyers-guide
URLs checked: 10041 
Pages crawled: 3013 
Rejected: 4355 
Bloom filter conflicts: 2627 
(69.53% total skipped)
Most recent URL: https://www.digitalocean.com/community/questions
URLs checked: 10043 
Pages crawled: 3014 
Rejected: 4355 
Bloom filter conflicts: 2628 
(69.53% total skipped)
Most recent URL: https://npr.org/sections/money/
URLs checked: 10043 
Pages crawled: 3015 
Rejected: 4355 
Bloom filter conflicts: 2628 
(69.53% total skipped)
Most recent URL: https://store.steampowered.com/explore/upcoming/?snr=1_4_660__12
URLs checked: 10060 
Pages crawled: 3016 
Rejected: 4366 
Bloom filter conflicts: 2632 
(69.56% total skipped)
Most recent URL: https://www.braze.com/docs/developer_guide/platform_integration_guides/ios/push_notifications/implementation_guide/
URLs checked: 10064 
Pages crawled: 3017 
Rejected: 4369 
Bloom filter conflicts: 2632 
(69.56% total skipped)
Most recent URL: https://verkada.com/docs/
URLs checked: 10065 
Pages crawled: 3018 
Rejected: 4369 
Bloom filter conflicts: 2632 
(69.56% total skipped)
Most recent URL: https://www.wsj.com/news/types/capital-account?mod=nav_top_subsection
URLs checked: 10068 
Pages crawled: 3019 
Rejected: 4369 
Bloom filter conflicts: 2634 
(69.56% total skipped)
Most recent URL: https://ietf.org/about/administration/llc-board/minutes/2020/
URLs checked: 10077 
Pages crawled: 3020 
Rejected: 4373 
Bloom filter conflicts: 2638 
(69.57% total skipped)
Most recent URL: https://google.com.br/intl/en/home/tools/performance-planner/
URLs checked: 10085 
Pages crawled: 3021 
Rejected: 4379 
Bloom filter conflicts: 2639 
(69.59% total skipped)
Most recent URL: https://fb.com/lite/help/637205020878504
URLs checked: 10089 
Pages crawled: 3022 
Rejected: 4379 
Bloom filter conflicts: 2642 
(69.59% total skipped)
Most recent URL: https://gumgum.com/benefits-careers/20-days-of-paid-annual-leave
URLs checked: 10095 
Pages crawled: 3023 
Rejected: 4382 
Bloom filter conflicts: 2644 
(69.60% total skipped)
Most recent URL: https://amazontrust.com/
URLs checked: 10099 
Pages crawled: 3024 
Rejected: 4384 
Bloom filter conflicts: 2645 
(69.60% total skipped)
Most recent URL: https://www.ietf.org/about/administration/
URLs checked: 10100 
Pages crawled: 3025 
Rejected: 4384 
Bloom filter conflicts: 2645 
(69.59% total skipped)
Most recent URL: https://support.dnsmadeeasy.com/support/solutions/articles/47001001376-create-a-txt-record
URLs checked: 10101 
Pages crawled: 3026 
Rejected: 4384 
Bloom filter conflicts: 2645 
(69.59% total skipped)
Most recent URL: https://mailchimp.com/developer/marketing/api/
URLs checked: 10103 
Pages crawled: 3027 
Rejected: 4384 
Bloom filter conflicts: 2646 
(69.58% total skipped)
Most recent URL: https://badoo.com/en-us/dating/united-arab-emirates/
URLs checked: 10104 
Pages crawled: 3028 
Rejected: 4384 
Bloom filter conflicts: 2646 
(69.58% total skipped)
Most recent URL: https://merriam-webster.com/wordplay/origins-of-words-on-love-romantic-relationships
URLs checked: 10105 
Pages crawled: 3029 
Rejected: 4384 
Bloom filter conflicts: 2646 
(69.57% total skipped)
Most recent URL: https://docs.newrelic.com/docs/infrastructure/microsoft-azure-integrations/azure-integrations-list/azure-peering-service-monitoring-integration/
URLs checked: 10106 
Pages crawled: 3030 
Rejected: 4384 
Bloom filter conflicts: 2646 
(69.56% total skipped)
Most recent URL: https://www.healthline.com/symptom/gastrointestinal-bleeding
URLs checked: 10107 
Pages crawled: 3031 
Rejected: 4384 
Bloom filter conflicts: 2646 
(69.56% total skipped)
Most recent URL: https://www.mayoclinic.org/departments-centers/head-and-neck-cancer-center/home/orc-20457069
URLs checked: 10108 
Pages crawled: 3032 
Rejected: 4384 
Bloom filter conflicts: 2646 
(69.55% total skipped)
Most recent URL: https://www.cnbc.com/2023/11/12/the-marvels-worst-opening-weekend-box-office-for-marvel-cinematic-universe.html
URLs checked: 10109 
Pages crawled: 3033 
Rejected: 4384 
Bloom filter conflicts: 2646 
(69.54% total skipped)
Most recent URL: https://www.eset.com/int/business/enterprise-protection/
URLs checked: 10110 
Pages crawled: 3034 
Rejected: 4384 
Bloom filter conflicts: 2646 
(69.54% total skipped)
Most recent URL: https://stackoverflow.com/questions/tagged/cryptoapi
URLs checked: 10114 
Pages crawled: 3035 
Rejected: 4387 
Bloom filter conflicts: 2646 
(69.54% total skipped)
Most recent URL: https://rackspace.com/information/legal/about/responsibility
URLs checked: 10115 
Pages crawled: 3036 
Rejected: 4387 
Bloom filter conflicts: 2646 
(69.53% total skipped)
Most recent URL: https://ring.com/x-line-pro-install-bundles
URLs checked: 10124 
Pages crawled: 3037 
Rejected: 4392 
Bloom filter conflicts: 2649 
(69.55% total skipped)
Most recent URL: https://addtoany.com/services/papaly_button
URLs checked: 10127 
Pages crawled: 3038 
Rejected: 4394 
Bloom filter conflicts: 2649 
(69.55% total skipped)
Most recent URL: https://gumgum.com/contextual-insider/contextual-articles/gumgum-campaigns-named-finalists-for-four-awards
URLs checked: 10128 
Pages crawled: 3039 
Rejected: 4394 
Bloom filter conflicts: 2649 
(69.54% total skipped)
Most recent URL: https://www.cambridge.org/legal/mobile-apps
URLs checked: 10132 
Pages crawled: 3040 
Rejected: 4396 
Bloom filter conflicts: 2650 
(69.54% total skipped)
Most recent URL: https://google.com.br/intl/en/google-in-america/
URLs checked: 10144 
Pages crawled: 3041 
Rejected: 4402 
Bloom filter conflicts: 2655 
(69.57% total skipped)
Most recent URL: https://tradingview.com/u/TdaHTrader/
URLs checked: 10152 
Pages crawled: 3042 
Rejected: 4408 
Bloom filter conflicts: 2656 
(69.58% total skipped)
Most recent URL: https://ring.com/products/honeywell-home-t9-wifi-thermostat-smart-sensor
URLs checked: 10154 
Pages crawled: 3043 
Rejected: 4409 
Bloom filter conflicts: 2656 
(69.58% total skipped)
Most recent URL: https://theverge.com/2023/11/16/23963569/leaked-sonos-email-discloses-headphones-team-job-cuts
URLs checked: 10155 
Pages crawled: 3044 
Rejected: 4409 
Bloom filter conflicts: 2656 
(69.57% total skipped)
Most recent URL: https://loc.gov/live/
URLs checked: 10156 
Pages crawled: 3045 
Rejected: 4409 
Bloom filter conflicts: 2656 
(69.56% total skipped)
Most recent URL: https://www.cnet.com/tech/home-entertainment/tcl-6-series-2022-tv-review-winning-the-price-to-picture-contest-again/
URLs checked: 10159 
Pages crawled: 3046 
Rejected: 4409 
Bloom filter conflicts: 2658 
(69.56% total skipped)
Most recent URL: https://docs.digitalocean.com/products/billing/taxes/tur/
URLs checked: 10160 
Pages crawled: 3047 
Rejected: 4409 
Bloom filter conflicts: 2658 
(69.56% total skipped)
Most recent URL: https://www.t-mobile.com/offers?icid=MGPO_TMO_U_23HOLIDAY_9714FB9BF403268537294
URLs checked: 10161 
Pages crawled: 3048 
Rejected: 4409 
Bloom filter conflicts: 2658 
(69.55% total skipped)
Most recent URL: https://time.com/6317206/time-and-the-american-society-of-media-photographers-launch-global-photographic-portraiture-competition-the-human-element/
URLs checked: 10163 
Pages crawled: 3049 
Rejected: 4409 
Bloom filter conflicts: 2659 
(69.55% total skipped)
Most recent URL: https://merriam-webster.com/dictionary/Grammy
URLs checked: 10164 
Pages crawled: 3050 
Rejected: 4409 
Bloom filter conflicts: 2659 
(69.54% total skipped)
Most recent URL: https://onetrust.com/
URLs checked: 10165 
Pages crawled: 3051 
Rejected: 4409 
Bloom filter conflicts: 2659 
(69.53% total skipped)
Most recent URL: https://nature.com/subjects/chemistry
URLs checked: 10168 
Pages crawled: 3052 
Rejected: 4410 
Bloom filter conflicts: 2660 
(69.53% total skipped)
Most recent URL: https://mailchimp.com/help/i-cant-log-in/
URLs checked: 10169 
Pages crawled: 3053 
Rejected: 4410 
Bloom filter conflicts: 2660 
(69.53% total skipped)
Most recent URL: https://store.steampowered.com/app/1116540/DAVIGO_VR_vs_PC/?snr=1_239_1700__1707
URLs checked: 10170 
Pages crawled: 3054 
Rejected: 4410 
Bloom filter conflicts: 2660 
(69.52% total skipped)
Most recent URL: https://wsj.com/economy/global?mod=nav_top_subsection
URLs checked: 10171 
Pages crawled: 3055 
Rejected: 4410 
Bloom filter conflicts: 2660 
(69.51% total skipped)
Most recent URL: https://www.cnbc.com/2023/11/27/mounjaro-superior-to-ozempic-for-weight-loss-study-says.html
URLs checked: 10172 
Pages crawled: 3056 
Rejected: 4410 
Bloom filter conflicts: 2660 
(69.50% total skipped)
Most recent URL: https://badoo.com/en-us/dating/united-states/new-york/clay/
URLs checked: 10173 
Pages crawled: 3057 
Rejected: 4410 
Bloom filter conflicts: 2660 
(69.50% total skipped)
Most recent URL: https://care.healthline.com/find-care/search?what=Tension Headache
URLs checked: 10174 
Pages crawled: 3058 
Rejected: 4410 
Bloom filter conflicts: 2660 
(69.49% total skipped)
Most recent URL: https://stackoverflow.com/questions/tagged/npm-start+javascript
URLs checked: 10175 
Pages crawled: 3059 
Rejected: 4410 
Bloom filter conflicts: 2660 
(69.48% total skipped)
Most recent URL: https://google.com.br/websearch/topic/2365089?hl=en&ref_topic=1733202
URLs checked: 10177 
Pages crawled: 3060 
Rejected: 4411 
Bloom filter conflicts: 2660 
(69.48% total skipped)
Most recent URL: https://www.dnsmadeeasy.com/services/mailservices
URLs checked: 10190 
Pages crawled: 3061 
Rejected: 4421 
Bloom filter conflicts: 2662 
(69.51% total skipped)
Most recent URL: https://rackspace.com/information/legal/data/unstructured-data
URLs checked: 10191 
Pages crawled: 3062 
Rejected: 4421 
Bloom filter conflicts: 2662 
(69.50% total skipped)
Most recent URL: https://gnu.org/fun/jokes/echo-msg.html
URLs checked: 10192 
Pages crawled: 3063 
Rejected: 4421 
Bloom filter conflicts: 2662 
(69.50% total skipped)
Most recent URL: https://www.gumgum.com/terms-and-policies/archive-buyer-policy
URLs checked: 10198 
Pages crawled: 3064 
Rejected: 4425 
Bloom filter conflicts: 2663 
(69.50% total skipped)
Most recent URL: https://addtoany.com/buttons/customize/wordpress/pinterest_pin_it_button
URLs checked: 10201 
Pages crawled: 3065 
Rejected: 4426 
Bloom filter conflicts: 2664 
(69.50% total skipped)
Most recent URL: https://www.sophos.com/en-us/solutions/compliance/hipaa
URLs checked: 10212 
Pages crawled: 3066 
Rejected: 4433 
Bloom filter conflicts: 2667 
(69.53% total skipped)
Most recent URL: https://google.com.br/websearch/answer/13420782?hl=en&ref_topic=3081620
URLs checked: 10222 
Pages crawled: 3067 
Rejected: 4441 
Bloom filter conflicts: 2668 
(69.55% total skipped)
Most recent URL: https://support.dnsmadeeasy.com/support/solutions/articles/47001209946-add-a-domain-basic-
URLs checked: 10225 
Pages crawled: 3068 
Rejected: 4442 
Bloom filter conflicts: 2669 
(69.55% total skipped)
Most recent URL: https://www.cnet.com/reviews/audio-technica-at-lp60x-review/
URLs checked: 10227 
Pages crawled: 3069 
Rejected: 4443 
Bloom filter conflicts: 2669 
(69.54% total skipped)
Most recent URL: https://fb.com/reg/?privacy_mutation_token=eyJ0eXBlIjowLCJjcmVhdGlvbl90aW1lIjoxNzAxMTE0MTIzLCJjYWxsc2l0ZV9pZCI6MzYzOTY5MDQ0ODc4OTI4fQ%3D%3D
URLs checked: 10229 
Pages crawled: 3070 
Rejected: 4443 
Bloom filter conflicts: 2670 
(69.54% total skipped)
Most recent URL: https://time.com/charter/6281884/6-rules-for-a-successful-internship-in-an-uncertain-moment/
URLs checked: 10233 
Pages crawled: 3071 
Rejected: 4443 
Bloom filter conflicts: 2673 
(69.54% total skipped)
Most recent URL: https://ring.com/products/schlage-encode-deadbolt
URLs checked: 10234 
Pages crawled: 3072 
Rejected: 4443 
Bloom filter conflicts: 2673 
(69.53% total skipped)
Most recent URL: https://www.cambridge.org/internationaleducation
URLs checked: 10235 
Pages crawled: 3073 
Rejected: 4443 
Bloom filter conflicts: 2673 
(69.53% total skipped)
Most recent URL: https://www.ietf.org/about/administration/overview/
URLs checked: 10236 
Pages crawled: 3074 
Rejected: 4443 
Bloom filter conflicts: 2673 
(69.52% total skipped)
Most recent URL: https://www.healthline.com/health/stool-culture
URLs checked: 10237 
Pages crawled: 3075 
Rejected: 4443 
Bloom filter conflicts: 2673 
(69.51% total skipped)
Most recent URL: https://eset.com/int/business/services/healthcheck/
URLs checked: 10239 
Pages crawled: 3076 
Rejected: 4443 
Bloom filter conflicts: 2674 
(69.51% total skipped)
Most recent URL: https://merriam-webster.com/browse/thesaurus/r/41
URLs checked: 10240 
Pages crawled: 3077 
Rejected: 4443 
Bloom filter conflicts: 2674 
(69.50% total skipped)
Most recent URL: https://store.steampowered.com/app/621830/WRC_7_FIA_World_Rally_Championship/?snr=1_1056_4_franchise_1059&curator_clanid=33118426
URLs checked: 10241 
Pages crawled: 3078 
Rejected: 4443 
Bloom filter conflicts: 2674 
(69.50% total skipped)
Most recent URL: https://www.mayoclinic.org/diseases-conditions/prescription-drug-abuse/in-depth/how-to-tell-if-a-loved-one-is-abusing-opioids/art-20386038
URLs checked: 10243 
Pages crawled: 3079 
Rejected: 4444 
Bloom filter conflicts: 2674 
(69.49% total skipped)
Most recent URL: https://www.wsj.com/news/magazine/travel?mod=nav_top_subsection
URLs checked: 10244 
Pages crawled: 3080 
Rejected: 4444 
Bloom filter conflicts: 2674 
(69.48% total skipped)
Most recent URL: https://www.gnu.org/licenses/license-list.html
URLs checked: 10249 
Pages crawled: 3081 
Rejected: 4447 
Bloom filter conflicts: 2675 
(69.49% total skipped)
Most recent URL: https://google.com.br/websearch/answer/510?hl=en&ref_topic=9255574
URLs checked: 10253 
Pages crawled: 3082 
Rejected: 4450 
Bloom filter conflicts: 2675 
(69.49% total skipped)
Most recent URL: https://www.wix.com/encyclopedia/definition/social-media-audit
URLs checked: 10254 
Pages crawled: 3083 
Rejected: 4450 
Bloom filter conflicts: 2675 
(69.49% total skipped)
Most recent URL: https://digitalocean.com/
URLs checked: 10255 
Pages crawled: 3084 
Rejected: 4450 
Bloom filter conflicts: 2675 
(69.48% total skipped)
Most recent URL: https://www.braze.com/docs/developer_guide/platform_integration_guides/ios/in-app_messaging/customization/handling_in_app_display/
URLs checked: 10276 
Pages crawled: 3085 
Rejected: 4466 
Bloom filter conflicts: 2679 
(69.53% total skipped)
Most recent URL: https://addtoany.com/services/outlook_com_button
URLs checked: 10277 
Pages crawled: 3086 
Rejected: 4466 
Bloom filter conflicts: 2679 
(69.52% total skipped)
Most recent URL: https://stackoverflow.com/questions/tagged/azure-cognitive-search
URLs checked: 10278 
Pages crawled: 3087 
Rejected: 4466 
Bloom filter conflicts: 2679 
(69.52% total skipped)
Most recent URL: https://idp-google-authenticator.nature.com/orcid/pre-auth?response_type=code&state=eyJjdHkiOiJKV1QiLCJlbmMiOiJBMTI4R0NNIiwiYWxnIjoiZGlyIn0..2umigXrGvMzLcZsT._ySls8niLykwuwno0HK92_ohNR1K49Abx3Ib2wmmgD1J_kKuGBL_1QDp2Vd7It8SPWnVMc3x0pfpCVdxWrSAVylDQzHbwkL4g8n2sGVqSbK2Yw8WzlYsGc9jqb3PHy4-SWMYvqDdFfE7R7YliNZvZUyW5UE5AgKq6Bb_sPhBy0F1oamLYnlN73eBSm-V7Mi4iHPB4VNMMyNI24ewLjfrXv2f8-FgalzYZMHKXbilcUfbVbdQBugH9Emq7jc6i12GW8K40qaOSRG1ZpSlbmgmIGwie-9Y_B-sgoeW8RC2A3ST7vIdAe1Z0ZM48gAWlAXfWAEvOcM3V7FrWuLd6UwEuBh0ujs7Ms_VnSZsAQ-siU1F4NPGiWI451Ld3spjBv50kagoglopNcuOW7Db_kLDWiKYcqIDfy6yKhji9AslBkIVgkzsfHRrIrSn3LiYzhHBJb6heNdMG6Z1iZv1Yo42uE6H0K77ciWQXG891996HvGXBjeJ3gmADwiq5oLMikyY8SUva47iWWSbSqMo8V18Our7sByR0_6zwAVtTI9gSvAliA-hsUxDU-f03U0oyhdUTcGXIqoCoPObmyXQLY_J7dwn72_iloUwg1eU3pI8uCfjblY8uA8ck5pxLzoFL-Pm4yvQtjfsfL1Bd4h-CMqpy64IR3AiXmqNWj999JP6E1p8aotFt4bIj9KqsZIknaiHqjPzY_ZXq1_YJmc-uCZ33-wy1r9KmzRwyzogSKcbSLO7E28kHOAPrDp2pDmSvUk6dI7YsLyAp_qak_xW5XOXvl7KpWs_vTQBmOygiwTotou9CEV8YK-2sii7bcSdDoZ992Wkp8MYnaXcuFvHl0NQTaiIRWnODIxAjGeYgHqpyUPe_wH54mqw8QW38s7Xw6FAPKL2ncqNNMxnvXgXnKsyYgGhudL3LbmyeaYaQKI30kQ16EKz2suw4jF8EWy-SG1TFKQuenxdenLD5Onh_nUiZa5WTzv5Q_uP7kwp2TXLzyQUjzXz-E4A3aUo4PSdPPtIyLAYcuh3yj7ARg7An4hmP1ncltBbsThZbaTFroWsmgAvf91eN-PZYf0QWfRfunS2nVgWiNCtbS8C1R_B7o9T-ZVsXj7e8CA8oeqjdk1EzbuPELqY7A2N6vmUi30tXk3a5tSka7MKHHqSqA0e_IVg5ggVu-aO43vqJ7EKt9dHKJUacIeMlA3B1Hfdze6mLDnfp6AZkUhuPnwIhShKyXCixcE9cFZrd-TIeyuvtYpEHeD-A3qjfJd7mVSx0sb1QgzzSm2moTyICL-inpryeOWjeuTL-1k89GXxjY3kR-8l5VZeyJXImXVu9EBp4rKxdgYhhjMsBBYxElZt167_l_n4vA9zYE0_obvaEL6tcRy_S5OArQs3Mn4m55jzlBQCglEZsZpKORJrpKOp5a2R0gZOGMeNohQgj6i3lJffw81_Au70-NvpnFP4OZ-NUOp1OrNEjkvyynzPYmOojXiQirYUoJTPvEG20BZGog_r0E7Z57ZqhhyFgvUAvlov2SwJpE8JYd42FIOSejDUc1RGC_CZSfwopm0kPmcB8DDngNLwDT_rq-Cb15nkk6hkDzdpydCf6xrUfHQ7OPlbrAMIezui6RSOXQmM0QexYOLNP0zimdVbhQwznuyPrTcE1g2DEteBTcNUUk9DvTPh7rZLkJCNsR57qSK2iG-E36HITS8kxC7Fkp_nUROJDvnTUe3I1idmcD5MQDgCTGJPgZ7h_q51K7995ktMTNH7ctyyY6qlV69v9RZfp31vaPJk9-FJyOGj_5aD0-xLTx9FQMzIGUFigPUiC86YKOn841sQBtvV7G5zy2JEgMHa3AtOCDcLO5sLd2lbnvJC8EpOpqKCFpu0ijErawoL2kzB3Tf_CjMhI1AJN8gr8oDxFxdsJv0SMYTG9igvB4abeT9YtOqWq9R8FQH5TygGF8rZtLGdSfIjfql2hwhUFpo8QuHhoW1m8JDpgXOgZc4MzUwVNW6sujf8yZTNy6V8kn_ZnsbiyVvq1SC7HFlNTzYTF2fk0LpXWpTL_wiieU_nAx369GukIVuz0jPGRY1K9eUZVZljISDdajdE8tjeIN8P1RBkdZo0NlyDKdqqYwRMBzTNJ_2FT1ZOse2YtMX4hrZwQJlrmZeQ8t4KNiLc4J0iJ8-armafhetwRqxG5pKxAi5JeQiu7pGHqXIcFAkG4Y1Pv-E3wUwRZt2sPzb2cY58NH7GVDMQcFqY9PYlMKqYYecFY7fApsLHm8mVKybKvGRbP68Qn6aoiB8SfERCoPr33nr2KM8qef7yyW-STElp3s9Nl5sx64ivllMwHmCzjCcbmsOwqnwGRFepxraGGQuAZ_SdsO941R1ybw6TyHIEyghn185UcDpdFcaRdFw-yLrx-BBwPb8kxjZLe1tGOo7zZqQCMuPoiZutc8RV2Crx8YWWg_KHzBu8tRaLRqmidGtqQn0OE9XmZfOkXxoiUALlg_hDCn7BE3ObMgCon9c0Wkom2yn8LsufCKdnERqGCw74tQYQNCXtvjeyJ2X3tHzOTk5ItSJrQFgRKZNmh1XwNUNWS3E8_SVNbdCLNdehSOxSb1LafIXm4-oGccmHyD1Qvqnd11nFp0w96Wugv1vLim7Csn9hsigZmn7p3Qq9boteVa7Hcr9GE-A4o9fg30NcbwvRkCY_M7cVxj7pII3W5UhQ5iuXrEQXm0dUi5o0f3vMlJbXbUZsEeoHtgCUlQ3OTyHNe3SDDDd2VzcaZxm-4oQx21zU8dXxsiFnZ52TXcl4x9Guay3tzazPQDfiySefR9rtQpzgA-70ZQSkaVBN-RnTbAIaV8XEIV6blbuJphP0OCSmYSt7DxXMHc99bycd5sEedmJ5hOjAqRcnMaBkz4fouyqzE1RVbOSUTEAbxC3erAo1y7T8LuNuXZ4HyWZloLPeitEZMx0hQsNbThhMjnYimWU2pnNuRYdO6pLe7aZ3A0kU0e50K8u-eRbGI8oXhrO8F7CEpTZzzXSpSqHZ-qENe3CvtyAJIIKzCapI9yUWZaxvyzJcrexMG6oi9LRRfyklZhEGpuPLpWOWnUBKjIF95L-aPIzhOHKDP33czF9-kRFrkA_K78PSHOrECFvRymv4GQgVsDOwJkwtGOhpRpgxd5jUzDOBOcqSldwwMp2liBZAOBF6RToESNiYcyHRLaSS55F-2l1X4ip1nzRRGCqa13lQUvqRPgvoasaUVIzCP6PBuhwiBIYwfIFLJ0d0voaruJUtmYIdzOzw0ECEIF38JZkIpJ0q4Q1STzHe75Xl--x_Gagi3v7LqzMfZgFLOfXsJgbX0cvpntUrlfR0pA2P3TAWvnS-qbYPMrQWOKPS0TE36-xE465Y_tezyHHkV5T6K6CA2Y16-fIR.lXW8xwdQEHRancbHxiwCZg&redirect_uri=https%3A%2F%2Fidp-personal-authenticator.springernature.com%2Fgateway%2Fauthed%2Forcid
URLs checked: 10286 
Pages crawled: 3088 
Rejected: 4472 
Bloom filter conflicts: 2680 
(69.53% total skipped)
Most recent URL: https://getpocket.com
URLs checked: 10288 
Pages crawled: 3089 
Rejected: 4473 
Bloom filter conflicts: 2680 
(69.53% total skipped)
Most recent URL: https://support.dnsmadeeasy.com/support/solutions/articles/47001000799-assign-an-ip-set-to-a-domain
URLs checked: 10289 
Pages crawled: 3090 
Rejected: 4473 
Bloom filter conflicts: 2680 
(69.52% total skipped)
Most recent URL: https://gumgum.com/corporate-responsibility
URLs checked: 10291 
Pages crawled: 3091 
Rejected: 4474 
Bloom filter conflicts: 2680 
(69.52% total skipped)
Most recent URL: https://theverge.com/22832127/matter-smart-home-products-thread-wifi-explainer
URLs checked: 10294 
Pages crawled: 3092 
Rejected: 4475 
Bloom filter conflicts: 2681 
(69.52% total skipped)
Most recent URL: https://www.google.com.br/websearch/answer/10410942?hl=en&ref_topic=9739148
URLs checked: 10307 
Pages crawled: 3093 
Rejected: 4483 
Bloom filter conflicts: 2685 
(69.54% total skipped)
Most recent URL: https://one.newrelic.com/launcher/catalog-pack-details.launcher/?pane=eyJuZXJkbGV0SWQiOiJjYXRhbG9nLXBhY2stZGV0YWlscy5jYXRhbG9nLXBhY2stY29udGVudHMiLCJxdWlja3N0YXJ0SWQiOiJiNTg0NWJlZS0yYjYxLTQ1NGYtOWU2YS0xYTE0ZmZjM2UwNTIifQ%3D%3D
URLs checked: 10318 
Pages crawled: 3094 
Rejected: 4490 
Bloom filter conflicts: 2688 
(69.57% total skipped)
Most recent URL: https://support.dnsmadeeasy.com/support/solutions/articles/47001000547-configure-gtd-for-a-domain
URLs checked: 10320 
Pages crawled: 3095 
Rejected: 4490 
Bloom filter conflicts: 2689 
(69.56% total skipped)
Most recent URL: https://www.google.com.br/websearch/answer/1710607?hl=en&ref_topic=3036132
URLs checked: 10328 
Pages crawled: 3096 
Rejected: 4496 
Bloom filter conflicts: 2690 
(69.58% total skipped)
Most recent URL: https://www.edd.ca.gov/en/payroll_taxes/e-Services_for_Business/
URLs checked: 10332 
Pages crawled: 3097 
Rejected: 4499 
Bloom filter conflicts: 2690 
(69.58% total skipped)
Most recent URL: https://time.com/collection/live-well/5668456/coffee-kids-health/
URLs checked: 10334 
Pages crawled: 3098 
Rejected: 4500 
Bloom filter conflicts: 2690 
(69.58% total skipped)
Most recent URL: https://mailchimp.com/developer/marketing/docs/fundamentals/
URLs checked: 10336 
Pages crawled: 3099 
Rejected: 4501 
Bloom filter conflicts: 2690 
(69.57% total skipped)
Most recent URL: https://fb.com/data/
URLs checked: 10343 
Pages crawled: 3100 
Rejected: 4505 
Bloom filter conflicts: 2692 
(69.58% total skipped)
Most recent URL: https://addtoany.com/buttons/customize/wordpress/icon_color
URLs checked: 10346 
Pages crawled: 3101 
Rejected: 4506 
Bloom filter conflicts: 2693 
(69.58% total skipped)
Most recent URL: https://tradingview.com/symbols/NYSE-ARMK/?solution=43000701943
URLs checked: 10348 
Pages crawled: 3102 
Rejected: 4507 
Bloom filter conflicts: 2693 
(69.58% total skipped)
Most recent URL: https://gnu.org/software/free-software-for-education.html
URLs checked: 10350 
Pages crawled: 3103 
Rejected: 4508 
Bloom filter conflicts: 2693 
(69.57% total skipped)
Most recent URL: https://stackoverflow.com/questions/tagged/image-recognition+c%23+python
URLs checked: 10351 
Pages crawled: 3104 
Rejected: 4508 
Bloom filter conflicts: 2693 
(69.57% total skipped)
Most recent URL: https://gumgum.com/blog/the-best-ctv-advertising-examples
URLs checked: 10352 
Pages crawled: 3105 
Rejected: 4508 
Bloom filter conflicts: 2693 
(69.56% total skipped)
Most recent URL: https://theverge.com/23642938/resident-evil-4-remake-review-xbox-ps5-steam
URLs checked: 10354 
Pages crawled: 3106 
Rejected: 4508 
Bloom filter conflicts: 2694 
(69.56% total skipped)
Most recent URL: https://badoo.com/en-us/dating/united-kingdom/south-east-england/
URLs checked: 10356 
Pages crawled: 3107 
Rejected: 4509 
Bloom filter conflicts: 2694 
(69.55% total skipped)
Most recent URL: https://cambridge.org/people-and-planet/united-nations-global-compact
URLs checked: 10357 
Pages crawled: 3108 
Rejected: 4509 
Bloom filter conflicts: 2694 
(69.55% total skipped)
Most recent URL: https://docs.newrelic.com/docs/infrastructure/microsoft-azure-integrations/get-started/introduction-azure-monitoring-integrations/?q=/
URLs checked: 10358 
Pages crawled: 3109 
Rejected: 4509 
Bloom filter conflicts: 2694 
(69.54% total skipped)
Most recent URL: https://www.wix.com/blog/ecommerce/2020/02/dropshipping-guide-what-is-dropshipping
URLs checked: 10360 
Pages crawled: 3110 
Rejected: 4509 
Bloom filter conflicts: 2695 
(69.54% total skipped)
Most recent URL: https://getpocket.com/explore
URLs checked: 10361 
Pages crawled: 3111 
Rejected: 4509 
Bloom filter conflicts: 2695 
(69.53% total skipped)
Most recent URL: https://ietf.org/topics/transport/
URLs checked: 10362 
Pages crawled: 3112 
Rejected: 4509 
Bloom filter conflicts: 2695 
(69.52% total skipped)
Most recent URL: https://merriam-webster.com/thesaurus/regales
URLs checked: 10364 
Pages crawled: 3113 
Rejected: 4510 
Bloom filter conflicts: 2695 
(69.52% total skipped)
Most recent URL: https://www.mayoclinic.org/diseases-conditions/breast-cancer/care-at-mayo-clinic/mac-20352479
URLs checked: 10365 
Pages crawled: 3114 
Rejected: 4510 
Bloom filter conflicts: 2695 
(69.51% total skipped)
Most recent URL: https://hipages.com.au/find/pergola/wa/hamilton_hill
URLs checked: 10366 
Pages crawled: 3115 
Rejected: 4510 
Bloom filter conflicts: 2695 
(69.51% total skipped)
Most recent URL: https://rackspace.com/about/strategic-alliances
URLs checked: 10367 
Pages crawled: 3116 
Rejected: 4510 
Bloom filter conflicts: 2695 
(69.50% total skipped)
Most recent URL: https://care.healthline.com/find-care/search?what=Radiculopathy
URLs checked: 10368 
Pages crawled: 3117 
Rejected: 4510 
Bloom filter conflicts: 2695 
(69.49% total skipped)
Most recent URL: https://www.cnbc.com/2023/01/03/3-changes-in-secure-2point0-for-required-minimum-distributions.html
URLs checked: 10369 
Pages crawled: 3118 
Rejected: 4510 
Bloom filter conflicts: 2695 
(69.49% total skipped)
Most recent URL: https://www.wsj.com/news/business/natural-resources?mod=nav_top_subsection
URLs checked: 10374 
Pages crawled: 3119 
Rejected: 4513 
Bloom filter conflicts: 2696 
(69.49% total skipped)
Most recent URL: https://time.com/5884740/chadwick-boseman-obit/
URLs checked: 10379 
Pages crawled: 3120 
Rejected: 4513 
Bloom filter conflicts: 2700 
(69.50% total skipped)
Most recent URL: https://www.t-mobile.com/cell-phone/samsung-galaxy-s23-fe
URLs checked: 10380 
Pages crawled: 3121 
Rejected: 4513 
Bloom filter conflicts: 2700 
(69.49% total skipped)
Most recent URL: https://sophos.com/en-us/partners/partner-care
URLs checked: 10381 
Pages crawled: 3122 
Rejected: 4513 
Bloom filter conflicts: 2700 
(69.48% total skipped)
Most recent URL: https://google.com.br/intl/en/home/ads-experts-support/
URLs checked: 10384 
Pages crawled: 3123 
Rejected: 4515 
Bloom filter conflicts: 2700 
(69.48% total skipped)
Most recent URL: https://www.addtoany.com/buttons/customize/center_align_buttons
URLs checked: 10385 
Pages crawled: 3124 
Rejected: 4515 
Bloom filter conflicts: 2700 
(69.48% total skipped)
Most recent URL: https://www.npr.org/2023/06/15/1182616449/new-mix-fizz-luluc-silvana-estrada-more
URLs checked: 10386 
Pages crawled: 3125 
Rejected: 4515 
Bloom filter conflicts: 2700 
(69.47% total skipped)
Most recent URL: https://store.steampowered.com/app/2690020/King_of_Throwing/?snr=1_239_1700__1708
URLs checked: 10398 
Pages crawled: 3126 
Rejected: 4526 
Bloom filter conflicts: 2700 
(69.49% total skipped)
Most recent URL: https://newrelic.com/pricing
URLs checked: 10399 
Pages crawled: 3127 
Rejected: 4526 
Bloom filter conflicts: 2700 
(69.49% total skipped)
Most recent URL: https://www.cnet.com/culture/
URLs checked: 10400 
Pages crawled: 3128 
Rejected: 4526 
Bloom filter conflicts: 2700 
(69.48% total skipped)
Most recent URL: https://www.dnsmadeeasy.com/services/dns-analytics
URLs checked: 10401 
Pages crawled: 3129 
Rejected: 4526 
Bloom filter conflicts: 2700 
(69.47% total skipped)
Most recent URL: https://stackoverflow.com/questions/tagged/data-wrangling+for-loop
URLs checked: 10403 
Pages crawled: 3130 
Rejected: 4527 
Bloom filter conflicts: 2700 
(69.47% total skipped)
Most recent URL: https://theverge.com/23951223/housing-climate-change-zoning-nimby-sustainable-design?showComments=1
URLs checked: 10409 
Pages crawled: 3131 
Rejected: 4531 
Bloom filter conflicts: 2701 
(69.48% total skipped)
Most recent URL: https://fb.com/data/community-standards-enforcement/
URLs checked: 10417 
Pages crawled: 3132 
Rejected: 4532 
Bloom filter conflicts: 2707 
(69.49% total skipped)
Most recent URL: https://ring.com/products/video-doorbell-3-faceplate
URLs checked: 10419 
Pages crawled: 3133 
Rejected: 4533 
Bloom filter conflicts: 2707 
(69.49% total skipped)
Most recent URL: https://www.healthline.com/health/sleep-deprivation/sleep-deprivation-stages
URLs checked: 10420 
Pages crawled: 3134 
Rejected: 4533 
Bloom filter conflicts: 2707 
(69.48% total skipped)
Most recent URL: https://gnu.org/education/edu-projects.html
URLs checked: 10425 
Pages crawled: 3135 
Rejected: 4534 
Bloom filter conflicts: 2710 
(69.49% total skipped)
Most recent URL: https://ca.gov/use/
URLs checked: 10426 
Pages crawled: 3136 
Rejected: 4534 
Bloom filter conflicts: 2710 
(69.48% total skipped)
Most recent URL: https://datatracker.ietf.org/wg/babel/about/
URLs checked: 10427 
Pages crawled: 3137 
Rejected: 4534 
Bloom filter conflicts: 2710 
(69.47% total skipped)
Most recent URL: https://www.gumgum.com/terms-and-policies/acceptable-use-policy
URLs checked: 10428 
Pages crawled: 3138 
Rejected: 4534 
Bloom filter conflicts: 2710 
(69.47% total skipped)
Most recent URL: https://www.wix.com/blog/photography/find-your-photography-style
URLs checked: 10430 
Pages crawled: 3139 
Rejected: 4535 
Bloom filter conflicts: 2710 
(69.46% total skipped)
Most recent URL: https://verkada.com/solutions/healthcare/
URLs checked: 10434 
Pages crawled: 3140 
Rejected: 4537 
Bloom filter conflicts: 2711 
(69.47% total skipped)
Most recent URL: https://support.dnsmadeeasy.com/support/solutions/folders/47000660928 
URLs checked: 10435 
Pages crawled: 3141 
Rejected: 4537 
Bloom filter conflicts: 2711 
(69.46% total skipped)
Most recent URL: https://rackspace.com/about/security/security-strategy
URLs checked: 10439 
Pages crawled: 3142 
Rejected: 4540 
Bloom filter conflicts: 2711 
(69.46% total skipped)
Most recent URL: https://merriam-webster.com/thesaurus/regathering
URLs checked: 10440 
Pages crawled: 3143 
Rejected: 4540 
Bloom filter conflicts: 2711 
(69.45% total skipped)
Most recent URL: https://addtoany.com/buttons/customize/wordpress/share_count_recovery
URLs checked: 10443 
Pages crawled: 3144 
Rejected: 4542 
Bloom filter conflicts: 2711 
(69.45% total skipped)
Most recent URL: https://tradingview.com/symbols/NASDAQ-MRAM/
URLs checked: 10444 
Pages crawled: 3145 
Rejected: 4542 
Bloom filter conflicts: 2711 
(69.45% total skipped)
Most recent URL: https://nature.com/srep/author-instructions
URLs checked: 10445 
Pages crawled: 3146 
Rejected: 4542 
Bloom filter conflicts: 2711 
(69.44% total skipped)
Most recent URL: https://mailchimp.com/developer/marketing/api/connected-sites/
URLs checked: 10446 
Pages crawled: 3147 
Rejected: 4542 
Bloom filter conflicts: 2711 
(69.43% total skipped)
Most recent URL: https://www.digitalocean.com/community/tutorials/how-to-use-the-mean-one-click-install-image
URLs checked: 10447 
Pages crawled: 3148 
Rejected: 4542 
Bloom filter conflicts: 2711 
(69.43% total skipped)
Most recent URL: https://cnet.com/tech/services-and-software/ipvanish-review-this-vpns-security-issues-and-a-flawed-quick-connect-feature-hold-it-back/
URLs checked: 10449 
Pages crawled: 3149 
Rejected: 4542 
Bloom filter conflicts: 2712 
(69.42% total skipped)
Most recent URL: https://newrelic.com/blog/how-to-relic/monitor-kubernetes-with-opentelemetry
URLs checked: 10450 
Pages crawled: 3150 
Rejected: 4542 
Bloom filter conflicts: 2712 
(69.42% total skipped)
Most recent URL: https://www.cambridge.org/people-and-planet/united-nations-global-compact
URLs checked: 10451 
Pages crawled: 3151 
Rejected: 4542 
Bloom filter conflicts: 2712 
(69.41% total skipped)
Most recent URL: https://time.com/collection/100-most-influential-people-2023/6270456/sara-mardini-and-yusra-mardini/
URLs checked: 10453 
Pages crawled: 3152 
Rejected: 4542 
Bloom filter conflicts: 2713 
(69.41% total skipped)
Most recent URL: https://www.cnbc.com/social-media/
URLs checked: 10454 
Pages crawled: 3153 
Rejected: 4542 
Bloom filter conflicts: 2713 
(69.40% total skipped)
Most recent URL: https://stackoverflow.com/q/36959683
URLs checked: 10455 
Pages crawled: 3154 
Rejected: 4542 
Bloom filter conflicts: 2713 
(69.39% total skipped)
Most recent URL: https://www.eset.com/int/business/solutions/advanced-threat-defense/
URLs checked: 10456 
Pages crawled: 3155 
Rejected: 4542 
Bloom filter conflicts: 2713 
(69.39% total skipped)
Most recent URL: https://www.wsj.com/podcasts/latest/wsj-tech-news-briefing?mod=nav_top_subsection
URLs checked: 10457 
Pages crawled: 3156 
Rejected: 4542 
Bloom filter conflicts: 2713 
(69.38% total skipped)
Most recent URL: https://mayoclinic.org/diseases-conditions/index?letter=F
URLs checked: 10458 
Pages crawled: 3157 
Rejected: 4542 
Bloom filter conflicts: 2713 
(69.37% total skipped)
Most recent URL: https://store.steampowered.com/app/1059530/Valve_Index_Headset/?snr=1_4_660__104
URLs checked: 10459 
Pages crawled: 3158 
Rejected: 4542 
Bloom filter conflicts: 2713 
(69.37% total skipped)
Most recent URL: https://hipages.com.au/find/retaining_walls_concrete_retaining_walls/vic/docklands
URLs checked: 10460 
Pages crawled: 3159 
Rejected: 4542 
Bloom filter conflicts: 2713 
(69.36% total skipped)
Most recent URL: https://www.braze.com/docs/developer_guide/platform_integration_guides/ios/changelog/swift_changelog/
URLs checked: 10462 
Pages crawled: 3160 
Rejected: 4543 
Bloom filter conflicts: 2713 
(69.36% total skipped)
Most recent URL: https://theverge.com/23713293/dbrand-zelda-tears-of-the-kingdom-nintendo-switch-skin
URLs checked: 10466 
Pages crawled: 3161 
Rejected: 4543 
Bloom filter conflicts: 2716 
(69.36% total skipped)
Most recent URL: https://www.healthline.com/health/what-causes-crusty-eyes-in-the-morning
URLs checked: 10472 
Pages crawled: 3162 
Rejected: 4547 
Bloom filter conflicts: 2717 
(69.37% total skipped)
Most recent URL: https://fb.com/policies/community-standards/adult-nudity-sexual-activity/
URLs checked: 10480 
Pages crawled: 3163 
Rejected: 4551 
Bloom filter conflicts: 2720 
(69.38% total skipped)
Most recent URL: https://ring.com/manageconsent
URLs checked: 10482 
Pages crawled: 3164 
Rejected: 4552 
Bloom filter conflicts: 2720 
(69.38% total skipped)
Most recent URL: https://datatracker.ietf.org/person/tbray@textuality.com
URLs checked: 10484 
Pages crawled: 3165 
Rejected: 4553 
Bloom filter conflicts: 2720 
(69.37% total skipped)
Most recent URL: https://mailchimp.com/developer/blog/leading-teams-closing-loops/
URLs checked: 10485 
Pages crawled: 3166 
Rejected: 4553 
Bloom filter conflicts: 2720 
(69.37% total skipped)
Most recent URL: https://getpocket.com/about?src=footer_v2
URLs checked: 10487 
Pages crawled: 3167 
Rejected: 4553 
Bloom filter conflicts: 2721 
(69.36% total skipped)
Most recent URL: https://www.cnet.com/tech/mobile/galaxy-z-fold-4-review-refinement-over-revolution/
URLs checked: 10488 
Pages crawled: 3168 
Rejected: 4553 
Bloom filter conflicts: 2721 
(69.36% total skipped)
Most recent URL: https://stackoverflow.com/users/13468065/harshit-gupta
URLs checked: 10489 
Pages crawled: 3169 
Rejected: 4553 
Bloom filter conflicts: 2721 
(69.35% total skipped)
Most recent URL: https://docs.digitalocean.com/products/kubernetes/how-to/add-volumes/
URLs checked: 10490 
Pages crawled: 3170 
Rejected: 4553 
Bloom filter conflicts: 2721 
(69.34% total skipped)
Most recent URL: https://time.com/2853/the-enforcers/
URLs checked: 10492 
Pages crawled: 3171 
Rejected: 4553 
Bloom filter conflicts: 2722 
(69.34% total skipped)
Most recent URL: https://www.eset.com/int/support/contact/
URLs checked: 10494 
Pages crawled: 3172 
Rejected: 4554 
Bloom filter conflicts: 2722 
(69.33% total skipped)
Most recent URL: https://onetrust.com/careers/
URLs checked: 10495 
Pages crawled: 3173 
Rejected: 4554 
Bloom filter conflicts: 2722 
(69.33% total skipped)
Most recent URL: https://newrelic.com/instant-observability?category=logging
URLs checked: 10496 
Pages crawled: 3174 
Rejected: 4554 
Bloom filter conflicts: 2722 
(69.32% total skipped)
Most recent URL: https://hipages.com.au/article/how_often_should_your_roof_be_maintained
URLs checked: 10497 
Pages crawled: 3175 
Rejected: 4554 
Bloom filter conflicts: 2722 
(69.32% total skipped)
Most recent URL: https://www.cnbc.com/video/2023/11/17/musk-touched-the-third-rail-investor-frustration-reaching-boiling-point-wedbushs-dan-ives.html
URLs checked: 10501 
Pages crawled: 3176 
Rejected: 4557 
Bloom filter conflicts: 2722 
(69.32% total skipped)
Most recent URL: https://www.wsj.com/news/business/transportation?mod=nav_top_subsection
URLs checked: 10502 
Pages crawled: 3177 
Rejected: 4557 
Bloom filter conflicts: 2722 
(69.31% total skipped)
Most recent URL: https://www.ca.gov/agenciesall/
URLs checked: 10503 
Pages crawled: 3178 
Rejected: 4557 
Bloom filter conflicts: 2722 
(69.30% total skipped)
Most recent URL: https://savannah.gnu.org/projects/freetalk/
URLs checked: 10508 
Pages crawled: 3179 
Rejected: 4561 
Bloom filter conflicts: 2722 
(69.31% total skipped)
Most recent URL: https://www.npr.org/2023/11/27/1215332312/a-suspect-is-arrested-in-the-shooting-of-3-men-of-palestinian-descent-in-vermont
URLs checked: 10510 
Pages crawled: 3180 
Rejected: 4562 
Bloom filter conflicts: 2722 
(69.31% total skipped)
Most recent URL: https://www.healthline.com/health/pericarditis
URLs checked: 10511 
Pages crawled: 3181 
Rejected: 4562 
Bloom filter conflicts: 2722 
(69.30% total skipped)
Most recent URL: https://store.steampowered.com/replay?l=vietnamese&redir=replay%3Fl%3Dczech%26redir%3Dreplay%253Fsrc%253D7%2526snr%253D1_communityrecommendations_4__12%26redir_ssl%3D1%26snr%3D1_communityrecommendations_4__12&redir_ssl=1&snr=1_communityrecommendations_4__12
URLs checked: 10513 
Pages crawled: 3182 
Rejected: 4563 
Bloom filter conflicts: 2722 
(69.30% total skipped)
Most recent URL: https://rackspace.com/about/data/azure-data
URLs checked: 10515 
Pages crawled: 3183 
Rejected: 4564 
Bloom filter conflicts: 2722 
(69.29% total skipped)
Most recent URL: https://support.dnsmadeeasy.com/support/solutions/articles/47001001341-round-robin
URLs checked: 10516 
Pages crawled: 3184 
Rejected: 4564 
Bloom filter conflicts: 2722 
(69.28% total skipped)
Most recent URL: https://addtoany.com/services/google_translate_button
URLs checked: 10517 
Pages crawled: 3185 
Rejected: 4564 
Bloom filter conflicts: 2722 
(69.28% total skipped)
Most recent URL: https://www.google.com.br/url?q=https://support.google.com/websearch/%3Fp%3Dws_results_help%26hl%3Den%26fg%3D1&opi=89978449&sa=U&ved=0ahUKEwjuzIK-9-SCAxUhQjABHdLOBUwQ8KwCCAE&usg=AOvVaw2KBBcCef1485V8czMM6rGH
URLs checked: 10518 
Pages crawled: 3186 
Rejected: 4564 
Bloom filter conflicts: 2722 
(69.27% total skipped)
Most recent URL: https://merriam-webster.com/thesaurus/refuted
URLs checked: 10519 
Pages crawled: 3187 
Rejected: 4564 
Bloom filter conflicts: 2722 
(69.27% total skipped)
Most recent URL: https://www.braze.com/docs/developer_guide/platform_integration_guides/web/smart_tvs/
URLs checked: 10523 
Pages crawled: 3188 
Rejected: 4566 
Bloom filter conflicts: 2723 
(69.27% total skipped)
Most recent URL: https://university.gumgum.com/courses/contextual-advertising-certification?utm_medium=stickybar&utm_source=website&utm_campaign=contextual%20certification%20course
URLs checked: 10524 
Pages crawled: 3189 
Rejected: 4566 
Bloom filter conflicts: 2723 
(69.26% total skipped)
Most recent URL: https://docs.newrelic.com/docs/logs/get-started/new-relics-log-management-security-privacy/
URLs checked: 10526 
Pages crawled: 3190 
Rejected: 4567 
Bloom filter conflicts: 2723 
(69.26% total skipped)
Most recent URL: https://www.wix.com/blog/how-to-name-a-business
URLs checked: 10538 
Pages crawled: 3191 
Rejected: 4577 
Bloom filter conflicts: 2724 
(69.28% total skipped)
Most recent URL: https://fb.com/lite/help/help/637205020878504
URLs checked: 10541 
Pages crawled: 3192 
Rejected: 4577 
Bloom filter conflicts: 2726 
(69.28% total skipped)
Most recent URL: https://www.google.com.br/websearch/answer/9208897?hl=en&ref_topic=3036131
URLs checked: 10542 
Pages crawled: 3193 
Rejected: 4577 
Bloom filter conflicts: 2726 
(69.28% total skipped)
Most recent URL: https://ring.com/products/2-pack-alarm-smoke-co-listener
URLs checked: 10546 
Pages crawled: 3194 
Rejected: 4580 
Bloom filter conflicts: 2726 
(69.28% total skipped)
Most recent URL: https://tradingview.com/support/solutions/43000706868
URLs checked: 10548 
Pages crawled: 3195 
Rejected: 4581 
Bloom filter conflicts: 2726 
(69.27% total skipped)
Most recent URL: https://getpocket.com/privacy?src=footer_v2
URLs checked: 10549 
Pages crawled: 3196 
Rejected: 4581 
Bloom filter conflicts: 2726 
(69.27% total skipped)
Most recent URL: https://www.cnbc.com/2023/09/28/psychotherapist-the-no-1-rule-highly-successful-people-follow-to-be-happier-at-work.html
URLs checked: 10550 
Pages crawled: 3197 
Rejected: 4581 
Bloom filter conflicts: 2726 
(69.26% total skipped)
Most recent URL: https://support.dnsmadeeasy.com/support/solutions/articles/47001191963-create-user-groups
URLs checked: 10551 
Pages crawled: 3198 
Rejected: 4581 
Bloom filter conflicts: 2726 
(69.25% total skipped)
Most recent URL: https://www.t-mobile.com/cell-phone/oneplus-10-pro-5g?icid=MGPO_TMO_C_221PLS10TM_KAVA4GLF7BYL01CS29372
URLs checked: 10552 
Pages crawled: 3199 
Rejected: 4581 
Bloom filter conflicts: 2726 
(69.25% total skipped)
Most recent URL: https://www.healthline.com/health/endotough/why-sex-painful
URLs checked: 10554 
Pages crawled: 3200 
Rejected: 4581 
Bloom filter conflicts: 2727 
(69.24% total skipped)
Most recent URL: https://stackoverflow.com/questions/72650977/vertex-ai-workbench-notebooks-unresponsive
URLs checked: 10555 
Pages crawled: 3201 
Rejected: 4581 
Bloom filter conflicts: 2727 
(69.24% total skipped)
Most recent URL: https://www.rackspace.com/information/legal/privacystatement/cookies
URLs checked: 10557 
Pages crawled: 3202 
Rejected: 4582 
Bloom filter conflicts: 2727 
(69.23% total skipped)
Most recent URL: https://addtoany.com/services/fark_button
URLs checked: 10558 
Pages crawled: 3203 
Rejected: 4582 
Bloom filter conflicts: 2727 
(69.23% total skipped)
Most recent URL: https://gnu.org/software/remotecontrol/
URLs checked: 10565 
Pages crawled: 3204 
Rejected: 4588 
Bloom filter conflicts: 2727 
(69.24% total skipped)
Most recent URL: https://google.com.br/websearch/answer/9049144?hl=en&ref_topic=1733202
URLs checked: 10566 
Pages crawled: 3205 
Rejected: 4588 
Bloom filter conflicts: 2727 
(69.23% total skipped)
Most recent URL: https://mailchimp.com/developer/marketing/api/interests/
URLs checked: 10569 
Pages crawled: 3206 
Rejected: 4589 
Bloom filter conflicts: 2728 
(69.23% total skipped)
Most recent URL: https://support.dnsmadeeasy.com/support/solutions/articles/47001191770-how-to-remove-a-sub-user
URLs checked: 10570 
Pages crawled: 3207 
Rejected: 4589 
Bloom filter conflicts: 2728 
(69.22% total skipped)
Most recent URL: https://time.com/mediakit
URLs checked: 10571 
Pages crawled: 3208 
Rejected: 4589 
Bloom filter conflicts: 2728 
(69.22% total skipped)
Most recent URL: https://www.tradingview.com/policies/
URLs checked: 10572 
Pages crawled: 3209 
Rejected: 4589 
Bloom filter conflicts: 2728 
(69.21% total skipped)
Most recent URL: https://merriam-webster.com/browse/thesaurus/r/16
URLs checked: 10573 
Pages crawled: 3210 
Rejected: 4589 
Bloom filter conflicts: 2728 
(69.20% total skipped)
Most recent URL: https://blog.digitalocean.com/landing/migrate
URLs checked: 10574 
Pages crawled: 3211 
Rejected: 4589 
Bloom filter conflicts: 2728 
(69.20% total skipped)
Most recent URL: https://store.steampowered.com/app/1140001/Stellaris_Federations/
URLs checked: 10575 
Pages crawled: 3212 
Rejected: 4589 
Bloom filter conflicts: 2728 
(69.19% total skipped)
Most recent URL: https://www.gumgum.com/guides/building-the-marketing-organization-of-the-future
URLs checked: 10578 
Pages crawled: 3213 
Rejected: 4591 
Bloom filter conflicts: 2728 
(69.19% total skipped)
Most recent URL: https://www.sophos.com/en-us/legal/ca-description
URLs checked: 10585 
Pages crawled: 3214 
Rejected: 4597 
Bloom filter conflicts: 2728 
(69.20% total skipped)
Most recent URL: https://theverge.com/22177494/apple-airpods-max-headphones-review-price-features
URLs checked: 10587 
Pages crawled: 3215 
Rejected: 4597 
Bloom filter conflicts: 2729 
(69.20% total skipped)
Most recent URL: https://ring.com/protect-pro
URLs checked: 10590 
Pages crawled: 3216 
Rejected: 4599 
Bloom filter conflicts: 2729 
(69.20% total skipped)
Most recent URL: https://cnet.com/deals/
URLs checked: 10592 
Pages crawled: 3217 
Rejected: 4599 
Bloom filter conflicts: 2730 
(69.19% total skipped)
Most recent URL: https://www.google.com.br/websearch/answer/13404107?hl=en&ref_topic=3036132
URLs checked: 10601 
Pages crawled: 3218 
Rejected: 4604 
Bloom filter conflicts: 2733 
(69.21% total skipped)
Most recent URL: https://www.t-mobile.com/smart-watch/samsung-galaxy-watch6-40mm?icid=MGPO_TMO_U_23HOLIDAY_9714FB9BF403268537046
URLs checked: 10602 
Pages crawled: 3219 
Rejected: 4604 
Bloom filter conflicts: 2733 
(69.20% total skipped)
Most recent URL: https://getpocket.com/tos?src=footer_v2
URLs checked: 10607 
Pages crawled: 3220 
Rejected: 4607 
Bloom filter conflicts: 2734 
(69.21% total skipped)
Most recent URL: https://www.rackspace.com/information/legal/privacystatement/applications
URLs checked: 10608 
Pages crawled: 3221 
Rejected: 4607 
Bloom filter conflicts: 2734 
(69.20% total skipped)
Most recent URL: https://fb.com/enforcement/taking-action/
URLs checked: 10618 
Pages crawled: 3222 
Rejected: 4609 
Bloom filter conflicts: 2741 
(69.22% total skipped)
Most recent URL: https://www.braze.com/docs/developer_guide/platform_integration_guides/web/analytics/tracking_custom_events/
URLs checked: 10624 
Pages crawled: 3223 
Rejected: 4614 
Bloom filter conflicts: 2741 
(69.23% total skipped)
Most recent URL: https://addtoany.com/buttons/customize/multiple_buttons_customize
URLs checked: 10625 
Pages crawled: 3224 
Rejected: 4614 
Bloom filter conflicts: 2741 
(69.22% total skipped)
Most recent URL: https://www.npr.org/2023/11/26/1214733363/saw-movie-musical-parody-queer-love-horror
URLs checked: 10626 
Pages crawled: 3225 
Rejected: 4614 
Bloom filter conflicts: 2741 
(69.22% total skipped)
Most recent URL: https://www.healthline.com/health/hiv-aids/protease-inhibitors
URLs checked: 10627 
Pages crawled: 3226 
Rejected: 4614 
Bloom filter conflicts: 2741 
(69.21% total skipped)
Most recent URL: https://www.wsj.com/style/design?mod=nav_top_subsection
URLs checked: 10628 
Pages crawled: 3227 
Rejected: 4614 
Bloom filter conflicts: 2741 
(69.20% total skipped)
Most recent URL: https://onetrust.com/solutions/ffiec-compliance/
URLs checked: 10630 
Pages crawled: 3228 
Rejected: 4614 
Bloom filter conflicts: 2742 
(69.20% total skipped)
Most recent URL: https://docs.digitalocean.com/products/databases/mysql/how-to/migrate/
URLs checked: 10632 
Pages crawled: 3229 
Rejected: 4615 
Bloom filter conflicts: 2742 
(69.20% total skipped)
Most recent URL: https://www.merriam-webster.com/dictionary/sacque
URLs checked: 10633 
Pages crawled: 3230 
Rejected: 4615 
Bloom filter conflicts: 2742 
(69.19% total skipped)
Most recent URL: https://datatracker.ietf.org/doc/draft-ietf-mls-protocol/19/
URLs checked: 10634 
Pages crawled: 3231 
Rejected: 4615 
Bloom filter conflicts: 2742 
(69.18% total skipped)
Most recent URL: https://newrelic.com/instant-observability/azure-bing-web-search
URLs checked: 10635 
Pages crawled: 3232 
Rejected: 4615 
Bloom filter conflicts: 2742 
(69.18% total skipped)
Most recent URL: https://www.mayoclinic.org/diseases-conditions/broken-collarbone/symptoms-causes/syc-20370311
URLs checked: 10636 
Pages crawled: 3233 
Rejected: 4615 
Bloom filter conflicts: 2742 
(69.17% total skipped)
Most recent URL: https://www.cnbc.com/quotes/MSFT
URLs checked: 10637 
Pages crawled: 3234 
Rejected: 4615 
Bloom filter conflicts: 2742 
(69.16% total skipped)
Most recent URL: https://store.steampowered.com/app/2486740/Sledders/?snr=1_4_660__105
URLs checked: 10638 
Pages crawled: 3235 
Rejected: 4615 
Bloom filter conflicts: 2742 
(69.16% total skipped)
Most recent URL: https://hipages.com.au/find/handyman_basic_carpentry/act/canberra
URLs checked: 10639 
Pages crawled: 3236 
Rejected: 4615 
Bloom filter conflicts: 2742 
(69.15% total skipped)
Most recent URL: https://stackoverflow.com/questions/tagged/rstudio?tab=newest&page=4
URLs checked: 10642 
Pages crawled: 3237 
Rejected: 4617 
Bloom filter conflicts: 2742 
(69.15% total skipped)
Most recent URL: https://badoo.com/dating/united-kingdom/south-east-england/page-6/
URLs checked: 10643 
Pages crawled: 3238 
Rejected: 4617 
Bloom filter conflicts: 2742 
(69.14% total skipped)
Most recent URL: https://gumgum.com/webinars
URLs checked: 10647 
Pages crawled: 3239 
Rejected: 4619 
Bloom filter conflicts: 2743 
(69.15% total skipped)
Most recent URL: https://nature.com/articles/d41586-023-03341-7
URLs checked: 10648 
Pages crawled: 3240 
Rejected: 4619 
Bloom filter conflicts: 2743 
(69.14% total skipped)
Most recent URL: https://time.com/author/mariah-espada/
URLs checked: 10657 
Pages crawled: 3241 
Rejected: 4626 
Bloom filter conflicts: 2744 
(69.16% total skipped)
Most recent URL: https://google.com.br/intl/en/home/resources/?content-type=success_story
URLs checked: 10663 
Pages crawled: 3242 
Rejected: 4631 
Bloom filter conflicts: 2744 
(69.16% total skipped)
Most recent URL: https://theverge.com/2023/11/21/23971616/spotify-royalties-labels-streaming-fraud-pushkin-malcolm-gladwell
URLs checked: 10665 
Pages crawled: 3243 
Rejected: 4631 
Bloom filter conflicts: 2745 
(69.16% total skipped)
Most recent URL: https://www.addtoany.com/buttons/customize/wordpress/hover_delay
URLs checked: 10666 
Pages crawled: 3244 
Rejected: 4631 
Bloom filter conflicts: 2745 
(69.15% total skipped)
Most recent URL: https://www.dnsmadeeasy.com/post/cname-flattening-unlocking-the-power-of-aname-records-for-efficient-domain-pointing
URLs checked: 10668 
Pages crawled: 3245 
Rejected: 4631 
Bloom filter conflicts: 2746 
(69.15% total skipped)
Most recent URL: https://www.cnet.com/deals/you-can-make-movies-with-your-iphone-and-this-cyber-monday-deal-has-the-right-tools/
URLs checked: 10671 
Pages crawled: 3246 
Rejected: 4631 
Bloom filter conflicts: 2748 
(69.15% total skipped)
Most recent URL: https://www.wix.com/blog/ux-design-tools
URLs checked: 10675 
Pages crawled: 3247 
Rejected: 4633 
Bloom filter conflicts: 2749 
(69.15% total skipped)
Most recent URL: https://datatracker.ietf.org/accounts/login/?next=/doc/review-ietf-mls-protocol-16-artart-early-salz-2022-09-28/
URLs checked: 10676 
Pages crawled: 3248 
Rejected: 4633 
Bloom filter conflicts: 2749 
(69.15% total skipped)
Most recent URL: https://stackoverflow.com/search?q=user:22854845+[angular-cli]
URLs checked: 10678 
Pages crawled: 3249 
Rejected: 4633 
Bloom filter conflicts: 2750 
(69.14% total skipped)
Most recent URL: https://tradingview.com/symbols/NYSE-NOW/
URLs checked: 10679 
Pages crawled: 3250 
Rejected: 4633 
Bloom filter conflicts: 2750 
(69.14% total skipped)
Most recent URL: https://docs.digitalocean.com/glossary/app-platform/
URLs checked: 10682 
Pages crawled: 3251 
Rejected: 4635 
Bloom filter conflicts: 2750 
(69.13% total skipped)
Most recent URL: https://www.mayoclinic.org/diseases-conditions/tetanus/symptoms-causes/syc-20351625
URLs checked: 10683 
Pages crawled: 3252 
Rejected: 4635 
Bloom filter conflicts: 2750 
(69.13% total skipped)
Most recent URL: https://www.cnbc.com/2023/11/02/wegovy-insured-patients-25-dollars-month.html
URLs checked: 10684 
Pages crawled: 3253 
Rejected: 4635 
Bloom filter conflicts: 2750 
(69.12% total skipped)
Most recent URL: https://eset.com/int/business/enterprise-protection/
URLs checked: 10686 
Pages crawled: 3254 
Rejected: 4636 
Bloom filter conflicts: 2750 
(69.12% total skipped)
Most recent URL: https://www.braze.com/docs/developer_guide/platform_integration_guides/swift/push_notifications/implementation_guide/
URLs checked: 10693 
Pages crawled: 3255 
Rejected: 4641 
Bloom filter conflicts: 2751 
(69.13% total skipped)
Most recent URL: https://www.wsj.com/economy/housing?mod=nav_top_subsection
URLs checked: 10693 
Pages crawled: 3256 
Rejected: 4641 
Bloom filter conflicts: 2751 
(69.13% total skipped)
Most recent URL: https://ring.com/products/alarm-8-piece-security-kit-schlage-connect-smart-deadbolt-bundle
URLs checked: 10696 
Pages crawled: 3257 
Rejected: 4642 
Bloom filter conflicts: 2751 
(69.12% total skipped)
Most recent URL: https://time.com/shopping/article/best-weekender-bags-for-women/
URLs checked: 10699 
Pages crawled: 3258 
Rejected: 4644 
Bloom filter conflicts: 2751 
(69.12% total skipped)
Most recent URL: https://www.google.com.br/websearch/answer/2649515?hl=en&ref_topic=1733202
URLs checked: 10702 
Pages crawled: 3259 
Rejected: 4646 
Bloom filter conflicts: 2751 
(69.12% total skipped)
Most recent URL: https://fb.com/reg/?privacy_mutation_token=eyJ0eXBlIjowLCJjcmVhdGlvbl90aW1lIjoxNzAxMTE0MTMxLCJjYWxsc2l0ZV9pZCI6MzYzOTY5MDQ0ODc4OTI4fQ%3D%3D
URLs checked: 10704 
Pages crawled: 3260 
Rejected: 4646 
Bloom filter conflicts: 2752 
(69.11% total skipped)
Most recent URL: https://getpocket.com/explore/travel
URLs checked: 10706 
Pages crawled: 3261 
Rejected: 4647 
Bloom filter conflicts: 2752 
(69.11% total skipped)
Most recent URL: https://merriam-webster.com/thesaurus/rotate
URLs checked: 10707 
Pages crawled: 3262 
Rejected: 4647 
Bloom filter conflicts: 2752 
(69.10% total skipped)
Most recent URL: https://store.steampowered.com/app/355790/Styx_Shards_of_Darkness/?snr=1_1056_4_franchise_curatorfeatureddiscount&curator_clanid=33118426
URLs checked: 10714 
Pages crawled: 3263 
Rejected: 4653 
Bloom filter conflicts: 2752 
(69.12% total skipped)
Most recent URL: https://support.dnsmadeeasy.com/support/solutions/articles/47001001322-bulk-domain-export
URLs checked: 10719 
Pages crawled: 3264 
Rejected: 4654 
Bloom filter conflicts: 2755 
(69.12% total skipped)
Most recent URL: https://www.gumgum.com/advertisers
URLs checked: 10720 
Pages crawled: 3265 
Rejected: 4654 
Bloom filter conflicts: 2755 
(69.11% total skipped)
Most recent URL: https://www.t-mobile.com/cell-phone/google-pixel-6?sku=810029932646
URLs checked: 10722 
Pages crawled: 3266 
Rejected: 4654 
Bloom filter conflicts: 2756 
(69.11% total skipped)
Most recent URL: https://www.edd.ca.gov/en/jobs_and_training/Work_Opportunity_Tax_Credit/
URLs checked: 10723 
Pages crawled: 3267 
Rejected: 4654 
Bloom filter conflicts: 2756 
(69.10% total skipped)
Most recent URL: https://theverge.com/23972945/persona-5-tactica-first-impressions-atlus
URLs checked: 10726 
Pages crawled: 3268 
Rejected: 4655 
Bloom filter conflicts: 2757 
(69.10% total skipped)
Most recent URL: https://stackoverflow.com/questions/77017822/how-do-i-compress-rows-in-each-column-to-get-rid-of-the-blank-cells-in-python
URLs checked: 10727 
Pages crawled: 3269 
Rejected: 4655 
Bloom filter conflicts: 2757 
(69.10% total skipped)
Most recent URL: https://docs.newrelic.com/docs/infrastructure/microsoft-azure-integrations/azure-integrations-list/azure-cognitive-services-monitoring-integration/
URLs checked: 10728 
Pages crawled: 3270 
Rejected: 4655 
Bloom filter conflicts: 2757 
(69.09% total skipped)
Most recent URL: https://time.com/6218687/tom-stoppard-leopoldstadt-interview/
URLs checked: 10730 
Pages crawled: 3271 
Rejected: 4656 
Bloom filter conflicts: 2757 
(69.09% total skipped)
Most recent URL: https://www.google.com.br/websearch/answer/12395529?hl=en&ref_topic=3036132
URLs checked: 10735 
Pages crawled: 3272 
Rejected: 4658 
Bloom filter conflicts: 2759 
(69.09% total skipped)
Most recent URL: https://www.eset.com/int/test-and-review/int-test/b2b-q4-2023/services-pages/services/
URLs checked: 10737 
Pages crawled: 3273 
Rejected: 4659 
Bloom filter conflicts: 2759 
(69.09% total skipped)
Most recent URL: https://addtoany.com/services/box_net_button
URLs checked: 10738 
Pages crawled: 3274 
Rejected: 4659 
Bloom filter conflicts: 2759 
(69.08% total skipped)
Most recent URL: https://www.npr.org/sections/pop-culture/
URLs checked: 10739 
Pages crawled: 3275 
Rejected: 4659 
Bloom filter conflicts: 2759 
(69.08% total skipped)
Most recent URL: https://getpocket.com/en/pocket-and-firefox/
URLs checked: 10741 
Pages crawled: 3276 
Rejected: 4660 
Bloom filter conflicts: 2759 
(69.07% total skipped)
Most recent URL: https://gnu.org/server/select-language.html?goto=/graphics/gnu-ascii.html;language=ko
URLs checked: 10743 
Pages crawled: 3277 
Rejected: 4660 
Bloom filter conflicts: 2760 
(69.07% total skipped)
Most recent URL: https://www.digitalocean.com/products/networking/dns/
URLs checked: 10745 
Pages crawled: 3278 
Rejected: 4660 
Bloom filter conflicts: 2761 
(69.06% total skipped)
Most recent URL: https://www.mayoclinic.org/diseases-conditions/dry-macular-degeneration/symptoms-causes/syc-20350375
URLs checked: 10747 
Pages crawled: 3279 
Rejected: 4660 
Bloom filter conflicts: 2762 
(69.06% total skipped)
Most recent URL: https://www.braze.com/docs/partners/data_and_infrastructure_agility/analytics/wunderkind/
URLs checked: 10761 
Pages crawled: 3280 
Rejected: 4673 
Bloom filter conflicts: 2762 
(69.09% total skipped)
Most recent URL: https://www.wsj.com/news/author/jason-l-riley?mod=nav_top_subsection
URLs checked: 10767 
Pages crawled: 3281 
Rejected: 4676 
Bloom filter conflicts: 2764 
(69.10% total skipped)
Most recent URL: https://datatracker.ietf.org/group/nomcom2020/
URLs checked: 10769 
Pages crawled: 3282 
Rejected: 4676 
Bloom filter conflicts: 2765 
(69.10% total skipped)
Most recent URL: https://www.healthline.com/health/dyspareunia/signs-to-see-your-doctor?utm_source=ReadNext
URLs checked: 10771 
Pages crawled: 3283 
Rejected: 4676 
Bloom filter conflicts: 2766 
(69.09% total skipped)
Most recent URL: https://mailchimp.com/marketplace/apps/woocommerce/
URLs checked: 10778 
Pages crawled: 3284 
Rejected: 4681 
Bloom filter conflicts: 2767 
(69.10% total skipped)
Most recent URL: https://fb.com/reg/help/637205020878504
URLs checked: 10785 
Pages crawled: 3285 
Rejected: 4681 
Bloom filter conflicts: 2773 
(69.11% total skipped)
Most recent URL: https://ring.com/products/quick-release-battery-pack-charging-station-bundle
URLs checked: 10787 
Pages crawled: 3286 
Rejected: 4682 
Bloom filter conflicts: 2773 
(69.11% total skipped)
Most recent URL: https://merriam-webster.com/browse/thesaurus/r/22
URLs checked: 10800 
Pages crawled: 3287 
Rejected: 4694 
Bloom filter conflicts: 2773 
(69.14% total skipped)
Most recent URL: https://www.addtoany.com/buttons/customize/wordpress/page_url_title
URLs checked: 10801 
Pages crawled: 3288 
Rejected: 4694 
Bloom filter conflicts: 2773 
(69.13% total skipped)
Most recent URL: https://theverge.com/2023/11/24/23974446/whatre-ya-buyin-this-cyber-monday
URLs checked: 10802 
Pages crawled: 3289 
Rejected: 4694 
Bloom filter conflicts: 2773 
(69.13% total skipped)
Most recent URL: https://www.wix.com/blog/ecommerce/2023/02/online-store-names
URLs checked: 10805 
Pages crawled: 3290 
Rejected: 4694 
Bloom filter conflicts: 2775 
(69.13% total skipped)
Most recent URL: https://time.com/collection/100-most-influential-people-2023/6269978/nathan-fielder/
URLs checked: 10806 
Pages crawled: 3291 
Rejected: 4694 
Bloom filter conflicts: 2775 
(69.12% total skipped)
Most recent URL: https://stackoverflow.com/q/34194382
URLs checked: 10807 
Pages crawled: 3292 
Rejected: 4694 
Bloom filter conflicts: 2775 
(69.11% total skipped)
Most recent URL: https://hipages.com.au/find/kitchen_renovations
URLs checked: 10809 
Pages crawled: 3293 
Rejected: 4695 
Bloom filter conflicts: 2775 
(69.11% total skipped)
Most recent URL: https://www.mayoclinic.org/departments-centers/brain-tumor-program/home/orc-20439723
URLs checked: 10810 
Pages crawled: 3294 
Rejected: 4695 
Bloom filter conflicts: 2775 
(69.10% total skipped)
Most recent URL: https://www.rackspace.com/information/legal/privacystatement/data/data-warehouses
URLs checked: 10818 
Pages crawled: 3295 
Rejected: 4702 
Bloom filter conflicts: 2775 
(69.12% total skipped)
Most recent URL: https://google.com.br/intl/en/home/partners/become-a-partner/
URLs checked: 10827 
Pages crawled: 3296 
Rejected: 4709 
Bloom filter conflicts: 2776 
(69.13% total skipped)
Most recent URL: https://datatracker.ietf.org/wg/mops/about/
URLs checked: 10829 
Pages crawled: 3297 
Rejected: 4710 
Bloom filter conflicts: 2776 
(69.13% total skipped)
Most recent URL: https://www.rackspace.com/information/legal/privacystatement/cloud/public
URLs checked: 10831 
Pages crawled: 3298 
Rejected: 4711 
Bloom filter conflicts: 2776 
(69.13% total skipped)
Most recent URL: https://support.dnsmadeeasy.com/support/solutions/folders/47000759932
URLs checked: 10834 
Pages crawled: 3299 
Rejected: 4713 
Bloom filter conflicts: 2776 
(69.12% total skipped)
Most recent URL: https://www.gumgum.com/terms-and-policies/privacy-policy
URLs checked: 10836 
Pages crawled: 3300 
Rejected: 4714 
Bloom filter conflicts: 2776 
(69.12% total skipped)
Most recent URL: https://ring.com/products/alarm-smoke-co-listener
URLs checked: 10838 
Pages crawled: 3301 
Rejected: 4715 
Bloom filter conflicts: 2776 
(69.12% total skipped)
Most recent URL: https://google.com.br/websearch/answer/11459602?hl=en&ref_topic=3081620
URLs checked: 10840 
Pages crawled: 3302 
Rejected: 4716 
Bloom filter conflicts: 2776 
(69.11% total skipped)
Most recent URL: https://getpocket.com/saves/tags
URLs checked: 10841 
Pages crawled: 3303 
Rejected: 4716 
Bloom filter conflicts: 2776 
(69.11% total skipped)
Most recent URL: https://www.npr.org/music
URLs checked: 10842 
Pages crawled: 3304 
Rejected: 4716 
Bloom filter conflicts: 2776 
(69.10% total skipped)
Most recent URL: https://fb.com/data/widely-viewed-content-report/
URLs checked: 10844 
Pages crawled: 3305 
Rejected: 4716 
Bloom filter conflicts: 2777 
(69.10% total skipped)
Most recent URL: https://www.healthline.com/health/total-knee-replacement-surgery/follow-up-appointments?utm_source=ReadNext
URLs checked: 10846 
Pages crawled: 3306 
Rejected: 4717 
Bloom filter conflicts: 2777 
(69.09% total skipped)
Most recent URL: https://time.com/4869594/manhunt-unabomber-discovery-forensic-science-crime/
URLs checked: 10847 
Pages crawled: 3307 
Rejected: 4717 
Bloom filter conflicts: 2777 
(69.09% total skipped)
Most recent URL: https://stackoverflow.com/users/4136999/toyota-supra
URLs checked: 10848 
Pages crawled: 3308 
Rejected: 4717 
Bloom filter conflicts: 2777 
(69.08% total skipped)
Most recent URL: https://newrelic.com/platform/log-management
URLs checked: 10849 
Pages crawled: 3309 
Rejected: 4717 
Bloom filter conflicts: 2777 
(69.08% total skipped)
Most recent URL: https://cnet.com/tech/services-and-software/best-live-tv-streaming-service-for-cord-cutters/
URLs checked: 10850 
Pages crawled: 3310 
Rejected: 4717 
Bloom filter conflicts: 2777 
(69.07% total skipped)
Most recent URL: https://nature.com/nature/reviews-and-analysis?type=review-article
URLs checked: 10851 
Pages crawled: 3311 
Rejected: 4717 
Bloom filter conflicts: 2777 
(69.06% total skipped)
Most recent URL: https://blog.digitalocean.com/referral-program
URLs checked: 10855 
Pages crawled: 3312 
Rejected: 4719 
Bloom filter conflicts: 2778 
(69.06% total skipped)
Most recent URL: https://merriam-webster.com/thesaurus/witnessed
URLs checked: 10858 
Pages crawled: 3313 
Rejected: 4721 
Bloom filter conflicts: 2778 
(69.06% total skipped)
Most recent URL: https://addtoany.com/buttons/customize/translation_localization
URLs checked: 10859 
Pages crawled: 3314 
Rejected: 4721 
Bloom filter conflicts: 2778 
(69.06% total skipped)
Most recent URL: https://www.mayoclinic.org/departments-centers/intensive-tobacco-treatment-program-minnesota/sections/overview/ovc-20556262
URLs checked: 10860 
Pages crawled: 3315 
Rejected: 4721 
Bloom filter conflicts: 2778 
(69.05% total skipped)
Most recent URL: https://support.dnsmadeeasy.com/support/solutions/articles/47001001414-what-is-an-aname-record-
URLs checked: 10866 
Pages crawled: 3316 
Rejected: 4722 
Bloom filter conflicts: 2782 
(69.06% total skipped)
Most recent URL: https://mailchimp.com/developer/marketing/api/lists/
URLs checked: 10873 
Pages crawled: 3317 
Rejected: 4726 
Bloom filter conflicts: 2784 
(69.07% total skipped)
Most recent URL: https://theverge.com/23741204/street-fighter-6-review-ps5-xbox-pc
URLs checked: 10878 
Pages crawled: 3318 
Rejected: 4726 
Bloom filter conflicts: 2788 
(69.08% total skipped)
Most recent URL: https://www.braze.com/docs/developer_guide/platform_integration_guides/ios/analytics/disabling_tracking/
URLs checked: 10886 
Pages crawled: 3319 
Rejected: 4733 
Bloom filter conflicts: 2788 
(69.09% total skipped)
Most recent URL: https://gumgum.com/benefits-careers/20-or-26-paid-holiday-days
URLs checked: 10888 
Pages crawled: 3320 
Rejected: 4734 
Bloom filter conflicts: 2788 
(69.09% total skipped)
Most recent URL: https://tradingview.com/symbols/NYSE-ELV/
URLs checked: 10889 
Pages crawled: 3321 
Rejected: 4734 
Bloom filter conflicts: 2788 
(69.08% total skipped)
Most recent URL: https://www.cnbc.com/2023/02/06/roth-ira-five-year-rule-heres-what-you-need-to-know.html
URLs checked: 10890 
Pages crawled: 3322 
Rejected: 4734 
Bloom filter conflicts: 2788 
(69.07% total skipped)
Most recent URL: https://badoo.com/en-us/dating/united-states/texas/irving/
URLs checked: 10891 
Pages crawled: 3323 
Rejected: 4734 
Bloom filter conflicts: 2788 
(69.07% total skipped)
Most recent URL: https://hipages.com.au/find/handyman/perth_hills_region
URLs checked: 10892 
Pages crawled: 3324 
Rejected: 4734 
Bloom filter conflicts: 2788 
(69.06% total skipped)
Most recent URL: https://datatracker.ietf.org/group/artart/photos/
URLs checked: 10894 
Pages crawled: 3325 
Rejected: 4734 
Bloom filter conflicts: 2789 
(69.06% total skipped)
Most recent URL: https://www.eset.com/int/business/solutions/learn-more-about-security-management/
URLs checked: 10898 
Pages crawled: 3326 
Rejected: 4737 
Bloom filter conflicts: 2789 
(69.06% total skipped)
Most recent URL: https://www.npr.org/2023/11/02/1197956548/evs-automakers-incentives-southeast
URLs checked: 10901 
Pages crawled: 3327 
Rejected: 4737 
Bloom filter conflicts: 2791 
(69.06% total skipped)
Most recent URL: https://www.wsj.com/news/types/commentary-u-s?mod=nav_top_subsection
URLs checked: 10902 
Pages crawled: 3328 
Rejected: 4737 
Bloom filter conflicts: 2791 
(69.05% total skipped)
Most recent URL: https://getpocket.com/options
URLs checked: 10904 
Pages crawled: 3329 
Rejected: 4738 
Bloom filter conflicts: 2791 
(69.05% total skipped)
Most recent URL: https://www.edd.ca.gov/en/newsroom/
URLs checked: 10905 
Pages crawled: 3330 
Rejected: 4738 
Bloom filter conflicts: 2791 
(69.04% total skipped)
Most recent URL: https://www.wix.com/encyclopedia/definition/marketing-analytics
URLs checked: 10906 
Pages crawled: 3331 
Rejected: 4738 
Bloom filter conflicts: 2791 
(69.04% total skipped)
Most recent URL: https://time.com/5022060/coffee-health-benefits-heart/
URLs checked: 10912 
Pages crawled: 3332 
Rejected: 4738 
Bloom filter conflicts: 2796 
(69.04% total skipped)
Most recent URL: https://se-en.ring.com/
URLs checked: 10914 
Pages crawled: 3333 
Rejected: 4739 
Bloom filter conflicts: 2796 
(69.04% total skipped)
Most recent URL: https://newrelic.com/instant-observability/azure-vms
URLs checked: 10916 
Pages crawled: 3334 
Rejected: 4739 
Bloom filter conflicts: 2797 
(69.04% total skipped)
Most recent URL: https://www.healthline.com/program/being-real-about-breast-cancer
URLs checked: 10917 
Pages crawled: 3335 
Rejected: 4739 
Bloom filter conflicts: 2797 
(69.03% total skipped)
Most recent URL: https://www.digitalocean.com/business
URLs checked: 10918 
Pages crawled: 3336 
Rejected: 4739 
Bloom filter conflicts: 2797 
(69.02% total skipped)
Most recent URL: https://google.com.br/intl/en/home/campaigns/video-ads/
URLs checked: 10923 
Pages crawled: 3337 
Rejected: 4742 
Bloom filter conflicts: 2798 
(69.03% total skipped)
Most recent URL: https://www.addtoany.com/buttons/customize/wordpress/translation_localization
URLs checked: 10925 
Pages crawled: 3338 
Rejected: 4743 
Bloom filter conflicts: 2798 
(69.03% total skipped)
Most recent URL: https://gnu.org/software/ddrescue/
URLs checked: 10943 
Pages crawled: 3339 
Rejected: 4760 
Bloom filter conflicts: 2798 
(69.07% total skipped)
Most recent URL: https://www.google.com.br/websearch/topic/3425345?hl=en&ref_topic=3378866
URLs checked: 10944 
Pages crawled: 3340 
Rejected: 4760 
Bloom filter conflicts: 2798 
(69.06% total skipped)
Most recent URL: https://getpocket.com/en/about/?src=footer_v2
URLs checked: 10945 
Pages crawled: 3341 
Rejected: 4760 
Bloom filter conflicts: 2798 
(69.05% total skipped)
Most recent URL: https://users.wix.com/signin?loginCompName=Get%20Started%20F1&view=sign-up&sendEmail=true&referralInfo=Get%20Started%20F2&originUrl=https:%2F%2Fwww.wix.com&postLogin=https:%2F%2Fwww.wix.com%2Fmy-account%2Fsites&forceRender=true
URLs checked: 10948 
Pages crawled: 3342 
Rejected: 4762 
Bloom filter conflicts: 2798 
(69.05% total skipped)
Most recent URL: https://support.dnsmadeeasy.com/support/solutions/articles/47001001437-http-redirection-record
URLs checked: 10951 
Pages crawled: 3343 
Rejected: 4762 
Bloom filter conflicts: 2800 
(69.05% total skipped)
Most recent URL: https://cnet.com/home/security/eufy-video-doorbell-dual-review/
URLs checked: 10953 
Pages crawled: 3344 
Rejected: 4762 
Bloom filter conflicts: 2801 
(69.05% total skipped)
Most recent URL: https://fb.com/oversight/
URLs checked: 10956 
Pages crawled: 3345 
Rejected: 4764 
Bloom filter conflicts: 2801 
(69.05% total skipped)
Most recent URL: https://www.npr.org/2023/09/26/1201795035/barry-manilow-show-las-vegas-elvis
URLs checked: 10957 
Pages crawled: 3346 
Rejected: 4764 
Bloom filter conflicts: 2801 
(69.04% total skipped)
Most recent URL: https://theverge.com/23951200/right-to-repair-law-apple-ifixit-iphone
URLs checked: 10962 
Pages crawled: 3347 
Rejected: 4764 
Bloom filter conflicts: 2805 
(69.05% total skipped)
Most recent URL: https://merriam-webster.com/dictionary/coronation
URLs checked: 10965 
Pages crawled: 3348 
Rejected: 4766 
Bloom filter conflicts: 2805 
(69.05% total skipped)
Most recent URL: https://onetrust.com/services/
URLs checked: 10966 
Pages crawled: 3349 
Rejected: 4766 
Bloom filter conflicts: 2805 
(69.04% total skipped)
Most recent URL: https://time.com/6304861/why-donald-trumps-indictment-georgia-carries-most-risk/
URLs checked: 10969 
Pages crawled: 3350 
Rejected: 4767 
Bloom filter conflicts: 2806 
(69.04% total skipped)
Most recent URL: https://www.gumgum.com/ad-products
URLs checked: 10972 
Pages crawled: 3351 
Rejected: 4769 
Bloom filter conflicts: 2806 
(69.04% total skipped)
Most recent URL: https://datatracker.ietf.org/accounts/login/?next=/doc/draft-ietf-mls-protocol/01/
URLs checked: 10973 
Pages crawled: 3352 
Rejected: 4769 
Bloom filter conflicts: 2806 
(69.03% total skipped)
Most recent URL: https://www.mayoclinic.org/diseases-conditions/overactive-bladder/symptoms-causes/syc-20355715
URLs checked: 10974 
Pages crawled: 3353 
Rejected: 4769 
Bloom filter conflicts: 2806 
(69.03% total skipped)
Most recent URL: https://store.steampowered.com/stats/?snr=1_reactroot_rewards__global-responsive-menu
URLs checked: 10975 
Pages crawled: 3354 
Rejected: 4769 
Bloom filter conflicts: 2806 
(69.02% total skipped)
Most recent URL: https://sophos.com/en-us/legal/sophos-end-user-license-agreement
URLs checked: 10976 
Pages crawled: 3355 
Rejected: 4769 
Bloom filter conflicts: 2806 
(69.01% total skipped)
Most recent URL: https://newrelic.com/instant-observability/?category=prometheus
URLs checked: 10977 
Pages crawled: 3356 
Rejected: 4769 
Bloom filter conflicts: 2806 
(69.01% total skipped)
Most recent URL: https://badoo.com/dating/united-kingdom/south-east-england/page-10/
URLs checked: 10978 
Pages crawled: 3357 
Rejected: 4769 
Bloom filter conflicts: 2806 
(69.00% total skipped)
Most recent URL: https://tradingview.com/symbols/GALAUSDT/
URLs checked: 10979 
Pages crawled: 3358 
Rejected: 4769 
Bloom filter conflicts: 2806 
(69.00% total skipped)
Most recent URL: https://hipages.com.au/find/roof_repairs/sa/dutton
URLs checked: 10980 
Pages crawled: 3359 
Rejected: 4769 
Bloom filter conflicts: 2806 
(68.99% total skipped)
Most recent URL: https://rackspace.com/marketplace
URLs checked: 10981 
Pages crawled: 3360 
Rejected: 4769 
Bloom filter conflicts: 2806 
(68.98% total skipped)
Most recent URL: https://stackoverflow.com/questions/tagged/cng
URLs checked: 10982 
Pages crawled: 3361 
Rejected: 4769 
Bloom filter conflicts: 2806 
(68.98% total skipped)
Most recent URL: https://www.wsj.com/news/types/music-review?mod=nav_top_subsection
URLs checked: 10984 
Pages crawled: 3362 
Rejected: 4769 
Bloom filter conflicts: 2807 
(68.97% total skipped)
Most recent URL: https://getpocket.com/en/about/
URLs checked: 10985 
Pages crawled: 3363 
Rejected: 4769 
Bloom filter conflicts: 2807 
(68.97% total skipped)
Most recent URL: https://se-en.ring.com/products/alarm-security-motion-detector-gen-2
URLs checked: 10986 
Pages crawled: 3364 
Rejected: 4769 
Bloom filter conflicts: 2807 
(68.96% total skipped)
Most recent URL: https://mailchimp.com/developer/marketing/api/list-member-activity-feed/
URLs checked: 10988 
Pages crawled: 3365 
Rejected: 4770 
Bloom filter conflicts: 2807 
(68.96% total skipped)
Most recent URL: https://blog.digitalocean.com/community/tools
URLs checked: 10990 
Pages crawled: 3366 
Rejected: 4770 
Bloom filter conflicts: 2808 
(68.95% total skipped)
Most recent URL: https://google.com.br/websearch/answer/6380730?hl=en&ref_topic=1733202
URLs checked: 11004 
Pages crawled: 3367 
Rejected: 4780 
Bloom filter conflicts: 2811 
(68.98% total skipped)
Most recent URL: https://support.dnsmadeeasy.com/support/solutions/folders/47000761919 
URLs checked: 11008 
Pages crawled: 3368 
Rejected: 4781 
Bloom filter conflicts: 2813 
(68.99% total skipped)
Most recent URL: https://addtoany.com/buttons/customize/on_hover
URLs checked: 11009 
Pages crawled: 3369 
Rejected: 4781 
Bloom filter conflicts: 2813 
(68.98% total skipped)
Most recent URL: https://hipages.com.au/find/decking
URLs checked: 11019 
Pages crawled: 3370 
Rejected: 4788 
Bloom filter conflicts: 2815 
(69.00% total skipped)
Most recent URL: https://gnu.org/music/free-birthday-song.html
URLs checked: 11020 
Pages crawled: 3371 
Rejected: 4788 
Bloom filter conflicts: 2815 
(68.99% total skipped)
Most recent URL: https://store.steampowered.com/about/?snr=1_14_4__global-header
URLs checked: 11021 
Pages crawled: 3372 
Rejected: 4788 
Bloom filter conflicts: 2815 
(68.99% total skipped)
Most recent URL: https://www.healthline.com/health/muscle-weakness
URLs checked: 11023 
Pages crawled: 3373 
Rejected: 4789 
Bloom filter conflicts: 2815 
(68.98% total skipped)
Most recent URL: https://newrelic.com/resources/white-papers/consolidate-tools-for-better-observability
URLs checked: 11024 
Pages crawled: 3374 
Rejected: 4789 
Bloom filter conflicts: 2815 
(68.98% total skipped)
Most recent URL: https://theverge.com/subscriptions/command-line
URLs checked: 11026 
Pages crawled: 3375 
Rejected: 4789 
Bloom filter conflicts: 2816 
(68.97% total skipped)
Most recent URL: https://www.wsj.com/news/puzzle?mod=nav_top_subsection
URLs checked: 11032 
Pages crawled: 3376 
Rejected: 4794 
Bloom filter conflicts: 2816 
(68.98% total skipped)
Most recent URL: https://www.google.com.br/websearch/answer/3284611?hl=en&ref_topic=3081620
URLs checked: 11034 
Pages crawled: 3377 
Rejected: 4794 
Bloom filter conflicts: 2817 
(68.98% total skipped)
Most recent URL: https://getpocket.com/welcome?src=footer_v2
URLs checked: 11039 
Pages crawled: 3378 
Rejected: 4798 
Bloom filter conflicts: 2817 
(68.98% total skipped)
Most recent URL: https://www.addtoany.com/buttons/customize/custom_icons
URLs checked: 11046 
Pages crawled: 3379 
Rejected: 4803 
Bloom filter conflicts: 2818 
(68.99% total skipped)
Most recent URL: https://support.dnsmadeeasy.com/support/solutions/articles/47001001394-spf-record
URLs checked: 11051 
Pages crawled: 3380 
Rejected: 4805 
Bloom filter conflicts: 2820 
(69.00% total skipped)
Most recent URL: https://www.gumgum.com/terms-and-policies/advertiser-terms-eu
URLs checked: 11052 
Pages crawled: 3381 
Rejected: 4805 
Bloom filter conflicts: 2820 
(68.99% total skipped)
Most recent URL: https://tradingview.com/support/solutions/43000703293
URLs checked: 11054 
Pages crawled: 3382 
Rejected: 4806 
Bloom filter conflicts: 2820 
(68.99% total skipped)
Most recent URL: https://www.cnet.com/tech/computing/hp-chromebase-aio-22-review-part-chromebook-part-google-nest-hub-all-good/
URLs checked: 11057 
Pages crawled: 3383 
Rejected: 4806 
Bloom filter conflicts: 2822 
(68.99% total skipped)
Most recent URL: https://stackoverflow.com/questions/57140254/google-cloud-ai-platform-notebook-instance-wont-use-gpu-with-jupyter
URLs checked: 11058 
Pages crawled: 3384 
Rejected: 4806 
Bloom filter conflicts: 2822 
(68.98% total skipped)
Most recent URL: https://newrelic.com/lp/job-offer-scams
URLs checked: 11059 
Pages crawled: 3385 
Rejected: 4806 
Bloom filter conflicts: 2822 
(68.98% total skipped)
Most recent URL: https://merriam-webster.com/thesaurus/enthralls
URLs checked: 11060 
Pages crawled: 3386 
Rejected: 4806 
Bloom filter conflicts: 2822 
(68.97% total skipped)
Most recent URL: https://nature.com/articles/d41586-023-03487-4
URLs checked: 11061 
Pages crawled: 3387 
Rejected: 4806 
Bloom filter conflicts: 2822 
(68.96% total skipped)
Most recent URL: https://www.onetrust.com/certifications/data-discovery-and-governance-professional-certification/
URLs checked: 11063 
Pages crawled: 3388 
Rejected: 4806 
Bloom filter conflicts: 2823 
(68.96% total skipped)
Most recent URL: https://time.com/time100-most-influential-companies
URLs checked: 11065 
Pages crawled: 3389 
Rejected: 4807 
Bloom filter conflicts: 2823 
(68.96% total skipped)
Most recent URL: https://verkada.com/webinars/verkada-launches-access-control/
URLs checked: 11066 
Pages crawled: 3390 
Rejected: 4807 
Bloom filter conflicts: 2823 
(68.95% total skipped)
Most recent URL: https://fb.com/researchtools/meta-content-library
URLs checked: 11071 
Pages crawled: 3391 
Rejected: 4807 
Bloom filter conflicts: 2827 
(68.95% total skipped)
Most recent URL: https://www.google.com.br/websearch/answer/9049144?hl=en&ref_topic=1733202
URLs checked: 11084 
Pages crawled: 3392 
Rejected: 4815 
Bloom filter conflicts: 2831 
(68.98% total skipped)
Most recent URL: https://www.wsj.com/news/column/Corrections?mod=wsjfooter
URLs checked: 11095 
Pages crawled: 3393 
Rejected: 4824 
Bloom filter conflicts: 2832 
(69.00% total skipped)
Most recent URL: https://support.dnsmadeeasy.com/support/solutions/articles/47001000856-soa-serial-numbers
URLs checked: 11097 
Pages crawled: 3394 
Rejected: 4824 
Bloom filter conflicts: 2833 
(69.00% total skipped)
Most recent URL: https://getpocket.com/en/tos/
URLs checked: 11100 
Pages crawled: 3395 
Rejected: 4826 
Bloom filter conflicts: 2833 
(69.00% total skipped)
Most recent URL: https://www.wix.com/encyclopedia/definition/website-traffic
URLs checked: 11101 
Pages crawled: 3396 
Rejected: 4826 
Bloom filter conflicts: 2833 
(68.99% total skipped)
Most recent URL: https://google.com.br/websearch/answer/13511324?hl=en&ref_topic=3036131
URLs checked: 11104 
Pages crawled: 3397 
Rejected: 4828 
Bloom filter conflicts: 2833 
(68.99% total skipped)
Most recent URL: https://npr.org/templates/story/story.php?storyId=5007
URLs checked: 11107 
Pages crawled: 3398 
Rejected: 4829 
Bloom filter conflicts: 2834 
(68.99% total skipped)
Most recent URL: https://theverge.com/2021/5/1/22413196/valve-steam-lawsuit-wolfire-games-humble-bundle-app-store-cut-epic-apple
URLs checked: 11108 
Pages crawled: 3399 
Rejected: 4829 
Bloom filter conflicts: 2834 
(68.99% total skipped)
Most recent URL: https://rackspace.com/about/security/application-security
URLs checked: 11111 
Pages crawled: 3400 
Rejected: 4830 
Bloom filter conflicts: 2835 
(68.99% total skipped)
Most recent URL: https://www.ca.gov/agency/?item=california-department-of-public-health
URLs checked: 11113 
Pages crawled: 3401 
Rejected: 4831 
Bloom filter conflicts: 2835 
(68.98% total skipped)
Most recent URL: https://ring.com/choose_country?chosen_country=GB
URLs checked: 11118 
Pages crawled: 3402 
Rejected: 4834 
Bloom filter conflicts: 2836 
(68.99% total skipped)
Most recent URL: https://eset.com/int/business/help-me-choose/
URLs checked: 11120 
Pages crawled: 3403 
Rejected: 4835 
Bloom filter conflicts: 2836 
(68.98% total skipped)
Most recent URL: https://docs.newrelic.com/docs/apis/intro-apis/introduction-new-relic-apis/
URLs checked: 11121 
Pages crawled: 3404 
Rejected: 4835 
Bloom filter conflicts: 2836 
(68.98% total skipped)
Most recent URL: https://stackoverflow.com/users/2348614/starwave
URLs checked: 11122 
Pages crawled: 3405 
Rejected: 4835 
Bloom filter conflicts: 2836 
(68.97% total skipped)
Most recent URL: https://digitalocean.com/reports/forrester-total-economic-impact-study
URLs checked: 11123 
Pages crawled: 3406 
Rejected: 4835 
Bloom filter conflicts: 2836 
(68.97% total skipped)
Most recent URL: https://mailchimp.com/resources/text-message-marketing/
URLs checked: 11124 
Pages crawled: 3407 
Rejected: 4835 
Bloom filter conflicts: 2836 
(68.96% total skipped)
Most recent URL: https://www.gumgum.com/terms-and-policies/japan-privacy-policy
URLs checked: 11126 
Pages crawled: 3408 
Rejected: 4836 
Bloom filter conflicts: 2836 
(68.96% total skipped)
Most recent URL: https://www.mayoclinic.org/tests-procedures/index?letter=S
URLs checked: 11127 
Pages crawled: 3409 
Rejected: 4836 
Bloom filter conflicts: 2836 
(68.95% total skipped)
Most recent URL: https://cnbc.com/china-politics/
URLs checked: 11127 
Pages crawled: 3410 
Rejected: 4836 
Bloom filter conflicts: 2836 
(68.95% total skipped)
Most recent URL: https://store.steampowered.com/sale/nextfest?snr=1_239_1700__12
URLs checked: 11129 
Pages crawled: 3411 
Rejected: 4836 
Bloom filter conflicts: 2836 
(68.94% total skipped)
Most recent URL: https://care.healthline.com/find-care/search?what=Diplopia
URLs checked: 11137 
Pages crawled: 3412 
Rejected: 4842 
Bloom filter conflicts: 2837 
(68.95% total skipped)
Most recent URL: https://www.google.com.br/technologies/partner-sites?hl=en&fg=1&hl=en
URLs checked: 11139 
Pages crawled: 3413 
Rejected: 4843 
Bloom filter conflicts: 2837 
(68.95% total skipped)
Most recent URL: https://addtoany.com/services/rediff_button
URLs checked: 11140 
Pages crawled: 3414 
Rejected: 4843 
Bloom filter conflicts: 2837 
(68.94% total skipped)
Most recent URL: https://support.dnsmadeeasy.com/support/solutions/articles/47001001431-caa-records
URLs checked: 11144 
Pages crawled: 3415 
Rejected: 4843 
Bloom filter conflicts: 2840 
(68.94% total skipped)
Most recent URL: https://www.loc.gov/programs/support-the-library-of-congress/
URLs checked: 11145 
Pages crawled: 3416 
Rejected: 4843 
Bloom filter conflicts: 2840 
(68.94% total skipped)
Most recent URL: https://www.gnu.org/philosophy/why-not-lgpl.html
URLs checked: 11149 
Pages crawled: 3417 
Rejected: 4846 
Bloom filter conflicts: 2840 
(68.94% total skipped)
Most recent URL: https://datatracker.ietf.org/nomcom/2016
URLs checked: 11150 
Pages crawled: 3418 
Rejected: 4846 
Bloom filter conflicts: 2840 
(68.93% total skipped)
Most recent URL: https://www.academia.edu/topics/U
URLs checked: 11151 
Pages crawled: 3419 
Rejected: 4846 
Bloom filter conflicts: 2840 
(68.93% total skipped)
Most recent URL: https://tradingview.com/symbols/TWSE-2727/
URLs checked: 11154 
Pages crawled: 3420 
Rejected: 4848 
Bloom filter conflicts: 2840 
(68.93% total skipped)
Most recent URL: https://merriam-webster.com/thesaurus/denied
URLs checked: 11155 
Pages crawled: 3421 
Rejected: 4848 
Bloom filter conflicts: 2840 
(68.92% total skipped)
Most recent URL: https://www.wsj.com/news/business/hotels-casinos?mod=nav_top_subsection
URLs checked: 11166 
Pages crawled: 3422 
Rejected: 4857 
Bloom filter conflicts: 2841 
(68.94% total skipped)
Most recent URL: https://getpocket.com/explore/item/stew-vs-soup-everything-you-need-to-know
URLs checked: 11174 
Pages crawled: 3423 
Rejected: 4860 
Bloom filter conflicts: 2845 
(68.95% total skipped)
Most recent URL: https://www.google.com.br/websearch/answer/9232532?hl=en&ref_topic=3036131
URLs checked: 11178 
Pages crawled: 3424 
Rejected: 4862 
Bloom filter conflicts: 2846 
(68.96% total skipped)
Most recent URL: https://theverge.com/23759197/amazon-fire-max-11-tablet-review
URLs checked: 11179 
Pages crawled: 3425 
Rejected: 4862 
Bloom filter conflicts: 2846 
(68.95% total skipped)
Most recent URL: https://www.t-mobile.com/cell-phone/google-pixel-7-pro?sku=810029936972&icid=MGPO_TMO_U_5GNETWORK_LVE8MMAQ8LLCJARLR27262
URLs checked: 11181 
Pages crawled: 3426 
Rejected: 4863 
Bloom filter conflicts: 2846 
(68.95% total skipped)
Most recent URL: https://stackoverflow.com/questions/59808834/adding-data-to-firebasedatabase-when-there-is-no-internet-connection
URLs checked: 11182 
Pages crawled: 3427 
Rejected: 4863 
Bloom filter conflicts: 2846 
(68.94% total skipped)
Most recent URL: https://www.wix.com/blog/social-media-engagement
URLs checked: 11185 
Pages crawled: 3428 
Rejected: 4864 
Bloom filter conflicts: 2847 
(68.94% total skipped)
Most recent URL: https://onetrust.com/customers/
URLs checked: 11186 
Pages crawled: 3429 
Rejected: 4864 
Bloom filter conflicts: 2847 
(68.93% total skipped)
Most recent URL: https://hipages.com.au/find/roof_repairs/sa/kingston_se
URLs checked: 11187 
Pages crawled: 3430 
Rejected: 4864 
Bloom filter conflicts: 2847 
(68.93% total skipped)
Most recent URL: https://time.com/6287567/time-debuts-person-of-the-week-podcast/
URLs checked: 11189 
Pages crawled: 3431 
Rejected: 4864 
Bloom filter conflicts: 2848 
(68.92% total skipped)
Most recent URL: https://badoo.com/en-us/dating/united-states/new-york/henrietta/
URLs checked: 11190 
Pages crawled: 3432 
Rejected: 4864 
Bloom filter conflicts: 2848 
(68.92% total skipped)
Most recent URL: https://www.braze.com/docs/partners/message_personalization/localization/crowdin/
URLs checked: 11193 
Pages crawled: 3433 
Rejected: 4866 
Bloom filter conflicts: 2848 
(68.92% total skipped)
Most recent URL: https://www.sophos.com/en-us/solutions/use-cases/threat-prevention
URLs checked: 11205 
Pages crawled: 3434 
Rejected: 4875 
Bloom filter conflicts: 2850 
(68.94% total skipped)
Most recent URL: https://support.dnsmadeeasy.com/support/solutions/articles/47001001641-import-template-records-to-a-domain
URLs checked: 11206 
Pages crawled: 3435 
Rejected: 4875 
Bloom filter conflicts: 2850 
(68.94% total skipped)
Most recent URL: https://www.loc.gov/exhibits/oliphant/
URLs checked: 11207 
Pages crawled: 3436 
Rejected: 4875 
Bloom filter conflicts: 2850 
(68.93% total skipped)
Most recent URL: https://ring.com/products/security-essentials-bundle
URLs checked: 11208 
Pages crawled: 3437 
Rejected: 4875 
Bloom filter conflicts: 2850 
(68.92% total skipped)
Most recent URL: https://rackspace.com/information/legal/information/legal/privacycenter
URLs checked: 11213 
Pages crawled: 3438 
Rejected: 4879 
Bloom filter conflicts: 2850 
(68.93% total skipped)
Most recent URL: https://mailchimp.com/developer/marketing/guides/run-async-requests-batch-endpoint/
URLs checked: 11220 
Pages crawled: 3439 
Rejected: 4884 
Bloom filter conflicts: 2851 
(68.94% total skipped)
Most recent URL: https://docs.newrelic.com/docs/query-your-data/nrql-new-relic-query-language/get-started/introduction-nrql-new-relics-query-language/
URLs checked: 11223 
Pages crawled: 3440 
Rejected: 4886 
Bloom filter conflicts: 2851 
(68.94% total skipped)
Most recent URL: https://google.com.br/websearch/answer/10500950?hl=en&ref_topic=9739148
URLs checked: 11224 
Pages crawled: 3441 
Rejected: 4886 
Bloom filter conflicts: 2851 
(68.93% total skipped)
Most recent URL: https://fb.com/metasecurity/threat-reporting
URLs checked: 11227 
Pages crawled: 3442 
Rejected: 4886 
Bloom filter conflicts: 2853 
(68.93% total skipped)
Most recent URL: https://store.steampowered.com/app/306130/The_Elder_Scrolls_Online/?snr=1_4_660__104
URLs checked: 11228 
Pages crawled: 3443 
Rejected: 4886 
Bloom filter conflicts: 2853 
(68.93% total skipped)
Most recent URL: https://www.cnet.com/news/free-movies-and-tv-shows-on-roku-are-now-even-easier-to-find/
URLs checked: 11230 
Pages crawled: 3444 
Rejected: 4886 
Bloom filter conflicts: 2854 
(68.92% total skipped)
Most recent URL: https://addtoany.com/buttons/customize/icon_color
URLs checked: 11231 
Pages crawled: 3445 
Rejected: 4886 
Bloom filter conflicts: 2854 
(68.92% total skipped)
Most recent URL: https://www.gumgum.com/terms-and-policies/publisher-terms
URLs checked: 11233 
Pages crawled: 3446 
Rejected: 4887 
Bloom filter conflicts: 2854 
(68.91% total skipped)
Most recent URL: https://gnu.org/graphics/dog.html
URLs checked: 11235 
Pages crawled: 3447 
Rejected: 4888 
Bloom filter conflicts: 2854 
(68.91% total skipped)
Most recent URL: https://www.tradingview.com/chart/XRPUSD/C9K5gSuO-XRP-CALM-BEFORE-THE-STORM/
URLs checked: 11237 
Pages crawled: 3448 
Rejected: 4889 
Bloom filter conflicts: 2854 
(68.91% total skipped)
Most recent URL: https://datatracker.ietf.org/stream/editorial/
URLs checked: 11238 
Pages crawled: 3449 
Rejected: 4889 
Bloom filter conflicts: 2854 
(68.90% total skipped)
Most recent URL: https://time.com/charter/6327470/a-hidden-upside-of-ai-automation/
URLs checked: 11240 
Pages crawled: 3450 
Rejected: 4889 
Bloom filter conflicts: 2855 
(68.90% total skipped)
Most recent URL: https://merriam-webster.com/thesaurus/rotary-wing aircraft
URLs checked: 11241 
Pages crawled: 3451 
Rejected: 4889 
Bloom filter conflicts: 2855 
(68.89% total skipped)
Most recent URL: https://www.healthline.com/health/are-bacterial-infections-contagious
URLs checked: 11242 
Pages crawled: 3452 
Rejected: 4889 
Bloom filter conflicts: 2855 
(68.88% total skipped)
Most recent URL: https://nature.com/nature/reviews-and-analysis?type=news-and-views-feature
URLs checked: 11243 
Pages crawled: 3453 
Rejected: 4889 
Bloom filter conflicts: 2855 
(68.88% total skipped)
Most recent URL: https://stackoverflow.com/questions/60587539/using-fit-generator-in-keras
URLs checked: 11244 
Pages crawled: 3454 
Rejected: 4889 
Bloom filter conflicts: 2855 
(68.87% total skipped)
Most recent URL: https://digitalocean.com/solutions/use-cases
URLs checked: 11245 
Pages crawled: 3455 
Rejected: 4889 
Bloom filter conflicts: 2855 
(68.87% total skipped)
Most recent URL: https://www.eset.com/int/support/lost-license/
URLs checked: 11247 
Pages crawled: 3456 
Rejected: 4889 
Bloom filter conflicts: 2856 
(68.86% total skipped)
Most recent URL: https://www.wsj.com/news/types/the-intelligent-investor?mod=nav_top_subsection
URLs checked: 11248 
Pages crawled: 3457 
Rejected: 4889 
Bloom filter conflicts: 2856 
(68.86% total skipped)
Most recent URL: https://www.braze.com/docs/developer_guide/platform_integration_guides/ios/content_cards/customization/customizing_feed/
URLs checked: 11268 
Pages crawled: 3458 
Rejected: 4907 
Bloom filter conflicts: 2857 
(68.90% total skipped)
Most recent URL: https://theverge.com/authors/brandon-widder
URLs checked: 11269 
Pages crawled: 3459 
Rejected: 4907 
Bloom filter conflicts: 2857 
(68.90% total skipped)
Most recent URL: https://www.loc.gov/programs/support-the-library-of-congress/about-this-program/meet-the-team/
URLs checked: 11270 
Pages crawled: 3460 
Rejected: 4907 
Bloom filter conflicts: 2857 
(68.89% total skipped)
Most recent URL: https://www.mayoclinic.org/departments-centers/heart-transplant/home/orc-20211823
URLs checked: 11276 
Pages crawled: 3461 
Rejected: 4911 
Bloom filter conflicts: 2858 
(68.90% total skipped)
Most recent URL: https://google.com.br/websearch/answer/7554088?hl=en&ref_topic=3081620
URLs checked: 11282 
Pages crawled: 3462 
Rejected: 4915 
Bloom filter conflicts: 2859 
(68.91% total skipped)
Most recent URL: https://www.addtoany.com/buttons/customize/wordpress/on_hover
URLs checked: 11284 
Pages crawled: 3463 
Rejected: 4915 
Bloom filter conflicts: 2860 
(68.90% total skipped)
Most recent URL: https://rackspace.com/information/legal/cloud/cloud-optimization
URLs checked: 11289 
Pages crawled: 3464 
Rejected: 4918 
Bloom filter conflicts: 2861 
(68.91% total skipped)
Most recent URL: https://getpocket.com/explore/pocket-hits?src=footer_v2
URLs checked: 11291 
Pages crawled: 3465 
Rejected: 4918 
Bloom filter conflicts: 2862 
(68.90% total skipped)
Most recent URL: https://ring.com/products/stick-up-security-camera-solar
URLs checked: 11292 
Pages crawled: 3466 
Rejected: 4918 
Bloom filter conflicts: 2862 
(68.90% total skipped)
Most recent URL: https://verkada.com/webinars/customer-story-retail-why-canada-goose-switched-to-verkada/
URLs checked: 11293 
Pages crawled: 3467 
Rejected: 4918 
Bloom filter conflicts: 2862 
(68.89% total skipped)
Most recent URL: https://support.dnsmadeeasy.com/support/solutions/articles/47001116071-bulk-domain-deletion
URLs checked: 11294 
Pages crawled: 3468 
Rejected: 4918 
Bloom filter conflicts: 2862 
(68.89% total skipped)
Most recent URL: https://www.wix.com/blog/photography/photography-inspiration-ideas
URLs checked: 11295 
Pages crawled: 3469 
Rejected: 4918 
Bloom filter conflicts: 2862 
(68.88% total skipped)
Most recent URL: https://www.cnet.com/health/nutrition/bloom-nutrition-greens-review/
URLs checked: 11297 
Pages crawled: 3470 
Rejected: 4918 
Bloom filter conflicts: 2863 
(68.88% total skipped)
Most recent URL: https://stackoverflow.com/search?q=user:21027088+[vector]
URLs checked: 11298 
Pages crawled: 3471 
Rejected: 4918 
Bloom filter conflicts: 2863 
(68.87% total skipped)
Most recent URL: https://www.tradingview.com/script/EEh4gRsP-Liquidation-Estimates-Real-Time-LuxAlgo/
URLs checked: 11299 
Pages crawled: 3472 
Rejected: 4918 
Bloom filter conflicts: 2863 
(68.86% total skipped)
Most recent URL: https://time.com/5382684/serena-williams-vs-venus-williams/
URLs checked: 11300 
Pages crawled: 3473 
Rejected: 4918 
Bloom filter conflicts: 2863 
(68.86% total skipped)
Most recent URL: https://www.t-mobile.com/coverage/4g-lte-5g-networks?icid=MGPO_TMO_P_18RURAL_ON81I0CSW2MM6LFEB22161
URLs checked: 11301 
Pages crawled: 3474 
Rejected: 4918 
Bloom filter conflicts: 2863 
(68.85% total skipped)
Most recent URL: https://www.npr.org/2023/10/18/1206866706/chinese-american-restaurant-curtis-chin-family-gay
URLs checked: 11302 
Pages crawled: 3475 
Rejected: 4918 
Bloom filter conflicts: 2863 
(68.85% total skipped)
Most recent URL: https://onetrust.com/customers/or/
URLs checked: 11303 
Pages crawled: 3476 
Rejected: 4918 
Bloom filter conflicts: 2863 
(68.84% total skipped)
Most recent URL: https://sophos.com/en-us/marketplace/syncromsp
URLs checked: 11304 
Pages crawled: 3477 
Rejected: 4918 
Bloom filter conflicts: 2863 
(68.83% total skipped)
Most recent URL: https://care.healthline.com/find-care/provider/dr-clifford-solomon-1457350555
URLs checked: 11305 
Pages crawled: 3478 
Rejected: 4918 
Bloom filter conflicts: 2863 
(68.83% total skipped)
Most recent URL: https://gumgum.com/benefits-careers/student-loan-repayment-assistance
URLs checked: 11313 
Pages crawled: 3479 
Rejected: 4925 
Bloom filter conflicts: 2863 
(68.84% total skipped)
Most recent URL: https://docs.digitalocean.com/reference/doctl/reference/compute/ssh-key/
URLs checked: 11314 
Pages crawled: 3480 
Rejected: 4925 
Bloom filter conflicts: 2863 
(68.84% total skipped)
Most recent URL: https://datatracker.ietf.org/wg/taps/about/
URLs checked: 11315 
Pages crawled: 3481 
Rejected: 4925 
Bloom filter conflicts: 2863 
(68.83% total skipped)
Most recent URL: https://www.mayoclinic.org/departments-centers/liver-transplant/home/orc-20211818
URLs checked: 11321 
Pages crawled: 3482 
Rejected: 4927 
Bloom filter conflicts: 2866 
(68.84% total skipped)
Most recent URL: https://google.com.br/intl/en/belonging/
URLs checked: 11322 
Pages crawled: 3483 
Rejected: 4927 
Bloom filter conflicts: 2866 
(68.83% total skipped)
Most recent URL: https://badoo.com/en-us/dating/united-states/new-york/amherst/
URLs checked: 11326 
Pages crawled: 3484 
Rejected: 4929 
Bloom filter conflicts: 2867 
(68.83% total skipped)
Most recent URL: https://getpocket.com/explore/pocket-hits-signup
URLs checked: 11329 
Pages crawled: 3485 
Rejected: 4930 
Bloom filter conflicts: 2868 
(68.83% total skipped)
Most recent URL: https://theverge.com/2023/11/21/23970989/black-mirror-which-is-basically-a-docuseries-at-this-point-has-been-renewed-for-a-seventh-season
URLs checked: 11340 
Pages crawled: 3486 
Rejected: 4936 
Bloom filter conflicts: 2872 
(68.85% total skipped)
Most recent URL: https://www.google.com.br/websearch/answer/3118687?hl=en&ref_topic=9255574
URLs checked: 11342 
Pages crawled: 3487 
Rejected: 4936 
Bloom filter conflicts: 2873 
(68.85% total skipped)
Most recent URL: https://rackspace.com/information/legal/cloud/elastic-engineering
URLs checked: 11344 
Pages crawled: 3488 
Rejected: 4937 
Bloom filter conflicts: 2873 
(68.85% total skipped)
Most recent URL: https://support.dnsmadeeasy.com/support/solutions/articles/47001210835-formatting-a-zone-file
URLs checked: 11346 
Pages crawled: 3489 
Rejected: 4937 
Bloom filter conflicts: 2874 
(68.84% total skipped)
Most recent URL: https://addtoany.com/buttons/customize/wordpress/facebook_like_button
URLs checked: 11348 
Pages crawled: 3490 
Rejected: 4938 
Bloom filter conflicts: 2874 
(68.84% total skipped)
Most recent URL: https://stackoverflow.com/users/10625290/ecoflux
URLs checked: 11349 
Pages crawled: 3491 
Rejected: 4938 
Bloom filter conflicts: 2874 
(68.83% total skipped)
Most recent URL: https://time.com/collection/100-most-influential-people-2023/6269460/zoe-saldana/
URLs checked: 11350 
Pages crawled: 3492 
Rejected: 4938 
Bloom filter conflicts: 2874 
(68.83% total skipped)
Most recent URL: https://fb.com/data/intellectual-property/
URLs checked: 11352 
Pages crawled: 3493 
Rejected: 4938 
Bloom filter conflicts: 2875 
(68.82% total skipped)
Most recent URL: https://www.edd.ca.gov/en/employers/
URLs checked: 11353 
Pages crawled: 3494 
Rejected: 4938 
Bloom filter conflicts: 2875 
(68.82% total skipped)
Most recent URL: https://ring.com/products/spotlight-cam-plus-plug-in
URLs checked: 11354 
Pages crawled: 3495 
Rejected: 4938 
Bloom filter conflicts: 2875 
(68.81% total skipped)
Most recent URL: https://merriam-webster.com/thesaurus/relinquished
URLs checked: 11368 
Pages crawled: 3496 
Rejected: 4940 
Bloom filter conflicts: 2886 
(68.84% total skipped)
Most recent URL: https://www.onetrust.com/solutions/esg-and-sustainability-cloud/
URLs checked: 11369 
Pages crawled: 3497 
Rejected: 4940 
Bloom filter conflicts: 2886 
(68.84% total skipped)
Most recent URL: https://www.wsj.com/news/life-arts/books?mod=nav_top_subsection
URLs checked: 11370 
Pages crawled: 3498 
Rejected: 4940 
Bloom filter conflicts: 2886 
(68.83% total skipped)
Most recent URL: https://datatracker.ietf.org/doc/rfc7493/referencedby/
URLs checked: 11371 
Pages crawled: 3499 
Rejected: 4940 
Bloom filter conflicts: 2886 
(68.82% total skipped)
Most recent URL: https://getpocket.com/en/explore/pocket-hits-signup?src=footer_v2
URLs checked: 11377 
Pages crawled: 3500 
Rejected: 4943 
Bloom filter conflicts: 2888 
(68.83% total skipped)
Most recent URL: https://www.gumgum.com/terms-and-policies/clients-dpa
URLs checked: 11378 
Pages crawled: 3501 
Rejected: 4943 
Bloom filter conflicts: 2888 
(68.83% total skipped)
Most recent URL: https://www.cnbc.com/2023/11/21/nfl-x-hate-speech-musk.html
URLs checked: 11379 
Pages crawled: 3502 
Rejected: 4943 
Bloom filter conflicts: 2888 
(68.82% total skipped)
Most recent URL: https://www.cnet.com/home/energy-and-utilities/best-solar-panels/
URLs checked: 11381 
Pages crawled: 3503 
Rejected: 4943 
Bloom filter conflicts: 2889 
(68.82% total skipped)
Most recent URL: https://tradingview.com/symbols/NYSE-MA/?solution=43000701943
URLs checked: 11382 
Pages crawled: 3504 
Rejected: 4943 
Bloom filter conflicts: 2889 
(68.81% total skipped)
Most recent URL: https://hipages.com.au/find/retaining_walls_stone_retaining_walls/nsw/sydney
URLs checked: 11383 
Pages crawled: 3505 
Rejected: 4943 
Bloom filter conflicts: 2889 
(68.80% total skipped)
Most recent URL: https://www.mayoclinic.org/diseases-conditions/aortic-valve-regurgitation/symptoms-causes/syc-20353129
URLs checked: 11384 
Pages crawled: 3506 
Rejected: 4943 
Bloom filter conflicts: 2889 
(68.80% total skipped)
Most recent URL: https://care.healthline.com/find-care/provider/dr-forrest-ellis-1609971126
URLs checked: 11387 
Pages crawled: 3507 
Rejected: 4943 
Bloom filter conflicts: 2891 
(68.80% total skipped)
Most recent URL: https://www.eset.com/int/business/partner/msp/
URLs checked: 11395 
Pages crawled: 3508 
Rejected: 4947 
Bloom filter conflicts: 2894 
(68.81% total skipped)
Most recent URL: https://google.com.br/websearch/answer/1325808?hl=en&ref_topic=3180360
URLs checked: 11396 
Pages crawled: 3509 
Rejected: 4947 
Bloom filter conflicts: 2894 
(68.80% total skipped)
Most recent URL: https://newrelic.com/instant-observability/coredns
URLs checked: 11398 
Pages crawled: 3510 
Rejected: 4948 
Bloom filter conflicts: 2894 
(68.80% total skipped)
Most recent URL: https://store.steampowered.com/newshub/?appids=2608050&snr=1_5_9__408
URLs checked: 11399 
Pages crawled: 3511 
Rejected: 4948 
Bloom filter conflicts: 2894 
(68.80% total skipped)
Most recent URL: https://www.addtoany.com/buttons/customize/wordpress/prioritize_services
URLs checked: 11400 
Pages crawled: 3512 
Rejected: 4948 
Bloom filter conflicts: 2894 
(68.79% total skipped)
Most recent URL: https://www.npr.org/podcasts/organizations/s1
URLs checked: 11402 
Pages crawled: 3513 
Rejected: 4948 
Bloom filter conflicts: 2895 
(68.79% total skipped)
Most recent URL: https://admin.mailchimp.com/campaigns/?ref=plums_nav
URLs checked: 11407 
Pages crawled: 3514 
Rejected: 4951 
Bloom filter conflicts: 2896 
(68.79% total skipped)
Most recent URL: https://support.dnsmadeeasy.com/support/solutions/articles/47001000851-remove-modify-the-ip-set-from-a-domain
URLs checked: 11408 
Pages crawled: 3515 
Rejected: 4951 
Bloom filter conflicts: 2896 
(68.79% total skipped)
Most recent URL: https://gnu.org/graphics/gnu-ascii2.html
URLs checked: 11409 
Pages crawled: 3516 
Rejected: 4951 
Bloom filter conflicts: 2896 
(68.78% total skipped)
Most recent URL: https://www.t-mobile.com/devices/compare-iphone-models?icid=MGPO_TMO_U_23APPLNPI_04SCEUJWC3ALXRPL36042
URLs checked: 11411 
Pages crawled: 3517 
Rejected: 4952 
Bloom filter conflicts: 2896 
(68.78% total skipped)
Most recent URL: https://time.com/6268675/donald-trump-indictment-historic-significance/
URLs checked: 11415 
Pages crawled: 3518 
Rejected: 4952 
Bloom filter conflicts: 2899 
(68.78% total skipped)
Most recent URL: https://stackoverflow.com/questions/77462641/multiple-input-vectors-but-one-vector-search-field
URLs checked: 11416 
Pages crawled: 3519 
Rejected: 4952 
Bloom filter conflicts: 2899 
(68.77% total skipped)
Most recent URL: https://digitalocean.com/products/droplets/cpu-optimized
URLs checked: 11418 
Pages crawled: 3520 
Rejected: 4953 
Bloom filter conflicts: 2899 
(68.77% total skipped)
Most recent URL: https://www.braze.com/docs/partners/data_and_infrastructure_agility/customer_data_platform/mparticle/
URLs checked: 11430 
Pages crawled: 3521 
Rejected: 4962 
Bloom filter conflicts: 2901 
(68.79% total skipped)
Most recent URL: https://rackspace.com/about/security/on-premises-security
URLs checked: 11432 
Pages crawled: 3522 
Rejected: 4963 
Bloom filter conflicts: 2901 
(68.79% total skipped)
Most recent URL: https://theverge.com/2022/8/22/23316875/google-tv-performance-improvements-storage-free-up-space
URLs checked: 11434 
Pages crawled: 3523 
Rejected: 4964 
Bloom filter conflicts: 2901 
(68.79% total skipped)
Most recent URL: https://ring.com/products/ring-power-pack
URLs checked: 11439 
Pages crawled: 3524 
Rejected: 4968 
Bloom filter conflicts: 2901 
(68.79% total skipped)
Most recent URL: https://getpocket.com/explore?src=navbar
URLs checked: 11442 
Pages crawled: 3525 
Rejected: 4969 
Bloom filter conflicts: 2902 
(68.79% total skipped)
Most recent URL: https://www.cnet.com/tech/mobile/prores-log-video-on-iphone-15-pro-everything-you-need-to-know/
URLs checked: 11447 
Pages crawled: 3526 
Rejected: 4969 
Bloom filter conflicts: 2906 
(68.80% total skipped)
Most recent URL: https://google.com.br/intl/en/locations/
URLs checked: 11456 
Pages crawled: 3527 
Rejected: 4973 
Bloom filter conflicts: 2910 
(68.81% total skipped)
Most recent URL: https://datatracker.ietf.org/nomcom/2016/feedback/
URLs checked: 11457 
Pages crawled: 3528 
Rejected: 4973 
Bloom filter conflicts: 2910 
(68.81% total skipped)
Most recent URL: https://www.wix.com/blog/what-is-a-wireframe-and-how-to-create-one
URLs checked: 11459 
Pages crawled: 3529 
Rejected: 4973 
Bloom filter conflicts: 2911 
(68.80% total skipped)
Most recent URL: https://gumgum.com/press-releases
URLs checked: 11460 
Pages crawled: 3530 
Rejected: 4973 
Bloom filter conflicts: 2911 
(68.80% total skipped)
Most recent URL: https://tradingview.com/symbols/NASDAQ-MVIS/news/
URLs checked: 11461 
Pages crawled: 3531 
Rejected: 4973 
Bloom filter conflicts: 2911 
(68.79% total skipped)
Most recent URL: https://stackoverflow.com/posts/8339571/timeline
URLs checked: 11462 
Pages crawled: 3532 
Rejected: 4973 
Bloom filter conflicts: 2911 
(68.78% total skipped)
Most recent URL: https://time.com/collection/100-most-influential-people-2023/6269984/sean-sherman/
URLs checked: 11464 
Pages crawled: 3533 
Rejected: 4973 
Bloom filter conflicts: 2912 
(68.78% total skipped)
Most recent URL: https://www.healthline.com/nutrition/activated-charcoal
URLs checked: 11465 
Pages crawled: 3534 
Rejected: 4973 
Bloom filter conflicts: 2912 
(68.77% total skipped)
Most recent URL: https://hipages.com.au/find/lawn_turf/vic/harkaway
URLs checked: 11465 
Pages crawled: 3535 
Rejected: 4973 
Bloom filter conflicts: 2912 
(68.77% total skipped)
Most recent URL: https://badoo.com/en-us/dating/united-states/new-york/kingston/
URLs checked: 11467 
Pages crawled: 3536 
Rejected: 4973 
Bloom filter conflicts: 2912 
(68.76% total skipped)
Most recent URL: https://merriam-webster.com/thesaurus/renounced
URLs checked: 11468 
Pages crawled: 3537 
Rejected: 4973 
Bloom filter conflicts: 2912 
(68.76% total skipped)
Most recent URL: https://www.wsj.com/news/author/holman-w-jenkinsjr?mod=nav_top_subsection
URLs checked: 11475 
Pages crawled: 3538 
Rejected: 4978 
Bloom filter conflicts: 2913 
(68.77% total skipped)
Most recent URL: https://addtoany.com/services/diary_ru_button
URLs checked: 11476 
Pages crawled: 3539 
Rejected: 4978 
Bloom filter conflicts: 2913 
(68.76% total skipped)
Most recent URL: https://support.dnsmadeeasy.com/support/solutions/articles/47001001845-how-to-set-up-vanity-dns
URLs checked: 11477 
Pages crawled: 3540 
Rejected: 4978 
Bloom filter conflicts: 2913 
(68.75% total skipped)
Most recent URL: https://docs.digitalocean.com/support/
URLs checked: 11481 
Pages crawled: 3541 
Rejected: 4981 
Bloom filter conflicts: 2913 
(68.76% total skipped)
Most recent URL: https://www.t-mobile.com/offers/deals-hub?icid=MGPO_TMO_P_EVGRNSMSG_GJFGXOP7HJE0PVC4F23255
URLs checked: 11482 
Pages crawled: 3542 
Rejected: 4981 
Bloom filter conflicts: 2913 
(68.75% total skipped)
Most recent URL: https://nature.com/articles/s41586-019-1841-8
URLs checked: 11484 
Pages crawled: 3543 
Rejected: 4982 
Bloom filter conflicts: 2913 
(68.75% total skipped)
Most recent URL: https://cnbc.com/transportation/
URLs checked: 11487 
Pages crawled: 3544 
Rejected: 4984 
Bloom filter conflicts: 2913 
(68.75% total skipped)
Most recent URL: https://www.eset.com/int/business/cloud-office-security-demo/
URLs checked: 11489 
Pages crawled: 3545 
Rejected: 4985 
Bloom filter conflicts: 2913 
(68.74% total skipped)
Most recent URL: https://www.edd.ca.gov/en/jobs_and_training/TCLobby/
URLs checked: 11492 
Pages crawled: 3546 
Rejected: 4987 
Bloom filter conflicts: 2913 
(68.74% total skipped)
Most recent URL: https://google.com.br/websearch/answer/9836344?hl=en&ref_topic=3036132
URLs checked: 11498 
Pages crawled: 3547 
Rejected: 4992 
Bloom filter conflicts: 2913 
(68.75% total skipped)
Most recent URL: https://getpocket.com/en/jobs/?src=footer_v2
URLs checked: 11501 
Pages crawled: 3548 
Rejected: 4993 
Bloom filter conflicts: 2914 
(68.75% total skipped)
Most recent URL: https://ring.com/collections/battery-video-doorbells
URLs checked: 11502 
Pages crawled: 3549 
Rejected: 4993 
Bloom filter conflicts: 2914 
(68.74% total skipped)
Most recent URL: https://stackoverflow.com/users/9912745/vishal-vns
URLs checked: 11503 
Pages crawled: 3550 
Rejected: 4993 
Bloom filter conflicts: 2914 
(68.74% total skipped)
Most recent URL: https://fb.com/legal/terms/update
URLs checked: 11514 
Pages crawled: 3551 
Rejected: 4997 
Bloom filter conflicts: 2920 
(68.76% total skipped)
Most recent URL: https://support.dnsmadeeasy.com/support/solutions/folders/47000695079
URLs checked: 11523 
Pages crawled: 3552 
Rejected: 5005 
Bloom filter conflicts: 2920 
(68.78% total skipped)
Most recent URL: https://www.academia.edu/Jobs/At/NYU_Steinhardt/Department_of_Teaching_and_Learning
URLs checked: 11532 
Pages crawled: 3553 
Rejected: 5010 
Bloom filter conflicts: 2923 
(68.79% total skipped)
Most recent URL: https://google.com.br/websearch/answer/175288?hl=en&ref_topic=3180360
URLs checked: 11539 
Pages crawled: 3554 
Rejected: 5014 
Bloom filter conflicts: 2925 
(68.80% total skipped)
Most recent URL: https://time.com/6339724/sierra-leone-gunmen-attacks-curfew/
URLs checked: 11545 
Pages crawled: 3555 
Rejected: 5019 
Bloom filter conflicts: 2925 
(68.81% total skipped)
Most recent URL: https://rackspace.com/information/legal/security/advanced-monitoring-resolution
URLs checked: 11546 
Pages crawled: 3556 
Rejected: 5019 
Bloom filter conflicts: 2925 
(68.80% total skipped)
Most recent URL: https://www.tradingview.com/chart/TSLA/VZyIgY5O-TSLA-Long-as-Thursday-Cyber-Truck-Event-is-upon-us/
URLs checked: 11552 
Pages crawled: 3557 
Rejected: 5024 
Bloom filter conflicts: 2925 
(68.81% total skipped)
Most recent URL: https://addtoany.com/services/symbaloo_bookmarks_button
URLs checked: 11557 
Pages crawled: 3558 
Rejected: 5027 
Bloom filter conflicts: 2926 
(68.82% total skipped)
Most recent URL: https://support.dnsmadeeasy.com/support/solutions/folders/47000695634
URLs checked: 11559 
Pages crawled: 3559 
Rejected: 5028 
Bloom filter conflicts: 2926 
(68.81% total skipped)
Most recent URL: https://www.healthline.com/health/gonococcemia-disseminated?utm_source=ReadNext
URLs checked: 11569 
Pages crawled: 3560 
Rejected: 5035 
Bloom filter conflicts: 2928 
(68.83% total skipped)
Most recent URL: https://community.wix.com/velo/forum
URLs checked: 11580 
Pages crawled: 3561 
Rejected: 5044 
Bloom filter conflicts: 2929 
(68.85% total skipped)
Most recent URL: https://www.mayoclinic.org/diseases-conditions/narcissistic-personality-disorder/symptoms-causes/syc-20366662
URLs checked: 11581 
Pages crawled: 3562 
Rejected: 5044 
Bloom filter conflicts: 2929 
(68.85% total skipped)
Most recent URL: https://ring.com/products/high-reach-bundle
URLs checked: 11590 
Pages crawled: 3563 
Rejected: 5052 
Bloom filter conflicts: 2929 
(68.86% total skipped)
Most recent URL: https://store.steampowered.com/steam_refunds/?snr=1_14_4__global-responsive-menu
URLs checked: 11597 
Pages crawled: 3564 
Rejected: 5058 
Bloom filter conflicts: 2929 
(68.87% total skipped)
Most recent URL: https://www.edd.ca.gov/en/disability/Contact_SDI/
URLs checked: 11608 
Pages crawled: 3565 
Rejected: 5067 
Bloom filter conflicts: 2930 
(68.89% total skipped)
Most recent URL: https://www.sophos.com/en-us/report/idc-smb-report
URLs checked: 11613 
Pages crawled: 3566 
Rejected: 5070 
Bloom filter conflicts: 2931 
(68.90% total skipped)
Most recent URL: https://getpocket.com/explore/business
URLs checked: 11617 
Pages crawled: 3567 
Rejected: 5071 
Bloom filter conflicts: 2933 
(68.90% total skipped)
Most recent URL: https://theverge.com/authors/nathan-edwards
URLs checked: 11626 
Pages crawled: 3568 
Rejected: 5078 
Bloom filter conflicts: 2934 
(68.91% total skipped)
Most recent URL: https://google.com.br/intl/en/home/campaigns/ai-powered-ad-solutions/
URLs checked: 11637 
Pages crawled: 3569 
Rejected: 5084 
Bloom filter conflicts: 2938 
(68.94% total skipped)
Most recent URL: https://datatracker.ietf.org/person/ietf@tenghardt.net
URLs checked: 11641 
Pages crawled: 3570 
Rejected: 5086 
Bloom filter conflicts: 2939 
(68.94% total skipped)
Most recent URL: https://onetrust.com/solutions/privacy-and-data-governance-cloud/
URLs checked: 11647 
Pages crawled: 3571 
Rejected: 5089 
Bloom filter conflicts: 2941 
(68.94% total skipped)
Most recent URL: https://www.t-mobile.com/cell-phone/t-mobile-revvl-v-plus-5g?sku=610214669254
URLs checked: 11654 
Pages crawled: 3572 
Rejected: 5093 
Bloom filter conflicts: 2943 
(68.95% total skipped)
Most recent URL: https://www.digitalocean.com/products/app-platform/reference/app-spec/
URLs checked: 11655 
Pages crawled: 3573 
Rejected: 5093 
Bloom filter conflicts: 2943 
(68.95% total skipped)
Most recent URL: https://cnet.com/tech/services-and-software/how-to-speed-up-your-vpn-connection/
URLs checked: 11656 
Pages crawled: 3574 
Rejected: 5093 
Bloom filter conflicts: 2943 
(68.94% total skipped)
Most recent URL: https://gnu.org/server/select-language.html?goto=/philosophy/sco/sco.html;language=ta
URLs checked: 11657 
Pages crawled: 3575 
Rejected: 5093 
Bloom filter conflicts: 2943 
(68.94% total skipped)
Most recent URL: https://merriam-webster.com/thesaurus/submitted
URLs checked: 11659 
Pages crawled: 3576 
Rejected: 5094 
Bloom filter conflicts: 2943 
(68.93% total skipped)
Most recent URL: https://hipages.com.au/find/pergola/wa/darlington
URLs checked: 11660 
Pages crawled: 3577 
Rejected: 5094 
Bloom filter conflicts: 2943 
(68.93% total skipped)
Most recent URL: https://www.wsj.com/news/author/james-mackintosh?page=23?mod=nav_top_subsection
URLs checked: 11662 
Pages crawled: 3578 
Rejected: 5094 
Bloom filter conflicts: 2944 
(68.92% total skipped)
Most recent URL: https://www.braze.com/docs/developer_guide/platform_integration_guides/android/in-app_messaging/integration/
URLs checked: 11673 
Pages crawled: 3579 
Rejected: 5104 
Bloom filter conflicts: 2944 
(68.95% total skipped)
Most recent URL: https://www.google.com.br/websearch/answer/9789430?hl=en&ref_topic=3180360
URLs checked: 11680 
Pages crawled: 3580 
Rejected: 5109 
Bloom filter conflicts: 2945 
(68.96% total skipped)
Most recent URL: https://support.dnsmadeeasy.com/support/solutions/articles/47001164563-converting-secondary-zones-to-managed-dns
URLs checked: 11682 
Pages crawled: 3581 
Rejected: 5109 
Bloom filter conflicts: 2946 
(68.95% total skipped)
Most recent URL: https://www.addtoany.com/buttons/customize/drupal/translation_localization
URLs checked: 11686 
Pages crawled: 3582 
Rejected: 5112 
Bloom filter conflicts: 2946 
(68.95% total skipped)
Most recent URL: https://theverge.com/2023/11/3/23945420/the-risks-facing-x-elon-musk
URLs checked: 11690 
Pages crawled: 3583 
Rejected: 5113 
Bloom filter conflicts: 2948 
(68.96% total skipped)
Most recent URL: https://rackspace.com/information/legal/login
URLs checked: 11693 
Pages crawled: 3584 
Rejected: 5115 
Bloom filter conflicts: 2948 
(68.96% total skipped)
Most recent URL: https://store.steampowered.com/privacy_agreement/?snr=1_16_16_creator_global-responsive-menu&curator_clanid=40847542
URLs checked: 11694 
Pages crawled: 3585 
Rejected: 5115 
Bloom filter conflicts: 2948 
(68.95% total skipped)
Most recent URL: https://login.mailchimp.com/?referrer=%2Fsms%2F
URLs checked: 11696 
Pages crawled: 3586 
Rejected: 5116 
Bloom filter conflicts: 2948 
(68.95% total skipped)
Most recent URL: https://www.npr.org/organization/
URLs checked: 11697 
Pages crawled: 3587 
Rejected: 5116 
Bloom filter conflicts: 2948 
(68.94% total skipped)
Most recent URL: https://getpocket.com/explore/politics
URLs checked: 11699 
Pages crawled: 3588 
Rejected: 5116 
Bloom filter conflicts: 2949 
(68.94% total skipped)
Most recent URL: https://www.cnet.com/tech/computing/hp-pavilion-15t-eg300-review-satisfying-everyday-widescreen-laptop-for-less/
URLs checked: 11700 
Pages crawled: 3589 
Rejected: 5116 
Bloom filter conflicts: 2949 
(68.93% total skipped)
Most recent URL: https://www.wix.com/fitness/website/
URLs checked: 11701 
Pages crawled: 3590 
Rejected: 5116 
Bloom filter conflicts: 2949 
(68.93% total skipped)
Most recent URL: https://www.ietf.org/iesg/
URLs checked: 11704 
Pages crawled: 3591 
Rejected: 5116 
Bloom filter conflicts: 2951 
(68.93% total skipped)
Most recent URL: https://stackoverflow.com/questions/62231127/npm-start-errors-reactjs
URLs checked: 11705 
Pages crawled: 3592 
Rejected: 5116 
Bloom filter conflicts: 2951 
(68.92% total skipped)
Most recent URL: https://www.healthline.com/parenthood
URLs checked: 11707 
Pages crawled: 3593 
Rejected: 5117 
Bloom filter conflicts: 2951 
(68.92% total skipped)
Most recent URL: https://www.mayoclinic.org/tests-procedures/pet-scan/about/pac-20385078
URLs checked: 11709 
Pages crawled: 3594 
Rejected: 5117 
Bloom filter conflicts: 2952 
(68.91% total skipped)
Most recent URL: https://google.com.br/websearch/answer/10269376?hl=en&ref_topic=3036131
URLs checked: 11713 
Pages crawled: 3595 
Rejected: 5118 
Bloom filter conflicts: 2954 
(68.91% total skipped)
Most recent URL: https://hipages.com.au/find/window_repairs/tas/hobart
URLs checked: 11714 
Pages crawled: 3596 
Rejected: 5118 
Bloom filter conflicts: 2954 
(68.91% total skipped)
Most recent URL: https://www.sophos.com/en-us/products/managed-threat-response
URLs checked: 11715 
Pages crawled: 3597 
Rejected: 5118 
Bloom filter conflicts: 2954 
(68.90% total skipped)
Most recent URL: https://www.digitalocean.com/community/tutorials/an-introduction-to-cloud-config-scripting
URLs checked: 11716 
Pages crawled: 3598 
Rejected: 5118 
Bloom filter conflicts: 2954 
(68.90% total skipped)
Most recent URL: https://gnu.org/thankgnus/2015supporters.html
URLs checked: 11719 
Pages crawled: 3599 
Rejected: 5120 
Bloom filter conflicts: 2954 
(68.90% total skipped)
Most recent URL: https://docs.newrelic.com/docs/browser/new-relic-browser/browser-pro-features/browser-data-distributed-tracing/
URLs checked: 11720 
Pages crawled: 3600 
Rejected: 5120 
Bloom filter conflicts: 2954 
(68.89% total skipped)
Most recent URL: https://merriam-webster.com/thesaurus/buttressed
URLs checked: 11721 
Pages crawled: 3601 
Rejected: 5120 
Bloom filter conflicts: 2954 
(68.88% total skipped)
Most recent URL: https://www.braze.com/docs/developer_guide/platform_integration_guides/ios/push_notifications/customization/custom_sounds/
URLs checked: 11723 
Pages crawled: 3602 
Rejected: 5121 
Bloom filter conflicts: 2954 
(68.88% total skipped)
Most recent URL: https://www.wsj.com/us-news?mod=nav_top_section
URLs checked: 11731 
Pages crawled: 3603 
Rejected: 5128 
Bloom filter conflicts: 2954 
(68.89% total skipped)
Most recent URL: https://www.rackspace.com/information/legal/privacystatement/data/data-lakes
URLs checked: 11732 
Pages crawled: 3604 
Rejected: 5128 
Bloom filter conflicts: 2954 
(68.89% total skipped)
Most recent URL: https://www.addtoany.com/buttons/customize/wordpress/square_icons
URLs checked: 11733 
Pages crawled: 3605 
Rejected: 5128 
Bloom filter conflicts: 2954 
(68.88% total skipped)
Most recent URL: https://www.academia.edu/Jobs/At/Memorial_University_of_Newfoundland/Social_Work
URLs checked: 11736 
Pages crawled: 3606 
Rejected: 5129 
Bloom filter conflicts: 2955 
(68.88% total skipped)
Most recent URL: https://www.google.com.br/websearch/answer/134479?hl=en&ref_topic=3036132
URLs checked: 11741 
Pages crawled: 3607 
Rejected: 5132 
Bloom filter conflicts: 2956 
(68.89% total skipped)
Most recent URL: https://support.dnsmadeeasy.com/support/solutions/articles/47001215113-how-to-create-a-folder
URLs checked: 11749 
Pages crawled: 3608 
Rejected: 5136 
Bloom filter conflicts: 2959 
(68.90% total skipped)
Most recent URL: https://www.ietf.org/about/
URLs checked: 11750 
Pages crawled: 3609 
Rejected: 5136 
Bloom filter conflicts: 2959 
(68.89% total skipped)
Most recent URL: https://www.t-mobile.com/responsibility/legal/return-policy?INTNAV=fNav%3AContactUs%3AViewReturnPolicy
URLs checked: 11761 
Pages crawled: 3610 
Rejected: 5142 
Bloom filter conflicts: 2963 
(68.91% total skipped)
Most recent URL: https://time.com/6297192/twitter-x-elon-musk-memes/
URLs checked: 11762 
Pages crawled: 3611 
Rejected: 5142 
Bloom filter conflicts: 2963 
(68.91% total skipped)
Most recent URL: https://mailchimp.com/developer/transactional/docs/tags-metadata/
URLs checked: 11763 
Pages crawled: 3612 
Rejected: 5142 
Bloom filter conflicts: 2963 
(68.90% total skipped)
Most recent URL: https://getpocket.com/en/welcome/?src=footer_v2
URLs checked: 11769 
Pages crawled: 3613 
Rejected: 5146 
Bloom filter conflicts: 2964 
(68.91% total skipped)
Most recent URL: https://leginfo.legislature.ca.gov/faces/billSearchClient.xhtml
URLs checked: 11771 
Pages crawled: 3614 
Rejected: 5147 
Bloom filter conflicts: 2964 
(68.91% total skipped)
Most recent URL: https://www.addtoany.com/buttons/customize/wordpress/templates
URLs checked: 11772 
Pages crawled: 3615 
Rejected: 5147 
Bloom filter conflicts: 2964 
(68.90% total skipped)
Most recent URL: https://www.loc.gov/collections/japanese-fine-prints-pre-1915/about-this-collection/
URLs checked: 11773 
Pages crawled: 3616 
Rejected: 5147 
Bloom filter conflicts: 2964 
(68.89% total skipped)
Most recent URL: https://www.google.com.br/websearch/answer/13572013?hl=en&ref_topic=13544225
URLs checked: 11774 
Pages crawled: 3617 
Rejected: 5147 
Bloom filter conflicts: 2964 
(68.89% total skipped)
Most recent URL: https://docs.digitalocean.com/products/networking/firewalls/how-to/manage-droplets/
URLs checked: 11779 
Pages crawled: 3618 
Rejected: 5149 
Bloom filter conflicts: 2966 
(68.89% total skipped)
Most recent URL: https://newrelic.com/instant-observability/azure-dns-zones
URLs checked: 11782 
Pages crawled: 3619 
Rejected: 5150 
Bloom filter conflicts: 2967 
(68.89% total skipped)
Most recent URL: https://nature.com/subjects/plant-hormones
URLs checked: 11789 
Pages crawled: 3620 
Rejected: 5151 
Bloom filter conflicts: 2972 
(68.90% total skipped)
Most recent URL: https://store.steampowered.com/cart/?snr=1_4_660__12
URLs checked: 11790 
Pages crawled: 3621 
Rejected: 5151 
Bloom filter conflicts: 2972 
(68.90% total skipped)
Most recent URL: https://stackoverflow.com/questions/58375281/finding-the-datasets-in-paper-hierarchical-attention-networks-for-document-clas
URLs checked: 11791 
Pages crawled: 3622 
Rejected: 5151 
Bloom filter conflicts: 2972 
(68.89% total skipped)
Most recent URL: https://badoo.com/en-us/dating/united-states/texas/mesquite-city/
URLs checked: 11792 
Pages crawled: 3623 
Rejected: 5151 
Bloom filter conflicts: 2972 
(68.89% total skipped)
Most recent URL: https://www.npr.org/people/584530546/stefanie-fernandez
URLs checked: 11794 
Pages crawled: 3624 
Rejected: 5151 
Bloom filter conflicts: 2973 
(68.88% total skipped)
Most recent URL: https://www.braze.com/solutions/travel-hospitality
URLs checked: 11795 
Pages crawled: 3625 
Rejected: 5151 
Bloom filter conflicts: 2973 
(68.88% total skipped)
Most recent URL: https://www.mayoclinic.org/diseases-conditions/ebsteins-anomaly/symptoms-causes/syc-20352127
URLs checked: 11797 
Pages crawled: 3626 
Rejected: 5152 
Bloom filter conflicts: 2973 
(68.87% total skipped)
Most recent URL: https://hipages.com.au/find/glass_glazier_glass_replacement/qld
URLs checked: 11799 
Pages crawled: 3627 
Rejected: 5153 
Bloom filter conflicts: 2973 
(68.87% total skipped)
Most recent URL: https://cnet.com/health/sleep/best-mattress-for-side-sleepers/
URLs checked: 11801 
Pages crawled: 3628 
Rejected: 5153 
Bloom filter conflicts: 2974 
(68.87% total skipped)
Most recent URL: https://tradingview.com/symbols/NASDAQ-CLDX/
URLs checked: 11802 
Pages crawled: 3629 
Rejected: 5153 
Bloom filter conflicts: 2974 
(68.86% total skipped)
Most recent URL: https://en-uk.ring.com/collections?bundles=doorbells+cameras+security-system+ringtercom
URLs checked: 11805 
Pages crawled: 3630 
Rejected: 5155 
Bloom filter conflicts: 2974 
(68.86% total skipped)
Most recent URL: https://www.wix.com/blog/logo-psychology
URLs checked: 11806 
Pages crawled: 3631 
Rejected: 5155 
Bloom filter conflicts: 2974 
(68.85% total skipped)
Most recent URL: https://merriam-webster.com/thesaurus/regiment
URLs checked: 11807 
Pages crawled: 3632 
Rejected: 5155 
Bloom filter conflicts: 2974 
(68.85% total skipped)
Most recent URL: https://care.healthline.com/find-care/specialty/neurology/nh
URLs checked: 11808 
Pages crawled: 3633 
Rejected: 5155 
Bloom filter conflicts: 2974 
(68.84% total skipped)
Most recent URL: https://www.wsj.com/articles/what-parents-with-unvaccinated-kids-need-to-know-about-the-delta-variant-this-summer-11625477400?mod=error_page
URLs checked: 11824 
Pages crawled: 3634 
Rejected: 5168 
Bloom filter conflicts: 2976 
(68.88% total skipped)
Most recent URL: https://theverge.com/2023/11/27/23975368/frore-airjet-apple-macbook-air-fanless-mems
URLs checked: 11828 
Pages crawled: 3635 
Rejected: 5169 
Bloom filter conflicts: 2978 
(68.88% total skipped)
Most recent URL: https://fb.com/policies/ad-standards/
URLs checked: 11837 
Pages crawled: 3636 
Rejected: 5176 
Bloom filter conflicts: 2979 
(68.89% total skipped)
Most recent URL: https://dnsmadeeasy.com/post/enterprise-dns-for-stockholm-sweden
URLs checked: 11839 
Pages crawled: 3637 
Rejected: 5177 
Bloom filter conflicts: 2979 
(68.89% total skipped)
Most recent URL: https://rackspace.com/applications/services/fanatical-experience
URLs checked: 11841 
Pages crawled: 3638 
Rejected: 5178 
Bloom filter conflicts: 2979 
(68.89% total skipped)
Most recent URL: https://store.steampowered.com/privacy_agreement/?snr=1_14_4__global-responsive-menu
URLs checked: 11843 
Pages crawled: 3639 
Rejected: 5179 
Bloom filter conflicts: 2979 
(68.88% total skipped)
Most recent URL: https://getpocket.com/explore/item/10-recipes-with-vegetable-broth
URLs checked: 11848 
Pages crawled: 3640 
Rejected: 5181 
Bloom filter conflicts: 2981 
(68.89% total skipped)
Most recent URL: https://www.academia.edu/topics/Y
URLs checked: 11849 
Pages crawled: 3641 
Rejected: 5181 
Bloom filter conflicts: 2981 
(68.88% total skipped)
Most recent URL: https://docs.digitalocean.com/glossary/cname-record/
URLs checked: 11851 
Pages crawled: 3642 
Rejected: 5182 
Bloom filter conflicts: 2981 
(68.88% total skipped)
Most recent URL: https://www.gumgum.com/verity
URLs checked: 11852 
Pages crawled: 3643 
Rejected: 5182 
Bloom filter conflicts: 2981 
(68.87% total skipped)
Most recent URL: https://ietf.org/standards/ipr/
URLs checked: 11854 
Pages crawled: 3644 
Rejected: 5182 
Bloom filter conflicts: 2982 
(68.87% total skipped)
Most recent URL: https://www.google.com.br/preferences?hl=en
URLs checked: 11863 
Pages crawled: 3645 
Rejected: 5185 
Bloom filter conflicts: 2987 
(68.89% total skipped)
Most recent URL: https://time.com/6158182/vitalik-buterin-ethereum-profile/
URLs checked: 11864 
Pages crawled: 3646 
Rejected: 5185 
Bloom filter conflicts: 2987 
(68.88% total skipped)
Most recent URL: https://www.loc.gov/collections/?fa=subject_topic:art+%26+architecture%7Csubject_topic:war+%26+military%7Csubject_topic:local+history+%26+folklife
URLs checked: 11866 
Pages crawled: 3647 
Rejected: 5186 
Bloom filter conflicts: 2987 
(68.88% total skipped)
Most recent URL: https://onetrust.com/content/onetrust/us/en/products/privacy-incident-management/
URLs checked: 11867 
Pages crawled: 3648 
Rejected: 5186 
Bloom filter conflicts: 2987 
(68.87% total skipped)
Most recent URL: https://www.cnet.com/deals/best-desktop-computer-deals/
URLs checked: 11869 
Pages crawled: 3649 
Rejected: 5186 
Bloom filter conflicts: 2988 
(68.87% total skipped)
Most recent URL: https://addtoany.com/buttons/translate/
URLs checked: 11870 
Pages crawled: 3650 
Rejected: 5186 
Bloom filter conflicts: 2988 
(68.86% total skipped)
Most recent URL: https://ring.com/products/ceiling-mount-for-spotlight-cam-wired
URLs checked: 11871 
Pages crawled: 3651 
Rejected: 5186 
Bloom filter conflicts: 2988 
(68.86% total skipped)
Most recent URL: https://docs.newrelic.com/docs/browser/browser-monitoring/browser-pro-features/ajax-page-identify-time-consuming-calls/
URLs checked: 11872 
Pages crawled: 3652 
Rejected: 5186 
Bloom filter conflicts: 2988 
(68.85% total skipped)
Most recent URL: https://stackoverflow.com/questions/76687916/default-packages-in-rstudio
URLs checked: 11873 
Pages crawled: 3653 
Rejected: 5186 
Bloom filter conflicts: 2988 
(68.85% total skipped)
Most recent URL: https://eset.com/int/spam/
URLs checked: 11875 
Pages crawled: 3654 
Rejected: 5186 
Bloom filter conflicts: 2989 
(68.84% total skipped)
Most recent URL: https://tradingview.com/symbols/NYSE-BHG/
URLs checked: 11876 
Pages crawled: 3655 
Rejected: 5186 
Bloom filter conflicts: 2989 
(68.84% total skipped)
Most recent URL: https://care.healthline.com/find-care/provider/dr-elijah-stommel-1700813789
URLs checked: 11877 
Pages crawled: 3656 
Rejected: 5186 
Bloom filter conflicts: 2989 
(68.83% total skipped)
Most recent URL: https://www.braze.com/docs/developer_guide/platform_integration_guides/web/content_cards/integration/
URLs checked: 11877 
Pages crawled: 3657 
Rejected: 5186 
Bloom filter conflicts: 2989 
(68.83% total skipped)
Most recent URL: https://hipages.com.au/find/lawn_turf/wa/secret_harbour
URLs checked: 11886 
Pages crawled: 3658 
Rejected: 5190 
Bloom filter conflicts: 2992 
(68.84% total skipped)
Most recent URL: https://www.rackspace.com/information/legal/privacystatement/industry/media-entertainment
URLs checked: 11889 
Pages crawled: 3659 
Rejected: 5191 
Bloom filter conflicts: 2993 
(68.84% total skipped)
Most recent URL: https://getpocket.com/saves/articles
URLs checked: 11893 
Pages crawled: 3660 
Rejected: 5193 
Bloom filter conflicts: 2994 
(68.84% total skipped)
Most recent URL: https://www.wsj.com/news/author/peggy-noonan?mod=nav_top_subsection
URLs checked: 11894 
Pages crawled: 3661 
Rejected: 5193 
Bloom filter conflicts: 2994 
(68.83% total skipped)
Most recent URL: https://merriam-webster.com/words-at-play/top-10-secrets-of-scrabble-masters
URLs checked: 11896 
Pages crawled: 3662 
Rejected: 5194 
Bloom filter conflicts: 2994 
(68.83% total skipped)
Most recent URL: https://www.wix.com/blog/ecommerce/2020/12/how-to-start-jewelry-business
URLs checked: 11897 
Pages crawled: 3663 
Rejected: 5194 
Bloom filter conflicts: 2994 
(68.82% total skipped)
Most recent URL: https://gnu.org/software/nano-archimedes/
URLs checked: 11898 
Pages crawled: 3664 
Rejected: 5194 
Bloom filter conflicts: 2994 
(68.82% total skipped)
Most recent URL: https://theverge.com/2023/3/30/23746922/command-line-a-visit-to-cerebral-valley?showComments=1
URLs checked: 11900 
Pages crawled: 3665 
Rejected: 5194 
Bloom filter conflicts: 2995 
(68.82% total skipped)
Most recent URL: https://store.steampowered.com/app/2486740/Sledders/?snr=1_239_1700__1707
URLs checked: 11906 
Pages crawled: 3666 
Rejected: 5197 
Bloom filter conflicts: 2997 
(68.82% total skipped)
Most recent URL: https://fb.com/r.php?next=https%3A%2F%2Fwww.facebook.com%2F&locale=en_US&display=page
URLs checked: 11907 
Pages crawled: 3667 
Rejected: 5197 
Bloom filter conflicts: 2997 
(68.82% total skipped)
Most recent URL: https://www.cambridge.org/legal/conditions-of-sale-goods
URLs checked: 11913 
Pages crawled: 3668 
Rejected: 5202 
Bloom filter conflicts: 2997 
(68.82% total skipped)
Most recent URL: https://www.academia.edu/Jobs/At/Pontificia_Universidad_Catolica_del_Peru/Arquitectura_y_Urbanismo
URLs checked: 11914 
Pages crawled: 3669 
Rejected: 5202 
Bloom filter conflicts: 2997 
(68.82% total skipped)
Most recent URL: https://www.addtoany.com/buttons/customize/thanks
URLs checked: 11915 
Pages crawled: 3670 
Rejected: 5202 
Bloom filter conflicts: 2997 
(68.81% total skipped)
Most recent URL: https://stackoverflow.com/users/9514431/pinkesh-kuwal
URLs checked: 11916 
Pages crawled: 3671 
Rejected: 5202 
Bloom filter conflicts: 2997 
(68.81% total skipped)
Most recent URL: https://en-uk.ring.com/products/video-doorbell-pro-2-hardwired-chime
URLs checked: 11917 
Pages crawled: 3672 
Rejected: 5202 
Bloom filter conflicts: 2997 
(68.80% total skipped)
Most recent URL: https://time.com/collection/100-most-influential-people-2023/6269849/hakeem-jeffries/
URLs checked: 11919 
Pages crawled: 3673 
Rejected: 5202 
Bloom filter conflicts: 2998 
(68.80% total skipped)
Most recent URL: https://www.cnet.com/tech/services-and-software/amazons-prime-video-review-deep-river-of-content-but/
URLs checked: 11920 
Pages crawled: 3674 
Rejected: 5202 
Bloom filter conflicts: 2998 
(68.79% total skipped)
Most recent URL: https://www.loc.gov/collections/?fa=subject_topic:art+%26+architecture%7Csubject_topic:war+%26+military%7Cpartof:geospatial+applications%7Csubject_topic:religion+%26+philosophy
URLs checked: 11921 
Pages crawled: 3675 
Rejected: 5202 
Bloom filter conflicts: 2998 
(68.79% total skipped)
Most recent URL: https://www.npr.org/2023/11/26/1215233625/russia-says-it-downed-dozens-of-moscow-bound-ukrainian-drones-after-it-struck-ky
URLs checked: 11922 
Pages crawled: 3676 
Rejected: 5202 
Bloom filter conflicts: 2998 
(68.78% total skipped)
Most recent URL: https://mayoclinic.org/patient-centered-care
URLs checked: 11923 
Pages crawled: 3677 
Rejected: 5202 
Bloom filter conflicts: 2998 
(68.77% total skipped)
Most recent URL: https://www.digitalocean.com/products/marketplace/categories/analytics/
URLs checked: 11924 
Pages crawled: 3678 
Rejected: 5202 
Bloom filter conflicts: 2998 
(68.77% total skipped)
Most recent URL: https://badoo.com/dating/united-states/texas/page-2/
URLs checked: 11925 
Pages crawled: 3679 
Rejected: 5202 
Bloom filter conflicts: 2998 
(68.76% total skipped)
Most recent URL: https://www.sophos.com/en-us/products/managed-detection-and-response/incident-response-services
URLs checked: 11930 
Pages crawled: 3680 
Rejected: 5206 
Bloom filter conflicts: 2998 
(68.77% total skipped)
Most recent URL: https://ca.gov/agencysearch/
URLs checked: 11932 
Pages crawled: 3681 
Rejected: 5207 
Bloom filter conflicts: 2998 
(68.76% total skipped)
Most recent URL: https://www.gumgum.com/old-creative-gallery
URLs checked: 11937 
Pages crawled: 3682 
Rejected: 5211 
Bloom filter conflicts: 2998 
(68.77% total skipped)
Most recent URL: https://rackspace.com/about/cloud/bare-metal
URLs checked: 11942 
Pages crawled: 3683 
Rejected: 5215 
Bloom filter conflicts: 2998 
(68.77% total skipped)
Most recent URL: https://www.dnsmadeeasy.com/blog-category/press-release
URLs checked: 11945 
Pages crawled: 3684 
Rejected: 5217 
Bloom filter conflicts: 2998 
(68.77% total skipped)
Most recent URL: https://www.cnbc.com/select/what-are-etfs-should-you-invest/
URLs checked: 11958 
Pages crawled: 3685 
Rejected: 5222 
Bloom filter conflicts: 3005 
(68.80% total skipped)
Most recent URL: https://www.wix.com/encyclopedia/definition/angel-investors
URLs checked: 11960 
Pages crawled: 3686 
Rejected: 5222 
Bloom filter conflicts: 3006 
(68.80% total skipped)
Most recent URL: https://merriam-webster.com/thesaurus/relocations
URLs checked: 11961 
Pages crawled: 3687 
Rejected: 5222 
Bloom filter conflicts: 3006 
(68.79% total skipped)
Most recent URL: https://www.healthline.com/health/enteroscopy
URLs checked: 11966 
Pages crawled: 3688 
Rejected: 5224 
Bloom filter conflicts: 3008 
(68.79% total skipped)
Most recent URL: https://mailchimp.com/developer/marketing/api/file-manager/
URLs checked: 11968 
Pages crawled: 3689 
Rejected: 5224 
Bloom filter conflicts: 3009 
(68.79% total skipped)
Most recent URL: https://theverge.com/2023/8/11/23828874/inside-the-hunt-for-ai-chips-command-line
URLs checked: 11970 
Pages crawled: 3690 
Rejected: 5224 
Bloom filter conflicts: 3010 
(68.79% total skipped)
Most recent URL: https://fb.com/reg/
URLs checked: 11971 
Pages crawled: 3691 
Rejected: 5224 
Bloom filter conflicts: 3010 
(68.78% total skipped)
Most recent URL: https://docs.digitalocean.com/products/databases/postgresql/how-to/modify-user-privileges/
URLs checked: 11972 
Pages crawled: 3692 
Rejected: 5224 
Bloom filter conflicts: 3010 
(68.78% total skipped)
Most recent URL: https://www.google.com.br/intl/en/about.html
URLs checked: 11975 
Pages crawled: 3693 
Rejected: 5224 
Bloom filter conflicts: 3012 
(68.78% total skipped)
Most recent URL: https://time.com/charter/6277984/how-certain-types-of-jobs-accelerate-your-career/
URLs checked: 11976 
Pages crawled: 3694 
Rejected: 5224 
Bloom filter conflicts: 3012 
(68.77% total skipped)
Most recent URL: https://www.braze.com/docs/developer_guide/platform_integration_guides/android/news_feed/customization/read_and_unread/
URLs checked: 11981 
Pages crawled: 3695 
Rejected: 5228 
Bloom filter conflicts: 3012 
(68.78% total skipped)
Most recent URL: https://www.mayoclinic.org/diseases-conditions/allergies/symptoms-causes/syc-20351497
URLs checked: 11982 
Pages crawled: 3696 
Rejected: 5228 
Bloom filter conflicts: 3012 
(68.77% total skipped)
Most recent URL: https://www.wsj.com/lifestyle?mod=nav_top_section
URLs checked: 11983 
Pages crawled: 3697 
Rejected: 5228 
Bloom filter conflicts: 3012 
(68.76% total skipped)
Most recent URL: https://stackoverflow.com/questions/tagged/remoteapp
URLs checked: 11991 
Pages crawled: 3698 
Rejected: 5233 
Bloom filter conflicts: 3014 
(68.78% total skipped)
Most recent URL: https://www.t-mobile.com/brand/why-t-mobile?INTNAV=tNav%3AWhy%3AWhatMakesUsDifferent
URLs checked: 11993 
Pages crawled: 3699 
Rejected: 5233 
Bloom filter conflicts: 3015 
(68.77% total skipped)
Most recent URL: https://tradingview.com/symbols/NASDAQ-QCOM/financials-statistics-and-ratios/float-shares-outstanding/
URLs checked: 11994 
Pages crawled: 3700 
Rejected: 5233 
Bloom filter conflicts: 3015 
(68.77% total skipped)
Most recent URL: https://www.sophos.com/en-us/content/cyberinsurance
URLs checked: 12002 
Pages crawled: 3701 
Rejected: 5238 
Bloom filter conflicts: 3017 
(68.78% total skipped)
Most recent URL: https://google.com.br/websearch/answer/4540094?hl=en&ref_topic=3036132
URLs checked: 12006 
Pages crawled: 3702 
Rejected: 5240 
Bloom filter conflicts: 3018 
(68.78% total skipped)
Most recent URL: https://addtoany.com/buttons/customize/single_button_current_page
URLs checked: 12007 
Pages crawled: 3703 
Rejected: 5240 
Bloom filter conflicts: 3018 
(68.78% total skipped)
Most recent URL: https://support.dnsmadeeasy.com/support/solutions/articles/47001001429-soa-start-of-authority-record
URLs checked: 12010 
Pages crawled: 3704 
Rejected: 5240 
Bloom filter conflicts: 3020 
(68.78% total skipped)
Most recent URL: https://university.gumgum.com/enroll/2089546?et=free
URLs checked: 12020 
Pages crawled: 3705 
Rejected: 5248 
Bloom filter conflicts: 3021 
(68.79% total skipped)
Most recent URL: https://www.t-mobile.com/tablet/samsung-galaxy-tab-a7-lite?sku=610214669919&icid=MGPO_TMO_U_23SGA7TBUS_3LSV7NPPJY0NX4VO35080
URLs checked: 12024 
Pages crawled: 3706 
Rejected: 5251 
Bloom filter conflicts: 3021 
(68.80% total skipped)
Most recent URL: https://rackspace.com/about/cloud/rackconnect-global
URLs checked: 12026 
Pages crawled: 3707 
Rejected: 5252 
Bloom filter conflicts: 3021 
(68.79% total skipped)
Most recent URL: https://google.com.br/websearch/answer/7315336?hl=en&ref_topic=3036132
URLs checked: 12033 
Pages crawled: 3708 
Rejected: 5257 
Bloom filter conflicts: 3022 
(68.80% total skipped)
Most recent URL: https://stackoverflow.com/users/signup?ssrc=site_switcher&returnurl=https%3a%2f%2fstackoverflow.com%2fquestions%2ftagged%2fcloudant
URLs checked: 12036 
Pages crawled: 3709 
Rejected: 5259 
Bloom filter conflicts: 3022 
(68.80% total skipped)
Most recent URL: https://getpocket.com/explore/career
URLs checked: 12039 
Pages crawled: 3710 
Rejected: 5260 
Bloom filter conflicts: 3023 
(68.80% total skipped)
Most recent URL: https://google.com.br/websearch/answer/12395529?hl=en&ref_topic=3036132
URLs checked: 12040 
Pages crawled: 3711 
Rejected: 5260 
Bloom filter conflicts: 3023 
(68.80% total skipped)
Most recent URL: https://support.dnsmadeeasy.com/support/solutions/articles/47001169950-logging-in-using-an-emergency-key
URLs checked: 12045 
Pages crawled: 3712 
Rejected: 5260 
Bloom filter conflicts: 3027 
(68.80% total skipped)
Most recent URL: https://www.npr.org/transcripts/1140732088
URLs checked: 12046 
Pages crawled: 3713 
Rejected: 5260 
Bloom filter conflicts: 3027 
(68.79% total skipped)
Most recent URL: https://theverge.com/authors/georgina-torbet
URLs checked: 12048 
Pages crawled: 3714 
Rejected: 5260 
Bloom filter conflicts: 3028 
(68.79% total skipped)
Most recent URL: https://time.com/collection/live-well/5525656/cancer-diagnosis-what-to-do/
URLs checked: 12049 
Pages crawled: 3715 
Rejected: 5260 
Bloom filter conflicts: 3028 
(68.79% total skipped)
Most recent URL: https://ring.com/products/2-pack-stick-up-security-camera-plug-in-certified-refurbished
URLs checked: 12051 
Pages crawled: 3716 
Rejected: 5260 
Bloom filter conflicts: 3029 
(68.78% total skipped)
Most recent URL: https://gnu.org/proprietary/malware-cars.html
URLs checked: 12052 
Pages crawled: 3717 
Rejected: 5260 
Bloom filter conflicts: 3029 
(68.78% total skipped)
Most recent URL: https://www.tradingview.com/chart/MVIS/ZHme9GVa-MVIS-Correction-still-in-progress/
URLs checked: 12054 
Pages crawled: 3718 
Rejected: 5261 
Bloom filter conflicts: 3029 
(68.77% total skipped)
Most recent URL: https://www.cnet.com/tech/computing/best-laptop
URLs checked: 12055 
Pages crawled: 3719 
Rejected: 5261 
Bloom filter conflicts: 3029 
(68.77% total skipped)
Most recent URL: https://badoo.com/en-us/dating/united-kingdom/north-west-england/kendal/
URLs checked: 12056 
Pages crawled: 3720 
Rejected: 5261 
Bloom filter conflicts: 3029 
(68.76% total skipped)
Most recent URL: https://www.nature.com/nature/browse-issues
URLs checked: 12058 
Pages crawled: 3721 
Rejected: 5262 
Bloom filter conflicts: 3029 
(68.76% total skipped)
Most recent URL: https://mailchimp.com/developer/marketing/api/email-activity-reports/
URLs checked: 12063 
Pages crawled: 3722 
Rejected: 5265 
Bloom filter conflicts: 3030 
(68.76% total skipped)
Most recent URL: https://hipages.com.au/article/how_to_install_a_shade_sail_easy_to_follow_guide
URLs checked: 12064 
Pages crawled: 3723 
Rejected: 5265 
Bloom filter conflicts: 3030 
(68.76% total skipped)
Most recent URL: https://gumgum.com/guides/mindset-matters-ipg-magna-media-trials
URLs checked: 12066 
Pages crawled: 3724 
Rejected: 5266 
Bloom filter conflicts: 3030 
(68.76% total skipped)
Most recent URL: https://merriam-webster.com/thesaurus/laid eyes on
URLs checked: 12067 
Pages crawled: 3725 
Rejected: 5266 
Bloom filter conflicts: 3030 
(68.75% total skipped)
Most recent URL: https://www.cambridge.org/what-we-do
URLs checked: 12068 
Pages crawled: 3726 
Rejected: 5266 
Bloom filter conflicts: 3030 
(68.74% total skipped)
Most recent URL: https://addtoany.com/buttons/customize/wordpress/host_cache
URLs checked: 12070 
Pages crawled: 3727 
Rejected: 5266 
Bloom filter conflicts: 3031 
(68.74% total skipped)
Most recent URL: https://digitalocean.com/company/contact/sales?referrer=footer
URLs checked: 12071 
Pages crawled: 3728 
Rejected: 5266 
Bloom filter conflicts: 3031 
(68.73% total skipped)
Most recent URL: https://care.healthline.com/find-care/provider/dr-marco-castro-1245209766
URLs checked: 12073 
Pages crawled: 3729 
Rejected: 5266 
Bloom filter conflicts: 3032 
(68.73% total skipped)
Most recent URL: https://www.braze.com/docs/partners/data_and_infrastructure_agility/analytics/
URLs checked: 12086 
Pages crawled: 3730 
Rejected: 5278 
Bloom filter conflicts: 3032 
(68.76% total skipped)
Most recent URL: https://www.mayoclinic.org/diseases-conditions/takayasus-arteritis/symptoms-causes/syc-20351335
URLs checked: 12087 
Pages crawled: 3731 
Rejected: 5278 
Bloom filter conflicts: 3032 
(68.75% total skipped)
Most recent URL: https://www.sophos.com/en-us/products/sophos-central
URLs checked: 12089 
Pages crawled: 3732 
Rejected: 5279 
Bloom filter conflicts: 3032 
(68.75% total skipped)
Most recent URL: https://docs.newrelic.com/docs/infrastructure/microsoft-azure-integrations/azure-integrations-list/azure-data-lake-storage-monitoring-integration/
URLs checked: 12090 
Pages crawled: 3733 
Rejected: 5279 
Bloom filter conflicts: 3032 
(68.74% total skipped)
Most recent URL: https://www.wsj.com/news/life-arts/fashion?mod=nav_top_subsection
URLs checked: 12093 
Pages crawled: 3734 
Rejected: 5281 
Bloom filter conflicts: 3032 
(68.74% total skipped)
Most recent URL: https://www.cnbc.com/select/best-tax-software/
URLs checked: 12094 
Pages crawled: 3735 
Rejected: 5281 
Bloom filter conflicts: 3032 
(68.74% total skipped)
Most recent URL: https://www.t-mobile.com/cell-phone/apple-iphone-13-pro
URLs checked: 12095 
Pages crawled: 3736 
Rejected: 5281 
Bloom filter conflicts: 3032 
(68.73% total skipped)
Most recent URL: https://datatracker.ietf.org/doc/in-last-call
URLs checked: 12096 
Pages crawled: 3737 
Rejected: 5281 
Bloom filter conflicts: 3032 
(68.73% total skipped)
Most recent URL: https://stackoverflow.com/questions/77497133/how-can-i-optimize-an-electron-js-application-size
URLs checked: 12097 
Pages crawled: 3738 
Rejected: 5281 
Bloom filter conflicts: 3032 
(68.72% total skipped)
Most recent URL: https://www.loc.gov/collections/national-screening-room/
URLs checked: 12098 
Pages crawled: 3739 
Rejected: 5281 
Bloom filter conflicts: 3032 
(68.71% total skipped)
Most recent URL: https://rackspace.com/information/legal/contact
URLs checked: 12104 
Pages crawled: 3740 
Rejected: 5285 
Bloom filter conflicts: 3033 
(68.72% total skipped)
Most recent URL: https://support.dnsmadeeasy.com/support/solutions/articles/47001000411-troubleshooting-failover
URLs checked: 12110 
Pages crawled: 3741 
Rejected: 5287 
Bloom filter conflicts: 3036 
(68.73% total skipped)
Most recent URL: https://www.addtoany.com/buttons/customize/drupal/page_url_title
URLs checked: 12111 
Pages crawled: 3742 
Rejected: 5287 
Bloom filter conflicts: 3036 
(68.72% total skipped)
Most recent URL: https://verkada.com/webinars/insight-01-09-2024/?date=2024-01-09&idx=0
URLs checked: 12112 
Pages crawled: 3743 
Rejected: 5287 
Bloom filter conflicts: 3036 
(68.72% total skipped)
Most recent URL: https://time.com/collection/100-most-influential-people-2023/6269859/mitch-mcconnell-2023/
URLs checked: 12115 
Pages crawled: 3744 
Rejected: 5287 
Bloom filter conflicts: 3038 
(68.72% total skipped)
Most recent URL: https://www.edd.ca.gov/en/jobs_and_training/WOTC_Forms_and_Publications/
URLs checked: 12116 
Pages crawled: 3745 
Rejected: 5287 
Bloom filter conflicts: 3038 
(68.71% total skipped)
Most recent URL: https://www.wix.com/encyclopedia/definition/mergers-and-acquisitions
URLs checked: 12121 
Pages crawled: 3746 
Rejected: 5291 
Bloom filter conflicts: 3038 
(68.72% total skipped)
Most recent URL: https://theverge.com/2022/3/22/22989182/nvidia-ai-hopper-architecture-h100-gpu-eos-supercomputer
URLs checked: 12124 
Pages crawled: 3747 
Rejected: 5291 
Bloom filter conflicts: 3040 
(68.71% total skipped)
Most recent URL: https://getpocket.com/explore/sports
URLs checked: 12137 
Pages crawled: 3748 
Rejected: 5297 
Bloom filter conflicts: 3046 
(68.74% total skipped)
Most recent URL: https://docs.newrelic.com/docs/infrastructure/microsoft-azure-integrations/azure-integrations-list/azure-device-provisioning-service-integration/
URLs checked: 12138 
Pages crawled: 3749 
Rejected: 5297 
Bloom filter conflicts: 3046 
(68.73% total skipped)
Most recent URL: https://www.mayoclinic.org/diseases-conditions/high-blood-pressure/in-depth/diuretics/art-20048129
URLs checked: 12155 
Pages crawled: 3750 
Rejected: 5311 
Bloom filter conflicts: 3048 
(68.77% total skipped)
Most recent URL: https://rackspace.com/about/data/managed-nosql
URLs checked: 12156 
Pages crawled: 3751 
Rejected: 5311 
Bloom filter conflicts: 3048 
(68.76% total skipped)
Most recent URL: https://gumgum.com/benefits-careers/family-forming-concierge-support
URLs checked: 12157 
Pages crawled: 3752 
Rejected: 5311 
Bloom filter conflicts: 3048 
(68.76% total skipped)
Most recent URL: https://addtoany.com/services/sina_weibo_button
URLs checked: 12158 
Pages crawled: 3753 
Rejected: 5311 
Bloom filter conflicts: 3048 
(68.75% total skipped)
Most recent URL: https://store.steampowered.com/newshub/?snr=1_stats_7001__12
URLs checked: 12159 
Pages crawled: 3754 
Rejected: 5311 
Bloom filter conflicts: 3048 
(68.75% total skipped)
Most recent URL: https://support.dnsmadeeasy.com/support/solutions/articles/47001001376
URLs checked: 12161 
Pages crawled: 3755 
Rejected: 5311 
Bloom filter conflicts: 3049 
(68.74% total skipped)
Most recent URL: https://www.t-mobile.com/benefits/travel/in-flight-wifi?icid=MGPO_TMO_P_BRNDBNFITS_342BOBTUDB87MJ5S29131
URLs checked: 12163 
Pages crawled: 3756 
Rejected: 5311 
Bloom filter conflicts: 3050 
(68.74% total skipped)
Most recent URL: https://stackoverflow.com/questions/77556225/how-to-apply-hald-3d-lut-image-filter-in-ios-swift
URLs checked: 12164 
Pages crawled: 3757 
Rejected: 5311 
Bloom filter conflicts: 3050 
(68.74% total skipped)
Most recent URL: https://www.healthline.com/health/heart-disease/prevention
URLs checked: 12165 
Pages crawled: 3758 
Rejected: 5311 
Bloom filter conflicts: 3050 
(68.73% total skipped)
Most recent URL: https://datatracker.ietf.org/rag/
URLs checked: 12169 
Pages crawled: 3759 
Rejected: 5314 
Bloom filter conflicts: 3050 
(68.73% total skipped)
Most recent URL: https://npr.org/programs/weekend-edition-sunday/
URLs checked: 12172 
Pages crawled: 3760 
Rejected: 5315 
Bloom filter conflicts: 3051 
(68.73% total skipped)
Most recent URL: https://www.wix.com/blog/best-404-page-design
URLs checked: 12173 
Pages crawled: 3761 
Rejected: 5315 
Bloom filter conflicts: 3051 
(68.73% total skipped)
Most recent URL: https://onetrust.com/content/onetrust/us/en/products/ott-and-ctv-consent/
URLs checked: 12174 
Pages crawled: 3762 
Rejected: 5315 
Bloom filter conflicts: 3051 
(68.72% total skipped)
Most recent URL: https://cnet.com/home/energy-and-utilities/best-solar-inverters/
URLs checked: 12175 
Pages crawled: 3763 
Rejected: 5315 
Bloom filter conflicts: 3051 
(68.71% total skipped)
Most recent URL: https://ring.com/products/panic-button
URLs checked: 12176 
Pages crawled: 3764 
Rejected: 5315 
Bloom filter conflicts: 3051 
(68.71% total skipped)
Most recent URL: https://us1.admin.mailchimp.com/account/billing/plans/
URLs checked: 12178 
Pages crawled: 3765 
Rejected: 5316 
Bloom filter conflicts: 3051 
(68.71% total skipped)
Most recent URL: https://hipages.com.au/find/window_repairs/sa/stirling
URLs checked: 12179 
Pages crawled: 3766 
Rejected: 5316 
Bloom filter conflicts: 3051 
(68.70% total skipped)
Most recent URL: https://getpocket.com/explore/item/when-pablo-picasso-was-suspected-of-stealing-the-em-mona-lisa-em
URLs checked: 12182 
Pages crawled: 3767 
Rejected: 5316 
Bloom filter conflicts: 3053 
(68.70% total skipped)
Most recent URL: https://gnu.org/server/select-language.html?goto=/graphics/gnu-ascii.html;language=pl
URLs checked: 12184 
Pages crawled: 3768 
Rejected: 5316 
Bloom filter conflicts: 3054 
(68.70% total skipped)
Most recent URL: https://theverge.com/22629459/galaxy-watch-4-classic-review-bixby-google-wearos
URLs checked: 12185 
Pages crawled: 3769 
Rejected: 5316 
Bloom filter conflicts: 3054 
(68.69% total skipped)
Most recent URL: https://www.google.com.br/support/websearch?p=ws_cookies_notif&hl=en
URLs checked: 12187 
Pages crawled: 3770 
Rejected: 5316 
Bloom filter conflicts: 3055 
(68.69% total skipped)
Most recent URL: https://eset.com/int/business/partner/find/nepal/
URLs checked: 12188 
Pages crawled: 3771 
Rejected: 5316 
Bloom filter conflicts: 3055 
(68.68% total skipped)
Most recent URL: https://merriam-webster.com/video/how-the-months-got-their-names
URLs checked: 12189 
Pages crawled: 3772 
Rejected: 5316 
Bloom filter conflicts: 3055 
(68.68% total skipped)
Most recent URL: https://www.edd.ca.gov/en/payroll_taxes/independent_contractor_reporting/
URLs checked: 12191 
Pages crawled: 3773 
Rejected: 5316 
Bloom filter conflicts: 3056 
(68.67% total skipped)
Most recent URL: https://tradingview.com/u/Jonalius/
URLs checked: 12192 
Pages crawled: 3774 
Rejected: 5316 
Bloom filter conflicts: 3056 
(68.67% total skipped)
Most recent URL: https://www.digitalocean.com/solutions/cicd-pipelines
URLs checked: 12193 
Pages crawled: 3775 
Rejected: 5316 
Bloom filter conflicts: 3056 
(68.66% total skipped)
Most recent URL: https://badoo.com/en-us/dating/united-kingdom/east-of-england/
URLs checked: 12194 
Pages crawled: 3776 
Rejected: 5316 
Bloom filter conflicts: 3056 
(68.66% total skipped)
Most recent URL: https://www.mayoclinic.org/patient-visitor-guide/billing-insurance/financial-assistance/minnesota-documents
URLs checked: 12195 
Pages crawled: 3777 
Rejected: 5316 
Bloom filter conflicts: 3056 
(68.65% total skipped)
Most recent URL: https://www.wsj.com/policy/data-policy
URLs checked: 12199 
Pages crawled: 3778 
Rejected: 5319 
Bloom filter conflicts: 3056 
(68.65% total skipped)
Most recent URL: https://www.rackspace.com/information/legal/privacystatement/data/snowflake-data
URLs checked: 12200 
Pages crawled: 3779 
Rejected: 5319 
Bloom filter conflicts: 3056 
(68.65% total skipped)
Most recent URL: https://store.steampowered.com/steam_refunds/?snr=1_2108_4__global-responsive-menu
URLs checked: 12207 
Pages crawled: 3780 
Rejected: 5321 
Bloom filter conflicts: 3060 
(68.66% total skipped)
Most recent URL: https://getpocket.com/saves/favorites
URLs checked: 12209 
Pages crawled: 3781 
Rejected: 5322 
Bloom filter conflicts: 3060 
(68.65% total skipped)
Most recent URL: https://support.dnsmadeeasy.com/support/solutions/articles/47001001324-allow-zone-transfers-from-managed-dns-with-an-acl
URLs checked: 12210 
Pages crawled: 3782 
Rejected: 5322 
Bloom filter conflicts: 3060 
(68.65% total skipped)
Most recent URL: https://stackoverflow.com/users/19947267/gramschidmt
URLs checked: 12211 
Pages crawled: 3783 
Rejected: 5322 
Bloom filter conflicts: 3060 
(68.64% total skipped)
Most recent URL: https://www.healthline.com/content-series/decolonizing-alternative-medicine
URLs checked: 12217 
Pages crawled: 3784 
Rejected: 5326 
Bloom filter conflicts: 3061 
(68.65% total skipped)
Most recent URL: https://addtoany.com/services/buffer_button
URLs checked: 12220 
Pages crawled: 3785 
Rejected: 5326 
Bloom filter conflicts: 3063 
(68.65% total skipped)
Most recent URL: https://time.com/6050742/tulsa-massacre-victims-dig/
URLs checked: 12221 
Pages crawled: 3786 
Rejected: 5326 
Bloom filter conflicts: 3063 
(68.64% total skipped)
Most recent URL: https://google.com.br/technologies/location-data?hl=en&fg=1
URLs checked: 12227 
Pages crawled: 3787 
Rejected: 5330 
Bloom filter conflicts: 3064 
(68.65% total skipped)
Most recent URL: https://ring.com/products/pathlight-stakes
URLs checked: 12229 
Pages crawled: 3788 
Rejected: 5331 
Bloom filter conflicts: 3064 
(68.65% total skipped)
Most recent URL: https://fb.com/ad_campaign/help/637205020878504
URLs checked: 12235 
Pages crawled: 3789 
Rejected: 5334 
Bloom filter conflicts: 3066 
(68.66% total skipped)
Most recent URL: https://support.dnsmadeeasy.com/support/solutions/articles/47001229232-digicert-dns-nameserver-transition
URLs checked: 12236 
Pages crawled: 3790 
Rejected: 5334 
Bloom filter conflicts: 3066 
(68.65% total skipped)
Most recent URL: https://theverge.com/2023/11/22/23972384/eminem-fortnite-og-chapter-4-finale?showComments=1
URLs checked: 12240 
Pages crawled: 3791 
Rejected: 5334 
Bloom filter conflicts: 3069 
(68.65% total skipped)
Most recent URL: https://nature.com/subjects/medical-humanities
URLs checked: 12241 
Pages crawled: 3792 
Rejected: 5334 
Bloom filter conflicts: 3069 
(68.65% total skipped)
Most recent URL: https://us1.admin.mailchimp.com/login/forgot-username/
URLs checked: 12243 
Pages crawled: 3793 
Rejected: 5335 
Bloom filter conflicts: 3069 
(68.64% total skipped)
Most recent URL: https://www.gumgum.com/ingame-frameplay
URLs checked: 12244 
Pages crawled: 3794 
Rejected: 5335 
Bloom filter conflicts: 3069 
(68.64% total skipped)
Most recent URL: https://www.wsj.com/personal-finance/savings?mod=nav_top_subsection
URLs checked: 12249 
Pages crawled: 3795 
Rejected: 5339 
Bloom filter conflicts: 3069 
(68.64% total skipped)
Most recent URL: https://store.steampowered.com/explore/?l=polish&redir=explore%2F%3Fl%3Dschinese%26redir%3Dexplore%252F%253Fsnr%253D1_subscriberagreement_RefundPolicy__global-responsive-menu%26redir_ssl%3D1%26snr%3D1_subscriberagreement_RefundPolicy__global-responsive-menu&redir_ssl=1&snr=1_subscriberagreement_RefundPolicy__global-responsive-menu
URLs checked: 12250 
Pages crawled: 3796 
Rejected: 5339 
Bloom filter conflicts: 3069 
(68.64% total skipped)
Most recent URL: https://rackspace.com/about/industry/automotive-transportation
URLs checked: 12251 
Pages crawled: 3797 
Rejected: 5339 
Bloom filter conflicts: 3069 
(68.63% total skipped)
Most recent URL: https://www.google.com.br/websearch/answer/14177408?hl=en&ref_topic=3036132
URLs checked: 12264 
Pages crawled: 3798 
Rejected: 5346 
Bloom filter conflicts: 3074 
(68.66% total skipped)
Most recent URL: https://getpocket.com/explore/item/how-to-hack-the-frozen-dumplings-in-your-freezer
URLs checked: 12270 
Pages crawled: 3799 
Rejected: 5347 
Bloom filter conflicts: 3078 
(68.66% total skipped)
Most recent URL: https://merriam-webster.com/games/sat-words?q=3798&a=14104
URLs checked: 12271 
Pages crawled: 3800 
Rejected: 5347 
Bloom filter conflicts: 3078 
(68.66% total skipped)
Most recent URL: https://ietf.org/about/groups/iesg/statements/?topic=20
URLs checked: 12273 
Pages crawled: 3802 
Rejected: 5347 
Bloom filter conflicts: 3078 
(68.65% total skipped)
Most recent URL: https://www.wix.com/learn/webinars/seo/how-to-optimize-your-site-for-core-web-vitals
URLs checked: 12275 
Pages crawled: 3803 
Rejected: 5347 
Bloom filter conflicts: 3079 
(68.64% total skipped)
Most recent URL: https://cnet.com/home/security/ring-video-doorbell-pro-2-review-do-you-really-need-radar-at-your-door/
URLs checked: 12276 
Pages crawled: 3804 
Rejected: 5347 
Bloom filter conflicts: 3079 
(68.64% total skipped)
Most recent URL: https://time.com/author/jeffrey-kluger/
URLs checked: 12278 
Pages crawled: 3805 
Rejected: 5348 
Bloom filter conflicts: 3079 
(68.63% total skipped)
Most recent URL: https://addtoany.com/buttons/customize/wordpress/menu_icon_color
URLs checked: 12279 
Pages crawled: 3806 
Rejected: 5348 
Bloom filter conflicts: 3079 
(68.63% total skipped)
Most recent URL: https://www.onetrust.com/resources/3-esg-reporting-frameworks-you-need-to-know-infographic/
URLs checked: 12286 
Pages crawled: 3807 
Rejected: 5354 
Bloom filter conflicts: 3079 
(68.64% total skipped)
Most recent URL: https://www.healthline.com/nutrition/common-food-intolerances?utm_source=ReadNext
URLs checked: 12288 
Pages crawled: 3808 
Rejected: 5354 
Bloom filter conflicts: 3080 
(68.64% total skipped)
Most recent URL: https://tradingview.com/symbols/LSE-0A43/
URLs checked: 12289 
Pages crawled: 3809 
Rejected: 5354 
Bloom filter conflicts: 3080 
(68.63% total skipped)
Most recent URL: https://blog.digitalocean.com/company/contact/sales?referrer=mainmenu/solutions
URLs checked: 12290 
Pages crawled: 3810 
Rejected: 5354 
Bloom filter conflicts: 3080 
(68.62% total skipped)
Most recent URL: https://www.mayoclinic.org/diseases-conditions/frozen-shoulder/symptoms-causes/syc-20372684
URLs checked: 12291 
Pages crawled: 3811 
Rejected: 5354 
Bloom filter conflicts: 3080 
(68.62% total skipped)
Most recent URL: https://support.dnsmadeeasy.com/support/solutions/articles/47001000817-what-is-secondary-dns
URLs checked: 12292 
Pages crawled: 3812 
Rejected: 5354 
Bloom filter conflicts: 3080 
(68.61% total skipped)
Most recent URL: https://stackoverflow.com/q/72438529
URLs checked: 12293 
Pages crawled: 3813 
Rejected: 5354 
Bloom filter conflicts: 3080 
(68.61% total skipped)
Most recent URL: https://badoo.com/en-us/dating/united-states/utah/magna/
URLs checked: 12294 
Pages crawled: 3814 
Rejected: 5354 
Bloom filter conflicts: 3080 
(68.60% total skipped)
Most recent URL: https://mailchimp.com/developer/marketing/guides/mobile-sdk/
URLs checked: 12297 
Pages crawled: 3815 
Rejected: 5356 
Bloom filter conflicts: 3080 
(68.60% total skipped)
Most recent URL: https://hipages.com.au/find/cleaning_services/qld/browns_plains
URLs checked: 12298 
Pages crawled: 3816 
Rejected: 5356 
Bloom filter conflicts: 3080 
(68.60% total skipped)
Most recent URL: https://www.npr.org/people/348770153/krishnadev-calamur
URLs checked: 12301 
Pages crawled: 3817 
Rejected: 5358 
Bloom filter conflicts: 3080 
(68.60% total skipped)
Most recent URL: https://ring.com/cart
URLs checked: 12306 
Pages crawled: 3818 
Rejected: 5362 
Bloom filter conflicts: 3080 
(68.60% total skipped)
Most recent URL: https://theverge.com/2023/11/20/23968986/extreme-heat-turns-rio-into-hell-de-janeiro
URLs checked: 12313 
Pages crawled: 3819 
Rejected: 5362 
Bloom filter conflicts: 3086 
(68.61% total skipped)
Most recent URL: https://www.cnbc.com/video/2023/11/17/spread-of-antisemitism-online-osama-bin-laden-letter-goes-viral-on-tiktok.html
URLs checked: 12314 
Pages crawled: 3820 
Rejected: 5362 
Bloom filter conflicts: 3086 
(68.60% total skipped)
Most recent URL: https://google.com.br/websearch/answer/14184960?hl=en&ref_topic=13544225
URLs checked: 12317 
Pages crawled: 3821 
Rejected: 5363 
Bloom filter conflicts: 3087 
(68.60% total skipped)
Most recent URL: https://getpocket.com/
URLs checked: 12321 
Pages crawled: 3822 
Rejected: 5364 
Bloom filter conflicts: 3089 
(68.61% total skipped)
Most recent URL: https://www.addtoany.com/buttons/customize/drupal/twitter_message
URLs checked: 12322 
Pages crawled: 3823 
Rejected: 5364 
Bloom filter conflicts: 3089 
(68.60% total skipped)
Most recent URL: https://datatracker.ietf.org/wg/cbor/about/
URLs checked: 12323 
Pages crawled: 3824 
Rejected: 5364 
Bloom filter conflicts: 3089 
(68.60% total skipped)
Most recent URL: https://catalog.loc.gov/vwebv/ui/en_US/htdocs/help/index.html
URLs checked: 12324 
Pages crawled: 3825 
Rejected: 5364 
Bloom filter conflicts: 3089 
(68.59% total skipped)
Most recent URL: https://www.wsj.com/news/markets?mod=nav_top_section
URLs checked: 12334 
Pages crawled: 3826 
Rejected: 5373 
Bloom filter conflicts: 3089 
(68.61% total skipped)
Most recent URL: https://support.dnsmadeeasy.com/support/solutions/articles/47001001102-view-assigned-name-servers
URLs checked: 12335 
Pages crawled: 3827 
Rejected: 5373 
Bloom filter conflicts: 3089 
(68.60% total skipped)
Most recent URL: https://store.steampowered.com/newshub/app/1929610?snr=1_5_9__408
URLs checked: 12336 
Pages crawled: 3828 
Rejected: 5373 
Bloom filter conflicts: 3089 
(68.60% total skipped)
Most recent URL: https://www.cnet.com/deals/bag-a-discounted-samsungs-galaxy-watch-6-free-smarttag-2-item-tracker-on-black-friday/
URLs checked: 12337 
Pages crawled: 3829 
Rejected: 5373 
Bloom filter conflicts: 3089 
(68.59% total skipped)
Most recent URL: https://gnu.org/software/gnue/
URLs checked: 12339 
Pages crawled: 3830 
Rejected: 5374 
Bloom filter conflicts: 3089 
(68.59% total skipped)
Most recent URL: https://docs.digitalocean.com/products/billing/taxes/che/
URLs checked: 12340 
Pages crawled: 3831 
Rejected: 5374 
Bloom filter conflicts: 3089 
(68.58% total skipped)
Most recent URL: https://time.com/6301910/time-launches-inaugural-time-impact-house-in-marthas-vineyard/
URLs checked: 12341 
Pages crawled: 3832 
Rejected: 5374 
Bloom filter conflicts: 3089 
(68.58% total skipped)
Most recent URL: https://stackoverflow.com/users/10891894/aqurds
URLs checked: 12342 
Pages crawled: 3833 
Rejected: 5374 
Bloom filter conflicts: 3089 
(68.57% total skipped)
Most recent URL: https://www.google.com.br/websearch/troubleshooter/3111061?hl=en&ref_topic=3285072
URLs checked: 12344 
Pages crawled: 3834 
Rejected: 5375 
Bloom filter conflicts: 3089 
(68.57% total skipped)
Most recent URL: https://gumgum.com/benefits-careers/long-term-disability
URLs checked: 12367 
Pages crawled: 3835 
Rejected: 5384 
Bloom filter conflicts: 3102 
(68.62% total skipped)
Most recent URL: https://www.addtoany.com/buttons/customize/drupal/asynchronous_loading
URLs checked: 12371 
Pages crawled: 3836 
Rejected: 5386 
Bloom filter conflicts: 3103 
(68.62% total skipped)
Most recent URL: https://theverge.com/2023/11/16/23964163/amazons-project-kuiper-test-is-going-well-so-far
URLs checked: 12373 
Pages crawled: 3837 
Rejected: 5387 
Bloom filter conflicts: 3103 
(68.62% total skipped)
Most recent URL: https://gumgum.com/benefits-careers/pension-plan
URLs checked: 12375 
Pages crawled: 3838 
Rejected: 5388 
Bloom filter conflicts: 3103 
(68.61% total skipped)
Most recent URL: https://www.wix.com/encyclopedia/definition/marketing
URLs checked: 12376 
Pages crawled: 3839 
Rejected: 5388 
Bloom filter conflicts: 3103 
(68.61% total skipped)
Most recent URL: https://verkada.com/access-control/locks/
URLs checked: 12377 
Pages crawled: 3840 
Rejected: 5388 
Bloom filter conflicts: 3103 
(68.60% total skipped)
Most recent URL: https://www.gnu.org/education/education.html
URLs checked: 12378 
Pages crawled: 3841 
Rejected: 5388 
Bloom filter conflicts: 3103 
(68.60% total skipped)
Most recent URL: https://eset.com/int/business/services/contact/?page=premium-support-advanced
URLs checked: 12379 
Pages crawled: 3842 
Rejected: 5388 
Bloom filter conflicts: 3103 ¨­    ¨­    <SÀ    >QÀ    (RÀ    ¨SÀ    ZBÄ    ´OÄ    ¤]Ä    üSÀ    ÒSÀ    &TÀ    |	Æ    "Æ    MÀ    r}Á    ŠÆ    Æ¨­    tNÀ    ÞMÀ    rMÀ    2©­    r¨­    n
(68.59% total skipped)
Most recent URL: https://mailchimp.com/newsroom/announcing-email-content-generator/?ref=newsroom
URLs checked: 12385 
Pages crawled: 3843 
Rejected: 5390 
Bloom filter conflicts: 3106 
(68.60% total skipped)
Most recent URL: https://tradingview.com/symbols/NASDAQ-BIDU/
URLs checked: 12386 
Pages crawled: 3844 
Rejected: 5390 
Bloom filter conflicts: 3106 
(68.59% total skipped)
Most recent URL: https://time.com/collection/100-most-influential-people-2023/6269855/margrethe-vestager-2023/
URLs checked: 12387 
Pages crawled: 3845 
Rejected: 5390 
Bloom filter conflicts: 3106 
(68.59% total skipped)
Most recent URL: https://docs.digitalocean.com/products/app-platform/how-to/view-insights/
URLs checked: 12388 
Pages crawled: 3846 
Rejected: 5390 
Bloom filter conflicts: 3106 
(68.58% total skipped)
Most recent URL: https://www.cnbc.com/2023/11/27/irobot-irbt-drops-18percent-after-eu-warns-amazon-deal-may-hurt-competition.html
URLs checked: 12389 
Pages crawled: 3847 
Rejected: 5390 
Bloom filter conflicts: 3106 
(68.58% total skipped)
Most recent URL: https://merriam-webster.com/thesaurus/espoused
URLs checked: 12391 
Pages crawled: 3848 
Rejected: 5390 
Bloom filter conflicts: 3107 
(68.57% total skipped)
Most recent URL: https://www.npr.org/series/1135809660/the-best-music-of-2022-npr-staff-picks
URLs checked: 12392 
Pages crawled: 3849 
Rejected: 5390 
Bloom filter conflicts: 3107 
(68.57% total skipped)
Most recent URL: https://ring.com/collections/security-cams
URLs checked: 12393 
Pages crawled: 3850 
Rejected: 5390 
Bloom filter conflicts: 3107 
(68.56% total skipped)
Most recent URL: https://hipages.com.au/find/roof_repairs/sa/gawler_east
URLs checked: 12395 
Pages crawled: 3851 
Rejected: 5390 
Bloom filter conflicts: 3108 
(68.56% total skipped)
Most recent URL: https://rackspace.com/about/why-rackspace-technology
URLs checked: 12396 
Pages crawled: 3852 
Rejected: 5390 
Bloom filter conflicts: 3108 
(68.55% total skipped)
Most recent URL: https://getpocket.com/saves/highlights
URLs checked: 12402 
Pages crawled: 3853 
Rejected: 5393 
Bloom filter conflicts: 3110 
(68.56% total skipped)
Most recent URL: https://stackoverflow.com/questions/tagged/cryptoapi+certificate
URLs checked: 12403 
Pages crawled: 3854 
Rejected: 5393 
Bloom filter conflicts: 3110 
(68.56% total skipped)
Most recent URL: https://www.cnet.com/tech/services-and-software/expressvpn-review-pricey-but-speedy-and-great-for-streaming/
URLs checked: 12404 
Pages crawled: 3855 
Rejected: 5393 
Bloom filter conflicts: 3110 
(68.55% total skipped)
Most recent URL: https://www.wsj.com/
URLs checked: 12405 
Pages crawled: 3856 
Rejected: 5393 
Bloom filter conflicts: 3110 
(68.54% total skipped)
Most recent URL: https://www.braze.com/docs/user_guide/message_building_by_channel/push/push_reporting/
URLs checked: 12409 
Pages crawled: 3857 
Rejected: 5396 
Bloom filter conflicts: 3110 
(68.55% total skipped)
Most recent URL: https://www.dnsmadeeasy.com/job/head-of-strategic-finance-analytics
URLs checked: 12410 
Pages crawled: 3858 
Rejected: 5396 
Bloom filter conflicts: 3110 
(68.54% total skipped)
Most recent URL: https://www.t-mobile.com/home-internet/eligibility?INTNAV=tNav:CheckAvailability
URLs checked: 12413 
Pages crawled: 3859 
Rejected: 5398 
Bloom filter conflicts: 3110 
(68.54% total skipped)
Most recent URL: https://www.mayoclinic.org/diseases-conditions/broken-collarbone/diagnosis-treatment/drc-20370316
URLs checked: 12421 
Pages crawled: 3860 
Rejected: 5402 
Bloom filter conflicts: 3113 
(68.55% total skipped)
Most recent URL: https://one.newrelic.com/launcher/catalog-pack-details.launcher/?pane=eyJuZXJkbGV0SWQiOiAiY2F0YWxvZy1wYWNrLWRldGFpbHMuY2F0YWxvZy1wYWNrLWNvbnRlbnRzIiwgImlzT25ib2FyZGluZyI6ICJ0cnVlIiwgInF1aWNrc3RhcnRJZCI6IjlkYWJkYWEyLWM1YmYtNDJhMi1iZjNjLWZkZjgyYjZmMDhiNyJ9
URLs checked: 12422 
Pages crawled: 3861 
Rejected: 5402 
Bloom filter conflicts: 3113 
(68.55% total skipped)
Most recent URL: https://datatracker.ietf.org/group/nomcom2016/
URLs checked: 12424 
Pages crawled: 3862 
Rejected: 5402 
Bloom filter conflicts: 3114 
(68.54% total skipped)
Most recent URL: https://getpocket.com/privacy
URLs checked: 12425 
Pages crawled: 3863 
Rejected: 5402 
Bloom filter conflicts: 3114 
(68.54% total skipped)
Most recent URL: https://www.healthline.com/content-series/fresh-food-fast
URLs checked: 12426 
Pages crawled: 3864 
Rejected: 5402 
Bloom filter conflicts: 3114 
(68.53% total skipped)
Most recent URL: https://www.google.com.br/url?q=https://policies.google.com/terms%3Fhl%3Den%26fg%3D1&opi=89978449&sa=U&ved=0ahUKEwj6rIil-eSCAxXPkIQIHTVcC3wQ8qwCCA4&usg=AOvVaw19x7lNG8EOYU6IDKdx8l_s
URLs checked: 12427 
Pages crawled: 3865 
Rejected: 5402 
Bloom filter conflicts: 3114 
(68.53% total skipped)
Most recent URL: https://hipages.com.au/find/fences/tas/mornington
URLs checked: 12436 
Pages crawled: 3866 
Rejected: 5410 
Bloom filter conflicts: 3114 
(68.54% total skipped)
Most recent URL: https://www.t-mobile.com/content/t-mobile/consumer/modals/luna-modals/benefit-appletv-1.html
URLs checked: 12437 
Pages crawled: 3867 
Rejected: 5410 
Bloom filter conflicts: 3114 
(68.54% total skipped)
Most recent URL: https://fb.com/policies/community-standards/violent-graphic-content/
URLs checked: 12443 
Pages crawled: 3868 
Rejected: 5415 
Bloom filter conflicts: 3114 
(68.54% total skipped)
Most recent URL: https://www.google.com.br/websearch/answer/9507369?hl=en&ref_topic=3036131
URLs checked: 12446 
Pages crawled: 3869 
Rejected: 5416 
Bloom filter conflicts: 3115 
(68.54% total skipped)
Most recent URL: https://support.dnsmadeeasy.com/support/solutions/articles/47001001289-how-to-create-and-delegate-a-subdomain-to-a-3rd-party-dns-provider
URLs checked: 12449 
Pages crawled: 3870 
Rejected: 5417 
Bloom filter conflicts: 3116 
(68.54% total skipped)
Most recent URL: https://mailchimp.com/developer/marketing/api/account-exports/
URLs checked: 12454 
Pages crawled: 3871 
Rejected: 5419 
Bloom filter conflicts: 3118 
(68.55% total skipped)
Most recent URL: https://stackoverflow.com/search?q=user:18097189+[php]
URLs checked: 12455 
Pages crawled: 3872 
Rejected: 5419 
Bloom filter conflicts: 3118 
(68.54% total skipped)
Most recent URL: https://www.wix.com/shoutout/terms-of-use
URLs checked: 12460 
Pages crawled: 3873 
Rejected: 5422 
Bloom filter conflicts: 3119 
(68.55% total skipped)
Most recent URL: https://theverge.com/23934662/alan-wake-2-review-ps5-xbox-pc
URLs checked: 12461 
Pages crawled: 3874 
Rejected: 5422 
Bloom filter conflicts: 3119 
(68.54% total skipped)
Most recent URL: https://cloud.digitalocean.com/droplets/new?appId=38148615&type=applications
URLs checked: 12464 
Pages crawled: 3875 
Rejected: 5424 
Bloom filter conflicts: 3119 
(68.54% total skipped)
Most recent URL: https://gnu.org/philosophy/applying-free-sw-criteria.html
URLs checked: 12467 
Pages crawled: 3876 
Rejected: 5426 
Bloom filter conflicts: 3119 
(68.54% total skipped)
Most recent URL: https://go.nature.com/get-the-nature-briefing
URLs checked: 12469 
Pages crawled: 3877 
Rejected: 5427 
Bloom filter conflicts: 3119 
(68.54% total skipped)
Most recent URL: https://www.ietf.org/about/groups/iab/
URLs checked: 12470 
Pages crawled: 3878 
Rejected: 5427 
Bloom filter conflicts: 3119 
(68.53% total skipped)
Most recent URL: https://addtoany.com/services/diigo_button
URLs checked: 12477 
Pages crawled: 3879 
Rejected: 5433 
Bloom filter conflicts: 3119 
(68.54% total skipped)
Most recent URL: https://merriam-webster.com/thesaurus/testified (to)
URLs checked: 12478 
Pages crawled: 3880 
Rejected: 5433 
Bloom filter conflicts: 3119 
(68.54% total skipped)
Most recent URL: https://google.com.br/websearch/answer/7674111?hl=en&ref_topic=3081620
URLs checked: 12480 
Pages crawled: 3881 
Rejected: 5433 
Bloom filter conflicts: 3120 
(68.53% total skipped)
Most recent URL: https://www.cnet.com/tech/mobile/pixel-8-pro-ongoing-review-google-plans-fix-to-address-camera-issues/
URLs checked: 12492 
Pages crawled: 3882 
Rejected: 5440 
Bloom filter conflicts: 3124 
(68.56% total skipped)
Most recent URL: https://gumgum.com/benefits-careers/summer-fridays-half-days
URLs checked: 12495 
Pages crawled: 3883 
Rejected: 5442 
Bloom filter conflicts: 3124 
(68.56% total skipped)
Most recent URL: https://store.steampowered.com/explore/?snr=1_subscriberagreement_PrivacyAgreement__global-header
URLs checked: 12496 
Pages crawled: 3884 
Rejected: 5442 
Bloom filter conflicts: 3124 
(68.55% total skipped)
Most recent URL: https://mailchimp.com/developer/release-notes/export-api-1-0-and-api-2-0-no-longer-supported/
URLs checked: 12500 
Pages crawled: 3885 
Rejected: 5445 
Bloom filter conflicts: 3124 
(68.55% total skipped)
Most recent URL: https://getpocket.com/saves?src=navbar
URLs checked: 12502 
Pages crawled: 3886 
Rejected: 5445 
Bloom filter conflicts: 3125 
(68.55% total skipped)
Most recent URL: https://www.academia.edu/topics/0-9?page=last
URLs checked: 12503 
Pages crawled: 3887 
Rejected: 5445 
Bloom filter conflicts: 3125 
(68.54% total skipped)
Most recent URL: https://www.addtoany.com/buttons/customize/single_button_current_page
URLs checked: 12504 
Pages crawled: 3888 
Rejected: 5445 
Bloom filter conflicts: 3125 
(68.54% total skipped)
Most recent URL: https://tradingview.com/symbols/LSE-0I8F/
URLs checked: 12505 
Pages crawled: 3889 
Rejected: 5445 
Bloom filter conflicts: 3125 
(68.53% total skipped)
Most recent URL: https://www.edd.ca.gov/mon-khmer/
URLs checked: 12507 
Pages crawled: 3890 
Rejected: 5446 
Bloom filter conflicts: 3125 
(68.53% total skipped)
Most recent URL: https://www.gnu.org/help/help-hardware.html
URLs checked: 12508 
Pages crawled: 3891 
Rejected: 5446 
Bloom filter conflicts: 3125 
(68.52% total skipped)
Most recent URL: https://time.com/6304478/donald-trump-trials-indictments-essay/
URLs checked: 12511 
Pages crawled: 3892 
Rejected: 5446 
Bloom filter conflicts: 3127 
(68.52% total skipped)
Most recent URL: https://www.t-mobile.com/offers/t-mobile-tuesdays?icid=MGPO_TMO_P_EVGRNPSTPD_BAFKSOOMG5BKVB46G35693
URLs checked: 12513 
Pages crawled: 3893 
Rejected: 5447 
Bloom filter conflicts: 3127 
(68.52% total skipped)
Most recent URL: https://verkada.com/cameras-availability/
URLs checked: 12514 
Pages crawled: 3894 
Rejected: 5447 
Bloom filter conflicts: 3127 
(68.52% total skipped)
Most recent URL: https://theverge.com/2021/4/30/22407376/apple-european-union-antitrust-charges-app-store-music-competition-commission-margrethe-vestager
URLs checked: 12516 
Pages crawled: 3895 
Rejected: 5447 
Bloom filter conflicts: 3128 
(68.51% total skipped)
Most recent URL: https://badoo.com/en-us/dating/united-arab-emirates/ras-al-khaymah/
URLs checked: 12517 
Pages crawled: 3896 
Rejected: 5447 
Bloom filter conflicts: 3128 
(68.51% total skipped)
Most recent URL: https://www.healthline.com/health/vitamin-c?utm_source=ReadNext
URLs checked: 12520 
Pages crawled: 3897 
Rejected: 5449 
Bloom filter conflicts: 3128 
(68.51% total skipped)
Most recent URL: https://hipages.com.au/find/window_repairs/sa/beverley
URLs checked: 12521 
Pages crawled: 3898 
Rejected: 5449 
Bloom filter conflicts: 3128 
(68.50% total skipped)
Most recent URL: https://www.braze.com/docs/developer_guide/platform_integration_guides/ios/content_cards/customization/
URLs checked: 12524 
Pages crawled: 3899 
Rejected: 5451 
Bloom filter conflicts: 3128 
(68.50% total skipped)
Most recent URL: https://www.sophos.com/en-us/solutions/compliance/ccpa
URLs checked: 12525 
Pages crawled: 3900 
Rejected: 5451 
Bloom filter conflicts: 3128 
(68.50% total skipped)
Most recent URL: https://www.wsj.com/podcasts?mod=wsjfooter
URLs checked: 12526 
Pages crawled: 3901 
Rejected: 5451 
Bloom filter conflicts: 3128 
(68.49% total skipped)
Most recent URL: https://stackoverflow.com/questions/tagged/rstudio?tab=newest&page=158
URLs checked: 12527 
Pages crawled: 3902 
Rejected: 5451 
Bloom filter conflicts: 3128 
(68.48% total skipped)
Most recent URL: https://docs.digitalocean.com/products/teams/how-to/manage-certificates/
URLs checked: 12528 
Pages crawled: 3903 
Rejected: 5451 
Bloom filter conflicts: 3128 
(68.48% total skipped)
Most recent URL: https://datatracker.ietf.org/doc/rfc9241/references/
URLs checked: 12530 
Pages crawled: 3904 
Rejected: 5451 
Bloom filter conflicts: 3129 
(68.48% total skipped)
Most recent URL: https://www.npr.org/series/1199537689/climate-week
URLs checked: 12536 
Pages crawled: 3905 
Rejected: 5455 
Bloom filter conflicts: 3130 
(68.48% total skipped)
Most recent URL: https://google.com.br/technologies?hl=en&fg=1
URLs checked: 12544 
Pages crawled: 3906 
Rejected: 5462 
Bloom filter conflicts: 3130 
(68.49% total skipped)
Most recent URL: https://www.dnsmadeeasy.com/post/dns-security-2022-best-practices-and-solutions
URLs checked: 12548 
Pages crawled: 3907 
Rejected: 5465 
Bloom filter conflicts: 3130 
(68.50% total skipped)
Most recent URL: https://fb.com/policies/cookies/
URLs checked: 12551 
Pages crawled: 3908 
Rejected: 5465 
Bloom filter conflicts: 3132 
(68.50% total skipped)
Most recent URL: https://www.mayoclinic.org/diseases-conditions/constipation-in-children/symptoms-causes/syc-20354242
URLs checked: 12582 
Pages crawled: 3909 
Rejected: 5486 
Bloom filter conflicts: 3141 
(68.57% total skipped)
Most recent URL: https://www.npr.org/sections/npr-extra/2023/06/08/1181000757/sarah-mccammon-joins-washington-desk
URLs checked: 12583 
Pages crawled: 3910 
Rejected: 5486 
Bloom filter conflicts: 3141 
(68.56% total skipped)
Most recent URL: https://careers.wix.com/positions?location=dnipro
URLs checked: 12585 
Pages crawled: 3911 
Rejected: 5486 
Bloom filter conflicts: 3142 
(68.56% total skipped)
Most recent URL: https://support.eset.com/en/check-which-eset-windows-home-product-you-have-and-see-if-it-s-the-latest-version
URLs checked: 12586 
Pages crawled: 3912 
Rejected: 5486 
Bloom filter conflicts: 3142 
(68.55% total skipped)
Most recent URL: https://theverge.com/23067657/yeedi-vac-pro-2-robot-vacuum-mop-review
URLs checked: 12587 
Pages crawled: 3913 
Rejected: 5486 
Bloom filter conflicts: 3142 
(68.55% total skipped)
Most recent URL: https://www.addtoany.com/share
URLs checked: 12588 
Pages crawled: 3914 
Rejected: 5486 
Bloom filter conflicts: 3142 
(68.54% total skipped)
Most recent URL: https://merriam-webster.com/thesaurus/undercut
URLs checked: 12589 
Pages crawled: 3915 
Rejected: 5486 
Bloom filter conflicts: 3142 
(68.54% total skipped)
Most recent URL: https://www.gumgum.com/guides/the-new-frontier-of-advertising
URLs checked: 12591 
Pages crawled: 3916 
Rejected: 5486 
Bloom filter conflicts: 3143 
(68.53% total skipped)
Most recent URL: https://www.mayoclinic.org/diseases-conditions/anal-itching/symptoms-causes/syc-20369345
URLs checked: 12592 
Pages crawled: 3917 
Rejected: 5486 
Bloom filter conflicts: 3143 
(68.53% total skipped)
Most recent URL: https://hipages.com.au/find/handyman/qld/kuraby
URLs checked: 12593 
Pages crawled: 3918 
Rejected: 5486 
Bloom filter conflicts: 3143 
(68.52% total skipped)
Most recent URL: https://www.wsj.com/style/beauty?mod=nav_top_subsection
URLs checked: 12600 
Pages crawled: 3919 
Rejected: 5492 
Bloom filter conflicts: 3143 
(68.53% total skipped)
Most recent URL: https://getpocket.com/saves/archive
URLs checked: 12612 
Pages crawled: 3920 
Rejected: 5502 
Bloom filter conflicts: 3144 
(68.55% total skipped)
Most recent URL: https://stackoverflow.com/questions/76206136/cv2-is-refusing-to-use-imread-and-tm-ccoeff-normed-when-trying-to-compare-2-imag
URLs checked: 12615 
Pages crawled: 3921 
Rejected: 5504 
Bloom filter conflicts: 3144 
(68.55% total skipped)
Most recent URL: https://www.cnet.com/the-apple-core
URLs checked: 12619 
Pages crawled: 3922 
Rejected: 5506 
Bloom filter conflicts: 3145 
(68.56% total skipped)
Most recent URL: https://rackspace.com/information/legal/applications/application-modernization
URLs checked: 12626 
Pages crawled: 3923 
Rejected: 5511 
Bloom filter conflicts: 3146 
(68.56% total skipped)
Most recent URL: https://mailchimp.com/developer/tools/
URLs checked: 12627 
Pages crawled: 3924 
Rejected: 5511 
Bloom filter conflicts: 3146 
(68.56% total skipped)
Most recent URL: https://www.academia.edu/Jobs/In/Sound%20Art
URLs checked: 12628 
Pages crawled: 3925 
Rejected: 5511 
Bloom filter conflicts: 3146 
(68.55% total skipped)
Most recent URL: https://verkada.com/partners/certification-lookup/
URLs checked: 12630 
Pages crawled: 3927 
Rejected: 5511 
Bloom filter conflicts: 3146 
(68.54% total skipped)
Most recent URL: https://www.addtoany.com/services/
URLs checked: 12632 
Pages crawled: 3928 
Rejected: 5511 
Bloom filter conflicts: 3147 
(68.54% total skipped)
Most recent URL: https://www.healthline.com/health/endometriosis-after-hysterectomy?utm_source=ReadNext
URLs checked: 12634 
Pages crawled: 3929 
Rejected: 5512 
Bloom filter conflicts: 3147 
(68.54% total skipped)
Most recent URL: https://datatracker.ietf.org/doc/rfc8801/referencedby/
URLs checked: 12636 
Pages crawled: 3930 
Rejected: 5513 
Bloom filter conflicts: 3147 
(68.53% total skipped)
Most recent URL: https://www.dnsmadeeasy.com/author/jessica-belvedere?930b7dde_page=2
URLs checked: 12637 
Pages crawled: 3931 
Rejected: 5513 
Bloom filter conflicts: 3147 
(68.53% total skipped)
Most recent URL: https://getpocket.com/explore/education
URLs checked: 12638 
Pages crawled: 3932 
Rejected: 5513 
Bloom filter conflicts: 3147 
(68.52% total skipped)
Most recent URL: https://fb.com/metasecurity/threat-reporting/
URLs checked: 12639 
Pages crawled: 3933 
Rejected: 5513 
Bloom filter conflicts: 3147 
(68.52% total skipped)
Most recent URL: https://www.loc.gov/collections/historic-american-buildings-landscapes-and-engineering-records
URLs checked: 12640 
Pages crawled: 3934 
Rejected: 5513 
Bloom filter conflicts: 3147 
(68.51% total skipped)
Most recent URL: https://tradingview.com/chart/ORCL/Fc3qV2xQ-ORCL-Crucial-Massive-Double-TOP-BEARISH-Triangle-Setup/
URLs checked: 12645 
Pages crawled: 3935 
Rejected: 5515 
Bloom filter conflicts: 3149 
(68.52% total skipped)
Most recent URL: https://www.google.com.br/url?q=https://policies.google.com/terms%3Fhl%3Den%26fg%3D1&opi=89978449&sa=U&ved=0ahUKEwjuzIK-9-SCAxUhQjABHdLOBUwQ8qwCCAM&usg=AOvVaw12rqmI2N3YboCiVXTeqRHD
URLs checked: 12647 
Pages crawled: 3936 
Rejected: 5516 
Bloom filter conflicts: 3149 
(68.51% total skipped)
Most recent URL: https://www.gumgum.com/in-game-advertising
URLs checked: 12648 
Pages crawled: 3937 
Rejected: 5516 
Bloom filter conflicts: 3149 
(68.51% total skipped)
Most recent URL: https://store.steampowered.com/software/?snr=1_614_steamdeck_steamdeck_12
URLs checked: 12649 
Pages crawled: 3938 
Rejected: 5516 
Bloom filter conflicts: 3149 
(68.50% total skipped)
Most recent URL: https://badoo.com/en-us/dating/venezuela/
URLs checked: 12650 
Pages crawled: 3939 
Rejected: 5516 
Bloom filter conflicts: 3149 
(68.50% total skipped)
Most recent URL: https://ring.com/collections/smart-lighting-bundles
URLs checked: 12651 
Pages crawled: 3940 
Rejected: 5516 
Bloom filter conflicts: 3149 
(68.49% total skipped)
Most recent URL: https://time.com/shopping/article/bose-700-headphones-wireless-review/
URLs checked: 12652 
Pages crawled: 3941 
Rejected: 5516 
Bloom filter conflicts: 3149 
(68.49% total skipped)
Most recent URL: https://blog.digitalocean.com/products/functions
URLs checked: 12654 
Pages crawled: 3942 
Rejected: 5516 
Bloom filter conflicts: 3150 
(68.48% total skipped)
Most recent URL: https://www.mayoclinic.org/healthy-lifestyle/adult-health/in-depth/cancer-prevention/art-20044816
URLs checked: 12656 
Pages crawled: 3943 
Rejected: 5517 
Bloom filter conflicts: 3150 
(68.48% total skipped)
Most recent URL: https://hipages.com.au/find/lawn_turf/north_melbourne_region
URLs checked: 12657 
Pages crawled: 3944 
Rejected: 5517 
Bloom filter conflicts: 3150 
(68.48% total skipped)
Most recent URL: https://merriam-webster.com/thesaurus/wind
URLs checked: 12660 
Pages crawled: 3945 
Rejected: 5519 
Bloom filter conflicts: 3150 
(68.48% total skipped)
Most recent URL: https://www.braze.com/docs/partners/message_orchestration/additional_channels/direct_mail/
URLs checked: 12666 
Pages crawled: 3946 
Rejected: 5523 
Bloom filter conflicts: 3151 
(68.48% total skipped)
Most recent URL: https://www.wsj.com/news/types/europe-news?mod=nav_top_subsection
URLs checked: 12669 
Pages crawled: 3947 
Rejected: 5525 
Bloom filter conflicts: 3151 
(68.48% total skipped)
Most recent URL: https://www.cnet.com/deals/best-ipad-deals/
URLs checked: 12670 
Pages crawled: 3948 
Rejected: 5525 
Bloom filter conflicts: 3151 
(68.48% total skipped)
Most recent URL: https://nature.com/articles/s41586-022-05500-8
URLs checked: 12677 
Pages crawled: 3949 
Rejected: 5528 
Bloom filter conflicts: 3154 
(68.49% total skipped)
Most recent URL: https://getpocket.com/en/privacy/?src=footer_v2
URLs checked: 12695 
Pages crawled: 3950 
Rejected: 5537 
Bloom filter conflicts: 3162 
(68.52% total skipped)
Most recent URL: https://stackoverflow.com/questions/58099559/training-a-model-from-multiple-corpus
URLs checked: 12697 
Pages crawled: 3951 
Rejected: 5538 
Bloom filter conflicts: 3162 
(68.52% total skipped)
Most recent URL: https://www.google.com.br/websearch/answer/179386?hl=en&ref_topic=3378866
URLs checked: 12701 
Pages crawled: 3952 
Rejected: 5540 
Bloom filter conflicts: 3163 
(68.52% total skipped)
Most recent URL: https://rackspace.com/information/legal/security/cloud-native-security
URLs checked: 12703 
Pages crawled: 3953 
Rejected: 5541 
Bloom filter conflicts: 3163 
(68.52% total skipped)
Most recent URL: https://support.dnsmadeeasy.com/support/solutions/folders/47000695068 
URLs checked: 12708 
Pages crawled: 3954 
Rejected: 5545 
Bloom filter conflicts: 3163 
(68.52% total skipped)
Most recent URL: https://mailarchive.ietf.org/arch/msg/ietf-announce/BjrNd_ChJRwJZs9lhLaWyCO-C34/
URLs checked: 12713 
Pages crawled: 3955 
Rejected: 5547 
Bloom filter conflicts: 3165 
(68.53% total skipped)
Most recent URL: https://gnu.org/licenses/old-licenses/fdl-1.2.html
URLs checked: 12718 
Pages crawled: 3956 
Rejected: 5551 
Bloom filter conflicts: 3165 
(68.53% total skipped)
Most recent URL: https://fb.com/policies/community-standards/bullying-harassment/
URLs checked: 12720 
Pages crawled: 3957 
Rejected: 5552 
Bloom filter conflicts: 3165 
(68.53% total skipped)
Most recent URL: https://www.npr.org/transcripts/1197954182
URLs checked: 12721 
Pages crawled: 3958 
Rejected: 5552 
Bloom filter conflicts: 3165 
(68.52% total skipped)
Most recent URL: https://www.wix.com/encyclopedia/letter/h
URLs checked: 12723 
Pages crawled: 3959 
Rejected: 5553 
Bloom filter conflicts: 3165 
(68.52% total skipped)
Most recent URL: https://addtoany.com/buttons/customize/wordpress/no_rounded_corners
URLs checked: 12724 
Pages crawled: 3960 
Rejected: 5553 
Bloom filter conflicts: 3165 
(68.52% total skipped)
Most recent URL: https://google.com.br/websearch/answer/12719076?hl=en&ref_topic=3285072
URLs checked: 12727 
Pages crawled: 3961 
Rejected: 5554 
Bloom filter conflicts: 3166 
(68.52% total skipped)
Most recent URL: https://theverge.com/23958821/volvo-ceo-interview-electric-cars-apple-carplay-google-android-auto-decoder
URLs checked: 12729 
Pages crawled: 3962 
Rejected: 5555 
Bloom filter conflicts: 3166 
(68.51% total skipped)
Most recent URL: https://gumgum.com/forms/ctv-in-video-interest
URLs checked: 12733 
Pages crawled: 3963 
Rejected: 5557 
Bloom filter conflicts: 3167 
(68.51% total skipped)
Most recent URL: https://www.edd.ca.gov/en/payroll_taxes/using_the_automated_telephone_information_system/
URLs checked: 12739 
Pages crawled: 3964 
Rejected: 5560 
Bloom filter conflicts: 3169 
(68.52% total skipped)
Most recent URL: https://getpocket.com/explore/technology
URLs checked: 12740 
Pages crawled: 3965 
Rejected: 5560 
Bloom filter conflicts: 3169 
(68.52% total skipped)
Most recent URL: https://time.com/collection/live-well/4306492/boost-emotional-resilience/
URLs checked: 12742 
Pages crawled: 3966 
Rejected: 5560 
Bloom filter conflicts: 3170 
(68.51% total skipped)
Most recent URL: https://www.healthline.com/symptom/puncture-wound
URLs checked: 12747 
Pages crawled: 3967 
Rejected: 5561 
Bloom filter conflicts: 3173 t;top navigation&quot;,&quot;products menu click&quot;,null,null,null]">
						Products
					</a>
				</li>

					<li class="md:d-none">
						<a href="https://stackoverflow.co/teams/" class="s-navigatio
(68.52% total skipped)
Most recent URL: https://sophos.com/en-us/security-advisories
URLs checked: 12748 
Pages crawled: 3968 
Rejected: 5561 
Bloom filter conflicts: 3173 
(68.51% total skipped)
Most recent URL: https://tradingview.com/symbols/NASDAQ-CLDX/?solution=43000701943
URLs checked: 12749 
Pages crawled: 3969 
Rejected: 5561 
Bloom filter conflicts: 3173 
(68.51% total skipped)
Most recent URL: https://www.cnbc.com/video/2023/11/27/big-concern-is-lack-of-long-term-infrastructure-building-in-energy-sector-former-u-s-energy-sec.html
URLs checked: 12750 
Pages crawled: 3970 
Rejected: 5561 
Bloom filter conflicts: 3173 
(68.50% total skipped)
Most recent URL: https://merriam-webster.com/thesaurus/aggravates
URLs checked: 12751 
Pages crawled: 3971 
Rejected: 5561 
Bloom filter conflicts: 3173 
(68.50% total skipped)
Most recent URL: https://www.braze.com/docs/partners/message_orchestration/additional_channels/direct_mail/inkit/
URLs checked: 12761 
Pages crawled: 3972 
Rejected: 5569 
Bloom filter conflicts: 3174 
(68.51% total skipped)
Most recent URL: https://www.wsj.com/news/types/opera-review?mod=nav_top_subsection
URLs checked: 12762 
Pages crawled: 3973 
Rejected: 5569 
Bloom filter conflicts: 3174 
(68.51% total skipped)
Most recent URL: https://stackoverflow.com/questions/tagged/html
URLs checked: 12764 
Pages crawled: 3974 
Rejected: 5569 
Bloom filter conflicts: 3175 
(68.51% total skipped)
Most recent URL: https://support.dnsmadeeasy.com/support/solutions/articles/47001001326-wildcard-record
URLs checked: 12776 
Pages crawled: 3975 
Rejected: 5569 
Bloom filter conflicts: 3186 
(68.53% total skipped)
Most recent URL: https://badoo.com/en-us/dating/united-kingdom/south-east-england/horsham/
URLs checked: 12787 
Pages crawled: 3976 
Rejected: 5577 
Bloom filter conflicts: 3188 
(68.55% total skipped)
Most recent URL: https://rackspace.com/about/data/data-management
URLs checked: 12790 
Pages crawled: 3977 
Rejected: 5579 
Bloom filter conflicts: 3188 
(68.55% total skipped)
Most recent URL: https://datatracker.ietf.org/doc/rfc7946/referencedby/
URLs checked: 12791 
Pages crawled: 3978 
Rejected: 5579 
Bloom filter conflicts: 3188 
(68.54% total skipped)
Most recent URL: https://se-en.ring.com/products/alarm-security-range-extender-gen-2
URLs checked: 12794 
Pages crawled: 3979 
Rejected: 5580 
Bloom filter conflicts: 3189 
(68.54% total skipped)
Most recent URL: https://cnet.com/tech/mobile/apple-watch-series-9-review-new-tricks-make-for-a-minor-upgrade/
URLs checked: 12798 
Pages crawled: 3980 
Rejected: 5581 
Bloom filter conflicts: 3191 
(68.54% total skipped)
Most recent URL: https://docs.digitalocean.com/reference/doctl/reference/kubernetes/cluster
URLs checked: 12799 
Pages crawled: 3981 
Rejected: 5581 
Bloom filter conflicts: 3191 
(68.54% total skipped)
Most recent URL: https://store.steampowered.com/about/?snr=1_communityrecommendations_4__global-header
URLs checked: 12801 
Pages crawled: 3982 
Rejected: 5582 
Bloom filter conflicts: 3191 
(68.53% total skipped)
Most recent URL: https://google.com.br/websearch/answer/112511?hl=en&ref_topic=3180360
URLs checked: 12810 
Pages crawled: 3983 
Rejected: 5586 
Bloom filter conflicts: 3195 
(68.55% total skipped)
Most recent URL: https://getpocket.com/explore/item/the-book-thief-of-monastery-mountain
URLs checked: 12812 
Pages crawled: 3984 
Rejected: 5586 
Bloom filter conflicts: 3196 
(68.55% total skipped)
Most recent URL: https://www.healthline.com/newsletter-signup/gut-check-challenge
URLs checked: 12813 
Pages crawled: 3985 
Rejected: 5586 
Bloom filter conflicts: 3196 
(68.54% total skipped)
Most recent URL: https://time.com/collection/time100-companies-2023/6285161/therabody/
URLs checked: 12824 
Pages crawled: 3986 
Rejected: 5592 
Bloom filter conflicts: 3200 
(68.56% total skipped)
Most recent URL: https://support.dnsmadeeasy.com/support/solutions/articles/47001001860-dmarc-record
URLs checked: 12828 
Pages crawled: 3987 
Rejected: 5592 
Bloom filter conflicts: 3203 
(68.56% total skipped)
Most recent URL: https://www.braze.com/docs/user_guide/getting_started/
URLs checked: 12831 
Pages crawled: 3988 
Rejected: 5594 
Bloom filter conflicts: 3203 
(68.56% total skipped)
Most recent URL: https://www.cnbc.com/2023/11/04/inside-the-courtroom-when-sam-bankman-fried-found-out-he-was-guilty.html
URLs checked: 12832 
Pages crawled: 3989 
Rejected: 5594 
Bloom filter conflicts: 3203 
(68.56% total skipped)
Most recent URL: https://stackoverflow.com/questions/tagged/for-loop
URLs checked: 12833 
Pages crawled: 3990 
Rejected: 5594 
Bloom filter conflicts: 3203 
(68.55% total skipped)
Most recent URL: https://www.wsj.com/podcasts/latest/wsj-whats-news?mod=nav_top_subsection
URLs checked: 12840 
Pages crawled: 3991 
Rejected: 5598 
Bloom filter conflicts: 3205 
(68.56% total skipped)
Most recent URL: https://www.addtoany.com/services/myspace_button
URLs checked: 12844 
Pages crawled: 3992 
Rejected: 5601 
Bloom filter conflicts: 3205 
(68.56% total skipped)
Most recent URL: https://www.gumgum.com/attention
URLs checked: 12857 
Pages crawled: 3993 
Rejected: 5611 
Bloom filter conflicts: 3207 
(68.59% total skipped)
Most recent URL: https://fb.com/oversight/further-asked-questions/
URLs checked: 12860 
Pages crawled: 3994 
Rejected: 5611 
Bloom filter conflicts: 3209 
(68.58% total skipped)
Most recent URL: https://getpocket.com/explore/item/9-recipes-for-tasty-portable-breakfasts-to-help-you-get-out-the-door-fast
URLs checked: 12863 
Pages crawled: 3995 
Rejected: 5611 
Bloom filter conflicts: 3211 
(68.58% total skipped)
Most recent URL: https://docs.digitalocean.com/products/droplets/how-to/connect-with-ssh/putty/
URLs checked: 12864 
Pages crawled: 3996 
Rejected: 5611 
Bloom filter conflicts: 3211 
(68.58% total skipped)
Most recent URL: https://stackoverflow.com/users/signup?ssrc=site_switcher&returnurl=https%3a%2f%2fstackoverflow.com%2fposts%2f42164082%2ftimeline
URLs checked: 12865 
Pages crawled: 3997 
Rejected: 5611 
Bloom filter conflicts: 3211 
(68.57% total skipped)
Most recent URL: https://www.wix.com/blog/explore/categories/website-essentials
URLs checked: 12866 
Pages crawled: 3998 
Rejected: 5611 
Bloom filter conflicts: 3211 
(68.57% total skipped)
Most recent URL: https://en-uk.ring.com/products/4-pack-stick-up-security-cam-plugin
URLs checked: 12869 
Pages crawled: 3999 
Rejected: 5612 
Bloom filter conflicts: 3212 
(68.57% total skipped)
Most recent URL: https://tradingview.com/symbols/NASDAQ-TAST/
URLs checked: 12870 
Pages crawled: 4000 
Rejected: 5612 
Bloom filter conflicts: 3212 
(68.56% total skipped)
Most recent URL: https://merriam-webster.com/thesaurus/agreed (to)
URLs checked: 12871 
Pages crawled: 4001 
Rejected: 5612 
Bloom filter conflicts: 3212 
(68.56% total skipped)
Most recent URL: https://www.healthline.com/health/rbc-count?utm_source=ReadNext
URLs checked: 12879 
Pages crawled: 4002 
Rejected: 5618 
Bloom filter conflicts: 3213 
(68.57% total skipped)
Most recent URL: https://rackspace.com/lp/2021-isg-provider-lens-public-cloud-services-and-solutions-quadrant-report-global
URLs checked: 12880 
Pages crawled: 4003 
Rejected: 5618 
Bloom filter conflicts: 3213 
(68.56% total skipped)
Most recent URL: https://support.dnsmadeeasy.com/support/solutions/articles/47001001435-srv-record
URLs checked: 12881 
Pages crawled: 4004 
Rejected: 5618 
Bloom filter conflicts: 3213 
(68.56% total skipped)
Most recent URL: https://mailchimp.com/developer/transactional/api/urls/
URLs checked: 12884 
Pages crawled: 4005 
Rejected: 5619 
Bloom filter conflicts: 3214 
(68.56% total skipped)
Most recent URL: https://nature.com/nrendo/publishing-model
URLs checked: 12885 
Pages crawled: 4006 
Rejected: 5619 
Bloom filter conflicts: 3214 
(68.55% total skipped)
Most recent URL: https://time.com/author/bill-saporito/
URLs checked: 12886 
Pages crawled: 4007 
Rejected: 5619 
Bloom filter conflicts: 3214 
(68.55% total skipped)
Most recent URL: https://www.mayoclinic.org/diseases-conditions/depression/in-depth/male-depression/art-20046216
URLs checked: 12889 
Pages crawled: 4008 
Rejected: 5619 
Bloom filter conflicts: 3216 
(68.55% total skipped)
Most recent URL: https://www.wsj.com/news/author/christopher-mims?mod=nav_top_subsection
URLs checked: 12893 
Pages crawled: 4009 
Rejected: 5622 
Bloom filter conflicts: 3216 
(68.55% total skipped)
Most recent URL: https://gnu.org/philosophy/economics_frank/frank.html
URLs checked: 12894 
Pages crawled: 4010 
Rejected: 5622 
Bloom filter conflicts: 3216 
(68.54% total skipped)
Most recent URL: https://www.cnet.com/tech/mobile/the-new-apple-watch-features-and-improvements-i-want-to-see-in-2022/
URLs checked: 12895 
Pages crawled: 4011 
Rejected: 5622 
Bloom filter conflicts: 3216 
(68.54% total skipped)
Most recent URL: https://datatracker.ietf.org/doc/draft-ietf-core-oscore-groupcomm/
URLs checked: 12903 
Pages crawled: 4012 
Rejected: 5629 
Bloom filter conflicts: 3216 
(68.55% total skipped)
Most recent URL: https://www.cnbc.com/2023/11/06/klarna-sets-up-uk-holding-company-in-move-toward-ipo.html
URLs checked: 12906 
Pages crawled: 4013 
Rejected: 5630 
Bloom filter conflicts: 3217 
(68.55% total skipped)
Most recent URL: https://getpocket.com/en/jobs/
URLs checked: 12910 
Pages crawled: 4014 
Rejected: 5632 
Bloom filter conflicts: 3218 
(68.55% total skipped)
Most recent URL: https://ring.com/products/quick-release-battery-pack
URLs checked: 12911 
Pages crawled: 4015 
Rejected: 5632 
Bloom filter conflicts: 3218 
(68.55% total skipped)
Most recent URL: https://gumgum.com/application
URLs checked: 12912 
Pages crawled: 4016 
Rejected: 5632 
Bloom filter conflicts: 3218 
(68.54% total skipped)
Most recent URL: https://www.loc.gov/collections/ilka-kolsky-artwork/about-this-collection/
URLs checked: 12913 
Pages crawled: 4017 
Rejected: 5632 
Bloom filter conflicts: 3218 
(68.54% total skipped)
Most recent URL: https://badoo.com/en-us/dating/united-kingdom/north-west-england/leyland/
URLs checked: 12914 
Pages crawled: 4018 
Rejected: 5632 
Bloom filter conflicts: 3218 
(68.53% total skipped)
Most recent URL: https://time.com/6204300/gustavo-petro-colombia-inauguration-washington/
URLs checked: 12916 
Pages crawled: 4019 
Rejected: 5632 
Bloom filter conflicts: 3219 
(68.53% total skipped)
Most recent URL: https://www.healthline.com/health/drugs/terazosin-oral-capsule
URLs checked: 12918 
Pages crawled: 4020 
Rejected: 5632 
Bloom filter conflicts: 3220 
(68.52% total skipped)
Most recent URL: https://google.com.br/webhp?tab=ww
URLs checked: 12928 
Pages crawled: 4021 
Rejected: 5640 
Bloom filter conflicts: 3221 
(68.54% total skipped)
Most recent URL: https://addtoany.com/services/print_button
URLs checked: 12930 
Pages crawled: 4022 
Rejected: 5641 
Bloom filter conflicts: 3221 
(68.54% total skipped)
Most recent URL: https://rackspace.com/applications/industry/retail
URLs checked: 12931 
Pages crawled: 4023 
Rejected: 5641 
Bloom filter conflicts: 3221 
(68.53% total skipped)
Most recent URL: https://theverge.com/23799181/barbie-review-mattel-warner-bros-greta-gerwig
URLs checked: 12933 
Pages crawled: 4024 
Rejected: 5641 
Bloom filter conflicts: 3222 
(68.53% total skipped)
Most recent URL: https://www.mayoclinic.org/diseases-conditions/irritable-bowel-syndrome/symptoms-causes/syc-20360016
URLs checked: 12936 
Pages crawled: 4025 
Rejected: 5643 
Bloom filter conflicts: 3222 
(68.53% total skipped)
Most recent URL: https://www.cnet.com/culture/stores-open-on-thanksgiving-2023-walgreens-kroger-and-more/
URLs checked: 12937 
Pages crawled: 4026 
Rejected: 5643 
Bloom filter conflicts: 3222 
(68.52% total skipped)
Most recent URL: https://mailchimp.com/developer/marketing/api/file-manager-files/list-stored-files/
URLs checked: 12956 
Pages crawled: 4027 
Rejected: 5652 
Bloom filter conflicts: 3231 
(68.56% total skipped)
Most recent URL: https://docs.digitalocean.com/products/monitoring/details/pricing/
URLs checked: 12964 
Pages crawled: 4028 
Rejected: 5658 
Bloom filter conflicts: 3232 
(68.57% total skipped)
Most recent URL: https://datatracker.ietf.org/doc/draft-ietf-core-oscore-groupcomm/04/
URLs checked: 12965 
Pages crawled: 4029 
Rejected: 5658 
Bloom filter conflicts: 3232 
(68.57% total skipped)
Most recent URL: https://google.com.br/url?hl=en&fg=1
URLs checked: 12968 
Pages crawled: 4030 
Rejected: 5660 
Bloom filter conflicts: 3232 
(68.57% total skipped)
Most recent URL: https://gnu.org/thankgnus/thankgnus.old.html
URLs checked: 12970 
Pages crawled: 4031 
Rejected: 5661 
Bloom filter conflicts: 3232 
(68.57% total skipped)
Most recent URL: https://www.addtoany.com/buttons/customize/wordpress/image_sharing
URLs checked: 12971 
Pages crawled: 4032 
Rejected: 5661 
Bloom filter conflicts: 3232 
(68.56% total skipped)
Most recent URL: https://www.cnbc.com/2023/05/16/harvard-trained-psychologist-simple-habit-can-protect-you-from-burnout.html
URLs checked: 12973 
Pages crawled: 4033 
Rejected: 5662 
Bloom filter conflicts: 3232 
(68.56% total skipped)
Most recent URL: https://www.edd.ca.gov/en/disability/Employer_Voluntary_Plans/
URLs checked: 12976 
Pages crawled: 4034 
Rejected: 5664 
Bloom filter conflicts: 3232 
(68.56% total skipped)
Most recent URL: https://fort.fb.com/
URLs checked: 12979 
Pages crawled: 4035 
Rejected: 5665 
Bloom filter conflicts: 3233 
(68.56% total skipped)
Most recent URL: https://rackspace.com/applications/cloud/google-cloud
URLs checked: 12982 
Pages crawled: 4036 
Rejected: 5666 
Bloom filter conflicts: 3234 
(68.56% total skipped)
Most recent URL: https://gumgum.com/ctv-advertising
URLs checked: 12983 
Pages crawled: 4037 
Rejected: 5666 
Bloom filter conflicts: 3234 
(68.55% total skipped)
Most recent URL: https://tradingview.com/chart/TSLA/Nvpvp0pQ-TSLA-cloning-for-targets/
URLs checked: 12987 
Pages crawled: 4038 
Rejected: 5668 
Bloom filter conflicts: 3235 
(68.55% total skipped)
Most recent URL: https://www.dnsmadeeasy.com/post/2022-super-bowl-ads
URLs checked: 12993 
Pages crawled: 4039 
Rejected: 5668 
Bloom filter conflicts: 3240 
(68.56% total skipped)
Most recent URL: https://www.wix.com/logo/maker/category/photography
URLs checked: 12994 
Pages crawled: 4040 
Rejected: 5668 
Bloom filter conflicts: 3240 
(68.55% total skipped)
Most recent URL: https://google.com.br/websearch/answer/9910360?hl=en&ref_topic=9739148
URLs checked: 12995 
Pages crawled: 4041 
Rejected: 5668 
Bloom filter conflicts: 3240 
(68.55% total skipped)
Most recent URL: https://store.steampowered.com/app/2401180/?snr=1_5_9__205
URLs checked: 12996 
Pages crawled: 4042 
Rejected: 5668 
Bloom filter conflicts: 3240 
(68.54% total skipped)
Most recent URL: https://getpocket.com/explore/item/the-intimacy-of-crime-scene-photos-in-belle-epoque-paris
URLs checked: 12999 
Pages crawled: 4043 
Rejected: 5669 
Bloom filter conflicts: 3241 
(68.54% total skipped)
Most recent URL: https://en-uk.ring.com/products/4-pack-spotlight-cam-plus-wired
URLs checked: 13000 
Pages crawled: 4044 
Rejected: 5669 
Bloom filter conflicts: 3241 
(68.54% total skipped)
Most recent URL: https://theverge.com/2023/11/23/23971097/unicorn-overlord-retro-tactical-rpg-interview-switch-xbox-playstation?showComments=1
URLs checked: 13006 
Pages crawled: 4045 
Rejected: 5669 
Bloom filter conflicts: 3246 
(68.55% total skipped)
Most recent URL: https://stackoverflow.com/questions/tagged/offline+database
URLs checked: 13007 
Pages crawled: 4046 
Rejected: 5669 
Bloom filter conflicts: 3246 
(68.54% total skipped)
Most recent URL: https://t-mobile.com/brand/why-t-mobile?INTNAV=tNav%3AWhy%3AWhatMakesUsDifferent
URLs checked: 13008 
Pages crawled: 4047 
Rejected: 5669 
Bloom filter conflicts: 3246 
(68.53% total skipped)
Most recent URL: https://www.braze.com/docs/user_guide/engagement_tools/canvas/create_a_canvas/canvas_persistent_entry_properties/
URLs checked: 13017 
Pages crawled: 4048 
Rejected: 5676 
Bloom filter conflicts: 3247 
(68.55% total skipped)
Most recent URL: https://time.com/6339524/sean-combs-new-sexual-assault-allegations/
URLs checked: 13020 
Pages crawled: 4049 
Rejected: 5676 
Bloom filter conflicts: 3249 
(68.55% total skipped)
Most recent URL: https://www.healthline.com/health/caffeine-overdose
URLs checked: 13022 
Pages crawled: 4050 
Rejected: 5677 
Bloom filter conflicts: 3249 
(68.55% total skipped)
Most recent URL: https://merriam-webster.com/thesaurus/incorporated
URLs checked: 13024 
Pages crawled: 4051 
Rejected: 5678 
Bloom filter conflicts: 3249 
(68.54% total skipped)
Most recent URL: https://hipages.com.au/find/builders/vic/melbourne
URLs checked: 13025 
Pages crawled: 4052 
Rejected: 5678 
Bloom filter conflicts: 3249 
(68.54% total skipped)
Most recent URL: https://www.mayoclinic.org/diseases-conditions/ischemic-colitis/symptoms-causes/syc-20374001
URLs checked: 13026 
Pages crawled: 4053 
Rejected: 5678 
Bloom filter conflicts: 3249 
(68.53% total skipped)
Most recent URL: https://www.digitalocean.com/community/questions/error-permission-denied-publickey-when-i-try-to-ssh
URLs checked: 13028 
Pages crawled: 4054 
Rejected: 5679 
Bloom filter conflicts: 3249 
(68.53% total skipped)
Most recent URL: https://www.wsj.com/politics/policy?mod=nav_top_subsection
URLs checked: 13036 
Pages crawled: 4055 
Rejected: 5685 
Bloom filter conflicts: 3250 
(68.54% total skipped)
Most recent URL: https://google.com.br/websearch/answer/179386?hl=en&ref_topic=3378866
URLs checked: 13050 
Pages crawled: 4056 
Rejected: 5697 
Bloom filter conflicts: 3251 
(68.57% total skipped)
Most recent URL: https://support.dnsmadeeasy.com/support/solutions/folders/47000767629
URLs checked: 13051 
Pages crawled: 4057 
Rejected: 5697 
Bloom filter conflicts: 3251 
(68.56% total skipped)
Most recent URL: https://addtoany.com/services/douban_button
URLs checked: 13056 
Pages crawled: 4058 
Rejected: 5698 
Bloom filter conflicts: 3254 
(68.57% total skipped)
Most recent URL: https://ring.com/products/smart-locks-yale
URLs checked: 13058 
Pages crawled: 4059 
Rejected: 5699 
Bloom filter conflicts: 3254 
(68.56% total skipped)
Most recent URL: https://getpocket.com/collections?src=navbar
URLs checked: 13061 
Pages crawled: 4060 
Rejected: 5700 
Bloom filter conflicts: 3255 
(68.56% total skipped)
Most recent URL: https://www.t-mobile.com/responsibility/consumer-info/additional-info/government-affairs
URLs checked: 13062 
Pages crawled: 4061 
Rejected: 5700 
Bloom filter conflicts: 3255 
(68.56% total skipped)
Most recent URL: https://cnet.com/tech/computing/best-laptop-backpack/
URLs checked: 13064 
Pages crawled: 4062 
Rejected: 5701 
Bloom filter conflicts: 3255 
(68.55% total skipped)
Most recent URL: https://google.com.br/websearch/topic/9255577?hl=en&ref_topic=3036132
URLs checked: 13068 
Pages crawled: 4063 
Rejected: 5702 
Bloom filter conflicts: 3257 
(68.56% total skipped)
Most recent URL: https://www.tradingview.com/chart/NESN/FLmpr15d-short-position-on-NESN/
URLs checked: 13070 
Pages crawled: 4064 
Rejected: 5703 
Bloom filter conflicts: 3257 
(68.55% total skipped)
Most recent URL: https://time.com/6328912/stephanie-land-class-poverty-joy-essay/
URLs checked: 13072 
Pages crawled: 4065 
Rejected: 5703 
Bloom filter conflicts: 3258 
(68.55% total skipped)
Most recent URL: https://datatracker.ietf.org/doc/rfc7946/
URLs checked: 13073 
Pages crawled: 4066 
Rejected: 5703 
Bloom filter conflicts: 3258 
(68.55% total skipped)
Most recent URL: https://nature.com/ncomms/top-articles
URLs checked: 13075 
Pages crawled: 4067 
Rejected: 5703 
Bloom filter conflicts: 3259 
(68.54% total skipped)
Most recent URL: https://stackoverflow.com/questions/tagged/sentiment-analysis+twitter+naivebayes
URLs checked: 13076 
Pages crawled: 4068 
Rejected: 5703 
Bloom filter conflicts: 3259 
(68.54% total skipped)
Most recent URL: https://docs.newrelic.com/docs/security/security-privacy/compliance/fedramp-compliant-endpoints/
URLs checked: 13077 
Pages crawled: 4069 
Rejected: 5703 
Bloom filter conflicts: 3259 
(68.53% total skipped)
Most recent URL: https://merriam-webster.com/games/sat-words?q=3798&a=14105
URLs checked: 13078 
Pages crawled: 4070 
Rejected: 5703 
Bloom filter conflicts: 3259 
(68.53% total skipped)
Most recent URL: https://store.steampowered.com/newshub/?snr=1_communityrecommendations_4__12
URLs checked: 13079 
Pages crawled: 4071 
Rejected: 5703 
Bloom filter conflicts: 3259 
(68.52% total skipped)
Most recent URL: https://badoo.com/en-us/dating/united-states/utah/sandy/
URLs checked: 13080 
Pages crawled: 4072 
Rejected: 5703 
Bloom filter conflicts: 3259 
(68.52% total skipped)
Most recent URL: https://www.healthline.com/nutrition/staple-foods-to-make-healthy-eating-easy-all-week-long
URLs checked: 13081 
Pages crawled: 4073 
Rejected: 5703 
Bloom filter conflicts: 3259 
(68.51% total skipped)
Most recent URL: https://gumgum.com/
URLs checked: 13083 
Pages crawled: 4074 
Rejected: 5704 
Bloom filter conflicts: 3259 
(68.51% total skipped)
Most recent URL: https://www.digitalocean.com/community/tutorials/object-storage-vs-block-storage-services?comment=66287
URLs checked: 13084 
Pages crawled: 4075 
Rejected: 5704 
Bloom filter conflicts: 3259 
(68.50% total skipped)
Most recent URL: https://hipages.com.au/find/pergola/wa/two_rocks
URLs checked: 13085 
Pages crawled: 4076 
Rejected: 5704 
Bloom filter conflicts: 3259 
(68.50% total skipped)
Most recent URL: https://www.mayoclinic.org/diseases-conditions/depression/in-depth/depression/art-20045943
URLs checked: 13086 
Pages crawled: 4077 
Rejected: 5704 
Bloom filter conflicts: 3259 
(68.49% total skipped)
Most recent URL: https://www.gnu.org/licenses/gpl-faq.html
URLs checked: 13088 
Pages crawled: 4078 
Rejected: 5705 
Bloom filter conflicts: 3259 
(68.49% total skipped)
Most recent URL: https://www.wsj.com/video/browse/opinion?mod=nav_top_subsection
URLs checked: 13096 
Pages crawled: 4079 
Rejected: 5710 
Bloom filter conflicts: 3261 
(68.50% total skipped)
Most recent URL: https://www.wix.com/blog/ecommerce/2023/10/ecommerce-checkout
URLs checked: 13097 
Pages crawled: 4080 
Rejected: 5710 
Bloom filter conflicts: 3261 
(68.50% total skipped)
Most recent URL: https://www.braze.com/docs/partners/data_and_infrastructure_agility/customer_data_platform/zeotap/zeotap/
URLs checked: 13123 
Pages crawled: 4081 
Rejected: 5732 
Bloom filter conflicts: 3264 
(68.55% total skipped)
Most recent URL: https://www.google.com.br/intl/en/stories/clean-air-for-kampala/
URLs checked: 13128 
Pages crawled: 4082 
Rejected: 5735 
Bloom filter conflicts: 3265 
(68.56% total skipped)
Most recent URL: https://theverge.com/2020/10/13/21432979/apple-homepod-mini-features-specs-price
URLs checked: 13132 
Pages crawled: 4083 
Rejected: 5736 
Bloom filter conflicts: 3267 
(68.56% total skipped)
Most recent URL: https://getpocket.com/explore/health
URLs checked: 13139 
Pages crawled: 4084 
Rejected: 5740 
Bloom filter conflicts: 3269 
(68.57% total skipped)
Most recent URL: https://us1.admin.mailchimp.com/account/billing-plan/
URLs checked: 13140 
Pages crawled: 4085 
Rejected: 5740 
Bloom filter conflicts: 3269 
(68.56% total skipped)
Most recent URL: https://www.edd.ca.gov/en/payroll_taxes/year-end_notification_requirements/
URLs checked: 13143 
Pages crawled: 4086 
Rejected: 5741 
Bloom filter conflicts: 3270 
(68.56% total skipped)
Most recent URL: https://stackoverflow.com/users/22965843/lopeagle1268
URLs checked: 13144 
Pages crawled: 4087 
Rejected: 5741 
Bloom filter conflicts: 3270 
(68.56% total skipped)
Most recent URL: https://time.com/collection/must-read-books-2023/6332633/i-am-still-with-you/
URLs checked: 13146 
Pages crawled: 4088 
Rejected: 5742 
Bloom filter conflicts: 3270 
(68.55% total skipped)
Most recent URL: https://rackspace.com/information/legal/industry/government
URLs checked: 13148 
Pages crawled: 4089 
Rejected: 5743 
Bloom filter conflicts: 3270 
(68.55% total skipped)
Most recent URL: https://savannah.gnu.org/projects/www-ro
URLs checked: 13152 
Pages crawled: 4090 
Rejected: 5745 
Bloom filter conflicts: 3271 
(68.55% total skipped)
Most recent URL: https://docs.newrelic.com/docs/logs/forward-logs/logstash-plugin-log-forwarding/
URLs checked: 13153 
Pages crawled: 4091 
Rejected: 5745 
Bloom filter conflicts: 3271 
(68.55% total skipped)
Most recent URL: https://datatracker.ietf.org/group/nomcom2020/photos/
URLs checked: 13157 
Pages crawled: 4092 
Rejected: 5748 
Bloom filter conflicts: 3271 
(68.55% total skipped)
Most recent URL: https://www.google.com.br/websearch/answer/9910360?hl=en&ref_topic=9739148
URLs checked: 13162 
Pages crawled: 4093 
Rejected: 5751 
Bloom filter conflicts: 3272 
(68.55% total skipped)
Most recent URL: https://fb.com/policies/community-standards/suicide-self-injury/
URLs checked: 13164 
Pages crawled: 4094 
Rejected: 5751 
Bloom filter conflicts: 3273 
(68.55% total skipped)
Most recent URL: https://www.tradingview.com/chart/CRUS/7n14RekB-LONG-CRUS-20-returns/
URLs checked: 13165 
Pages crawled: 4095 
Rejected: 5751 
Bloom filter conflicts: 3273 
(68.55% total skipped)
Most recent URL: https://shop.merriam-webster.com/?utm_source=mwsite&utm_medium=nav&utm_content=header
URLs checked: 13167 
Pages crawled: 4096 
Rejected: 5752 
Bloom filter conflicts: 3273 
(68.54% total skipped)
Most recent URL: https://www.mayoclinic.org/departments-centers/pain-rehabilitation-center/sections/overview/ovc-20481691
URLs checked: 13168 
Pages crawled: 4097 
Rejected: 5752 
Bloom filter conflicts: 3273 
(68.54% total skipped)
Most recent URL: https://getpocket.com/collections/what-writers-and-editors-read-october-2023
URLs checked: 13169 
Pages crawled: 4098 
Rejected: 5752 
Bloom filter conflicts: 3273 
(68.53% total skipped)
Most recent URL: https://eset.com/int/business/solutions/learn-more-about-cloud-app-protection/
URLs checked: 13170 
Pages crawled: 4099 
Rejected: 5752 
Bloom filter conflicts: 3273 
(68.53% total skipped)
Most recent URL: https://www.digitalocean.com/community/tutorials/how-to-use-top-netstat-du-other-tools-to-monitor-server-resources?comment=97204
URLs checked: 13171 
Pages crawled: 4100 
Rejected: 5752 
Bloom filter conflicts: 3273 
(68.52% total skipped)
Most recent URL: https://www.cnbc.com/2023/11/08/-why-oil-is-down-since-the-hamas-israel-conflict-started-and-whether-that-can-last.html
URLs checked: 13173 
Pages crawled: 4101 
Rejected: 5752 
Bloom filter conflicts: 3274 
(68.52% total skipped)
Most recent URL: https://www.wsj.com/video/browse/news/us-news?mod=nav_top_subsection
URLs checked: 13179 
Pages crawled: 4102 
Rejected: 5757 
Bloom filter conflicts: 3274 
(68.53% total skipped)
Most recent URL: https://stackoverflow.com/users/login?ssrc=head&returnurl=https%3a%2f%2fstackoverflow.com%2fusers%2f18097189%2fpawan-vishwakarma%3ftab%3dprofile
URLs checked: 13180 
Pages crawled: 4103 
Rejected: 5757 
Bloom filter conflicts: 3274 
(68.52% total skipped)
Most recent URL: https://support.dnsmadeeasy.com/support/solutions/articles/47001001292-add-a-domain-managed-
URLs checked: 13181 
Pages crawled: 4104 
Rejected: 5757 
Bloom filter conflicts: 3274 
(68.52% total skipped)
Most recent URL: https://ring.com/products/spotlight-cam-pro-plug-in
URLs checked: 13183 
Pages crawled: 4105 
Rejected: 5758 
Bloom filter conflicts: 3274 
(68.51% total skipped)
Most recent URL: https://time.com/collection/time100-companies-2023/6285133/lanzatech/
URLs checked: 13185 
Pages crawled: 4106 
Rejected: 5758 
Bloom filter conflicts: 3275 
(68.51% total skipped)
Most recent URL: https://cnet.com/home/kitchen-and-household/cheapest-meal-delivery-service/
URLs checked: 13188 
Pages crawled: 4107 
Rejected: 5758 
Bloom filter conflicts: 3277 
(68.51% total skipped)
Most recent URL: https://www.braze.com/docs/partners/message_orchestration/channel_extensions/ecommerce/shopify/shopify_catalogs/
URLs checked: 13190 
Pages crawled: 4108 
Rejected: 5758 
Bloom filter conflicts: 3278 
(68.51% total skipped)
Most recent URL: https://badoo.com/en-us/dating/united-kingdom/north-west-england/thornton-cleveleys/
URLs checked: 13191 
Pages crawled: 4109 
Rejected: 5758 
Bloom filter conflicts: 3278 
(68.50% total skipped)
Most recent URL: https://verkada.com/webinars/
URLs checked: 13192 
Pages crawled: 4110 
Rejected: 5758 
Bloom filter conflicts: 3278 
(68.50% total skipped)
Most recent URL: https://hipages.com.au/find/roof_repairs/tas
URLs checked: 13204 
Pages crawled: 4111 
Rejected: 5767 
Bloom filter conflicts: 3280 
(68.52% total skipped)
Most recent URL: https://theverge.com/2023/4/20/23689570/activitypub-protocol-standard-social-network
URLs checked: 13209 
Pages crawled: 4112 
Rejected: 5771 
Bloom filter conflicts: 3280 
(68.52% total skipped)
Most recent URL: https://addtoany.com/buttons/customize/drupal/square_icons
URLs checked: 13211 
Pages crawled: 4113 
Rejected: 5772 
Bloom filter conflicts: 3280 
(68.52% total skipped)
Most recent URL: https://rackspace.com/applications/applications/rackspace-email
URLs checked: 13212 
Pages crawled: 4114 
Rejected: 5772 
Bloom filter conflicts: 3280 
(68.51% total skipped)
Most recent URL: https://www.ietf.org/search
URLs checked: 13214 
Pages crawled: 4115 
Rejected: 5773 
Bloom filter conflicts: 3280 
(68.51% total skipped)
Most recent URL: https://savannah.gnu.org/account/login.php?uri=%2Fprojects%2Fwww-es
URLs checked: 13215 
Pages crawled: 4116 
Rejected: 5773 
Bloom filter conflicts: 3280 
(68.51% total skipped)
Most recent URL: https://www.google.com.br/accounts/answer/58585?hl=en&ref_topic=3382296
URLs checked: 13227 
Pages crawled: 4117 
Rejected: 5783 
Bloom filter conflicts: 3281 
(68.53% total skipped)
Most recent URL: https://getpocket.com/collections/page/5
URLs checked: 13234 
Pages crawled: 4118 
Rejected: 5786 
Bloom filter conflicts: 3284 
(68.54% total skipped)
Most recent URL: https://docs.digitalocean.com/products/app-platform/reference/buildpacks/php/
URLs checked: 13236 
Pages crawled: 4119 
Rejected: 5786 
Bloom filter conflicts: 3285 
(68.53% total skipped)
Most recent URL: https://www.cnet.com/tech/services-and-software/best-iphone-vpn/
URLs checked: 13241 
Pages crawled: 4120 
Rejected: 5787 
Bloom filter conflicts: 3288 
(68.54% total skipped)
Most recent URL: https://time.com/charter/6260713/the-most-important-factor-for-predicting-cohesion-and-conflict-at-work/
URLs checked: 13244 
Pages crawled: 4121 
Rejected: 5787 
Bloom filter conflicts: 3290 
(68.54% total skipped)
Most recent URL: https://www.gumgum.com/blog-categories/connected-tv
URLs checked: 13245 
Pages crawled: 4122 
Rejected: 5787 
Bloom filter conflicts: 3290 
(68.53% total skipped)
Most recent URL: https://fb.com/
URLs checked: 13246 
Pages crawled: 4123 
Rejected: 5787 
Bloom filter conflicts: 3290 
(68.53% total skipped)
Most recent URL: https://www.addtoany.com/buttons/customize/wordpress/link_tracking
URLs checked: 13248 
Pages crawled: 4124 
Rejected: 5788 
Bloom filter conflicts: 3290 
(68.52% total skipped)
Most recent URL: https://www.dnsmadeeasy.com/dnsme/blog
URLs checked: 13250 
Pages crawled: 4125 
Rejected: 5789 
Bloom filter conflicts: 3290 
(68.52% total skipped)
Most recent URL: https://en-uk.ring.com/pages/apartments
URLs checked: 13251 
Pages crawled: 4126 
Rejected: 5789 
Bloom filter conflicts: 3290 
(68.52% total skipped)
Most recent URL: https://stackoverflow.com/users/5253603/morgan-hayes
URLs checked: 13252 
Pages crawled: 4127 
Rejected: 5789 
Bloom filter conflicts: 3290 
(68.51% total skipped)
Most recent URL: https://www.healthline.com/health/hernia
URLs checked: 13253 
Pages crawled: 4128 
Rejected: 5789 
Bloom filter conflicts: 3290 
(68.51% total skipped)
Most recent URL: https://mailchimp.com/developer/marketing/api/list-members/
URLs checked: 13256 
Pages crawled: 4129 
Rejected: 5790 
Bloom filter conflicts: 3291 
(68.50% total skipped)
Most recent URL: https://store.steampowered.com/?snr=1_1050_curatorsreviewing__global-responsive-menu
URLs checked: 13257 
Pages crawled: 4130 
Rejected: 5790 
Bloom filter conflicts: 3291 
(68.50% total skipped)
Most recent URL: https://theverge.com/2017/5/15/15640596/google-android-auto-audi-volvo-apple-carplay-io-2017
URLs checked: 13258 
Pages crawled: 4131 
Rejected: 5790 
Bloom filter conflicts: 3291 
(68.49% total skipped)
Most recent URL: https://www.wix.com/blog/how-to-start-a-business-in-connecticut
URLs checked: 13262 
Pages crawled: 4132 
Rejected: 5791 
Bloom filter conflicts: 3293 
(68.50% total skipped)
Most recent URL: https://t-mobile.com/offers/apple-iphone-deals?INTNAV=tNav%3ADeals%3AApple
URLs checked: 13263 
Pages crawled: 4133 
Rejected: 5791 
Bloom filter conflicts: 3293 
(68.49% total skipped)
Most recent URL: https://merriam-webster.com/thesaurus/imaged
URLs checked: 13264 
Pages crawled: 4134 
Rejected: 5791 
Bloom filter conflicts: 3293 
(68.49% total skipped)
Most recent URL: https://datatracker.ietf.org/doc/draft-ietf-mls-protocol/09/
URLs checked: 13265 
Pages crawled: 4135 
Rejected: 5791 
Bloom filter conflicts: 3293 
(68.48% total skipped)
Most recent URL: https://tradingview.com/symbols/EURUSD/
URLs checked: 13266 
Pages crawled: 4136 
Rejected: 5791 
Bloom filter conflicts: 3293 
(68.48% total skipped)
Most recent URL: https://sophos.com/en-us/public-cloud
URLs checked: 13268 
Pages crawled: 4137 
Rejected: 5791 
Bloom filter conflicts: 3294 
(68.47% total skipped)
Most recent URL: https://www.wsj.com/news/types/latin-america-news?mod=nav_top_subsection
URLs checked: 13273 
Pages crawled: 4138 
Rejected: 5793 
Bloom filter conflicts: 3296 
(68.48% total skipped)
Most recent URL: https://nature.com/opinion?page=516
URLs checked: 13275 
Pages crawled: 4139 
Rejected: 5793 
Bloom filter conflicts: 3297 
(68.47% total skipped)
Most recent URL: https://www.edd.ca.gov/en/disability/general_information/
URLs checked: 13276 
Pages crawled: 4140 
Rejected: 5793 
Bloom filter conflicts: 3297 
(68.47% total skipped)
Most recent URL: https://getpocket.com/explore/parenting
URLs checked: 13277 
Pages crawled: 4141 
Rejected: 5793 
Bloom filter conflicts: 3297 
(68.46% total skipped)
Most recent URL: https://www.google.com.br/accounts/answer/6304920?hl=en&ref_topic=3382296
URLs checked: 13279 
Pages crawled: 4142 
Rejected: 5794 
Bloom filter conflicts: 3297 
(68.46% total skipped)
Most recent URL: https://www.cnet.com/profiles/mecombs/
URLs checked: 13284 
Pages crawled: 4143 
Rejected: 5798 
Bloom filter conflicts: 3297 
(68.47% total skipped)
Most recent URL: https://support.dnsmadeeasy.com/support/solutions/47000450413
URLs checked: 13286 
Pages crawled: 4144 
Rejected: 5799 
Bloom filter conflicts: 3297 
(68.46% total skipped)
Most recent URL: https://gnu.org/press/gnome-1.0.html
URLs checked: 13288 
Pages crawled: 4145 
Rejected: 5800 
Bloom filter conflicts: 3297 
(68.46% total skipped)
Most recent URL: https://www.google.com.br/intl/en/stories/disability-activist-stacey-milbern/
URLs checked: 13289 
Pages crawled: 4146 
Rejected: 5800 
Bloom filter conflicts: 3297 
(68.46% total skipped)
Most recent URL: https://addtoany.com/buttons/customize/twitter_message
URLs checked: 13291 
Pages crawled: 4147 
Rejected: 5801 
Bloom filter conflicts: 3297 
(68.45% total skipped)
Most recent URL: https://fb.com/policies/other-policies/
URLs checked: 13295 
Pages crawled: 4148 
Rejected: 5804 
Bloom filter conflicts: 3297 
(68.45% total skipped)
Most recent URL: https://getpocket.com/collections/how-to-make-this-summers-barbecues-better-than-ever
URLs checked: 13299 
Pages crawled: 4149 
Rejected: 5804 
Bloom filter conflicts: 3300 
(68.46% total skipped)
Most recent URL: https://time.com/6335626/fallen-leaves-review/
URLs checked: 13302 
Pages crawled: 4150 
Rejected: 5804 
Bloom filter conflicts: 3302 
(68.46% total skipped)
Most recent URL: https://ring.com/collections/alarm-accessories
URLs checked: 13303 
Pages crawled: 4151 
Rejected: 5804 
Bloom filter conflicts: 3302 
(68.45% total skipped)
Most recent URL: https://www.wix.com/encyclopedia/definition/design-concept
URLs checked: 13304 
Pages crawled: 4152 
Rejected: 5804 
Bloom filter conflicts: 3302 
(68.45% total skipped)
Most recent URL: https://theverge.com/2023/4/20/23691831/twitter-blue-verified-celebrity-lebron-james-stephen-king
URLs checked: 13305 
Pages crawled: 4153 
Rejected: 5804 
Bloom filter conflicts: 3302 
(68.44% total skipped)
Most recent URL: https://verkada.com/security-cameras/multisensor/
URLs checked: 13306 
Pages crawled: 4154 
Rejected: 5804 
Bloom filter conflicts: 3302 
(68.44% total skipped)
Most recent URL: https://docs.digitalocean.com/products/databases/postgresql/details/supported-extensions/
URLs checked: 13307 
Pages crawled: 4155 
Rejected: 5804 
Bloom filter conflicts: 3302 
(68.43% total skipped)
Most recent URL: https://onetrust.com/testing-page/
URLs checked: 13308 
Pages crawled: 4156 
Rejected: 5804 
Bloom filter conflicts: 3302 
(68.43% total skipped)
Most recent URL: https://www.mayoclinic.org/diseases-conditions/compulsive-sexual-behavior/symptoms-causes/syc-20360434
URLs checked: 13309 
Pages crawled: 4157 
Rejected: 5804 
Bloom filter conflicts: 3302 
(68.42% total skipped)
Most recent URL: https://www.sophos.com/en-us/legal/mdr-description
URLs checked: 13310 
Pages crawled: 4158 
Rejected: 5804 
Bloom filter conflicts: 3302 
(68.41% total skipped)
Most recent URL: https://tradingview.com/symbols/LSE-0HIY/
URLs checked: 13312 
Pages crawled: 4159 
Rejected: 5804 
Bloom filter conflicts: 3303 
(68.41% total skipped)
Most recent URL: https://store.steampowered.com/app/1599340/Lost_Ark/
URLs checked: 13313 
Pages crawled: 4160 
Rejected: 5804 
Bloom filter conflicts: 3303 
(68.41% total skipped)
Most recent URL: https://badoo.com/dating/united-states/texas/dallas/page-2/
URLs checked: 13314 
Pages crawled: 4161 
Rejected: 5804 
Bloom filter conflicts: 3303 
(68.40% total skipped)
Most recent URL: https://healthline.com/rheumatoid-arthritis
URLs checked: 13316 
Pages crawled: 4162 
Rejected: 5805 
Bloom filter conflicts: 3303 
(68.40% total skipped)
Most recent URL: https://merriam-webster.com/thesaurus/commixed
URLs checked: 13318 
Pages crawled: 4163 
Rejected: 5806 
Bloom filter conflicts: 3303 
(68.40% total skipped)
Most recent URL: https://www.rackspace.com/information/legal/privacystatement/applications/sharepoint
URLs checked: 13319 
Pages crawled: 4164 
Rejected: 5806 
Bloom filter conflicts: 3303 
(68.39% total skipped)
Most recent URL: https://www.braze.com/docs/developer_guide/platform_integration_guides/android/push_notifications/fireos/push_story/
URLs checked: 13322 
Pages crawled: 4165 
Rejected: 5808 
Bloom filter conflicts: 3303 
(68.39% total skipped)
Most recent URL: https://stackoverflow.com/q/52522565
URLs checked: 13324 
Pages crawled: 4166 
Rejected: 5809 
Bloom filter conflicts: 3303 
(68.39% total skipped)
Most recent URL: https://hipages.com.au/find/roof_repairs_roof_tile_replacement/tuggeranong_region
URLs checked: 13330 
Pages crawled: 4167 
Rejected: 5814 
Bloom filter conflicts: 3303 
(68.39% total skipped)
Most recent URL: https://support.dnsmadeeasy.com/support/solutions/articles/47001215106-how-to-delete-a-domain-single-
URLs checked: 13333 
Pages crawled: 4168 
Rejected: 5814 
Bloom filter conflicts: 3305 
(68.39% total skipped)
Most recent URL: https://savannah.gnu.org/support/?group=www-es&func=browse&set=open
URLs checked: 13334 
Pages crawled: 4169 
Rejected: 5814 
Bloom filter conflicts: 3305 
(68.39% total skipped)
Most recent URL: https://ring.com/products/home-configurator
URLs checked: 13336 
Pages crawled: 4170 
Rejected: 5815 
Bloom filter conflicts: 3305 
(68.39% total skipped)
Most recent URL: https://www.edd.ca.gov/en/disability/employer_requirements/
URLs checked: 13337 
Pages crawled: 4171 
Rejected: 5815 
Bloom filter conflicts: 3305 
(68.38% total skipped)
Most recent URL: https://getpocket.com/collections/ajp-artists-storytelling
URLs checked: 13343 
Pages crawled: 4172 
Rejected: 5817 
Bloom filter conflicts: 3308 
(68.39% total skipped)
Most recent URL: https://newrelic.com/instant-observability/infrastructure
URLs checked: 13345 
Pages crawled: 4173 
Rejected: 5818 
Bloom filter conflicts: 3308 
(68.39% total skipped)
Most recent URL: https://time.com/charter/6333713/charter-the-reasons-behind-the-gender-wage-gap-might-surprise-you/
URLs checked: 13349 
Pages crawled: 4174 
Rejected: 5818 
Bloom filter conflicts: 3311 
(68.39% total skipped)
Most recent URL: https://cnet.com/home/kitchen-and-household/hungryroot-review/
URLs checked: 13367 
Pages crawled: 4175 
Rejected: 5833 
Bloom filter conflicts: 3313 
(68.42% total skipped)
Most recent URL: https://fb.com/data/help/637205020878504
URLs checked: 13368 
Pages crawled: 4176 
Rejected: 5833 
Bloom filter conflicts: 3313 
(68.42% total skipped)
Most recent URL: https://addtoany.com/buttons/customize/wordpress/translation_localization
URLs checked: 13369 
Pages crawled: 4177 
Rejected: 5833 
Bloom filter conflicts: 3313 
(68.41% total skipped)
Most recent URL: https://theverge.com/2023/8/29/23849375/kosa-child-safety-free-speech-louisiana-utah-parental-consent
URLs checked: 13377 
Pages crawled: 4178 
Rejected: 5837 
Bloom filter conflicts: 3316 
(68.42% total skipped)
Most recent URL: https://gumgum.com/contact?utm_medium=stickybar&utm_source=website&utm_campaign=gumgum%20contact%20us
URLs checked: 13379 
Pages crawled: 4179 
Rejected: 5838 
Bloom filter conflicts: 3316 
(68.42% total skipped)
Most recent URL: https://docs.digitalocean.com/products/billing/taxes/eu/
URLs checked: 13380 
Pages crawled: 4180 
Rejected: 5838 
Bloom filter conflicts: 3316 
(68.42% total skipped)
Most recent URL: https://rackspace.com/applications/industry/automotive-transportation
URLs checked: 13381 
Pages crawled: 4181 
Rejected: 5838 
Bloom filter conflicts: 3316 
(68.41% total skipped)
Most recent URL: https://stackoverflow.com/users/18606142/likhith-kumar
URLs checked: 13382 
Pages crawled: 4182 
Rejected: 5838 
Bloom filter conflicts: 3316 
(68.41% total skipped)
Most recent URL: https://docs.newrelic.com/docs/browser/new-relic-browser/troubleshooting/troubleshoot-ajax-data-collection/
URLs checked: 13383 
Pages crawled: 4183 
Rejected: 5838 
Bloom filter conflicts: 3316 
(68.40% total skipped)
Most recent URL: https://www.t-mobile.com/coverage/4g-lte-5g-networks?icid=MGPO_TMO_U_JUMPOD_B78FWMBS2432AMSBU21320
URLs checked: 13384 
Pages crawled: 4184 
Rejected: 5838 
Bloom filter conflicts: 3316 
(68.40% total skipped)
Most recent URL: https://tradingview.com/symbols/NASDAQ-BJRI/financials-statistics-and-ratios/price-earnings/
URLs checked: 13385 
Pages crawled: 4185 
Rejected: 5838 
Bloom filter conflicts: 3316 
(68.39% total skipped)
Most recent URL: https://www.wix.com/encyclopedia/letter/f
URLs checked: 13388 
Pages crawled: 4186 
Rejected: 5838 
Bloom filter conflicts: 3318 
(68.39% total skipped)
Most recent URL: https://www.healthline.com/health/headache-warning-signs?utm_source=ReadNext
URLs checked: 13389 
Pages crawled: 4187 
Rejected: 5838 
Bloom filter conflicts: 3318 
(68.38% total skipped)
Most recent URL: https://merriam-webster.com/thesaurus/mollycoddles
URLs checked: 13390 
Pages crawled: 4188 
Rejected: 5838 
Bloom filter conflicts: 3318 
(68.38% total skipped)
Most recent URL: https://www.nature.com/articles/d41586-023-03624-z
URLs checked: 13391 
Pages crawled: 4189 
Rejected: 5838 
Bloom filter conflicts: 3318 
(68.37% total skipped)
Most recent URL: https://hipages.com.au/find/roof_repairs/sa/modbury
URLs checked: 13392 
Pages crawled: 4190 
Rejected: 5838 
Bloom filter conflicts: 3318 
(68.37% total skipped)
Most recent URL: https://www.wsj.com/sports/hockey?mod=nav_top_subsection
URLs checked: 13403 
Pages crawled: 4191 
Rejected: 5848 
Bloom filter conflicts: 3318 
(68.39% total skipped)
Most recent URL: https://datatracker.ietf.org/wg/mops/photos/
URLs checked: 13412 
Pages crawled: 4192 
Rejected: 5853 
Bloom filter conflicts: 3321 
(68.40% total skipped)
Most recent URL: https://getpocket.com/explore/item/loaded-breakfast-sweet-potatoes
URLs checked: 13419 
Pages crawled: 4193 
Rejected: 5854 
Bloom filter conflicts: 3326 
(68.41% total skipped)
Most recent URL: https://university.gumgum.com/courses/contextual-advertising-certification
URLs checked: 13424 
Pages crawled: 4194 
Rejected: 5857 
Bloom filter conflicts: 3327 
(68.41% total skipped)
Most recent URL: https://addtoany.com/buttons/customize/twitter_tweet_button
URLs checked: 13425 
Pages crawled: 4195 
Rejected: 5857 
Bloom filter conflicts: 3327 
(68.41% total skipped)
Most recent URL: https://www.onetrust.com/careers/
URLs checked: 13427 
Pages crawled: 4196 
Rejected: 5857 
Bloom filter conflicts: 3328 
(68.41% total skipped)
Most recent URL: https://theverge.com/23674658/best-android-phone
URLs checked: 13428 
Pages crawled: 4197 
Rejected: 5857 
Bloom filter conflicts: 3328 
(68.40% total skipped)
Most recent URL: https://stackoverflow.com/users/11120743/ryan-c
URLs checked: 13429 
Pages crawled: 4198 
Rejected: 5857 
Bloom filter conflicts: 3328 
(68.40% total skipped)
Most recent URL: https://cnet.com/tech/services-and-software/tunnelbear-vpn-review-the-overpriced-ursine-has-trouble-living-up-to-the-hype/
URLs checked: 13431 
Pages crawled: 4199 
Rejected: 5857 
Bloom filter conflicts: 3329 
(68.39% total skipped)
Most recent URL: https://newrelic.com/pricing/compute
URLs checked: 13432 
Pages crawled: 4200 
Rejected: 5857 
Bloom filter conflicts: 3329 
(68.39% total skipped)
Most recent URL: https://www.dnsmadeeasy.com/post/optimized-dns-for-singapore-sg
URLs checked: 13433 
Pages crawled: 4201 
Rejected: 5857 
Bloom filter conflicts: 3329 
(68.38% total skipped)
Most recent URL: https://docs.digitalocean.com/products/app-platform/how-to/manage-jobs/
URLs checked: 13434 
Pages crawled: 4202 
Rejected: 5857 
Bloom filter conflicts: 3329 
(68.38% total skipped)
Most recent URL: https://www.healthline.com/health/hemarthrosis
URLs checked: 13436 
Pages crawled: 4203 
Rejected: 5857 
Bloom filter conflicts: 3330 
(68.38% total skipped)
Most recent URL: https://www.tradingview.com/scripts/pivotpointsandlevels/
URLs checked: 13437 
Pages crawled: 4204 
Rejected: 5857 
Bloom filter conflicts: 3330 
(68.37% total skipped)
Most recent URL: https://www.t-mobile.com/cell-phone-plans?icid=MGPO_TMO_P_EVGHPPLANS_VCWKJFZCKCA7R27F34894
URLs checked: 13438 
Pages crawled: 4205 
Rejected: 5857 
Bloom filter conflicts: 3330 
(68.37% total skipped)
Most recent URL: https://badoo.com/dating/united-states/california/san-diego/
URLs checked: 13441 
Pages crawled: 4206 
Rejected: 5859 
Bloom filter conflicts: 3330 
(68.37% total skipped)
Most recent URL: https://rackspace.com/information/legal/data/data-lakes
URLs checked: 13442 
Pages crawled: 4207 
Rejected: 5859 
Bloom filter conflicts: 3330 
(68.36% total skipped)
Most recent URL: https://hipages.com.au/find/window_repairs/sa/parafield_gardens
URLs checked: 13451 
Pages crawled: 4208 
Rejected: 5866 
Bloom filter conflicts: 3331 
(68.37% total skipped)
Most recent URL: https://www.mayoclinic.org/departments-centers/brain-tumor-program/sections/doctors-by-location-and-specialty/gnc-20440413
URLs checked: 13459 
Pages crawled: 4209 
Rejected: 5872 
Bloom filter conflicts: 3332 
(68.39% total skipped)
Most recent URL: https://support.eset.com/en/kb2728-do-i-have-the-latest-version-of-eset-nod32-antivirus-4-for-linux-desktop
URLs checked: 13461 
Pages crawled: 4210 
Rejected: 5872 
Bloom filter conflicts: 3333 
(68.38% total skipped)
Most recent URL: https://support.wix.com/en/article/wix-studio-faqs-using-the-wix-editor
URLs checked: 13464 
Pages crawled: 4211 
Rejected: 5874 
Bloom filter conflicts: 3333 
(68.38% total skipped)
Most recent URL: https://support.dnsmadeeasy.com/support/solutions/47000521397
URLs checked: 13465 
Pages crawled: 4212 
Rejected: 5874 
Bloom filter conflicts: 3333 
(68.38% total skipped)
Most recent URL: https://en-uk.ring.com/products/3-pack-spotlight-cam-plus-plug-in
URLs checked: 13466 
Pages crawled: 4213 
Rejected: 5874 
Bloom filter conflicts: 3333 
(68.37% total skipped)
Most recent URL: https://getpocket.com/explore/item/that-time-the-french-aristocracy-was-obsessed-with-sexy-face-stickers
URLs checked: 13468 
Pages crawled: 4214 
Rejected: 5875 
Bloom filter conflicts: 3333 
(68.37% total skipped)
Most recent URL: https://google.com.br/support/websearch?p=ws_cookies_notif&hl=en
URLs checked: 13475 
Pages crawled: 4215 
Rejected: 5876 
Bloom filter conflicts: 3338 
(68.38% total skipped)
Most recent URL: https://www.edd.ca.gov/en/disability/SDI_Online_Tutorials/
URLs checked: 13476 
Pages crawled: 4216 
Rejected: 5876 
Bloom filter conflicts: 3338 
(68.37% total skipped)
Most recent URL: https://docs.newrelic.com/docs/mobile-monitoring/new-relic-monitoring-react-native/monitor-your-react-native-application/
URLs checked: 13477 
Pages crawled: 4217 
Rejected: 5876 
Bloom filter conflicts: 3338 
(68.37% total skipped)
Most recent URL: https://merriam-webster.com/thesaurus/rose (to)
URLs checked: 13481 
Pages crawled: 4218 
Rejected: 5879 
Bloom filter conflicts: 3338 
(68.37% total skipped)
Most recent URL: https://www.wsj.com/pro/sustainable-business?mod=nav_top_subsection
URLs checked: 13481 
Pages crawled: 4219 
Rejected: 5879 
Bloom filter conflicts: 3338 
(68.37% total skipped)
Most recent URL: https://www.braze.com/docs/user_guide/engagement_tools/campaigns/ideas_and_strategies/
URLs checked: 13484 
Pages crawled: 4220 
Rejected: 5880 
Bloom filter conflicts: 3338 
(68.36% total skipped)
Most recent URL: https://www.healthline.com/health-news/why-prime-and-other-energy-drinks-can-be-dangerous-especially-for-kids
URLs checked: 13489 
Pages crawled: 4221 
Rejected: 5884 
Bloom filter conflicts: 3338 
(68.37% total skipped)
Most recent URL: https://theverge.com/23484927/amazon-kindle-scribe-e-reader-notetaking-pen-review
URLs checked: 13491 
Pages crawled: 4222 
Rejected: 5884 
Bloom filter conflicts: 3339 
(68.36% total skipped)
Most recent URL: https://www.gumgum.com/terms-and-policies/vendors-dpa
URLs checked: 13493 
Pages crawled: 4223 
Rejected: 5884 
Bloom filter conflicts: 3340 
(68.36% total skipped)
Most recent URL: https://www.cnet.com/deals/best-vpn-sales-and-deals-right-now/
URLs checked: 13494 
Pages crawled: 4224 
Rejected: 5884 
Bloom filter conflicts: 3340 
(68.36% total skipped)
Most recent URL: https://sophos.com/en-us/oem/resources
URLs checked: 13495 
Pages crawled: 4225 
Rejected: 5884 
Bloom filter conflicts: 3340 
(68.35% total skipped)
Most recent URL: https://www.t-mobile.com/tv-streaming/vix-plus-deal?icid=HEIS_ISW_P_HMEINTRNET_7W8OLS379YIJVIR332134
URLs checked: 13496 
Pages crawled: 4226 
Rejected: 5884 
Bloom filter conflicts: 3340 
(68.35% total skipped)
Most recent URL: https://stackoverflow.com/questions/tagged/python-wheel?tab=Votes
URLs checked: 13502 
Pages crawled: 4227 
Rejected: 5889 
Bloom filter conflicts: 3340 
(68.35% total skipped)
Most recent URL: https://badoo.com/en-gb/the-blog/dating-tips/how-to-talk-about-sexual-health-with-a-date
URLs checked: 13503 
Pages crawled: 4228 
Rejected: 5889 
Bloom filter conflicts: 3340 
(68.35% total skipped)
Most recent URL: https://addtoany.com/buttons/for/website/subscribe
URLs checked: 13504 
Pages crawled: 4229 
Rejected: 5889 
Bloom filter conflicts: 3340 
(68.34% total skipped)
Most recent URL: https://store.steampowered.com/greatondeck/?snr=1_communityrecommendations_4__category-menu
URLs checked: 13505 
Pages crawled: 4230 
Rejected: 5889 
Bloom filter conflicts: 3340 
(68.34% total skipped)
Most recent URL: https://www.mayoclinic.org/tests-procedures/brachytherapy/about/pac-20385159
URLs checked: 13508 
Pages crawled: 4231 
Rejected: 5890 
Bloom filter conflicts: 3341 
(68.34% total skipped)
Most recent URL: https://google.com.br/websearch/answer/6096136?hl=en&ref_topic=3378866
URLs checked: 13510 
Pages crawled: 4232 
Rejected: 5891 
Bloom filter conflicts: 3341 
(68.33% total skipped)
Most recent URL: https://admin.mailchimp.com/audience/?ref=plums_nav
URLs checked: 13520 
Pages crawled: 4233 
Rejected: 5898 
Bloom filter conflicts: 3343 
(68.35% total skipped)
Most recent URL: https://fb.com/help/?ref=pf
URLs checked: 13528 
Pages crawled: 4234 
Rejected: 5905 
Bloom filter conflicts: 3343 
(68.36% total skipped)
Most recent URL: https://support.dnsmadeeasy.com/support/solutions/articles/47001001028-sub-users-groups-and-permissions
URLs checked: 13531 
Pages crawled: 4235 
Rejected: 5906 
Bloom filter conflicts: 3344 
(68.36% total skipped)
Most recent URL: https://www.google.com.br/websearch/answer/13128452?hl=en&ref_topic=3081620
URLs checked: 13537 
Pages crawled: 4236 
Rejected: 5909 
Bloom filter conflicts: 3346 
(68.37% total skipped)
Most recent URL: https://www.t-mobile.com/coverage/international-calling?icid=MGPO_TMO_C_BRNDBNFITS_6QC8DHIO9NFFEE2833913
URLs checked: 13538 
Pages crawled: 4237 
Rejected: 5909 
Bloom filter conflicts: 3346 
(68.36% total skipped)
Most recent URL: https://www.tradingview.com/chart/U/ncGTEArv-Breakout-on-U-stock/
URLs checked: 13539 
Pages crawled: 4238 
Rejected: 5909 
Bloom filter conflicts: 3346 
(68.36% total skipped)
Most recent URL: https://docs.digitalocean.com/reference/doctl/reference/apps
URLs checked: 13541 
Pages crawled: 4239 
Rejected: 5910 
Bloom filter conflicts: 3346 
(68.36% total skipped)
Most recent URL: https://www.addtoany.com/buttons/customize/multiple_buttons_customize
URLs checked: 13542 
Pages crawled: 4240 
Rejected: 5910 
Bloom filter conflicts: 3346 
(68.35% total skipped)
Most recent URL: https://www.cnet.com/deals/this-cyber-monday-save-over-45-on-my-favorite-cozy-sheet-set/
URLs checked: 13546 
Pages crawled: 4241 
Rejected: 5910 
Bloom filter conflicts: 3349 
(68.35% total skipped)
Most recent URL: https://newrelic.com/resources/ebooks/six-steps-to-achieve-business-observability
URLs checked: 13547 
Pages crawled: 4242 
Rejected: 5910 
Bloom filter conflicts: 3349 
(68.35% total skipped)
Most recent URL: https://gumgum.com/case-study/lincoln
URLs checked: 13548 
Pages crawled: 4243 
Rejected: 5910 
Bloom filter conflicts: 3349 
(68.34% total skipped)
Most recent URL: https://stackoverflow.com/users/11248066/raghav-goyal
URLs checked: 13549 
Pages crawled: 4244 
Rejected: 5910 
Bloom filter conflicts: 3349 
(68.34% total skipped)
Most recent URL: https://www.cnbc.com/2023/05/23/cacti-and-false-bananas-scientists-sketch-out-menus-of-the-future.html
URLs checked: 13555 
Pages crawled: 4245 
Rejected: 5911 
Bloom filter conflicts: 3353 
(68.34% total skipped)
Most recent URL: https://rackspace.com/information/legal/security/data-privacy-protection
URLs checked: 13558 
Pages crawled: 4246 
Rejected: 5913 
Bloom filter conflicts: 3353 
(68.34% total skipped)
Most recent URL: https://getpocket.com/explore/item/recipe-one-pot-tomato-chickpeas-and-orzo
URLs checked: 13560 
Pages crawled: 4247 
Rejected: 5914 
Bloom filter conflicts: 3353 
(68.34% total skipped)
Most recent URL: https://merriam-webster.com/thesaurus/delineated
URLs checked: 13561 
Pages crawled: 4248 
Rejected: 5914 
Bloom filter conflicts: 3353 
(68.34% total skipped)
Most recent URL: https://theverge.com/22698629/bose-quietcomfort-qc-45-headphones-review
URLs checked: 13563 
Pages crawled: 4249 
Rejected: 5915 
Bloom filter conflicts: 3353 
(68.33% total skipped)
Most recent URL: https://datatracker.ietf.org/doc/draft-reschke-http-jfv/references/
URLs checked: 13564 
Pages crawled: 4250 
Rejected: 5915 
Bloom filter conflicts: 3353 
(68.33% total skipped)
Most recent URL: https://mailchimp.com/developer/transactional/guides/send-first-email/
URLs checked: 13567 
Pages crawled: 4251 
Rejected: 5917 
Bloom filter conflicts: 3353 
(68.33% total skipped)
Most recent URL: https://ring.com/products/security-system-alarm-5-certified-refurbished
URLs checked: 13570 
Pages crawled: 4252 
Rejected: 5919 
Bloom filter conflicts: 3353 
(68.33% total skipped)
Most recent URL: https://nature.com/nature/journal-impact
URLs checked: 13574 
Pages crawled: 4253 
Rejected: 5919 
Bloom filter conflicts: 3356 
(68.33% total skipped)
Most recent URL: https://www.edd.ca.gov/farsi/
URLs checked: 13575 
Pages crawled: 4254 
Rejected: 5919 
Bloom filter conflicts: 3356 
(68.32% total skipped)
Most recent URL: https://badoo.com/dating/venezuela/page-2/
URLs checked: 13577 
Pages crawled: 4255 
Rejected: 5920 
Bloom filter conflicts: 3356 
(68.32% total skipped)
Most recent URL: https://hipages.com.au/article/how_much_does_a_concrete_retaining_wall_cost
URLs checked: 13579 
Pages crawled: 4256 
Rejected: 5921 
Bloom filter conflicts: 3356 
(68.32% total skipped)
Most recent URL: https://store.steampowered.com/app/782330/DOOM_Eternal/?snr=1_1056_4_franchise_curatorfeatureddiscount&curator_clanid=33028765
URLs checked: 13580 
Pages crawled: 4257 
Rejected: 5921 
Bloom filter conflicts: 3356 
(68.31% total skipped)
Most recent URL: https://newrelic.com/instant-observability/azure-web-apps
URLs checked: 13581 
Pages crawled: 4258 
Rejected: 5921 
Bloom filter conflicts: 3356 
(68.31% total skipped)
Most recent URL: https://care.healthline.com/find-care/search?what=Esophoria
URLs checked: 13584 
Pages crawled: 4259 
Rejected: 5921 
Bloom filter conflicts: 3358 
(68.31% total skipped)
Most recent URL: https://www.wsj.com/policy/copyright-policy
URLs checked: 13585 
Pages crawled: 4260 
Rejected: 5921 
Bloom filter conflicts: 3358 
(68.30% total skipped)
Most recent URL: https://google.com.br/websearch/answer/6096136?hl=en&ref_topic=9255574
URLs checked: 13592 
Pages crawled: 4261 
Rejected: 5926 
Bloom filter conflicts: 3359 
(68.31% total skipped)
Most recent URL: https://support.dnsmadeeasy.com/support/solutions/articles/47001001411-dkim-record
URLs checked: 13600 
Pages crawled: 4262 
Rejected: 5931 
Bloom filter conflicts: 3361 
(68.32% total skipped)
Most recent URL: https://www.google.com.br/websearch/answer/7674111?hl=en&ref_topic=3081620
URLs checked: 13601 
Pages crawled: 4263 
Rejected: 5931 
Bloom filter conflicts: 3361 
(68.32% total skipped)
Most recent URL: https://addtoany.com/services/trello_button
URLs checked: 13605 
Pages crawled: 4264 
Rejected: 5932 
Bloom filter conflicts: 3363 
(68.32% total skipped)
Most recent URL: https://stackoverflow.com/users/437242/gurehbgui
URLs checked: 13610 
Pages crawled: 4265 
Rejected: 5935 
Bloom filter conflicts: 3364 
(68.32% total skipped)
Most recent URL: https://www.wix.com/blog/how-to-make-a-personal-website
URLs checked: 13612 
Pages crawled: 4266 
Rejected: 5935 
Bloom filter conflicts: 3365 
(68.32% total skipped)
Most recent URL: https://www.academia.edu/about
URLs checked: 13613 
Pages crawled: 4267 
Rejected: 5935 
Bloom filter conflicts: 3365 
(68.32% total skipped)
Most recent URL: https://getpocket.com/explore/item/searching-for-the-nazi-who-saved-my-mother-s-life
URLs checked: 13615 
Pages crawled: 4268 
Rejected: 5935 
Bloom filter conflicts: 3366 
(68.31% total skipped)
Most recent URL: https://verkada.com/try/?utm_source=healthcare&utm_medium=solutions
URLs checked: 13617 
Pages crawled: 4269 
Rejected: 5936 
Bloom filter conflicts: 3366 
(68.31% total skipped)
Most recent URL: https://gumgum.com/guides/strategies-for-recession-advertising
URLs checked: 13618 
Pages crawled: 4270 
Rejected: 5936 
Bloom filter conflicts: 3366 
(68.31% total skipped)
Most recent URL: https://ring.com/products/security-system-alarm-pro-8-echo-show-5-stick-up-camera-bundle
URLs checked: 13621 
Pages crawled: 4271 
Rejected: 5938 
Bloom filter conflicts: 3366 
(68.31% total skipped)
Most recent URL: https://docs.digitalocean.com/products/app-platform/getting-started/sample-apps/nuxt.js/
URLs checked: 13622 
Pages crawled: 4272 
Rejected: 5938 
Bloom filter conflicts: 3366 
(68.30% total skipped)
Most recent URL: https://tradingview.com/eurex/
URLs checked: 13624 
Pages crawled: 4273 
Rejected: 5939 
Bloom filter conflicts: 3366 
(68.30% total skipped)
Most recent URL: https://newrelic.com/termsandconditions/communityterms
URLs checked: 13626 
Pages crawled: 4274 
Rejected: 5939 
Bloom filter conflicts: 3367 
(68.30% total skipped)
Most recent URL: https://cnet.com/health/sleep/best-mattress-for-back-pain/
URLs checked: 13627 
Pages crawled: 4275 
Rejected: 5939 
Bloom filter conflicts: 3367 
(68.29% total skipped)
Most recent URL: https://www.cnbc.com/2023/11/17/e-bike-firm-cowboy-targets-full-year-profitability-next-year.html
URLs checked: 13629 
Pages crawled: 4276 
Rejected: 5939 
Bloom filter conflicts: 3368 
(68.29% total skipped)
Most recent URL: https://store.steampowered.com/app/1812410/The_Elder_Scrolls_Adventures_Redguard/?snr=1_1056_4_franchise_1057&curator_clanid=33028765
URLs checked: 13630 
Pages crawled: 4277 
Rejected: 5939 
Bloom filter conflicts: 3368 
(68.28% total skipped)
Most recent URL: https://www.healthline.com/health/birth-control/barrier-methods-of-birth-control
URLs checked: 13634 
Pages crawled: 4278 
Rejected: 5939 
Bloom filter conflicts: 3371 
(68.29% total skipped)
Most recent URL: https://time.com/time100-next
URLs checked: 13635 
Pages crawled: 4279 
Rejected: 5939 
Bloom filter conflicts: 3371 
(68.28% total skipped)
Most recent URL: https://rackspace.com/information/legal/industry/financial-services
URLs checked: 13636 
Pages crawled: 4280 
Rejected: 5939 
Bloom filter conflicts: 3371 
(68.28% total skipped)
Most recent URL: https://www.npr.org/sections/health-shots/2023/11/06/1210507968/thai-chi-word-games-cognition-mentally-sharp-meditation-motion
URLs checked: 13642 
Pages crawled: 4281 
Rejected: 5944 
Bloom filter conflicts: 3371 
(68.28% total skipped)
Most recent URL: https://support.dnsmadeeasy.com/support/solutions/articles/47000967425-delete-backup-mail
URLs checked: 13643 
Pages crawled: 4282 
Rejected: 5944 
Bloom filter conflicts: 3371 
(68.28% total skipped)
Most recent URL: https://www.addtoany.com/buttons/customize/follow_buttons
URLs checked: 13644 
Pages crawled: 4283 
Rejected: 5944 
Bloom filter conflicts: 3371 
(68.27% total skipped)
Most recent URL: https://fb.com/groups/discover/
URLs checked: 13646 
Pages crawled: 4284 
Rejected: 5944 
Bloom filter conflicts: 3372 
(68.27% total skipped)
Most recent URL: https://merriam-webster.com/thesaurus/preoccupies
URLs checked: 13647 
Pages crawled: 4285 
Rejected: 5944 
Bloom filter conflicts: 3372 
(68.26% total skipped)
Most recent URL: https://www.wsj.com/podcasts/minute-briefing/wall-street-gears-up-for-fed-rate-cuts/B37B4382-2B45-4C7C-AF7A-ED3FFF9557DD?mod=error_page
URLs checked: 13648 
Pages crawled: 4286 
Rejected: 5944 
Bloom filter conflicts: 3372 
(68.26% total skipped)
Most recent URL: https://badoo.com/dating/united-kingdom/scotland-south/glasgow/
URLs checked: 13649 
Pages crawled: 4287 
Rejected: 5944 
Bloom filter conflicts: 3372 
(68.25% total skipped)
Most recent URL: https://www.braze.com/docs/user_guide/data_and_analytics/export_braze_data/opening_csv_reports_in_excel/
URLs checked: 13660 
Pages crawled: 4288 
Rejected: 5953 
Bloom filter conflicts: 3373 
(68.27% total skipped)
Most recent URL: https://datatracker.ietf.org/stats/document/authors/?type=rfc
URLs checked: 13661 
Pages crawled: 4289 
Rejected: 5953 
Bloom filter conflicts: 3373 
(68.27% total skipped)
Most recent URL: https://www.cnbc.com/application/pro/?__source=pro|globalfooter
URLs checked: 13664 
Pages crawled: 4290 
Rejected: 5955 
Bloom filter conflicts: 3373 
(68.27% total skipped)
Most recent URL: https://www.academia.edu/Jobs/At/Pontificia_Universidad_Catolica_del_Peru
URLs checked: 13665 
Pages crawled: 4291 
Rejected: 5955 
Bloom filter conflicts: 3373 
(68.26% total skipped)
Most recent URL: https://getpocket.com/explore/item/the-great-everywoman-outfit-contest-of-1915
URLs checked: 13666 
Pages crawled: 4292 
Rejected: 5955 
Bloom filter conflicts: 3373 
(68.26% total skipped)
Most recent URL: https://www.edd.ca.gov/en/about_edd/eddnext/benefiting-californians-august-2023/
URLs checked: 13667 
Pages crawled: 4293 
Rejected: 5955 
Bloom filter conflicts: 3373 
(68.25% total skipped)
Most recent URL: https://www.mayoclinic.org/tests-procedures/anesthesia/about/pac-20384568
URLs checked: 13669 
Pages crawled: 4294 
Rejected: 5955 
Bloom filter conflicts: 3374 
(68.25% total skipped)
Most recent URL: https://www.npr.org/2023/10/08/1198908483/15-minute-cities-paris-cleveland
URLs checked: 13670 
Pages crawled: 4295 
Rejected: 5955 
Bloom filter conflicts: 3374 
(68.24% total skipped)
Most recent URL: https://www.healthline.com/health/common-cold-symptoms
URLs checked: 13672 
Pages crawled: 4296 
Rejected: 5955 
Bloom filter conflicts: 3375 
(68.24% total skipped)
Most recent URL: https://time.com/collection/time100-next-2021/5937770/bart-staszewski/
URLs checked: 13673 
Pages crawled: 4297 
Rejected: 5955 
Bloom filter conflicts: 3375 
(68.24% total skipped)
Most recent URL: https://stackoverflow.com/questions/tagged/cdn
URLs checked: 13679 
Pages crawled: 4298 
Rejected: 5960 
Bloom filter conflicts: 3375 
(68.24% total skipped)
Most recent URL: https://store.steampowered.com/join/?redir=explore%2F%3Fl%3Dschinese%26redir%3Dexplore%252F%253Fsnr%253D1_subscriberagreement_RefundPolicy__global-responsive-menu%26redir_ssl%3D1%26snr%3D1_subscriberagreement_RefundPolicy__global-responsive-menu&snr=1_60_4__62
URLs checked: 13682 
Pages crawled: 4299 
Rejected: 5961 
Bloom filter conflicts: 3376 
(68.24% total skipped)
Most recent URL: https://google.com.br/websearch/answer/13856826?hl=en&ref_topic=3081620
URLs checked: 13686 
Pages crawled: 4300 
Rejected: 5964 
Bloom filter conflicts: 3376 
(68.24% total skipped)
Most recent URL: https://theverge.com/2023/5/4/23750910/command-line-inside-googles-culture-clash
URLs checked: 13687 
Pages crawled: 4301 
Rejected: 5964 
Bloom filter conflicts: 3376 
(68.24% total skipped)
Most recent URL: https://rackspace.com/about/industry/media-entertainment
URLs checked: 13688 
Pages crawled: 4302 
Rejected: 5964 
Bloom filter conflicts: 3376 
(68.23% total skipped)
Most recent URL: https://newrelic.com/termsandconditions/dataprotectionFAQ
URLs checked: 13690 
Pages crawled: 4303 
Rejected: 5964 
Bloom filter conflicts: 3377 
(68.23% total skipped)
Most recent URL: https://tradingview.com/symbols/NYSE-ORCL/financials-statistics-and-ratios/float-shares-outstanding/
URLs checked: 13691 
Pages crawled: 4304 
Rejected: 5964 
Bloom filter conflicts: 3377 
(68.23% total skipped)
Most recent URL: https://getpocket.com/collections/the-life-changing-magic-of-throwing-out-the-bucket-list
URLs checked: 13692 
Pages crawled: 4305 
Rejected: 5964 
Bloom filter conflicts: 3377 
(68.22% total skipped)
Most recent URL: https://www.eset.com/int/business/partner/isp-telco-operators/
URLs checked: 13693 
Pages crawled: 4306 
Rejected: 5964 
Bloom filter conflicts: 3377 
(68.22% total skipped)
Most recent URL: https://www.wsj.com/?mod=nav_top_section
URLs checked: 13696 
Pages crawled: 4307 
Rejected: 5966 
Bloom filter conflicts: 3377 
(68.22% total skipped)
Most recent URL: https://datatracker.ietf.org/accounts/login/?next=/wg/cbor/about/
URLs checked: 13702 
Pages crawled: 4308 
Rejected: 5970 
Bloom filter conflicts: 3378 
(68.22% total skipped)
Most recent URL: https://www.google.com.br/websearch/answer/13652412?hl=en&ref_topic=3285072
URLs checked: 13704 
Pages crawled: 4309 
Rejected: 5971 
Bloom filter conflicts: 3378 
(68.22% total skipped)
Most recent URL: https://www.ca.gov/service/?item=locate-a-california-prison-inmate
URLs checked: 13705 
Pages crawled: 4310 
Rejected: 5971 
Bloom filter conflicts: 3378 
(68.22% total skipped)
Most recent URL: https://ring.com/products/stick-up-security-camera-elite-poe
URLs checked: 13709 
Pages crawled: 4311 
Rejected: 5972 
Bloom filter conflicts: 3380 
(68.22% total skipped)
Most recent URL: https://time.com/6324741/israel-hostages/
URLs checked: 13710 
Pages crawled: 4312 
Rejected: 5972 
Bloom filter conflicts: 3380 
(68.21% total skipped)
Most recent URL: https://www.cnet.com/tech/home-entertainment/best-home-theater-projector/
URLs checked: 13711 
Pages crawled: 4313 
Rejected: 5972 
Bloom filter conflicts: 3380 
(68.21% total skipped)
Most recent URL: https://stackoverflow.com/questions/43467504/qradar-parsing-log
URLs checked: 13712 
Pages crawled: 4314 
Rejected: 5972 
Bloom filter conflicts: 3380 
(68.20% total skipped)
Most recent URL: https://www.healthline.com/health/healthy-eating-for-seniors
URLs checked: 13713 
Pages crawled: 4315 
Rejected: 5972 
Bloom filter conflicts: 3380 
(68.20% total skipped)
Most recent URL: https://merriam-webster.com/thesaurus/ragtag
URLs checked: 13724 
Pages crawled: 4316 
Rejected: 5980 
Bloom filter conflicts: 3382 
(68.22% total skipped)
Most recent URL: https://mailchimp.com/developer/transactional/api/senders/
URLs checked: 13747 
Pages crawled: 4317 
Rejected: 5996 
Bloom filter conflicts: 3388 
(68.26% total skipped)
Most recent URL: https://addtoany.com/buttons/customize/multiple_buttons_current_page
URLs checked: 13750 
Pages crawled: 4318 
Rejected: 5997 
Bloom filter conflicts: 3389 
(68.26% total skipped)
Most recent URL: https://www.wix.com/dashboard/e239cbe4-ffb8-4382-80dd-e28cbba82207/news
URLs checked: 13751 
Pages crawled: 4319 
Rejected: 5997 
Bloom filter conflicts: 3389 
(68.26% total skipped)
Most recent URL: https://getpocket.com/collections/ajp-community-heroes
URLs checked: 13769 
Pages crawled: 4320 
Rejected: 6009 
Bloom filter conflicts: 3394 
(68.29% total skipped)
Most recent URL: https://rackspace.com/blog
URLs checked: 13773 
Pages crawled: 4321 
Rejected: 6012 
Bloom filter conflicts: 3394 
(68.29% total skipped)
Most recent URL: https://www.eset.com/int/ua-crisis/
URLs checked: 13775 
Pages crawled: 4322 
Rejected: 6013 
Bloom filter conflicts: 3394 
(68.29% total skipped)
Most recent URL: https://gumgum.com/blog-categories/in-game-advertising
URLs checked: 13783 
Pages crawled: 4323 
Rejected: 6020 
Bloom filter conflicts: 3394 
(68.30% total skipped)
Most recent URL: https://www.t-mobile.com/offers/google-phone-deals?INTNAV=tNav%3ADeals%3AGoogle
URLs checked: 13788 
Pages crawled: 4324 
Rejected: 6024 
Bloom filter conflicts: 3394 
(68.31% total skipped)
Most recent URL: https://ring.com/products/security-doorplate-sign
URLs checked: 13790 
Pages crawled: 4325 
Rejected: 6025 
Bloom filter conflicts: 3394 
(68.30% total skipped)
Most recent URL: https://time.com/collection/renaissance-is-black/5932842/ibram-kendi-black-renaissance/
URLs checked: 13792 
Pages crawled: 4326 
Rejected: 6026 
Bloom filter conflicts: 3394 
(68.30% total skipped)
Most recent URL: https://www.rackspace.com/information/legal/privacystatement/applications/application-modernization
URLs checked: 13793 
Pages crawled: 4327 
Rejected: 6026 
Bloom filter conflicts: 3394 
(68.30% total skipped)
Most recent URL: https://store.steampowered.com/?snr=1_614_615_nextfest_12
URLs checked: 13793 
Pages crawled: 4328 
Rejected: 6026 
Bloom filter conflicts: 3394 
(68.30% total skipped)
Most recent URL: https://fb.com/r.php?next=https%3A%2F%2Fwww.facebook.com%2Fads%2Fcreate%2F%3Fnav_source%3Dunknown%26campaign_id%3D402047449186%26placement%3Dpflo%26extra_1%3Dnot-admgr-user&locale=en_US&display=page
URLs checked: 13794 
Pages crawled: 4329 
Rejected: 6026 
Bloom filter conflicts: 3394 
(68.29% total skipped)
Most recent URL: https://getpocket.com/tos
URLs checked: 13801 
Pages crawled: 4330 
Rejected: 6027 
Bloom filter conflicts: 3399 
(68.30% total skipped)
Most recent URL: https://theverge.com/2013/6/5/4399144/amazon-brings-back-long-dormant-kindle-dx
URLs checked: 13803 
Pages crawled: 4331 
Rejected: 6027 
Bloom filter conflicts: 3399 
(68.29% total skipped)
Most recent URL: https://merriam-webster.com/thesaurus/nettles
URLs checked: 13803 
Pages crawled: 4332 
Rejected: 6027 
Bloom filter conflicts: 3399 
(68.29% total skipped)
Most recent URL: https://google.com.br/chrome/answer/95647
URLs checked: 13805 
Pages crawled: 4333 
Rejected: 6027 
Bloom filter conflicts: 3399 
(68.28% total skipped)
Most recent URL: https://www.digitalocean.com/company/blog/apiv2-officially-leaves-beta/
URLs checked: 13806 
Pages crawled: 4334 
Rejected: 6027 
Bloom filter conflicts: 3399 
(68.27% total skipped)
Most recent URL: https://nature.com/subjects/neuroscience
URLs checked: 13807 
Pages crawled: 4335 
Rejected: 6027 
Bloom filter conflicts: 3399 
(68.27% total skipped)
Most recent URL: https://datatracker.ietf.org/wg/cbor/photos/
URLs checked: 13808 
Pages crawled: 4336 
Rejected: 6027 
Bloom filter conflicts: 3399 
(68.26% total skipped)
Most recent URL: https://www.wsj.com/video/browse/business/economy?mod=nav_top_subsection
URLs checked: 13819 
Pages crawled: 4337 
Rejected: 6035 
Bloom filter conflicts: 3401 
(68.28% total skipped)
Most recent URL: https://gumgum.com/benefits-regions/germany
URLs checked: 13832 
Pages crawled: 4338 
Rejected: 6046 
Bloom filter conflicts: 3402 
(68.31% total skipped)
Most recent URL: https://www.edd.ca.gov/en/disability/paid-family-leave/Physicians-and-Practitioners/
URLs checked: 13833 
Pages crawled: 4339 
Rejected: 6046 
Bloom filter conflicts: 3402 
(68.30% total skipped)
Most recent URL: https://www.healthline.com/health/caffeine-withdrawal?utm_source=ReadNext
URLs checked: 13834 
Pages crawled: 4340 
Rejected: 6046 
Bloom filter conflicts: 3402 
(68.30% total skipped)
Most recent URL: https://www.braze.com/docs/developer_guide/platform_integration_guides/cordova/changelog/
URLs checked: 13848 
Pages crawled: 4341 
Rejected: 6058 
Bloom filter conflicts: 3403 
(68.32% total skipped)
Most recent URL: https://stackoverflow.com/questions/tagged/survminer
URLs checked: 13849 
Pages crawled: 4342 
Rejected: 6058 
Bloom filter conflicts: 3403 
(68.32% total skipped)
Most recent URL: https://www.wix.com/studio/features
URLs checked: 13851 
Pages crawled: 4343 
Rejected: 6059 
Bloom filter conflicts: 3403 
(68.31% total skipped)
Most recent URL: https://getpocket.com/home?src=navbar
URLs checked: 13859 
Pages crawled: 4344 
Rejected: 6062 
Bloom filter conflicts: 3407 
(68.32% total skipped)
Most recent URL: https://support.dnsmadeeasy.com/support/tickets
URLs checked: 13860 
Pages crawled: 4345 
Rejected: 6062 
Bloom filter conflicts: 3407 
(68.32% total skipped)
Most recent URL: https://addtoany.com/services/email_button
URLs checked: 13869 
Pages crawled: 4346 
Rejected: 6070 
Bloom filter conflicts: 3407 
(68.33% total skipped)
Most recent URL: https://www.google.com.br/websearch/answer/12410098?hl=en&ref_topic=9255574
URLs checked: 13884 
Pages crawled: 4347 
Rejected: 6081 
Bloom filter conflicts: 3410 
(68.36% total skipped)
Most recent URL: https://www.academia.edu/privacy
URLs checked: 13899 
Pages crawled: 4348 
Rejected: 6093 
Bloom filter conflicts: 3412 
(68.39% total skipped)
Most recent URL: https://theverge.com/2023/11/7/23951253/mass-effect-5-helmets-confirmed
URLs checked: 13919 
Pages crawled: 4349 
Rejected: 6109 
Bloom filter conflicts: 3415 
(68.42% total skipped)
Most recent URL: https://verkada.com/alarms/panic-button/
URLs checked: 13938 
Pages crawled: 4350 
Rejected: 6120 
Bloom filter conflicts: 3422 
(68.46% total skipped)
Most recent URL: https://fb.com/oversight/oversight-board-cases/help/637205020878504
URLs checked: 13975 
Pages crawled: 4351 
Rejected: 6142 
Bloom filter conflicts: 3436 
(68.54% total skipped)
Most recent URL: https://docs.digitalocean.com/products/app-platform/reference/buildpacks/aptfile/
URLs checked: 13999 
Pages crawled: 4352 
Rejected: 6154 
Bloom filter conflicts: 3447 
(68.58% total skipped)
Most recent URL: https://cnet.com/tech/computing/best-vlogging-camera/
URLs checked: 14027 
Pages crawled: 4353 
Rejected: 6172 
Bloom filter conflicts: 3456 
(68.64% total skipped)
Most recent URL: https://tradingview.com/symbols/LSE-0AAU/
URLs checked: 14030 
Pages crawled: 4354 
Rejected: 6174 
Bloom filter conflicts: 3456 
(68.64% total skipped)
Most recent URL: https://www.npr.org/179878450
URLs checked: 14031 
Pages crawled: 4355 
Rejected: 6174 
Bloom filter conflicts: 3456 
(68.63% total skipped)
Most recent URL: https://newrelic.com/customers
URLs checked: 14031 
Pages crawled: 4356 
Rejected: 6174 
Bloom filter conflicts: 3456 
(68.63% total skipped)
Most recent URL: https://merriam-webster.com/browse/thesaurus/r/44
URLs checked: 14032 
Pages crawled: 4357 
Rejected: 6174 
Bloom filter conflicts: 3456 
(68.63% total skipped)
Most recent URL: https://www.cnbc.com/2023/11/15/amazon-pitches-astro-robot-as-security-guard-for-business.html
URLs checked: 14034 
Pages crawled: 4358 
Rejected: 6174 
Bloom filter conflicts: 3456 
(68.62% total skipped)
Most recent URL: https://badoo.com/en-us/dating/united-kingdom/scotland-south/kirkintilloch/
URLs checked: 14044 
Pages crawled: 4359 
Rejected: 6178 
Bloom filter conflicts: 3461 
(68.63% total skipped)
Most recent URL: https://www.mayoclinic.org/diseases-conditions/fetal-macrosomia/symptoms-causes/syc-20372579
URLs checked: 14046 
Pages crawled: 4360 
Rejected: 6179 
Bloom filter conflicts: 3461 
(68.63% total skipped)
Most recent URL: https://time.com/shopping/article/best-cooling-sheets/
URLs checked: 14047 
Pages crawled: 4361 
Rejected: 6179 
Bloom filter conflicts: 3461 
(68.63% total skipped)
Most recent URL: https://support.wix.com/en/using-the-wix-studio-editor
URLs checked: 14049 
Pages crawled: 4362 
Rejected: 6179 
Bloom filter conflicts: 3462 
(68.62% total skipped)
Most recent URL: https://www.braze.com/docs/partners/data_and_infrastructure_agility/wrapper_sdks/
URLs checked: 14051 
Pages crawled: 4363 
Rejected: 6180 
Bloom filter conflicts: 3462 
(68.62% total skipped)
Most recent URL: https://www.wsj.com/news/life-arts/food-cooking-drink?mod=nav_top_subsection
URLs checked: 14051 
Pages crawled: 4364 
Rejected: 6180 
Bloom filter conflicts: 3462 
(68.62% total skipped)
Most recent URL: https://stackoverflow.com/questions/tagged/r?tab=Frequent
URLs checked: 14062 
Pages crawled: 4365 
Rejected: 6187 
Bloom filter conflicts: 3464 
(68.63% total skipped)
Most recent URL: https://support.dnsmadeeasy.com/support/solutions/folders/47000765229 
URLs checked: 14074 
Pages crawled: 4366 
Rejected: 6198 
Bloom filter conflicts: 3464 
(68.65% total skipped)
Most recent URL: https://www.academia.edu/Jobs/In/DIY%20culture
URLs checked: 14075 
Pages crawled: 4367 
Rejected: 6198 
Bloom filter conflicts: 3464 
(68.65% total skipped)
Most recent URL: https://getpocket.com/explore/item/recipe-braised-coconut-spinach-chickpeas-with-lemon
URLs checked: 14076 
Pages crawled: 4368 
Rejected: 6198 
Bloom filter conflicts: 3464 
(68.64% total skipped)
Most recent URL: https://theverge.com/2023/11/20/23969876/today-on-the-emergency-vergecast-what-in-the-world-is-happening-at-openai?showComments=1
URLs checked: 14079 
Pages crawled: 4369 
Rejected: 6199 
Bloom filter conflicts: 3465 
(68.64% total skipped)
Most recent URL: https://university.gumgum.com/cart/add_product/2089546?price_id=2828198
URLs checked: 14082 
Pages crawled: 4370 
Rejected: 6201 
Bloom filter conflicts: 3465 
(68.64% total skipped)
Most recent URL: https://www.npr.org/2023/06/12/1180430403/tony-awards-takeaways-2023
URLs checked: 14088 
Pages crawled: 4371 
Rejected: 6206 
Bloom filter conflicts: 3465 
(68.65% total skipped)
Most recent URL: https://mailchimp.com/developer/marketing/docs/methods-parameters/
URLs checked: 14089 
Pages crawled: 4372 
Rejected: 6206 
Bloom filter conflicts: 3465 
(68.64% total skipped)
Most recent URL: https://datatracker.ietf.org/person/Andrew%20Lange
URLs checked: 14094 
Pages crawled: 4373 
Rejected: 6210 
Bloom filter conflicts: 3465 
(68.65% total skipped)
Most recent URL: https://www.loc.gov/discover/
URLs checked: 14095 
Pages crawled: 4374 
Rejected: 6210 
Bloom filter conflicts: 3465 
(68.64% total skipped)
Most recent URL: https://support.dnsmadeeasy.com/support/solutions/articles/47001000503-dns-failover-for-web-server
URLs checked: 14096 
Pages crawled: 4375 
Rejected: 6210 
Bloom filter conflicts: 3465 
(68.64% total skipped)
Most recent URL: https://tradingview.com/markets/stocks-ksa/sectorandindustry-sector/energy-minerals/industries/
URLs checked: 14098 
Pages crawled: 4376 
Rejected: 6211 
Bloom filter conflicts: 3465 
(68.63% total skipped)
Most recent URL: https://fb.com/oversight/help/637205020878504
URLs checked: 14099 
Pages crawled: 4377 
Rejected: 6211 
Bloom filter conflicts: 3465 
(68.63% total skipped)
Most recent URL: https://www.cambridge.org/news-and-insights/how-Cambridge-is-grappling-with-the-challenges-of-open-access
URLs checked: 14101 
Pages crawled: 4378 
Rejected: 6211 
Bloom filter conflicts: 3466 
(68.63% total skipped)
Most recent URL: https://newrelic.com/customers/milkbasket
URLs checked: 14102 
Pages crawled: 4379 
Rejected: 6211 
Bloom filter conflicts: 3466 
(68.62% total skipped)
Most recent URL: https://www.google.com.br/setprefdomain?prefdom=US&sig=K_0xJo4nTt5BZQEs8W5Vi_4bF7-Ds%3D
URLs checked: 14106 
Pages crawled: 4380 
Rejected: 6213 
Bloom filter conflicts: 3467 
(68.62% total skipped)
Most recent URL: https://getpocket.com/collections/why-everyone-in-hollywood-is-fretting-about-ai
URLs checked: 14109 
Pages crawled: 4381 
Rejected: 6213 
Bloom filter conflicts: 3469 
(68.62% total skipped)
Most recent URL: https://www.digitalocean.com/blog/author/neel-chopra
URLs checked: 14110 
Pages crawled: 4382 
Rejected: 6213 
Bloom filter conflicts: 3469 
(68.62% total skipped)
Most recent URL: https://www.t-mobile.com/devices/compare-iphone-models?icid=MGPO_TMO_U_23APPLNPI_RLT04H5F3MKXKMRTN36158
URLs checked: 14112 
Pages crawled: 4383 
Rejected: 6214 
Bloom filter conflicts: 3469 
(68.62% total skipped)
Most recent URL: https://www.academia.edu/topics/U?after=Ukrainian
URLs checked: 14114 
Pages crawled: 4384 
Rejected: 6215 
Bloom filter conflicts: 3469 
(68.61% total skipped)
Most recent URL: https://cnet.com/tech/services-and-software/why-you-should-be-skeptical-about-a-vpns-no-logs-claims/
URLs checked: 14119 
Pages crawled: 4385 
Rejected: 6215 
Bloom filter conflicts: 3473 
(68.62% total skipped)
Most recent URL: https://store.steampowered.com/sub/65812/?snr=1_5_9__403
URLs checked: 14120 
Pages crawled: 4386 
Rejected: 6215 
Bloom filter conflicts: 3473 
(68.61% total skipped)
Most recent URL: https://merriam-webster.com/dictionary/authentic
URLs checked: 14121 
Pages crawled: 4387 
Rejected: 6215 
Bloom filter conflicts: 3473 
(68.61% total skipped)
Most recent URL: https://www.sophos.com/legal/sophos-professional-services
URLs checked: 14133 
Pages crawled: 4388 
Rejected: 6225 
Bloom filter conflicts: 3474 
(68.63% total skipped)
Most recent URL: https://ring.com/products/smart-lighting-pathlight-kit
URLs checked: 14141 
Pages crawled: 4389 
Rejected: 6232 
Bloom filter conflicts: 3474 
(68.64% total skipped)
Most recent URL: https://care.healthline.com/find-care/provider/dr-forrest-ellis-1609971126?utm_campaign=faq-profile&utm_content=profile-locations
URLs checked: 14144 
Pages crawled: 4390 
Rejected: 6233 
Bloom filter conflicts: 3475 
(68.64% total skipped)
Most recent URL: https://time.com/6331325/how-to-reconcile-estranged-family-member/
URLs checked: 14145 
Pages crawled: 4391 
Rejected: 6233 
Bloom filter conflicts: 3475 
(68.63% total skipped)
Most recent URL: https://hipages.com.au/find/roof_repairs/sa/hope_valley
URLs checked: 14146 
Pages crawled: 4392 
Rejected: 6233 
Bloom filter conflicts: 3475 
(68.63% total skipped)
Most recent URL: https://stackoverflow.com/questions/tagged/display
URLs checked: 14147 
Pages crawled: 4393 
Rejected: 6233 
Bloom filter conflicts: 3475 
(68.62% total skipped)
Most recent URL: https://www.wsj.com/news/types/arts-calendar?mod=nav_top_subsection
URLs checked: 14151 
Pages crawled: 4394 
Rejected: 6236 
Bloom filter conflicts: 3475 
(68.62% total skipped)
Most recent URL: https://theverge.com/apps
URLs checked: 14152 
Pages crawled: 4395 
Rejected: 6236 
Bloom filter conflicts: 3475 
(68.62% total skipped)
Most recent URL: https://www.cnbc.com/2023/11/27/taylor-swifts-eras-tour-concert-film-will-be-available-to-stream-heres-when-and-where.html
URLs checked: 14155 
Pages crawled: 4396 
Rejected: 6237 
Bloom filter conflicts: 3476 
(68.62% total skipped)
Most recent URL: https://www.gumgum.com/guides/contextual-advertising-awareness-still-has-a-long-way-to-go
URLs checked: 14156 
Pages crawled: 4397 
Rejected: 6237 
Bloom filter conflicts: 3476 
(68.61% total skipped)
Most recent URL: https://docs.newrelic.com/docs/infrastructure/microsoft-azure-integrations/azure-integrations-list/azure-hdinsight-monitoring-integration/
URLs checked: 14157 
Pages crawled: 4398 
Rejected: 6237 
Bloom filter conflicts: 3476 
(68.61% total skipped)
Most recent URL: https://www.npr.org/people/1087341356/brittany-cronin
URLs checked: 14160 
Pages crawled: 4399 
Rejected: 6239 
Bloom filter conflicts: 3476 
(68.61% total skipped)
Most recent URL: https://www.t-mobile.com/support/account/return-old-device
URLs checked: 14161 
Pages crawled: 4400 
Rejected: 6239 
Bloom filter conflicts: 3476 
(68.60% total skipped)
Most recent URL: https://support.dnsmadeeasy.com/support/solutions/articles/47001179355-how-to-adjust-time-to-live-ttl-
URLs checked: 14162 
Pages crawled: 4401 
Rejected: 6239 
Bloom filter conflicts: 3476 
(68.60% total skipped)
Most recent URL: https://addtoany.com/buttons/customize/wordpress/floating_share_buttons
URLs checked: 14165 
Pages crawled: 4402 
Rejected: 6241 
Bloom filter conflicts: 3476 
(68.60% total skipped)
Most recent URL: https://docs.digitalocean.com/glossary/ipv6/
URLs checked: 14174 
Pages crawled: 4403 
Rejected: 6247 
Bloom filter conflicts: 3478 
(68.61% total skipped)
Most recent URL: https://getpocket.com/en/tos/?src=footer_v2
URLs checked: 14181 
Pages crawled: 4404 
Rejected: 6249 
Bloom filter conflicts: 3482 
(68.62% total skipped)
Most recent URL: https://time.com/6339873/rodrigo-duterte-drug-war-international-criminal-court-investigation/
URLs checked: 14186 
Pages crawled: 4405 
Rejected: 6251 
Bloom filter conflicts: 3484 
(68.62% total skipped)
Most recent URL: https://www.wix.com/blog/brand-loyalty
URLs checked: 14194 
Pages crawled: 4406 
Rejected: 6258 
Bloom filter conflicts: 3484 
(68.63% total skipped)
Most recent URL: https://ring.com/au/en/delivery-and-returns
URLs checked: 14196 
Pages crawled: 4407 
Rejected: 6259 
Bloom filter conflicts: 3484 
(68.63% total skipped)
Most recent URL: https://www.cnet.com/pictures/the-biggest-and-best-tvs-of-ces-2020/
URLs checked: 14216 
Pages crawled: 4408 
Rejected: 6272 
Bloom filter conflicts: 3490 
(68.67% total skipped)
Most recent URL: https://support.dnsmadeeasy.com/support/solutions/articles/47001203734-add-notification-groups-and-contacts-for-real-time-traffic-anomaly-detection
URLs checked: 14221 
Pages crawled: 4409 
Rejected: 6275 
Bloom filter conflicts: 3491 
(68.67% total skipped)
Most recent URL: https://gumgum.com/benefits-careers/healthcare-dependent-care
URLs checked: 14230 
Pages crawled: 4410 
Rejected: 6279 
Bloom filter conflicts: 3495 
(68.69% total skipped)
Most recent URL: https://merriam-webster.com/grammar/differences-usage-regimen-regiment-regime
URLs checked: 14231 
Pages crawled: 4411 
Rejected: 6279 
Bloom filter conflicts: 3495 
(68.68% total skipped)
Most recent URL: https://tradingview.com/symbols/NEWCONNECT-GKS/
URLs checked: 14232 
Pages crawled: 4412 
Rejected: 6279 
Bloom filter conflicts: 3495 
(68.68% total skipped)
Most recent URL: https://www.google.com.br/setprefdomain?prefdom=US&sig=K_rg-zTn-OmytMM022ddwleta6M3c%3D
URLs checked: 14235 
Pages crawled: 4413 
Rejected: 6279 
Bloom filter conflicts: 3497 
(68.68% total skipped)
Most recent URL: https://www.healthline.com/health/rheumatoid-arthritis/rheumatoid-arthritis-homeopathy
URLs checked: 14238 
Pages crawled: 4414 
Rejected: 6279 
Bloom filter conflicts: 3499 
(68.68% total skipped)
Most recent URL: https://store.steampowered.com/linux?snr=1_5_9__12
URLs checked: 14239 
Pages crawled: 4415 
Rejected: 6279 
Bloom filter conflicts: 3499 
(68.67% total skipped)
Most recent URL: https://stackoverflow.com/questions/3121979/how-to-sort-a-list-tuple-of-lists-tuples-by-the-element-at-a-given-index
URLs checked: 14240 
Pages crawled: 4416 
Rejected: 6279 
Bloom filter conflicts: 3499 
(68.67% total skipped)
Most recent URL: https://www.sophos.com/en-us/solutions/compliance/cis-critical-security-controls
URLs checked: 14241 
Pages crawled: 4417 
Rejected: 6279 
Bloom filter conflicts: 3499 
(68.66% total skipped)
Most recent URL: https://mailchimp.com/marketplace/
URLs checked: 14249 
Pages crawled: 4418 
Rejected: 6283 
Bloom filter conflicts: 3502 
(68.67% total skipped)
Most recent URL: https://hipages.com.au/find/window_repairs/sa/west_lakes
URLs checked: 14252 
Pages crawled: 4419 
Rejected: 6285 
Bloom filter conflicts: 3502 
(68.67% total skipped)
Most recent URL: https://onetrust.com/customers/progress-software/
URLs checked: 14258 
Pages crawled: 4420 
Rejected: 6290 
Bloom filter conflicts: 3502 
(68.68% total skipped)
Most recent URL: https://getpocket.com/explore/must-reads?src=footer_v2
URLs checked: 14260 
Pages crawled: 4421 
Rejected: 6290 
Bloom filter conflicts: 3503 
(68.67% total skipped)
Most recent URL: https://www.t-mobile.com/cell-phone/google-pixel-7?sku=810029936439
URLs checked: 14262 
Pages crawled: 4422 
Rejected: 6290 
Bloom filter conflicts: 3504 
(68.67% total skipped)
Most recent URL: https://www.npr.org/2023/10/04/1200327337/best-climate-podcasts
URLs checked: 14264 
Pages crawled: 4424 
Rejected: 6290 
Bloom filter conflicts: 3504 
(68.66% total skipped)
Most recent URL: https://newrelic.com/instant-observability/nginx
URLs checked: 14272 
Pages crawled: 4425 
Rejected: 6295 
Bloom filter conflicts: 3506 
(68.67% total skipped)
Most recent URL: https://theverge.com/tech
URLs checked: 14273 
Pages crawled: 4426 
Rejected: 6295 
Bloom filter conflicts: 3506 
(68.67% total skipped)
Most recent URL: https://www.braze.com/docs/user_guide/engagement_tools/
URLs checked: 14301 
Pages crawled: 4427 
Rejected: 6318 
Bloom filter conflicts: 3510 
(68.72% total skipped)
Most recent URL: https://google.com.br/websearch/answer/13652412?hl=en&ref_topic=3285072
URLs checked: 14309 
Pages crawled: 4428 
Rejected: 6322 
Bloom filter conflicts: 3513 
(68.73% total skipped)
Most recent URL: https://stackoverflow.com/users/login?ssrc=site_switcher&returnurl=https%3a%2f%2fstackoverflow.com%2fquestions%2f76117601%2fi-have-installed-a-new-package-polkadot-after-that-i-am-getting-the-error
URLs checked: 14316 
Pages crawled: 4429 
Rejected: 6327 
Bloom filter conflicts: 3514 
(68.74% total skipped)
Most recent URL: https://docs.digitalocean.com/reference/doctl/reference/apps/update
URLs checked: 14318 
Pages crawled: 4430 
Rejected: 6328 
Bloom filter conflicts: 3514 
(68.74% total skipped)
Most recent URL: https://getpocket.com/explore/coronavirus
URLs checked: 14324 
Pages crawled: 4431 
Rejected: 6331 
Bloom filter conflicts: 3516 
(68.74% total skipped)
Most recent URL: https://gumgum.com/benefits-careers/meal-allowance
URLs checked: 14325 
Pages crawled: 4432 
Rejected: 6331 
Bloom filter conflicts: 3516 
(68.74% total skipped)
Most recent URL: https://addtoany.com/buttons/customize/center_align_buttons
URLs checked: 14326 
Pages crawled: 4433 
Rejected: 6331 
Bloom filter conflicts: 3516 
(68.74% total skipped)
Most recent URL: https://nature.com/subjects/somatosensory-system
URLs checked: 14340 
Pages crawled: 4434 
Rejected: 6341 
Bloom filter conflicts: 3519 
(68.76% total skipped)
Most recent URL: https://theverge.com/2023/11/27/23978186/microsoft-is-ending-support-for-its-microsoft-365-browser-extension
URLs checked: 14353 
Pages crawled: 4435 
Rejected: 6350 
Bloom filter conflicts: 3522 
(68.78% total skipped)
Most recent URL: https://fb.com/policies/community-standards/sexual-exploitation-adults/
URLs checked: 14355 
Pages crawled: 4436 
Rejected: 6350 
Bloom filter conflicts: 3523 
(68.78% total skipped)
Most recent URL: https://google.com.br/intl/en/brand-resource-center/
URLs checked: 14362 
Pages crawled: 4437 
Rejected: 6353 
Bloom filter conflicts: 3526 
(68.79% total skipped)
Most recent URL: https://time.com/section/ideas
URLs checked: 14366 
Pages crawled: 4438 
Rejected: 6355 
Bloom filter conflicts: 3527 
(68.79% total skipped)
Most recent URL: https://dnsmadeeasy.com/post/dns-made-easy-offers-premium-live-video-chat-support
URLs checked: 14372 
Pages crawled: 4439 
Rejected: 6358 
Bloom filter conflicts: 3529 
(68.79% total skipped)
Most recent URL: https://www.npr.org/series/750004/careers
URLs checked: 14376 
Pages crawled: 4440 
Rejected: 6361 
Bloom filter conflicts: 3529 
(68.80% total skipped)
Most recent URL: https://stackoverflow.com/users/15344835/igorwsilveira
URLs checked: 14377 
Pages crawled: 4441 
Rejected: 6361 
Bloom filter conflicts: 3529 
(68.79% total skipped)
Most recent URL: https://tradingview.com/chart/TSLA/DIGdEVT0-TSLA-Weekly-Harmonic-Elliott-Wave-and-Hurst-s-Cyclic-Analysis/
URLs checked: 14379 
Pages crawled: 4442 
Rejected: 6362 
Bloom filter conflicts: 3529 
(68.79% total skipped)
Most recent URL: https://www.edd.ca.gov/en/about_edd/news_releases_and_announcements/
URLs checked: 14380 
Pages crawled: 4443 
Rejected: 6362 
Bloom filter conflicts: 3529 
(68.78% total skipped)
Most recent URL: https://en-uk.ring.com/products/3-pack-stick-up-cam-wired
URLs checked: 14381 
Pages crawled: 4444 
Rejected: 6362 
Bloom filter conflicts: 3529 
(68.78% total skipped)
Most recent URL: https://getpocket.com/collections/how-is-ai-changing-our-jobs
URLs checked: 14382 
Pages crawled: 4445 
Rejected: 6362 
Bloom filter conflicts: 3529 
(68.77% total skipped)
Most recent URL: https://cnet.com/tech/mobile/best-wireless-headphones/
URLs checked: 14387 
Pages crawled: 4446 
Rejected: 6363 
Bloom filter conflicts: 3532 
(68.78% total skipped)
Most recent URL: https://merriam-webster.com/thesaurus/reported
URLs checked: 14388 
Pages crawled: 4447 
Rejected: 6363 
Bloom filter conflicts: 3532 
(68.77% total skipped)
Most recent URL: https://hipages.com.au/article/how_much_to_convert_a_carport_to_a_garage
URLs checked: 14389 
Pages crawled: 4448 
Rejected: 6363 
Bloom filter conflicts: 3532 
(68.77% total skipped)
Most recent URL: https://www.loc.gov/collections/carol-m-highsmith/
URLs checked: 14390 
Pages crawled: 4449 
Rejected: 6363 
Bloom filter conflicts: 3532 
(68.76% total skipped)
Most recent URL: https://addtoany.com/services/threema_button
Could not process verkada.com: The markup you provided was rejected by the parser. Trying a different parser or a different encoding may help.

Original exception(s) from parser:
 expected name token at '<![ï¿½ï¿½ï¿½K)ï¿½-ï¿½*,y+}ï¿½fz-'
URLs checked: 14393 
Pages crawled: 4450 
Rejected: 6364 
Bloom filter conflicts: 3532 
(68.76% total skipped)
Most recent URL: https://support.dnsmadeeasy.com/support/solutions/articles/47001001343-import-records-from-a-zone-definition
URLs checked: 14394 
Pages crawled: 4451 
Rejected: 6364 
Bloom filter conflicts: 3532 
(68.75% total skipped)
Most recent URL: https://datatracker.ietf.org/meeting/floor-plan
URLs checked: 14395 
Pages crawled: 4452 
Rejected: 6364 
Bloom filter conflicts: 3532 
(68.75% total skipped)
Most recent URL: https://rackspace.com/information/legal/websiteterms
URLs checked: 14396 
Pages crawled: 4453 
Rejected: 6364 
Bloom filter conflicts: 3532 
(68.74% total skipped)
Most recent URL: https://www.cnbc.com/quotes/IRBT/
URLs checked: 14398 
Pages crawled: 4454 
Rejected: 6364 
Bloom filter conflicts: 3533 
(68.74% total skipped)
Most recent URL: https://www.wsj.com/rankings/college-rankings/best-colleges-2024?mod=nav_top_subsection
URLs checked: 14407 
Pages crawled: 4455 
Rejected: 6369 
Bloom filter conflicts: 3536 
(68.75% total skipped)
Most recent URL: https://calcivilrights.ca.gov/
URLs checked: 14408 
Pages crawled: 4456 
Rejected: 6369 
Bloom filter conflicts: 3536 
(68.75% total skipped)
Most recent URL: https://theverge.com/authors/liam-james
URLs checked: 14414 
Pages crawled: 4457 
Rejected: 6370 
Bloom filter conflicts: 3540 
(68.75% total skipped)
Most recent URL: https://www.addtoany.com/services/threema_button
URLs checked: 14418 
Pages crawled: 4458 
Rejected: 6370 
Bloom filter conflicts: 3543 
(68.75% total skipped)
Most recent URL: https://time.com/collection/time100-next-2021/5937739/sydney-mclaughlin/
URLs checked: 14422 
Pages crawled: 4459 
Rejected: 6373 
Bloom filter conflicts: 3543 
(68.76% total skipped)
Most recent URL: https://store.steampowered.com/explore/?l=french&redir=explore%2F%3Fsnr%3D1_1056_4_franchise_global-responsive-menu%26curator_clanid%3D33118426&redir_ssl=1&snr=1_1056_4_franchise_global-responsive-menu
URLs checked: 14425 
Pages crawled: 4460 
Rejected: 6375 
Bloom filter conflicts: 3543 
(68.76% total skipped)
Most recent URL: https://getpocket.com/collections/how-to-shop-the-perfect-gift-for-anyone-including-yourself
URLs checked: 14432 
Pages crawled: 4461 
Rejected: 6377 
Bloom filter conflicts: 3547 
(68.76% total skipped)
Most recent URL: https://www.onetrust.com/privacy/
URLs checked: 14437 
Pages crawled: 4462 
Rejected: 6378 
Bloom filter conflicts: 3550 
(68.77% total skipped)
Most recent URL: https://ring.com/products/echo-show-10-outdoor-smart-plug-bundle
URLs checked: 14440 
Pages crawled: 4463 
Rejected: 6379 
Bloom filter conflicts: 3551 4C18.1 3.65 18.1 3.02 17.71 2.63Z"></path></symbol> <symbol id="globe" viewBox="0 0 32 32"><path d="M16,0C7.2,0,0,7.2,0,16s7.2,16,16,16s16-7.2,16-16S2
(68.77% total skipped)
Most recent URL: https://www.digitalocean.com/blog/new-4-dollar-droplet-updated-pricing
URLs checked: 14441 
Pages crawled: 4464 
Rejected: 6379 
Bloom filter conflicts: 3551 
(68.76% total skipped)
Most recent URL: https://stackoverflow.com/questions/tagged/google-vision+vision+amazon-rekognition
URLs checked: 14442 
Pages crawled: 4465 
Rejected: 6379 
Bloom filter conflicts: 3551 
(68.76% total skipped)
Most recent URL: https://gnu.org/philosophy
URLs checked: 14446 
Pages crawled: 4466 
Rejected: 6382 
Bloom filter conflicts: 3551 
(68.76% total skipped)
Most recent URL: https://datatracker.ietf.org/group/nomcom2016/history/
URLs checked: 14447 
Pages crawled: 4467 
Rejected: 6382 
Bloom filter conflicts: 3551 
(68.75% total skipped)
Most recent URL: https://mailchimp.com/developer/transactional/docs/outbound-email/
URLs checked: 14451 
Pages crawled: 4468 
Rejected: 6385 
Bloom filter conflicts: 3551 
(68.76% total skipped)
Most recent URL: https://www.google.com.br/
URLs checked: 14453 
Pages crawled: 4469 
Rejected: 6386 
Bloom filter conflicts: 3551 
(68.75% total skipped)
Most recent URL: https://care.healthline.com/find-care/provider/dr-richard-cho-1316110125
URLs checked: 14455 
Pages crawled: 4470 
Rejected: 6387 
Bloom filter conflicts: 3551 
(68.75% total skipped)
Most recent URL: https://www.gumgum.com/terms-and-policies/buyer-policy
URLs checked: 14457 
Pages crawled: 4471 
Rejected: 6388 
Bloom filter conflicts: 3551 
(68.75% total skipped)
Most recent URL: https://badoo.com/en-us/dating/united-kingdom/east-of-england/waltham-cross/
URLs checked: 14458 
Pages crawled: 4472 
Rejected: 6388 
Bloom filter conflicts: 3551 
(68.74% total skipped)
Most recent URL: https://eset.com/int/business/solutions/learn-more-about-multi-factor-authentication/
URLs checked: 14460 
Pages crawled: 4473 
Rejected: 6389 
Bloom filter conflicts: 3551 
(68.74% total skipped)
Most recent URL: https://www.wix.com/playground/post/the-major-ux-design-themes-to-watch-in-2019
URLs checked: 14461 
Pages crawled: 4474 
Rejected: 6389 
Bloom filter conflicts: 3551 
(68.74% total skipped)
Most recent URL: https://www.cnet.com/tech/mobile/best-budget-phones-200-cheap-money-save/
URLs checked: 14463 
Pages crawled: 4475 
Rejected: 6390 
Bloom filter conflicts: 3551 
(68.73% total skipped)
Most recent URL: https://www.braze.com/docs/user_guide/message_building_by_channel/webhooks/reporting/
URLs checked: 14480 
Pages crawled: 4476 
Rejected: 6404 
Bloom filter conflicts: 3553 
(68.76% total skipped)
Most recent URL: https://www.npr.org/2022/11/07/1133270753/climate-change-loss-damage-cop27
URLs checked: 14481 
Pages crawled: 4477 
Rejected: 6404 
Bloom filter conflicts: 3553 
(68.76% total skipped)
Most recent URL: https://merriam-webster.com/thesaurus/hairpin
URLs checked: 14482 
Pages crawled: 4478 
Rejected: 6404 
Bloom filter conflicts: 3553 
(68.75% total skipped)
Most recent URL: https://tradingview.com/symbols/NASDAQ-OTRK/
URLs checked: 14483 
Pages crawled: 4479 
Rejected: 6404 
Bloom filter conflicts: 3553 
(68.75% total skipped)
Most recent URL: https://www.cnbc.com/defense/
URLs checked: 14488 
Pages crawled: 4480 
Rejected: 6407 
Bloom filter conflicts: 3554 
(68.75% total skipped)
Most recent URL: https://getpocket.com/collections/wired-the-robots-already-among-us
URLs checked: 14493 
Pages crawled: 4481 
Rejected: 6407 
Bloom filter conflicts: 3558 
(68.76% total skipped)
Most recent URL: https://time.com/collection/time100-companies-2023/6285152/human-security/
URLs checked: 14499 
Pages crawled: 4482 
Rejected: 6411 
Bloom filter conflicts: 3559 
(68.76% total skipped)
Most recent URL: https://www.gnu.org/licenses/why-assign.html
URLs checked: 14500 
Pages crawled: 4483 
Rejected: 6411 
Bloom filter conflicts: 3559 
(68.76% total skipped)
Most recent URL: https://www.loc.gov/collections/?fa=subject_topic:art+%26+architecture%7Csubject_topic:literature+%26+poetry%7Cpartof:living+nations,+living+words
URLs checked: 14501 
Pages crawled: 4484 
Rejected: 6411 
Bloom filter conflicts: 3559 
(68.75% total skipped)
Most recent URL: https://newrelic.com/platform/application-monitoring
URLs checked: 14502 
Pages crawled: 4485 
Rejected: 6411 
Bloom filter conflicts: 3559 
(68.75% total skipped)
Most recent URL: https://www.wsj.com/news/archive/?mod=wsjfooter
URLs checked: 14502 
Pages crawled: 4486 
Rejected: 6411 
Bloom filter conflicts: 3559 
(68.75% total skipped)
Most recent URL: https://cloud.digitalocean.com
URLs checked: 14506 
Pages crawled: 4487 
Rejected: 6413 
Bloom filter conflicts: 3559 
(68.74% total skipped)
Most recent URL: https://theverge.com/2023/11/13/23958935/exxonmobil-lithium-drilling-arkansas?showComments=1
URLs checked: 14507 
Pages crawled: 4488 
Rejected: 6413 
Bloom filter conflicts: 3559 
(68.74% total skipped)
Most recent URL: https://sophos.com/en-us/company
URLs checked: 14508 
Pages crawled: 4489 
Rejected: 6413 
Bloom filter conflicts: 3559 
(68.73% total skipped)
Most recent URL: https://mayoclinic.org/.html
URLs checked: 14509 
Pages crawled: 4490 
Rejected: 6413 
Bloom filter conflicts: 3559 
(68.73% total skipped)
Most recent URL: https://www.onetrust.com/solutions/cpra-compliance/
URLs checked: 14510 
Pages crawled: 4491 
Rejected: 6413 
Bloom filter conflicts: 3559 
(68.73% total skipped)
Most recent URL: https://www.healthline.com/health/head-injury
URLs checked: 14520 
Pages crawled: 4492 
Rejected: 6418 
Bloom filter conflicts: 3563 
(68.74% total skipped)
Most recent URL: https://ring.com/products/spare-parts-for-video-doorbell
URLs checked: 14521 
Pages crawled: 4493 
Rejected: 6418 
Bloom filter conflicts: 3563 
(68.73% total skipped)
Most recent URL: https://addtoany.com/buttons/customize/multiple_buttons_different_pages
Error fetching https://badoo.com/en-us/dating/united-kingdom/east-of-england/ely/: ('Connection aborted.', RemoteDisconnected('Remote end closed connection without response'))
URLs checked: 14528 
Pages crawled: 4494 
Rejected: 6421 
Bloom filter conflicts: 3565 
(68.74% total skipped)
Most recent URL: https://www.npr.org/2023/03/15/1163722570/new-music-friday-the-best-releases-out-on-march-17
URLs checked: 14529 
Pages crawled: 4495 
Rejected: 6421 
Bloom filter conflicts: 3565 
(68.73% total skipped)
Most recent URL: https://www.edd.ca.gov/en/disability/how_to_file_a_di_claim_by_mail/
URLs checked: 14530 
Pages crawled: 4496 
Rejected: 6421 
Bloom filter conflicts: 3565 
(68.73% total skipped)
Most recent URL: https://getpocket.com/explore/item/the-best-healthy-shrimp-tacos-with-cabbage-slaw-and-creamy-cilantro-lime-sauce-juicy-spicy-and-so
URLs checked: 14535 
Pages crawled: 4497 
Rejected: 6422 
Bloom filter conflicts: 3568 
(68.73% total skipped)
Most recent URL: https://stackoverflow.com/q/24960280
URLs checked: 14536 
Pages crawled: 4498 
Rejected: 6422 
Bloom filter conflicts: 3568 
(68.73% total skipped)
Most recent URL: https://www.braze.com/docs/partners/message_orchestration/channel_extensions/loyalty/nift/
URLs checked: 14541 
Pages crawled: 4499 
Rejected: 6425 
Bloom filter conflicts: 3569 
(68.73% total skipped)
Most recent URL: https://newrelic.com/instant-observability/apm-logs
URLs checked: 14542 
Pages crawled: 4500 
Rejected: 6425 
Bloom filter conflicts: 3569 
(68.73% total skipped)
Most recent URL: https://huffingtonpost.com
URLs checked: 14552 
Pages crawled: 4501 
Rejected: 6427 
Bloom filter conflicts: 3576 
(68.74% total skipped)
Most recent URL: https://cnet.com/profiles/rae.hodge/
URLs checked: 14555 
Pages crawled: 4502 
Rejected: 6429 
Bloom filter conflicts: 3576 
(68.74% total skipped)
Most recent URL: https://google.com.br/intl/en/home/tools/reach-planner/
URLs checked: 14558 
Pages crawled: 4503 
Rejected: 6431 
Bloom filter conflicts: 3576 
(68.74% total skipped)
Most recent URL: https://www.t-mobile.com/accessories?deals=true-wireless-earbuds&brand=samsung
URLs checked: 14566 
Pages crawled: 4504 
Rejected: 6435 
Bloom filter conflicts: 3579 
(68.75% total skipped)
Most recent URL: https://support.dnsmadeeasy.com/support/solutions/articles/47001000853-change-the-ip-set-assigned-to-a-domain
URLs checked: 14569 
Pages crawled: 4505 
Rejected: 6437 
Bloom filter conflicts: 3579 
(68.75% total skipped)
Most recent URL: https://www.addtoany.com/services/mixi_button
URLs checked: 14571 
Pages crawled: 4506 
Rejected: 6437 
Bloom filter conflicts: 3580 
(68.75% total skipped)
Most recent URL: https://theverge.com/2023/11/16/23963942/google-news-hammers-the-final-nail-into-its-magazine-subscriptions-coffin
URLs checked: 14573 
Pages crawled: 4507 
Rejected: 6438 
Bloom filter conflicts: 3580 
(68.74% total skipped)
Most recent URL: https://badoo.com/en/the-blog/articles/dating-tips
URLs checked: 14574 
Pages crawled: 4508 
Rejected: 6438 
Bloom filter conflicts: 3580 
(68.74% total skipped)
Most recent URL: https://docs.digitalocean.com/products/databases/postgresql/how-to/monitor-clusters/
URLs checked: 14575 
Pages crawled: 4509 
Rejected: 6438 
Bloom filter conflicts: 3580 
(68.73% total skipped)
Most recent URL: https://www.ietf.org/iesg/statements?topic=22
URLs checked: 14576 
Pages crawled: 4510 
Rejected: 6438 
Bloom filter conflicts: 3580 
(68.73% total skipped)
Most recent URL: https://gnu.org/philosophy/public-domain-manifesto.html
URLs checked: 14579 
Pages crawled: 4511 
Rejected: 6439 
Bloom filter conflicts: 3581 
(68.73% total skipped)
Most recent URL: https://stackoverflow.com/users/22932923/muhammad-moiz
URLs checked: 14580 
Pages crawled: 4512 
Rejected: 6439 
Bloom filter conflicts: 3581 
(68.72% total skipped)
Most recent URL: https://www.wix.com/blog/ecommerce/2022/04/d2c-ecommerce
URLs checked: 14581 
Pages crawled: 4513 
Rejected: 6439 
Bloom filter conflicts: 3581 
(68.72% total skipped)
Most recent URL: https://merriam-webster.com/thesaurus/reloaded
URLs checked: 14582 
Pages crawled: 4514 
Rejected: 6439 
Bloom filter conflicts: 3581 
(68.71% total skipped)
Most recent URL: https://www.npr.org/sections/health-shots/2023/10/30/1208883691/diet-ozempic-wegovy-weight-loss-fiber-glp-1-diabetes-barley
URLs checked: 14583 
Pages crawled: 4515 
Rejected: 6439 
Bloom filter conflicts: 3581 
(68.71% total skipped)
Most recent URL: https://www.gumgum.com/blog/3-things-to-consider-when-you-pick-your-ctv-advertising-provider
URLs checked: 14585 
Pages crawled: 4516 
Rejected: 6439 
Bloom filter conflicts: 3582 
(68.71% total skipped)
Most recent URL: https://newrelic.com/instant-observability/azure-event-grid-domains
URLs checked: 14586 
Pages crawled: 4517 
Rejected: 6439 
Bloom filter conflicts: 3582 
(68.70% total skipped)
Most recent URL: https://www.healthline.com/nutrition/calcium-supplements
URLs checked: 14588 
Pages crawled: 4518 
Rejected: 6439 
Bloom filter conflicts: 3583 
(68.70% total skipped)
Most recent URL: https://rackspace.com/resources/defend-protect-and-secure-microsoft-365-business-premium
URLs checked: 14589 
Pages crawled: 4519 
Rejected: 6439 
Bloom filter conflicts: 3583 
(68.70% total skipped)
Most recent URL: https://www.cnbc.com/video/2023/11/07/sen-blumenthal-and-sen-blackburn-discuss-the-bipartisan-child-social-media-safety-bill.html
URLs checked: 14594 
Pages crawled: 4520 
Rejected: 6442 
Bloom filter conflicts: 3584 
(68.70% total skipped)
Most recent URL: https://hipages.com.au/find/electricians/tas/hobart
URLs checked: 14595 
Pages crawled: 4521 
Rejected: 6442 
Bloom filter conflicts: 3584 
(68.69% total skipped)
Most recent URL: https://tradingview.com/chart/?symbol=VIE%3ADOC
URLs checked: 14598 
Pages crawled: 4522 
Rejected: 6444 
Bloom filter conflicts: 3584 
(68.69% total skipped)
Most recent URL: https://www.braze.com/docs/developer_guide/customization_guides/content_cards
URLs checked: 14620 
Pages crawled: 4523 
Rejected: 6464 
Bloom filter conflicts: 3585 
(68.73% total skipped)
Most recent URL: https://www.wsj.com/watchlist/?mod=wsjfooter
URLs checked: 14622 
Pages crawled: 4524 
Rejected: 6465 
Bloom filter conflicts: 3585 
(68.73% total skipped)
Most recent URL: https://getpocket.com/explore?src=footer_v2
URLs checked: 14625 
Pages crawled: 4525 
Rejected: 6467 
Bloom filter conflicts: 3585 
(68.73% total skipped)
Most recent URL: https://www.addtoany.com/buttons/customize/single_button_customize
URLs checked: 14626 
Pages crawled: 4526 
Rejected: 6467 
Bloom filter conflicts: 3585 
(68.73% total skipped)
Most recent URL: https://www.rackspace.com/information/legal/privacystatement/data/nextgen-data-platforms
URLs checked: 14633 
Pages crawled: 4527 
Rejected: 6472 
Bloom filter conflicts: 3586 
(68.74% total skipped)
Most recent URL: https://huffingtonpost.com/life/healthy-living
URLs checked: 14640 
Pages crawled: 4528 
Rejected: 6472 
Bloom filter conflicts: 3592 
(68.74% total skipped)
Most recent URL: https://en-uk.ring.com/collections
URLs checked: 14641 
Pages crawled: 4529 
Rejected: 6472 
Bloom filter conflicts: 3592 
(68.74% total skipped)
Most recent URL: https://support.dnsmadeeasy.com/support/solutions/articles/47001111938-how-to-export-dns-records
URLs checked: 14643 
Pages crawled: 4530 
Rejected: 6472 
Bloom filter conflicts: 3593 
(68.74% total skipped)
Most recent URL: https://fb.com/reg/?privacy_mutation_token=eyJ0eXBlIjowLCJjcmVhdGlvbl90aW1lIjoxNzAxMTE0NDI0LCJjYWxsc2l0ZV9pZCI6MzYzOTY5MDQ0ODc4OTI4fQ%3D%3D
URLs checked: 14654 
Pages crawled: 4531 
Rejected: 6472 
Bloom filter conflicts: 3603 
(68.75% total skipped)
Most recent URL: https://www.gnu.org/licenses/hessla.html
URLs checked: 14658 
Pages crawled: 4532 
Rejected: 6475 
Bloom filter conflicts: 3603 
(68.75% total skipped)
Most recent URL: https://store.steampowered.com/newshub/app/355790?snr=1_5_9__408
URLs checked: 14661 
Pages crawled: 4533 
Rejected: 6475 
Bloom filter conflicts: 3605 
(68.75% total skipped)
Most recent URL: https://www.edd.ca.gov/en/unemployment/Employer_Information/
URLs checked: 14662 
Pages crawled: 4534 
Rejected: 6475 
Bloom filter conflicts: 3605 
(68.75% total skipped)
Most recent URL: https://www.npr.org/2023/10/10/1204802882/security-vacuum-in-the-sahel-leaves-timbuktu-blockaded-by-islamist-militants
URLs checked: 14668 
Pages crawled: 4535 
Rejected: 6479 
Bloom filter conflicts: 3606 
(68.76% total skipped)
Most recent URL: https://www.cnbc.com/2023/11/18/5-must-read-books-from-bill-gates-free-on-spotify.html
URLs checked: 14671 
Pages crawled: 4536 
Rejected: 6480 
Bloom filter conflicts: 3607 
(68.75% total skipped)
Most recent URL: https://docs.digitalocean.com/products/databases/postgresql/how-to/resize/
URLs checked: 14672 
Pages crawled: 4537 
Rejected: 6480 
Bloom filter conflicts: 3607 
(68.75% total skipped)
Most recent URL: https://datatracker.ietf.org/doc/draft-ietf-suit-mud/
URLs checked: 14673 
Pages crawled: 4538 
Rejected: 6480 
Bloom filter conflicts: 3607 
(68.75% total skipped)
Most recent URL: https://time.com/collection/live-well/5601327/people-lie-to-therapists/
URLs checked: 14674 
Pages crawled: 4539 
Rejected: 6480 
Bloom filter conflicts: 3607 
(68.74% total skipped)
Most recent URL: https://www.healthline.com/health/depression/what-are-mao-inhibitors
URLs checked: 14676 
Pages crawled: 4540 
Rejected: 6481 
Bloom filter conflicts: 3607 
(68.74% total skipped)
Most recent URL: https://www.mayoclinic.org/diseases-conditions/vocal-cord-paralysis/symptoms-causes/syc-20378873
URLs checked: 14677 
Pages crawled: 4541 
Rejected: 6481 
Bloom filter conflicts: 3607 
(68.73% total skipped)
Most recent URL: https://nature.com/articles/s41929-023-01075-3
URLs checked: 14683 
Pages crawled: 4542 
Rejected: 6482 
Bloom filter conflicts: 3611 
(68.74% total skipped)
Most recent URL: https://stackoverflow.com/questions/tagged/security+.net
URLs checked: 14687 
Pages crawled: 4543 
Rejected: 6485 
Bloom filter conflicts: 3611 
(68.74% total skipped)
Most recent URL: https://getpocket.com/explore/food
URLs checked: 14711 
Pages crawled: 4544 
Rejected: 6499 
Bloom filter conflicts: 3620 
(68.79% total skipped)
Most recent URL: https://addtoany.com/buttons/customize/drupal/events
URLs checked: 14713 
Pages crawled: 4545 
Rejected: 6499 
Bloom filter conflicts: 3621 
(68.78% total skipped)
Most recent URL: https://stackoverflow.com/users/signup?ssrc=site_switcher&returnurl=https%3a%2f%2fstackoverflow.com%2fusers%2f4021356%2fabdush-samad-miah
URLs checked: 14714 
Pages crawled: 4546 
Rejected: 6499 
Bloom filter conflicts: 3621 
(68.78% total skipped)
Most recent URL: https://www.gumgum.com/leadership
URLs checked: 14720 
Pages crawled: 4547 
Rejected: 6503 
Bloom filter conflicts: 3622 
(68.78% total skipped)
Most recent URL: https://google.com.br/url?q=https://policies.google.com/terms%3Fhl%3Den%26fg%3D1&opi=89978449&sa=U&ved=0ahUKEwj_v5C29-SCAxWEfDABHbAMCBwQ8qwCCAM&usg=AOvVaw0BCpc2i4reb55YTOVIqsZZ
URLs checked: 14725 
Pages crawled: 4548 
Rejected: 6505 
Bloom filter conflicts: 3624 
(68.79% total skipped)
Most recent URL: https://www.wix.com/blog/photography/photography-careers
URLs checked: 14728 
Pages crawled: 4549 
Rejected: 6505 
Bloom filter conflicts: 3626 
(68.79% total skipped)
Most recent URL: https://badoo.com/en-us/dating/united-kingdom/north-west-england/bolton/
URLs checked: 14729 
Pages crawled: 4550 
Rejected: 6505 
Bloom filter conflicts: 3626 
(68.78% total skipped)
Most recent URL: https://time.com/charter/tag/great-resignation/
URLs checked: 14730 
Pages crawled: 4551 
Rejected: 6505 
Bloom filter conflicts: 3626 
(68.78% total skipped)
Most recent URL: https://mailchimp.com/mailchimp-acquires-sawa/
URLs checked: 14732 
Pages crawled: 4552 
Rejected: 6506 
Bloom filter conflicts: 3626 
(68.78% total skipped)
Most recent URL: https://www.wsj.com/recipes?mod=nav_top_subsection
URLs checked: 14734 
Pages crawled: 4553 
Rejected: 6506 
Bloom filter conflicts: 3627 
(68.77% total skipped)
Most recent URL: https://merriam-webster.com/thesaurus/hack
URLs checked: 14736 
Pages crawled: 4554 
Rejected: 6507 
Bloom filter conflicts: 3627 
(68.77% total skipped)
Most recent URL: https://rackspace.com/information/legal/industry/healthcare
URLs checked: 14742 
Pages crawled: 4555 
Rejected: 6512 
Bloom filter conflicts: 3627 
(68.78% total skipped)
Most recent URL: https://gnu.org/licenses/old-licenses/fdl-1.1-standalone.html
URLs checked: 14748 
Pages crawled: 4556 
Rejected: 6516 
Bloom filter conflicts: 3628 
(68.78% total skipped)
Most recent URL: https://one.newrelic.com/launcher/catalog-pack-details.launcher/?pane=eyJuZXJkbGV0SWQiOiAiY2F0YWxvZy1wYWNrLWRldGFpbHMuY2F0YWxvZy1wYWNrLWNvbnRlbnRzIiwgImlzT25ib2FyZGluZyI6ICJ0cnVlIiwgInF1aWNrc3RhcnRJZCI6ImU0OWIyNzBjLTViNzMtNDA1Ny04MjU0LTdhZWQ2ZDM5ZjIxZCJ9
URLs checked: 14753 
Pages crawled: 4557 
Rejected: 6520 
Bloom filter conflicts: 3628 
(68.79% total skipped)
Most recent URL: https://getpocket.com/explore/item/recipe-easy-creamy-lemon-garlic-skillet-chicken
URLs checked: 14755 
Pages crawled: 4558 
Rejected: 6520 
Bloom filter conflicts: 3629 
(68.78% total skipped)
Most recent URL: https://www.google.com.br/websearch/answer/1687222?hl=en&ref_topic=3036132
URLs checked: 14757 
Pages crawled: 4559 
Rejected: 6520 
Bloom filter conflicts: 3630 
(68.78% total skipped)
Most recent URL: https://www.addtoany.com/services/twiddla_button
URLs checked: 14758 
Pages crawled: 4560 
Rejected: 6520 
Bloom filter conflicts: 3630 
(68.78% total skipped)
Most recent URL: https://fb.com/oversight/appealing-to-oversight-board/
URLs checked: 14768 
Pages crawled: 4561 
Rejected: 6520 
Bloom filter conflicts: 3639 
(68.79% total skipped)
Most recent URL: https://ring.com/products/2-pack-stick-up-cam-pro-solar
URLs checked: 14769 
Pages crawled: 4562 
Rejected: 6520 
Bloom filter conflicts: 3639 
(68.79% total skipped)
Most recent URL: https://www.onetrust.com/index/
URLs checked: 14770 
Pages crawled: 4563 
Rejected: 6520 
Bloom filter conflicts: 3639 
(68.78% total skipped)
Most recent URL: https://www.tradingview.com/chart/INO/Gjw4oCag-Bullish-on-Inovio/
URLs checked: 14771 
Pages crawled: 4564 
Rejected: 6520 
Bloom filter conflicts: 3639 
(68.78% total skipped)
Most recent URL: https://www.healthline.com/health/hepatitis-b
URLs checked: 14772 
Pages crawled: 4565 
Rejected: 6520 
Bloom filter conflicts: 3639 
(68.77% total skipped)
Most recent URL: https://cnet.com/health/nutrition/hungryroot-review/
URLs checked: 14773 
Pages crawled: 4566 
Rejected: 6520 
Bloom filter conflicts: 3639 
(68.77% total skipped)
Most recent URL: https://www.digitalocean.com/resources/cloud-performance-report
URLs checked: 14775 
Pages crawled: 4567 
Rejected: 6520 
Bloom filter conflicts: 3640 
(68.76% total skipped)
Most recent URL: https://www.mayoclinic.org/diseases-conditions/colon-cancer/in-depth/colon-cancer-screening/art-20046825
URLs checked: 14776 
Pages crawled: 4568 
Rejected: 6520 
Bloom filter conflicts: 3640 
(68.76% total skipped)
Most recent URL: https://www.sophos.com/en-us/content/zero-trust-network-access
URLs checked: 14778 
Pages crawled: 4569 
Rejected: 6521 
Bloom filter conflicts: 3640 
(68.76% total skipped)
Most recent URL: https://time.com/6145726/home-births-insurance-coverage/
URLs checked: 14786 
Pages crawled: 4570 
Rejected: 6525 
Bloom filter conflicts: 3643 
(68.77% total skipped)
Most recent URL: https://theverge.com/2023/11/14/23952292/notion-qa-ai-search
URLs checked: 14787 
Pages crawled: 4571 
Rejected: 6525 
Bloom filter conflicts: 3643 
(68.76% total skipped)
Most recent URL: https://mailchimp.com/developer/marketing/api/automation/
URLs checked: 14795 
Pages crawled: 4572 
Rejected: 6531 
Bloom filter conflicts: 3644 
(68.77% total skipped)
Most recent URL: https://rackspace.com/information/legal/security/threat-detection
URLs checked: 14799 
Pages crawled: 4573 
Rejected: 6533 
Bloom filter conflicts: 3645 
(68.77% total skipped)
Most recent URL: https://google.com.br/intl/en/home/campaigns/display-ads/
URLs checked: 14805 
Pages crawled: 4574 
Rejected: 6534 
Bloom filter conflicts: 3649 
(68.78% total skipped)
Most recent URL: https://ring.com/products/chamberlain-smart-garage-control-door-opener
URLs checked: 14806 
Pages crawled: 4575 
Rejected: 6534 
Bloom filter conflicts: 3649 
(68.78% total skipped)
Most recent URL: https://getpocket.com/collections/can-striking-change-hollywood
URLs checked: 14820 
Pages crawled: 4576 
Rejected: 6545 
Bloom filter conflicts: 3651 
(68.80% total skipped)
Most recent URL: https://datatracker.ietf.org/ipr/search/?submit=draft&id=draft-ietf-geojson
URLs checked: 14821 
Pages crawled: 4577 
Rejected: 6545 
Bloom filter conflicts: 3651 
(68.79% total skipped)
Most recent URL: https://docs.digitalocean.com/reference/doctl/reference/kubernetes/cluster/update/
URLs checked: 14825 
Pages crawled: 4578 
Rejected: 6546 
Bloom filter conflicts: 3653 
(68.80% total skipped)
Most recent URL: https://www.wix.com/blog/explore/categories/marketing-insights
URLs checked: 14826 
Pages crawled: 4579 
Rejected: 6546 
Bloom filter conflicts: 3653 
(68.79% total skipped)
Most recent URL: https://www.dnsmadeeasy.com/checkout
URLs checked: 14827 
Pages crawled: 4580 
Rejected: 6546 
Bloom filter conflicts: 3653 
(68.79% total skipped)
Most recent URL: https://docs.newrelic.com/docs/mobile-monitoring/new-relic-mobile/mobile-sdk/stop-interaction/
URLs checked: 14828 
Pages crawled: 4581 
Rejected: 6546 
Bloom filter conflicts: 3653 
(68.78% total skipped)
Most recent URL: https://addtoany.com/buttons/customize/wordpress/on_click
URLs checked: 14829 
Pages crawled: 4582 
Rejected: 6546 
Bloom filter conflicts: 3653 
(68.78% total skipped)
Most recent URL: https://huffingtonpost.com/life/taste
URLs checked: 14851 
Pages crawled: 4583 
Rejected: 6546 
Bloom filter conflicts: 3674 
(68.82% total skipped)
Most recent URL: https://stackoverflow.com/q/32132755
URLs checked: 14852 
Pages crawled: 4584 
Rejected: 6546 
Bloom filter conflicts: 3674 
(68.81% total skipped)
Most recent URL: https://time.com/collection/live-well/5559039/organization-tidying-up-benefits/
URLs checked: 14853 
Pages crawled: 4585 
Rejected: 6546 
Bloom filter conflicts: 3674 
(68.81% total skipped)
Most recent URL: https://www.braze.com/docs/partners/data_and_infrastructure_agility/workflow_automation/hightouch/hightouch/
URLs checked: 14854 
Pages crawled: 4586 
Rejected: 6546 
Bloom filter conflicts: 3674 
(68.80% total skipped)
Most recent URL: https://eset.com/int/business/partner/find/
URLs checked: 14855 
Pages crawled: 4587 
Rejected: 6546 
Bloom filter conflicts: 3674 
(68.80% total skipped)
Most recent URL: https://tradingview.com/symbols/CADCHF/
